05-04 21:23:30.458   534   686 E QCALOG  : [MessageQ] ProcessNewMessage: [XTWiFi-PE] unknown deliver target [OS-Agent]
05-04 21:23:30.498   704   759 E slim_daemon: [NDK] bindNDKSensors: Sensor server is unavailable.
05-04 21:23:30.523   692   774 W XTCC-5.1.0.10: [CS-RIL-LISTENER] timerCallback fired for ril update registering, re-register
05-04 21:23:30.523   534   686 E QCALOG  : [MessageQ] ProcessNewMessage: [XT-CS] unknown deliver target [OS-Agent]
05-04 21:23:30.523   534   686 E QCALOG  : [MessageQ] ProcessNewMessage: [XT-CS] unknown deliver target [OS-Agent]
05-04 21:23:30.718   622   856 I ServiceManager: Waiting for service permission...
05-04 21:23:31.315   488   488 I ServiceManager: Waiting for service media.camera.proxy...
05-04 21:23:31.499   704   759 E slim_daemon: [NDK] bindNDKSensors: Sensor server is unavailable.
05-04 21:23:31.718   622   856 E Sensors : Cannot get permission service
05-04 21:23:31.718   622   856 I ServiceManager: Waiting for service sensorservice...
05-04 21:23:31.958   482   482 E Netd    : Unable to create netlink socket: Protocol not supported
05-04 21:23:31.958   482   482 E Netd    : Unable to open quota socket
05-04 21:23:31.958   482   482 D MDnsDS  : MDnsSdListener::Hander starting up
05-04 21:23:31.971   482  1431 D MDnsDS  : MDnsSdListener starting to monitor
05-04 21:23:31.971   482  1431 D MDnsDS  : Going to poll with pollCount 1
05-04 21:23:32.317   488   488 I ServiceManager: Waiting for service media.camera.proxy...
05-04 21:23:32.502   704   759 E slim_daemon: [NDK] bindNDKSensors: Sensor server is unavailable.
05-04 21:23:32.718   622   856 I ServiceManager: Waiting for service sensorservice...
05-04 21:23:33.318   488   488 I AudioPolicyService: AudioPolicyService CSTOR in new mode
05-04 21:23:33.322   488   488 W APM::Devices: DeviceVector::add device 80000040 already in
05-04 21:23:33.322   488   488 I APM::ConfigParsingUtils: loadAudioPolicyConfig() loaded /system/etc/audio_policy.conf
05-04 21:23:33.336   488   488 D audio_hw_primary: adev_open: enter
05-04 21:23:33.351   500  1450 E QMI_FW  : QMUXD: WARNING qmi_qmux_if_pwr_up_init failed! rc=-6
05-04 21:23:33.502   704   759 E slim_daemon: [NDK] bindNDKSensors: Sensor server is unavailable.
05-04 21:23:33.703   488   488 W hardware_info: update_hardware_info_8996: Not a 8996 device
05-04 21:23:33.703   488   488 D msm8974_platform: platform_init: Loading mixer file: /system/etc/mixer_paths_tasha.xml
05-04 21:23:33.720   622   856 I ServiceManager: Waiting for service sensorservice...
05-04 21:23:34.209   488   488 E audio_route: Control 'MultiMedia5 Mixer AUX_PCM_UL_TX' doesn't exist - skipping
05-04 21:23:34.209   488   488 E audio_route: Control 'MultiMedia4 Mixer MI2S_TX' doesn't exist - skipping
05-04 21:23:34.209   488   488 E audio_route: Control 'MultiMedia7 Mixer MI2S_TX' doesn't exist - skipping
05-04 21:23:34.209   488   488 E audio_route: Control 'MultiMedia10 Mixer MI2S_TX' doesn't exist - skipping
05-04 21:23:34.209   488   488 E audio_route: Control 'MultiMedia11 Mixer MI2S_TX' doesn't exist - skipping
05-04 21:23:34.210   488   488 E audio_route: Control 'MultiMedia12 Mixer MI2S_TX' doesn't exist - skipping
05-04 21:23:34.210   488   488 E audio_route: Control 'MultiMedia13 Mixer MI2S_TX' doesn't exist - skipping
05-04 21:23:34.210   488   488 E audio_route: Control 'MultiMedia14 Mixer MI2S_TX' doesn't exist - skipping
05-04 21:23:34.210   488   488 E audio_route: Control 'MultiMedia15 Mixer MI2S_TX' doesn't exist - skipping
05-04 21:23:34.210   488   488 E audio_route: Control 'MultiMedia16 Mixer MI2S_TX' doesn't exist - skipping
05-04 21:23:34.212   488   488 E audio_route: Control 'QUAT_MI2S_RX Audio Mixer MultiMedia9' doesn't exist - skipping
05-04 21:23:34.229   488   488 E audio_route: Control 'SpkrLeft COMP Switch' doesn't exist - skipping
05-04 21:23:34.229   488   488 E audio_route: Control 'SpkrRight COMP Switch' doesn't exist - skipping
05-04 21:23:34.229   488   488 E audio_route: Control 'SpkrLeft BOOST Switch' doesn't exist - skipping
05-04 21:23:34.230   488   488 E audio_route: Control 'SpkrRight BOOST Switch' doesn't exist - skipping
05-04 21:23:34.230   488   488 E audio_route: Control 'SpkrLeft VISENSE Switch' doesn't exist - skipping
05-04 21:23:34.230   488   488 E audio_route: Control 'SpkrRight VISENSE Switch' doesn't exist - skipping
05-04 21:23:34.230   488   488 E audio_route: Control 'SpkrLeft SWR DAC_Port Switch' doesn't exist - skipping
05-04 21:23:34.230   488   488 E audio_route: Control 'SpkrRight SWR DAC_Port Switch' doesn't exist - skipping
05-04 21:23:34.242   488   488 E audio_route: Control 'MultiMedia8 Mixer AUX_PCM_UL_TX' doesn't exist - skipping
05-04 21:23:34.243   488   488 E audio_route: Control 'SLIM_1 SampleRate' doesn't exist - skipping
05-04 21:23:34.243   488   488 E audio_route: Control 'SLIM_1 SampleRate' doesn't exist - skipping
05-04 21:23:34.244   488   488 E audio_route: Control 'SLIM_1 SampleRate' doesn't exist - skipping
05-04 21:23:34.245   488   488 E audio_route: Control 'SLIM_1 SampleRate' doesn't exist - skipping
05-04 21:23:34.245   488   488 E audio_route: Control 'SLIM_1 SampleRate' doesn't exist - skipping
05-04 21:23:34.246   488   488 E audio_route: Control 'SLIM_1 SampleRate' doesn't exist - skipping
05-04 21:23:34.246   488   488 E audio_route: Control 'SLIM_1 SampleRate' doesn't exist - skipping
05-04 21:23:34.247   488   488 E audio_route: Control 'SLIM_1 SampleRate' doesn't exist - skipping
05-04 21:23:34.248   488   488 E audio_route: Control 'SLIM_1 SampleRate' doesn't exist - skipping
05-04 21:23:34.249   488   488 E audio_route: Control 'SLIM_1 SampleRate' doesn't exist - skipping
05-04 21:23:34.250   488   488 E audio_route: Control 'SLIM_1 SampleRate' doesn't exist - skipping
05-04 21:23:34.250   488   488 E audio_route: Control 'SLIM_1 SampleRate' doesn't exist - skipping
05-04 21:23:34.250   488   488 E audio_route: Control 'MultiMedia8 Mixer AUX_PCM_UL_TX' doesn't exist - skipping
05-04 21:23:34.251   488   488 E audio_route: Control 'SLIM_1 SampleRate' doesn't exist - skipping
05-04 21:23:34.257   488   488 E audio_route: Control 'MultiMedia5 Mixer AUX_PCM_UL_TX' doesn't exist - skipping
05-04 21:23:34.261   488   488 E audio_route: Control 'SLIM_1 SampleRate' doesn't exist - skipping
05-04 21:23:34.266   488   488 E audio_route: Control 'AIF1_CAP Mixer SLIM TX7' already exists in path 'speaker-mic'
05-04 21:23:34.353   488   488 D msm8974_platform: platform_init: Opened sound card:0
05-04 21:23:34.377   488   488 D ACDB-LOADER: ACDB -> Load file: /etc/acdbdata/adsp_avs_config.acdb
05-04 21:23:34.377   488   488 D ACDB-LOADER: ACDB -> found 1 form factor & soundcard independant files
05-04 21:23:34.379   488   488 D ACDB-LOADER: ACDB -> Load file: /etc/acdbdata/Forte/Forte_Bluetooth_cal.acdb
05-04 21:23:34.379   488   488 D ACDB-LOADER: ACDB -> Load file: /etc/acdbdata/Forte/Forte_General_cal.acdb
05-04 21:23:34.380   488   488 D ACDB-LOADER: ACDB -> Load file: /etc/acdbdata/Forte/Forte_Global_cal.acdb
05-04 21:23:34.380   488   488 D ACDB-LOADER: ACDB -> Load file: /etc/acdbdata/Forte/Forte_Handset_cal.acdb
05-04 21:23:34.380   488   488 D ACDB-LOADER: ACDB -> Load file: /etc/acdbdata/Forte/Forte_Hdmi_cal.acdb
05-04 21:23:34.380   488   488 D ACDB-LOADER: ACDB -> Load file: /etc/acdbdata/Forte/Forte_Headset_cal.acdb
05-04 21:23:34.380   488   488 D ACDB-LOADER: ACDB -> Load file: /etc/acdbdata/Forte/Forte_Speaker_cal.acdb
05-04 21:23:34.380   488   488 I ACDB-LOADER: ACDB -> Info: Loaded ForteMedia ACDB!
05-04 21:23:34.380   488   488 D ACDB-LOADER: ACDB -> ACDB_CMD_INITIALIZE_V2
05-04 21:23:34.380   488   488 D         : [ACDB Command]->SW Minor/Major/Revision version info for /etc/acdbdata/adsp_avs_config.acdb
05-04 21:23:34.380   488   488 D         : [ACDB Command]->ACDB Sw Major = 8, ACDB Sw Minor = 0, ACDB Sw Revision = 1, ACDB Sw Cpl Number = 0
05-04 21:23:34.380   488   488 D         : [ACDB Command]->ACDB File Major = 0, ACDB File Minor = 0, ACDB File Revision = 0
05-04 21:23:34.386   488   488 D         : [ACDB Command]->SW Minor/Major/Revision version info for /etc/acdbdata/Forte/Forte_Bluetooth_cal.acdb
05-04 21:23:34.386   488   488 D         : [ACDB Command]->ACDB Sw Major = 8, ACDB Sw Minor = 0, ACDB Sw Revision = 1, ACDB Sw Cpl Number = 0
05-04 21:23:34.386   488   488 D         : [ACDB Command]->ACDB File Major = 7, ACDB File Minor = 0, ACDB File Revision = 4
05-04 21:23:34.390   488   488 D         : [ACDB Command]->SW Minor/Major/Revision version info for /etc/acdbdata/Forte/Forte_General_cal.acdb
05-04 21:23:34.390   488   488 D         : [ACDB Command]->ACDB Sw Major = 8, ACDB Sw Minor = 0, ACDB Sw Revision = 1, ACDB Sw Cpl Number = 0
05-04 21:23:34.390   488   488 D         : [ACDB Command]->ACDB File Major = 7, ACDB File Minor = 0, ACDB File Revision = 4
05-04 21:23:34.393   488   488 D         : [ACDB Command]->SW Minor/Major/Revision version info for /etc/acdbdata/Forte/Forte_Global_cal.acdb
05-04 21:23:34.393   488   488 D         : [ACDB Command]->ACDB Sw Major = 8, ACDB Sw Minor = 0, ACDB Sw Revision = 1, ACDB Sw Cpl Number = 0
05-04 21:23:34.393   488   488 D         : [ACDB Command]->ACDB File Major = 7, ACDB File Minor = 0, ACDB File Revision = 4
05-04 21:23:34.396   488   488 D         : [ACDB Command]->SW Minor/Major/Revision version info for /etc/acdbdata/Forte/Forte_Handset_cal.acdb
05-04 21:23:34.396   488   488 D         : [ACDB Command]->ACDB Sw Major = 8, ACDB Sw Minor = 0, ACDB Sw Revision = 1, ACDB Sw Cpl Number = 0
05-04 21:23:34.396   488   488 D         : [ACDB Command]->ACDB File Major = 7, ACDB File Minor = 0, ACDB File Revision = 4
05-04 21:23:34.396   488   488 D         : [ACDB Command]->SW Minor/Major/Revision version info for /etc/acdbdata/Forte/Forte_Hdmi_cal.acdb
05-04 21:23:34.396   488   488 D         : [ACDB Command]->ACDB Sw Major = 8, ACDB Sw Minor = 0, ACDB Sw Revision = 1, ACDB Sw Cpl Number = 0
05-04 21:23:34.397   488   488 D         : [ACDB Command]->ACDB File Major = 7, ACDB File Minor = 0, ACDB File Revision = 4
05-04 21:23:34.399   488   488 D         : [ACDB Command]->SW Minor/Major/Revision version info for /etc/acdbdata/Forte/Forte_Headset_cal.acdb
05-04 21:23:34.399   488   488 D         : [ACDB Command]->ACDB Sw Major = 8, ACDB Sw Minor = 0, ACDB Sw Revision = 1, ACDB Sw Cpl Number = 0
05-04 21:23:34.399   488   488 D         : [ACDB Command]->ACDB File Major = 7, ACDB File Minor = 0, ACDB File Revision = 4
05-04 21:23:34.405   488   488 D         : [ACDB Command]->SW Minor/Major/Revision version info for /etc/acdbdata/Forte/Forte_Speaker_cal.acdb
05-04 21:23:34.405   488   488 D         : [ACDB Command]->ACDB Sw Major = 8, ACDB Sw Minor = 0, ACDB Sw Revision = 1, ACDB Sw Cpl Number = 0
05-04 21:23:34.405   488   488 D         : [ACDB Command]->ACDB File Major = 7, ACDB File Minor = 0, ACDB File Revision = 4
05-04 21:23:34.405   488   488 D         : ACDBFILE_MGR:Read the devices count as zero, please check the acdb file
05-04 21:23:34.405   488   488 D ACDB-LOADER: ACDB -> ACPH INIT
05-04 21:23:34.405   488   488 D         : [ACPH]->Online service registered with ACPH
05-04 21:23:34.413   488   488 D         : [ACPH]->ACPH init success
05-04 21:23:34.414   488   488 D ACDB-LOADER: ACDB -> RTAC INIT
05-04 21:23:34.414   488   488 D         : [ACPH]->DSP RTC service registered with ACPH
05-04 21:23:34.414   488   488 D ACDB-LOADER: ACDB -> MCS, FTS INIT
05-04 21:23:34.414   488   488 E MCS-RT-CTL: Can't open the configuration file /system/etc/aanc_tuning_mixer.txt.
05-04 21:23:34.414   488   488 E ACDB-MCS: acdb_mcs_init: MCS routing control initialization failed.
05-04 21:23:34.414   488   488 D         : [ACPH]->FTS RTC service registered with ACPH
05-04 21:23:34.414   488   488 D ACDB-LOADER: ACDB -> ADIE RTAC INIT
05-04 21:23:34.414   488   488 D         : [ACPH]->ADIE RTC service registered with ACPH
05-04 21:23:34.414   488   488 D ACDB-LOADER: ACDB -> ACDB_CMD_GET_VOC_PROC_DYNAMIC_TABLE_SIZE
05-04 21:23:34.415   488   488 D ACDB-LOADER: ACDB -> send_meta_info, lic 0
05-04 21:23:34.416   488   488 D         : Couldnt find the key 00000000 
05-04 21:23:34.416   488   488 D         : Output from GetMetaInfoSize command : 0
05-04 21:23:34.471   488   488 D ACDB-LOADER: ACDB -> send_common_custom_topology
05-04 21:23:34.471   488   488 D ACDB-LOADER: ACDB -> ACDB_CMD_GET_AVCS_CUSTOM_TOPO_INFO
05-04 21:23:34.471   488   488 D ACDB-LOADER: ACDB -> ACDB_CMD_GET_AVCS_CUSTOM_TOPO_INFO: size:0x33c ret=0 
05-04 21:23:34.471   488   488 D ACDB-LOADER: ACDB -> CORE_CUSTOM_TOPOLOGIES
05-04 21:23:34.475   488   488 D ACDB-LOADER: ACDB -> acdb_loader_send_common_custom_topology: Common custom topology in use
05-04 21:23:34.475   488   488 D ACDB-LOADER: ACDB -> send_meta_info Enter
05-04 21:23:34.475   488   488 E ACDB-LOADER: Fail to allocate memory for metainfo
05-04 21:23:34.475   488   488 D ACDB-LOADER: ACDB -> send_meta_info failed
05-04 21:23:34.476   488   488 D ACDB-LOADER: ACDB -> init done!
05-04 21:23:34.476   488   488 D msm8974_platform: ACDB initialized
05-04 21:23:34.476   488   488 D msm8974_platform: hw_util_open Opening device /dev/snd/hwC0D1000
05-04 21:23:34.476   488   488 D msm8974_platform: hw_util_open success
05-04 21:23:34.476   488   488 D ACDB-LOADER: ACDB -> ACDB_CMD_GET_ANC_SETTING
05-04 21:23:34.476   488   488 D         : ACDBFILE_MGR:Read the devices count as zero, please check the acdb file
05-04 21:23:34.476   488   488 D anc_map : convert_anc_acdb_to_reg:enter, inut size  2
05-04 21:23:34.476   488   488 D anc_map : Setwcd9xxxANC_IIRCoeffs:enter
05-04 21:23:34.476   488   488 D anc_map : Setwcd9xxxANC_IIRCoeffs:leave
05-04 21:23:34.476   488   488 D anc_map : Setwcd9xxxANC_IIRCoeffs:enter
05-04 21:23:34.476   488   488 D anc_map : Setwcd9xxxANC_IIRCoeffs:leave
05-04 21:23:34.476   488   488 D anc_map : convert_anc_acdb_to_reg:leave
05-04 21:23:34.476   488   488 D ACDB-LOADER: ACDB -> ACDB_CMD_GET_ANC_SETTING
05-04 21:23:34.476   488   488 D         : ACDBFILE_MGR:Read the devices count as zero, please check the acdb file
05-04 21:23:34.476   488   488 D anc_map : convert_anc_acdb_to_reg:enter, inut size  2
05-04 21:23:34.476   488   488 D anc_map : Setwcd9xxxANC_IIRCoeffs:enter
05-04 21:23:34.476   488   488 D anc_map : Setwcd9xxxANC_IIRCoeffs:leave
05-04 21:23:34.476   488   488 D anc_map : Setwcd9xxxANC_IIRCoeffs:enter
05-04 21:23:34.476   488   488 D anc_map : Setwcd9xxxANC_IIRCoeffs:leave
05-04 21:23:34.476   488   488 D anc_map : convert_anc_acdb_to_reg:leave
05-04 21:23:34.477   488   488 D ACDB-LOADER: ACDB -> ACDB_CMD_GET_ANC_SETTING
05-04 21:23:34.477   488   488 D         : ACDBFILE_MGR:Read the devices count as zero, please check the acdb file
05-04 21:23:34.477   488   488 D anc_map : convert_anc_acdb_to_reg:enter, inut size  2
05-04 21:23:34.477   488   488 D anc_map : Setwcd9xxxANC_IIRCoeffs:enter
05-04 21:23:34.477   488   488 D anc_map : Setwcd9xxxANC_IIRCoeffs:leave
05-04 21:23:34.477   488   488 D anc_map : Setwcd9xxxANC_IIRCoeffs:enter
05-04 21:23:34.477   488   488 D anc_map : Setwcd9xxxANC_IIRCoeffs:leave
05-04 21:23:34.477   488   488 D anc_map : convert_anc_acdb_to_reg:leave
05-04 21:23:34.477   488   488 D ACDB-LOADER: ACDB -> ACDB_CMD_GET_ANC_SETTING
05-04 21:23:34.477   488   488 D         : ACDBFILE_MGR:Read the devices count as zero, please check the acdb file
05-04 21:23:34.477   488   488 D anc_map : convert_anc_acdb_to_reg:enter, inut size  2
05-04 21:23:34.477   488   488 D anc_map : Setwcd9xxxANC_IIRCoeffs:enter
05-04 21:23:34.477   488   488 D anc_map : Setwcd9xxxANC_IIRCoeffs:leave
05-04 21:23:34.477   488   488 D anc_map : Setwcd9xxxANC_IIRCoeffs:enter
05-04 21:23:34.477   488   488 D anc_map : Setwcd9xxxANC_IIRCoeffs:leave
05-04 21:23:34.477   488   488 D anc_map : convert_anc_acdb_to_reg:leave
05-04 21:23:34.477   488   488 D ACDB-LOADER: ACDB -> ACDB_CMD_GET_ANC_SETTING
05-04 21:23:34.477   488   488 D anc_map : convert_anc_acdb_to_reg:enter, inut size  2
05-04 21:23:34.477   488   488 D anc_map : Setwcd9xxxANC_IIRCoeffs:enter
05-04 21:23:34.477   488   488 D anc_map : Setwcd9xxxANC_IIRCoeffs:leave
05-04 21:23:34.477   488   488 D anc_map : Setwcd9xxxANC_IIRCoeffs:enter
05-04 21:23:34.477   488   488 D anc_map : Setwcd9xxxANC_IIRCoeffs:leave
05-04 21:23:34.477   488   488 D anc_map : convert_anc_acdb_to_reg:leave
05-04 21:23:34.477   488   488 D ACDB-LOADER: ACDB -> ACDB_CMD_GET_ANC_SETTING
05-04 21:23:34.478   488   488 D anc_map : convert_anc_acdb_to_reg:enter, inut size  2
05-04 21:23:34.478   488   488 D anc_map : Setwcd9xxxANC_IIRCoeffs:enter
05-04 21:23:34.478   488   488 D anc_map : Setwcd9xxxANC_IIRCoeffs:leave
05-04 21:23:34.478   488   488 D anc_map : Setwcd9xxxANC_IIRCoeffs:enter
05-04 21:23:34.478   488   488 D anc_map : Setwcd9xxxANC_IIRCoeffs:leave
05-04 21:23:34.478   488   488 D anc_map : convert_anc_acdb_to_reg:leave
05-04 21:23:34.478   488   488 D ACDB-LOADER: ACDB -> ACDB_CMD_GET_ANC_SETTING
05-04 21:23:34.478   488   488 D anc_map : convert_anc_acdb_to_reg:enter, inut size  2
05-04 21:23:34.478   488   488 D anc_map : Setwcd9xxxANC_IIRCoeffs:enter
05-04 21:23:34.478   488   488 D anc_map : Setwcd9xxxANC_IIRCoeffs:leave
05-04 21:23:34.478   488   488 D anc_map : Setwcd9xxxANC_IIRCoeffs:enter
05-04 21:23:34.478   488   488 D anc_map : Setwcd9xxxANC_IIRCoeffs:leave
05-04 21:23:34.478   488   488 D anc_map : convert_anc_acdb_to_reg:leave
05-04 21:23:34.478   488   488 D ACDB-LOADER: ACDB -> ACDB_CMD_GET_ANC_SETTING
05-04 21:23:34.478   488   488 D anc_map : convert_anc_acdb_to_reg:enter, inut size  2
05-04 21:23:34.478   488   488 D anc_map : Setwcd9xxxANC_IIRCoeffs:enter
05-04 21:23:34.478   488   488 D anc_map : Setwcd9xxxANC_IIRCoeffs:leave
05-04 21:23:34.478   488   488 D anc_map : Setwcd9xxxANC_IIRCoeffs:enter
05-04 21:23:34.478   488   488 D anc_map : Setwcd9xxxANC_IIRCoeffs:leave
05-04 21:23:34.480   488   488 D anc_map : convert_anc_acdb_to_reg:leave
05-04 21:23:34.480   488   488 D ACDB-LOADER: ACDB -> ACDB_CMD_GET_ANC_SETTING
05-04 21:23:34.480   488   488 D anc_map : convert_anc_acdb_to_reg:enter, inut size  2
05-04 21:23:34.480   488   488 D anc_map : Setwcd9xxxANC_IIRCoeffs:enter
05-04 21:23:34.480   488   488 D anc_map : Setwcd9xxxANC_IIRCoeffs:leave
05-04 21:23:34.480   488   488 D anc_map : Setwcd9xxxANC_IIRCoeffs:enter
05-04 21:23:34.480   488   488 D anc_map : Setwcd9xxxANC_IIRCoeffs:leave
05-04 21:23:34.480   488   488 D anc_map : convert_anc_acdb_to_reg:leave
05-04 21:23:34.480   488   488 D msm8974_platform: send_codec_cal: anc_cal cal sent successfully
05-04 21:23:34.480   488   488 D ACDB-LOADER: send mbhc data
05-04 21:23:34.480   488   488 D ACDB-LOADER: ACDB -> MBHC ACDB_PID_GENERAL_CONFIG
05-04 21:23:34.481   488   488 D ACDB-LOADER: ACDB -> MBHC ACDB_PID_PLUG_REMOVAL_DETECTION
05-04 21:23:34.481   488   488 D ACDB-LOADER: ACDB -> MBHC ACDB_PID_PLUG_TYPE_DETECTION
05-04 21:23:34.481   488   488 D ACDB-LOADER: ACDB -> MBHC ACDB_PID_BUTTON_PRESS_DETECTION
05-04 21:23:34.481   488   488 D ACDB-LOADER: ACDB -> MBHC ACDB_PID_IMPEDANCE_DETECTION
05-04 21:23:34.481   488   488 D msm8974_platform: send_codec_cal: mbhc_cal cal sent successfully
05-04 21:23:34.481   488   488 D ACDB-LOADER: send vbat data
05-04 21:23:34.481   488   488 D ACDB-LOADER: ACDB -> VBAT ACDB_PID_ADC_CAL
05-04 21:23:34.481   488   488 D         : Couldnt find the mid 000131D1 and pid 000131D2 
05-04 21:23:34.481   488   488 E ACDB-LOADER: Error reading VBAT ADC CAL returned = ffffffed
05-04 21:23:34.481   488   488 E msm8974_platform: send_codec_cal: vbat_cal Failed to call ioctl, err=14
05-04 21:23:34.484   488   488 D msm8974_platform: platform_set_native_support: na_props.platform_na_prop_enabled: 1
05-04 21:23:34.485   488   488 D msm8974_platform: platform_set_snd_device_backend: backend_tag_table[headphones]: old = headphones new = headphones
05-04 21:23:34.485   488   488 D msm8974_platform: platform_set_snd_device_backend: hw_interface_table[8] = SLIMBUS_6_RX
05-04 21:23:34.485   488   488 D msm8974_platform: platform_set_snd_device_backend: backend_tag_table[anc-headphones]: old = null new = anc-headphones
05-04 21:23:34.485   488   488 D msm8974_platform: platform_set_snd_device_backend: hw_interface_table[31] = SLIMBUS_6_RX
05-04 21:23:34.485   488   488 D msm8974_platform: platform_set_snd_device_backend: backend_tag_table[line]: old = null new = headphones
05-04 21:23:34.485   488   488 D msm8974_platform: platform_set_snd_device_backend: hw_interface_table[7] = SLIMBUS_6_RX
05-04 21:23:34.485   488   488 D msm8974_platform: platform_set_snd_device_backend: backend_tag_table[speaker]: old = null new = speaker
05-04 21:23:34.485   488   488 D msm8974_platform: platform_set_snd_device_backend: backend_tag_table[speaker-protected]: old = null new = speaker-protected
05-04 21:23:34.485   488   488 D msm8974_platform: platform_set_snd_device_backend: backend_tag_table[voice-speaker]: old = null new = speaker
05-04 21:23:34.485   488   488 D msm8974_platform: platform_set_snd_device_backend: backend_tag_table[speaker-and-headphones]: old = null new = speaker-and-headphones
05-04 21:23:34.485   488   488 D msm8974_platform: platform_set_snd_device_backend: hw_interface_table[10] = QUAT_MI2S_RX-and-SLIMBUS_6_RX
05-04 21:23:34.485   488   488 D msm8974_platform: platform_set_snd_device_backend: backend_tag_table[speaker-and-anc-headphones]: old = null new = speaker-and-anc-headphones
05-04 21:23:34.485   488   488 D msm8974_platform: platform_set_snd_device_backend: hw_interface_table[35] = QUAT_MI2S_RX-and-SLIMBUS_6_RX
05-04 21:23:34.485   488   488 D msm8974_platform: platform_set_snd_device_backend: backend_tag_table[speaker-and-line]: old = null new = speaker-and-headphones
05-04 21:23:34.485   488   488 D msm8974_platform: platform_set_snd_device_backend: hw_interface_table[11] = QUAT_MI2S_RX-and-SLIMBUS_6_RX
05-04 21:23:34.485   488   488 D msm8974_platform: platform_set_snd_device_backend: backend_tag_table[voice-headphones]: old = null new = headphones
05-04 21:23:34.485   488   488 D msm8974_platform: platform_set_snd_device_backend: hw_interface_table[17] = SLIMBUS_6_RX
05-04 21:23:34.485   488   488 D msm8974_platform: platform_set_snd_device_backend: backend_tag_table[voice-anc-headphones]: old = null new = voice-anc-headphones
05-04 21:23:34.485   488   488 D msm8974_platform: platform_set_snd_device_backend: hw_interface_table[33] = SLIMBUS_6_RX
05-04 21:23:34.485   488   488 D msm8974_platform: platform_set_snd_device_backend: backend_tag_table[voice-line]: old = null new = headphones
05-04 21:23:34.485   488   488 D msm8974_platform: platform_set_snd_device_backend: hw_interface_table[18] = SLIMBUS_6_RX
05-04 21:23:34.486   488   488 D msm8974_platform: platform_set_snd_device_backend: backend_tag_table[voice-tty-full-headphones]: old = null new = headphones
05-04 21:23:34.486   488   488 D msm8974_platform: platform_set_snd_device_backend: hw_interface_table[23] = SLIMBUS_6_RX
05-04 21:23:34.486   488   488 D msm8974_platform: platform_set_snd_device_backend: backend_tag_table[voice-tty-vco-headphones]: old = null new = headphones
05-04 21:23:34.486   488   488 D msm8974_platform: platform_set_snd_device_backend: hw_interface_table[24] = SLIMBUS_6_RX
05-04 21:23:34.486   488   488 D audio_hw_spkr_prot: audio_extn_spkr_prot_init: Initialize speaker protection module
05-04 21:23:34.486   488   488 D audio_hw_spkr_prot: audio_extn_spkr_prot_init: Speaker protection disabled
05-04 21:23:34.495   488   488 I soundtrigger: audio_extn_sound_trigger_init: Enter
05-04 21:23:34.503   704   759 E slim_daemon: [NDK] bindNDKSensors: Sensor server is unavailable.
05-04 21:23:34.506   488  1577 D aud_dev_arbi: runSocketThread: entered
05-04 21:23:34.509   488   488 I soundtrigger: audio_extn_sound_trigger_init: DLOPEN successful for /system/vendor/lib/hw/sound_trigger.primary.msm8996.so
05-04 21:23:34.515   488   488 E audio_hw_primary: Amplifier initialization failed
05-04 21:23:34.517   488   488 E audio_hw_extn: audio_extn_perf_lock_init: Perf lock handles Success 
05-04 21:23:34.517   488   488 I AudioFlinger: loadHwModule() Loaded primary audio interface from QCOM Audio HAL (audio) handle 1
05-04 21:23:34.517   488   488 I AudioFlinger: openOutput(), module 1 Device 2, SamplingRate 48000, Format 0x000001, Channels 3, flags 6
05-04 21:23:34.517   488   488 D audio_hw_primary: adev_open_output_stream: enter: sample_rate(48000) channel_mask(0x3) devices(0x2) flags(0x6)        stream_handle(0xf24bc380)
05-04 21:23:34.517   488   488 D audio_hw_primary: adev_open_output_stream: Stream (0xf24bc380) picks up usecase (low-latency-playback)
05-04 21:23:34.517   488   488 I AudioFlinger: AudioStreamOut::open(), mHalFormatIsLinearPcm = 1
05-04 21:23:34.518   488   488 I AudioFlinger: HAL output buffer size 192 frames, normal sink buffer size 960 frames
05-04 21:23:34.544   488   488 W EffectsFactory: Error querying effect 7d1580bd-297f-4683-9239-e475b6d1d69f on lib offload_bundle
05-04 21:23:34.544   488   488 D volume_listener: init_once Called 
05-04 21:23:34.545   488   488 I EffectDiracSound: DiracSoundLib_GetDescriptor() start
05-04 21:23:34.545   488   488 I BufferProvider: found effect "Multichannel Downmix To Stereo" from The Android Open Source Project
05-04 21:23:34.545   488   488 E MonoPipe: Failed to fetch local time frequency when constructing a MonoPipe (res = -32).  getNextWriteTimestamp calls will be non-functional
05-04 21:23:34.545   488   488 I AudioFlinger: Using module 1 has the primary audio interface
05-04 21:23:34.557   488  1579 I AudioFlinger: AudioFlinger's thread 0xf1880000 ready to run
05-04 21:23:34.557   488  1579 D audio_hw_primary: out_set_parameters: enter: usecase(1: low-latency-playback) kvpairs: routing=2
05-04 21:23:34.557   488  1579 D audio_hw_extn: audio_extn_set_anc_parameters: anc_enabled:0
05-04 21:23:34.557   488  1579 D audio_hw_spkr_prot: audio_extn_fbsp_set_parameters: Speaker protection disabled
05-04 21:23:34.557   488  1579 D audio_hw_primary: out_standby: enter: stream (0xf24bc380) usecase(1: low-latency-playback)
05-04 21:23:34.561   488  1579 E AudioFlinger: no wake lock to update!
05-04 21:23:34.566   488   488 I AudioFlinger: openOutput(), module 1 Device 2, SamplingRate 48000, Format 0x000001, Channels 3, flags 104
05-04 21:23:34.567   488   488 D audio_hw_primary: adev_open_output_stream: enter: sample_rate(48000) channel_mask(0x3) devices(0x2) flags(0x104)        stream_handle(0xf24bc500)
05-04 21:23:34.567   488   488 D audio_hw_primary: adev_open_output_stream: Stream (0xf24bc500) picks up usecase (audio-ull-playback)
05-04 21:23:34.567   488   488 I AudioFlinger: AudioStreamOut::open(), mHalFormatIsLinearPcm = 1
05-04 21:23:34.567   488   488 I AudioFlinger: HAL output buffer size 192 frames, normal sink buffer size 960 frames
05-04 21:23:34.577   488  1581 I AudioFlinger: AudioFlinger's thread 0xf1440000 ready to run
05-04 21:23:34.577   488  1581 D audio_hw_primary: out_set_parameters: enter: usecase(12: audio-ull-playback) kvpairs: routing=2
05-04 21:23:34.577   488  1581 D audio_hw_primary: out_standby: enter: stream (0xf24bc500) usecase(12: audio-ull-playback)
05-04 21:23:34.578   488  1581 E AudioFlinger: no wake lock to update!
05-04 21:23:34.578   488   488 I AudioFlinger: openOutput(), module 1 Device 2, SamplingRate 48000, Format 0x000001, Channels 3, flags 8
05-04 21:23:34.579   488   488 D audio_hw_primary: adev_open_output_stream: enter: sample_rate(48000) channel_mask(0x3) devices(0x2) flags(0x8)        stream_handle(0xf24bc680)
05-04 21:23:34.579   488   488 D audio_hw_primary: adev_open_output_stream: Stream (0xf24bc680) picks up usecase (deep-buffer-playback)
05-04 21:23:34.579   488   488 I AudioFlinger: AudioStreamOut::open(), mHalFormatIsLinearPcm = 1
05-04 21:23:34.579   488   488 I AudioFlinger: HAL output buffer size 1920 frames, normal sink buffer size 1920 frames
05-04 21:23:34.591   488  1582 I AudioFlinger: AudioFlinger's thread 0xf1140000 ready to run
05-04 21:23:34.591   488  1582 D audio_hw_primary: out_set_parameters: enter: usecase(0: deep-buffer-playback) kvpairs: routing=2
05-04 21:23:34.591   488  1582 D audio_hw_primary: out_standby: enter: stream (0xf24bc680) usecase(0: deep-buffer-playback)
05-04 21:23:34.592   488  1582 E AudioFlinger: no wake lock to update!
05-04 21:23:34.592   488   488 I AudioFlinger: openOutput(), module 1 Device 10000, SamplingRate 48000, Format 0x000001, Channels 3, flags 0
05-04 21:23:34.592   488   488 D audio_hw_primary: adev_open_output_stream: enter: sample_rate(48000) channel_mask(0x3) devices(0x10000) flags(0)        stream_handle(0xf24bc800)
05-04 21:23:34.593   488   488 D audio_hw_primary: adev_open_output_stream: Stream (0xf24bc800) picks up usecase (afe-proxy-playback)
05-04 21:23:34.593   488   488 I AudioFlinger: AudioStreamOut::open(), mHalFormatIsLinearPcm = 1
05-04 21:23:34.593   488   488 I AudioFlinger: HAL output buffer size 768 frames, normal sink buffer size 1152 frames
05-04 21:23:34.594   488  1584 I AudioFlinger: AudioFlinger's thread 0xf0f80000 ready to run
05-04 21:23:34.594   488  1584 D audio_hw_primary: out_set_parameters: enter: usecase(38: afe-proxy-playback) kvpairs: routing=65536
05-04 21:23:34.594   488  1584 D audio_hw_primary: out_standby: enter: stream (0xf24bc800) usecase(38: afe-proxy-playback)
05-04 21:23:34.595   488  1584 E AudioFlinger: no wake lock to update!
05-04 21:23:34.595   488   488 D audio_hw_primary: adev_open_input_stream: enter: sample_rate(48000) channel_mask(0xc) devices(0x80000040)        stream_handle(0xf2465fc0) io_handle(10) source(1)
05-04 21:23:34.595   488   488 D audio_hw_primary: adev_open_input_stream: enter: sample_rate(48000) channel_mask(0xc) devices(0x80000040)        stream_handle(0xf2465fc0) io_handle(10) source(1)
05-04 21:23:34.595   488   488 W APM::AudioPolicyManager: Cannot open input stream for device 80000040 on hw module primary
05-04 21:23:34.595   488   488 D audio_hw_primary: adev_open_input_stream: enter: sample_rate(48000) channel_mask(0xfc) devices(0x80000004)        stream_handle(0xf2465fc0) io_handle(11) source(1)
05-04 21:23:34.598   488  1585 I AudioFlinger: AudioFlinger's thread 0xf0c40000 ready to run
05-04 21:23:34.599   488   488 D audio_hw_primary: adev_close_input_stream: enter:stream_handle(0xf2465fc0)
05-04 21:23:34.599   488   488 D audio_hw_primary: in_standby: enter: stream (0xf2465fc0) usecase(16: audio-record)
05-04 21:23:34.599   488   488 D audio_hw_primary: adev_open_input_stream: enter: sample_rate(48000) channel_mask(0xc) devices(0x80000040)        stream_handle(0xf2465fc0) io_handle(12) source(1)
05-04 21:23:34.599   488   488 D audio_hw_primary: adev_open_input_stream: enter: sample_rate(48000) channel_mask(0xc) devices(0x80000040)        stream_handle(0xf2465fc0) io_handle(12) source(1)
05-04 21:23:34.599   488   488 W APM::AudioPolicyManager: Cannot open input stream for device 80000040 on hw module primary
05-04 21:23:34.605   488   488 I bt_a2dp_hw: adev_open:  adev_open in A2dp_hw module
05-04 21:23:34.605   488   488 I AudioFlinger: loadHwModule() Loaded a2dp audio interface from A2DP Audio HW HAL (audio) handle 13
05-04 21:23:34.612   488   488 I AudioFlinger: loadHwModule() Loaded usb audio interface from USB audio HW HAL (audio) handle 14
05-04 21:23:34.619   488   488 I r_submix: adev_open(name=audio_hw_if)
05-04 21:23:34.620   488   488 I r_submix: adev_init_check()
05-04 21:23:34.620   488   488 I AudioFlinger: loadHwModule() Loaded r_submix audio interface from Wifi Display audio HAL (audio) handle 15
05-04 21:23:34.620   488   488 D r_submix: adev_open_input_stream(addr=0)
05-04 21:23:34.620   488   488 D r_submix: submix_audio_device_create_pipe_l(addr=0, idx=9)
05-04 21:23:34.620   488   488 D r_submix:   now using address 0 for route 9
05-04 21:23:34.628   488  1586 I AudioFlinger: AudioFlinger's thread 0xf0c40000 ready to run
05-04 21:23:34.628   488   488 D r_submix: adev_close_input_stream()
05-04 21:23:34.628   488   488 D r_submix: submix_audio_device_release_pipe_l(idx=9) addr=0
05-04 21:23:34.628   488   488 D r_submix: submix_audio_device_destroy_pipe_l(): pipe destroyed
05-04 21:23:34.628   488   488 W APM::AudioPolicyManager: Input device 80000040 unreachable
05-04 21:23:34.628   488   488 W APM::AudioPolicyManager: Input device 80002000 unreachable
05-04 21:23:34.628   488   488 I AudioPolicyManagerCustom: removing AUDIO_CHANNEL_IN_5POINT1 from input profile as SSR(surround sound record) is not supported on this chipset variant
05-04 21:23:34.631   488   488 D sound_trigger_hw: stdev_open: Enter
05-04 21:23:34.632   488   488 I sound_trigger_platform: platform_stdev_init: Enter
05-04 21:23:34.657   514   638 I ThermalEngine: algo_monitor: Thresh EVT
05-04 21:23:34.658   514   638 I ThermalEngine: handle_thresh_sig: SS Id SKIN-SS-CPUS-ALL, Read xo_therm_buf 45000mC
05-04 21:23:34.664   514   637 I ThermalEngine: handle_thresh_sig: TM Id SKIN-BATTERY-MONITOR Sensor xo_therm_buf Temp 45000
05-04 21:23:34.664   514   637 I ThermalEngine: TM Id 'SKIN-BATTERY-MONITOR' Sensor 'xo_therm_buf' - alarm  raised 2 at 45.0 degC
05-04 21:23:34.664   514   637 I ThermalEngine: j=0 i=1 TM Id SKIN-BATTERY-MONITOR Sensor xo_therm_buf: Action battery value 1
05-04 21:23:34.664   514   637 I ThermalEngine: ACTION: BATTERY - Setting battery charging mitigation to 1
05-04 21:23:34.664   514   637 I ThermalEngine: Mitigation:Battery:1
05-04 21:23:34.666   514   637 I ThermalEngine: handle_thresh_sig: TM Id GPU_management Sensor xo_therm_buf Temp 45000
05-04 21:23:34.666   514   637 I ThermalEngine: TM Id 'GPU_management' Sensor 'xo_therm_buf' - alarm  raised 3 at 45.0 degC
05-04 21:23:34.666   514   637 I ThermalEngine: j=0 i=2 TM Id GPU_management Sensor xo_therm_buf: Action gpu value 315000000
05-04 21:23:34.666   514   637 I ThermalEngine: ACTION: GPU - Setting GPU[0] to 315000000
05-04 21:23:34.720   622   856 I ServiceManager: Waiting for service sensorservice...
05-04 21:23:34.915   514   638 I ThermalEngine: handle_thresh_sig: SS Id SKIN-SS-CPUS-ALL, Read xo_therm_buf 45000mC
05-04 21:23:35.091   488   488 I sound_trigger_platform: platform_stdev_init: acdb_init: msm8996-tasha-mtp-snd-card
05-04 21:23:35.091   488   488 D ACDB-LOADER: ACDB -> already initialized, exit
05-04 21:23:35.092   488   488 D sound_trigger_platform: platform_stdev_init Opening device /dev/snd/hwC0D1000
05-04 21:23:35.092   488   488 D sound_trigger_platform: get_codec_version: codec version WCD9335_2_0
05-04 21:23:35.092   488   488 I sound_trigger_hw: stdev_get_properties
05-04 21:23:35.092   488   488 I SoundTriggerHwService: loaded default module Sound Trigger HAL, handle 1
05-04 21:23:35.093   488   488 I RadioService: RadioService
05-04 21:23:35.093   488   488 I RadioService: onFirstRef
05-04 21:23:35.093   488   488 E RadioService: couldn't load radio module radio.primary (No such file or directory)
05-04 21:23:35.425   514   638 I ThermalEngine: handle_thresh_sig: SS Id SKIN-SS-CPUS-ALL, Read xo_therm_buf 45000mC
05-04 21:23:35.458   534   686 E QCALOG  : [MessageQ] ProcessNewMessage: [XTWiFi-PE] unknown deliver target [OS-Agent]
05-04 21:23:35.504   704   759 E slim_daemon: [NDK] bindNDKSensors: Sensor server is unavailable.
05-04 21:23:35.523   692   774 W XTCC-5.1.0.10: [CS-RIL-LISTENER] timerCallback fired for ril update registering, re-register
05-04 21:23:35.524   534   686 E QCALOG  : [MessageQ] ProcessNewMessage: [XT-CS] unknown deliver target [OS-Agent]
05-04 21:23:35.524   534   686 E QCALOG  : [MessageQ] ProcessNewMessage: [XT-CS] unknown deliver target [OS-Agent]
05-04 21:23:35.707   855   855 W dex2oat : Skipping class com.quicinc.tcmiface.DpmTcmIface from /system/framework/org.apache.http.legacy.boot.jar previously found in /system/framework/okhttp.jar
05-04 21:23:35.714   812   812 W dex2oat : Skipping class com.quicinc.tcmiface.DpmTcmIface from /system/framework/org.apache.http.legacy.boot.jar previously found in /system/framework/okhttp.jar
05-04 21:23:35.720   622   856 I ServiceManager: Waiting for service sensorservice...
05-04 21:23:35.887   855   855 W dex2oat : Method processed more than once: void android.icu.text.NumberFormat.<clinit>()
05-04 21:23:35.917   812   812 W dex2oat : Method processed more than once: void android.icu.text.NumberFormat.<clinit>()
05-04 21:23:35.935   514   638 I ThermalEngine: handle_thresh_sig: SS Id SKIN-SS-CPUS-ALL, Read xo_therm_buf 45000mC
05-04 21:23:36.036   855   855 W dex2oat : Method processed more than once: java.lang.String java.lang.AbstractStringBuilder.substring(int)
05-04 21:23:36.068   812   812 W dex2oat : Method processed more than once: java.lang.String java.lang.AbstractStringBuilder.substring(int)
05-04 21:23:36.088   855   855 W dex2oat : Method processed more than once: void java.util.Properties.load(java.io.Reader)
05-04 21:23:36.122   812   812 W dex2oat : Method processed more than once: void java.util.Properties.load(java.io.Reader)
05-04 21:23:36.130   855   855 W dex2oat : Method processed more than once: java.lang.String java.lang.IntegralToString.stringOf(char[])
05-04 21:23:36.166   812   812 W dex2oat : Method processed more than once: java.lang.String java.lang.IntegralToString.stringOf(char[])
05-04 21:23:36.206   855   855 W dex2oat : Method processed more than once: java.lang.String com.android.org.bouncycastle.util.Strings.toLowerCase(java.lang.String)
05-04 21:23:36.243   812   812 W dex2oat : Method processed more than once: java.lang.String com.android.org.bouncycastle.util.Strings.toLowerCase(java.lang.String)
05-04 21:23:36.446   514   638 I ThermalEngine: handle_thresh_sig: SS Id SKIN-SS-CPUS-ALL, Read xo_therm_buf 45000mC
05-04 21:23:36.505   704   759 E slim_daemon: [NDK] bindNDKSensors: Sensor server is unavailable.
05-04 21:23:36.523   692   776 W XTCC-5.1.0.10: [FDAL_ZPP_MGR] RequestNewZppFix: Getting ZPP
05-04 21:23:36.529   692   776 W XTCC-5.1.0.10: [FDAL_ZPP_MGR] RequestNewZppFix 0.000000 0.000000 0.000000: ZPP Return Flag 0x0
05-04 21:23:36.529   692   776 W XTCC-5.1.0.10: [FDAL_ZPP_MGR] RequestNewZppFix Expand the HEPE of previous ZPP fix. Not done
05-04 21:23:36.958   514   638 I ThermalEngine: handle_thresh_sig: SS Id SKIN-SS-CPUS-ALL, Read xo_therm_buf 45000mC
05-04 21:23:37.049   855   855 W dex2oat : Method processed more than once: java.lang.String com.android.dex.Mutf8.decode(com.android.dex.util.ByteInput, char[])
05-04 21:23:37.078   812   812 W dex2oat : Method processed more than once: java.lang.String com.android.dex.Mutf8.decode(com.android.dex.util.ByteInput, char[])
05-04 21:23:37.145   855   855 W dex2oat : Method processed more than once: void android.net.Uri.<clinit>()
05-04 21:23:37.173   812   812 W dex2oat : Method processed more than once: void android.net.Uri.<clinit>()
05-04 21:23:37.470   514   638 I ThermalEngine: handle_thresh_sig: SS Id SKIN-SS-CPUS-ALL, Read xo_therm_buf 45000mC
05-04 21:23:37.506   704   759 E slim_daemon: [NDK] bindNDKSensors: Sensor server is unavailable.
05-04 21:23:37.508   855   855 W dex2oat : Method processed more than once: void android.text.TextUtils.<clinit>()
05-04 21:23:37.546   812   812 W dex2oat : Method processed more than once: void android.text.TextUtils.<clinit>()
05-04 21:23:37.715   855   855 W dex2oat : Skipping class com.quicinc.tcmiface.DpmTcmIface from /system/framework/org.apache.http.legacy.boot.jar previously found in /system/framework/okhttp.jar
05-04 21:23:37.722   622   856 I ServiceManager: Waiting for service sensorservice...
05-04 21:23:37.756   855   855 I dex2oat : Explicit concurrent mark sweep GC freed 43524(6MB) AllocSpace objects, 1(20KB) LOS objects, 23% free, 13MB/17MB, paused 153us total 30.196ms
05-04 21:23:37.757   812   812 W dex2oat : Skipping class com.quicinc.tcmiface.DpmTcmIface from /system/framework/org.apache.http.legacy.boot.jar previously found in /system/framework/okhttp.jar
05-04 21:23:37.798   812   812 I dex2oat : Explicit concurrent mark sweep GC freed 43517(10MB) AllocSpace objects, 1(20KB) LOS objects, 15% free, 22MB/26MB, paused 153us total 29.325ms
05-04 21:23:37.982   514   638 I ThermalEngine: handle_thresh_sig: SS Id SKIN-SS-CPUS-ALL, Read xo_therm_buf 45000mC
05-04 21:23:38.493   514   638 I ThermalEngine: handle_thresh_sig: SS Id SKIN-SS-CPUS-ALL, Read xo_therm_buf 45000mC
05-04 21:23:38.507   704   759 E slim_daemon: [NDK] bindNDKSensors: Sensor server is unavailable.
05-04 21:23:38.723   622   856 I ServiceManager: Waiting for service sensorservice...
05-04 21:23:39.003   514   638 I ThermalEngine: handle_thresh_sig: SS Id SKIN-SS-CPUS-ALL, Read xo_therm_buf 45000mC
05-04 21:23:39.508   704   759 E slim_daemon: [NDK] bindNDKSensors: Sensor server is unavailable.
05-04 21:23:39.514   514   638 I ThermalEngine: handle_thresh_sig: SS Id SKIN-SS-CPUS-ALL, Read xo_therm_buf 45000mC
05-04 21:23:39.723   622   856 I ServiceManager: Waiting for service sensorservice...
05-04 21:23:40.025   514   638 I ThermalEngine: handle_thresh_sig: SS Id SKIN-SS-CPUS-ALL, Read xo_therm_buf 45000mC
05-04 21:23:40.459   534   686 E QCALOG  : [MessageQ] ProcessNewMessage: [XTWiFi-PE] unknown deliver target [OS-Agent]
05-04 21:23:40.509   704   759 E slim_daemon: [NDK] bindNDKSensors: Sensor server is unavailable.
05-04 21:23:40.524   692   774 W XTCC-5.1.0.10: [CS-RIL-LISTENER] timerCallback fired for ril update registering, re-register
05-04 21:23:40.524   534   686 E QCALOG  : [MessageQ] ProcessNewMessage: [XT-CS] unknown deliver target [OS-Agent]
05-04 21:23:40.524   534   686 E QCALOG  : [MessageQ] ProcessNewMessage: [XT-CS] unknown deliver target [OS-Agent]
05-04 21:23:40.535   514   638 I ThermalEngine: handle_thresh_sig: SS Id SKIN-SS-CPUS-ALL, Read xo_therm_buf 45000mC
05-04 21:23:40.724   622   856 I ServiceManager: Waiting for service sensorservice...
05-04 21:23:41.046   514   638 I ThermalEngine: handle_thresh_sig: SS Id SKIN-SS-CPUS-ALL, Read xo_therm_buf 45000mC
05-04 21:23:41.509   704   759 E slim_daemon: [NDK] bindNDKSensors: Sensor server is unavailable.
05-04 21:23:41.557   514   638 I ThermalEngine: handle_thresh_sig: SS Id SKIN-SS-CPUS-ALL, Read xo_therm_buf 45000mC
05-04 21:23:41.724   622   856 I ServiceManager: Waiting for service sensorservice...
05-04 21:23:42.067   514   638 I ThermalEngine: handle_thresh_sig: SS Id SKIN-SS-CPUS-ALL, Read xo_therm_buf 45000mC
05-04 21:23:42.510   704   759 E slim_daemon: [NDK] bindNDKSensors: Sensor server is unavailable.
05-04 21:23:42.579   514   638 I ThermalEngine: handle_thresh_sig: SS Id SKIN-SS-CPUS-ALL, Read xo_therm_buf 45000mC
05-04 21:23:43.090   514   638 I ThermalEngine: handle_thresh_sig: SS Id SKIN-SS-CPUS-ALL, Read xo_therm_buf 45000mC
05-04 21:23:43.511   704   759 E slim_daemon: [NDK] bindNDKSensors: Sensor server is unavailable.
05-04 21:23:43.600   514   638 I ThermalEngine: handle_thresh_sig: SS Id SKIN-SS-CPUS-ALL, Read xo_therm_buf 45000mC
05-04 21:23:43.725   622   856 I ServiceManager: Waiting for service sensorservice...
05-04 21:23:44.111   514   638 I ThermalEngine: handle_thresh_sig: SS Id SKIN-SS-CPUS-ALL, Read xo_therm_buf 45000mC
05-04 21:23:44.511   704   759 E slim_daemon: [NDK] bindNDKSensors: Sensor server is unavailable.
05-04 21:23:44.622   514   638 I ThermalEngine: handle_thresh_sig: SS Id SKIN-SS-CPUS-ALL, Read xo_therm_buf 45000mC
05-04 21:23:44.726   622   856 I ServiceManager: Waiting for service sensorservice...
05-04 21:23:45.133   514   638 I ThermalEngine: handle_thresh_sig: SS Id SKIN-SS-CPUS-ALL, Read xo_therm_buf 45000mC
05-04 21:23:45.459   534   686 E QCALOG  : [MessageQ] ProcessNewMessage: [XTWiFi-PE] unknown deliver target [OS-Agent]
05-04 21:23:45.512   704   759 E slim_daemon: [NDK] bindNDKSensors: Sensor server is unavailable.
05-04 21:23:45.524   534   686 E QCALOG  : [MessageQ] ProcessNewMessage: [XT-CS] unknown deliver target [OS-Agent]
05-04 21:23:45.524   692   774 W XTCC-5.1.0.10: [CS-RIL-LISTENER] timerCallback fired for ril update registering, re-register
05-04 21:23:45.524   534   686 E QCALOG  : [MessageQ] ProcessNewMessage: [XT-CS] unknown deliver target [OS-Agent]
05-04 21:23:45.643   514   638 I ThermalEngine: handle_thresh_sig: SS Id SKIN-SS-CPUS-ALL, Read xo_therm_buf 45000mC
05-04 21:23:45.726   622   856 I ServiceManager: Waiting for service sensorservice...
05-04 21:23:45.983   855  1264 I dex2oat : Method exceeds compiler instruction limit: 25337 in void org.ccil.cowan.tagsoup.HTMLSchema.<init>()
05-04 21:23:46.154   514   638 I ThermalEngine: handle_thresh_sig: SS Id SKIN-SS-CPUS-ALL, Read xo_therm_buf 45000mC
05-04 21:23:46.358   812  1259 I dex2oat : Method exceeds compiler instruction limit: 25337 in void org.ccil.cowan.tagsoup.HTMLSchema.<init>()
05-04 21:23:46.512   704   759 E slim_daemon: [NDK] bindNDKSensors: Sensor server is unavailable.
05-04 21:23:46.665   514   638 I ThermalEngine: handle_thresh_sig: SS Id SKIN-SS-CPUS-ALL, Read xo_therm_buf 45000mC
05-04 21:23:46.727   622   856 I ServiceManager: Waiting for service sensorservice...
05-04 21:23:47.175   514   638 I ThermalEngine: handle_thresh_sig: SS Id SKIN-SS-CPUS-ALL, Read xo_therm_buf 45000mC
05-04 21:23:47.513   704   759 E slim_daemon: [NDK] bindNDKSensors: Sensor server is unavailable.
05-04 21:23:47.686   514   638 I ThermalEngine: handle_thresh_sig: SS Id SKIN-SS-CPUS-ALL, Read xo_therm_buf 45000mC
05-04 21:23:47.728   622   856 I ServiceManager: Waiting for service sensorservice...
05-04 21:23:48.196   514   638 I ThermalEngine: handle_thresh_sig: SS Id SKIN-SS-CPUS-ALL, Read xo_therm_buf 45000mC
05-04 21:23:48.513   704   759 E slim_daemon: [NDK] bindNDKSensors: Sensor server is unavailable.
05-04 21:23:48.706   514   638 I ThermalEngine: handle_thresh_sig: SS Id SKIN-SS-CPUS-ALL, Read xo_therm_buf 45000mC
05-04 21:23:49.217   514   638 I ThermalEngine: handle_thresh_sig: SS Id SKIN-SS-CPUS-ALL, Read xo_therm_buf 45000mC
05-04 21:23:49.514   704   759 E slim_daemon: [NDK] bindNDKSensors: Sensor server is unavailable.
05-04 21:23:49.727   514   638 I ThermalEngine: handle_thresh_sig: SS Id SKIN-SS-CPUS-ALL, Read xo_therm_buf 45000mC
05-04 21:23:49.729   622   856 I ServiceManager: Waiting for service sensorservice...
05-04 21:23:50.238   514   638 I ThermalEngine: handle_thresh_sig: SS Id SKIN-SS-CPUS-ALL, Read xo_therm_buf 45000mC
05-04 21:23:50.460   534   686 E QCALOG  : [MessageQ] ProcessNewMessage: [XTWiFi-PE] unknown deliver target [OS-Agent]
05-04 21:23:50.514   704   759 E slim_daemon: [NDK] bindNDKSensors: Sensor server is unavailable.
05-04 21:23:50.524   692   774 W XTCC-5.1.0.10: [CS-RIL-LISTENER] timerCallback fired for ril update registering, re-register
05-04 21:23:50.525   534   686 E QCALOG  : [MessageQ] ProcessNewMessage: [XT-CS] unknown deliver target [OS-Agent]
05-04 21:23:50.525   534   686 E QCALOG  : [MessageQ] ProcessNewMessage: [XT-CS] unknown deliver target [OS-Agent]
05-04 21:23:50.729   622   856 I ServiceManager: Waiting for service sensorservice...
05-04 21:23:50.748   514   638 I ThermalEngine: handle_thresh_sig: SS Id SKIN-SS-CPUS-ALL, Read xo_therm_buf 45000mC
05-04 21:23:51.259   514   638 I ThermalEngine: handle_thresh_sig: SS Id SKIN-SS-CPUS-ALL, Read xo_therm_buf 45000mC
05-04 21:23:51.515   704   759 E slim_daemon: [NDK] bindNDKSensors: Sensor server is unavailable.
05-04 21:23:51.669   855  1263 W dex2oat : Compilation of void android.os.BatteryStats.dumpLocked(android.content.Context, java.io.PrintWriter, java.lang.String, int, int, boolean) took 146.697ms
05-04 21:23:51.730   622   856 I ServiceManager: Waiting for service sensorservice...
05-04 21:23:51.769   514   638 I ThermalEngine: handle_thresh_sig: SS Id SKIN-SS-CPUS-ALL, Read xo_therm_buf 45000mC
05-04 21:23:52.280   514   638 I ThermalEngine: handle_thresh_sig: SS Id SKIN-SS-CPUS-ALL, Read xo_therm_buf 45000mC
05-04 21:23:52.516   704   759 E slim_daemon: [NDK] bindNDKSensors: Sensor server is unavailable.
05-04 21:23:52.730   622   856 I ServiceManager: Waiting for service sensorservice...
05-04 21:23:52.791   514   638 I ThermalEngine: handle_thresh_sig: SS Id SKIN-SS-CPUS-ALL, Read xo_therm_buf 45000mC
05-04 21:23:53.301   514   638 I ThermalEngine: handle_thresh_sig: SS Id SKIN-SS-CPUS-ALL, Read xo_therm_buf 45000mC
05-04 21:23:53.516   704   759 E slim_daemon: [NDK] bindNDKSensors: Sensor server is unavailable.
05-04 21:23:53.731   622   856 I ServiceManager: Waiting for service sensorservice...
05-04 21:23:53.812   514   638 I ThermalEngine: handle_thresh_sig: SS Id SKIN-SS-CPUS-ALL, Read xo_therm_buf 45000mC
05-04 21:23:54.324   514   638 I ThermalEngine: handle_thresh_sig: SS Id SKIN-SS-CPUS-ALL, Read xo_therm_buf 45000mC
05-04 21:23:54.517   704   759 E slim_daemon: [NDK] bindNDKSensors: Sensor server is unavailable.
05-04 21:23:54.834   514   638 I ThermalEngine: handle_thresh_sig: SS Id SKIN-SS-CPUS-ALL, Read xo_therm_buf 45000mC
05-04 21:23:55.008   812  1260 W dex2oat : Compilation of boolean android.app.ActivityManagerNative.onTransact(int, android.os.Parcel, android.os.Parcel, int) took 130.918ms
05-04 21:23:55.345   514   638 I ThermalEngine: handle_thresh_sig: SS Id SKIN-SS-CPUS-ALL, Read xo_therm_buf 45000mC
05-04 21:23:55.460   534   686 E QCALOG  : [MessageQ] ProcessNewMessage: [XTWiFi-PE] unknown deliver target [OS-Agent]
05-04 21:23:55.517   704   759 E slim_daemon: [NDK] bindNDKSensors: Sensor server is unavailable.
05-04 21:23:55.525   692   774 W XTCC-5.1.0.10: [CS-RIL-LISTENER] timerCallback fired for ril update registering, re-register
05-04 21:23:55.525   534   686 E QCALOG  : [MessageQ] ProcessNewMessage: [XT-CS] unknown deliver target [OS-Agent]
05-04 21:23:55.525   534   686 E QCALOG  : [MessageQ] ProcessNewMessage: [XT-CS] unknown deliver target [OS-Agent]
05-04 21:23:55.731   622   856 I ServiceManager: Waiting for service sensorservice...
05-04 21:23:55.855   514   638 I ThermalEngine: handle_thresh_sig: SS Id SKIN-SS-CPUS-ALL, Read xo_therm_buf 45000mC
