05-04 21:23:26.702   622   622 I Dpps    : OpenCommonSysfsFds():341 lcd_bl_event_fd_ is 8
05-04 21:23:26.702   622   622 I Dpps    : OpenCommonSysfsFds():350 blank_event_fd_ is 9
05-04 21:23:26.702   622   622 I Dpps    : OpenCommonSysfsFds():358 lcd_brightness_fd_ is 11
05-04 21:23:26.702   622   622 I Dpps    : SelectLightSensor():468 sensor_type 2
05-04 21:23:26.702   622   622 I Dpps    : SelectLightSensor():471 sensor_type_ 2
05-04 21:23:26.702   622   622 I Dpps    : InitLightSensor():503 sensor_type_ 2
05-04 21:23:26.702   622   622 I Dpps    : InitLightSensor():524 light sensor initialization ret 0
05-04 21:23:26.702   622   622 I Dpps    : CreateAmbientLightThread():141 Create AL thread
05-04 21:23:26.702   622   622 I Dpps    : CreateAmbientLightThread():160 Create AL thread done ret 0
05-04 21:23:26.702   622   622 I Dpps    : InitFeatureContext():223 Initialize feature context done ret 0
05-04 21:23:26.707   622   857 I Dpps    : ProcessAmbientLightThread():98 AL thread execution started
05-04 21:23:26.708   622   856 I Dpps    : PollThreadLoop():111 Getting manager and light sensor instance
05-04 21:23:26.714   622   856 I ServiceManager: Waiting for service permission...
05-04 21:23:26.716   567   567 D mm-camera: < INFO> 420: void init(): memleak lib init.
05-04 21:23:26.716   567   567 D mm-camera: < INFO> 439: void init(): memleak tracer not attached
05-04 21:23:26.729   573   768 D AudioDaemon: Opening sound card state : /proc/asound/card---/state
05-04 21:23:26.729   573   768 E AudioDaemon: Open /proc/asound/card---/state failed : No such file or directory
05-04 21:23:26.730   573   768 V AudioDaemon: bool android::AudioDaemon::getStateFDs(std::__1::vector<std::__1::pair<int, int> >&): 0 sound cards detected
05-04 21:23:26.730   573   768 E AudioDaemon: Sleeping for 100 ms
05-04 21:23:26.732   567   567 E mm-camera: <SENSOR><ERROR> 385: eebin_read: failed!
05-04 21:23:26.732   567   567 E mm-camera: <SENSOR><ERROR> 385: eebin_read: failed!
05-04 21:23:26.732   567   567 E mm-camera: <SENSOR><ERROR> 496: sensor_init_probe: failed: to probe eeprom bin sensors (non-fatal)
05-04 21:23:26.737   855   855 I dex2oat : /system/bin/dex2oat --image=/data/dalvik-cache/arm/system@framework@boot.art --dex-file=/system/framework/core-libart.jar --dex-file=/system/framework/conscrypt.jar --dex-file=/system/framework/okhttp.jar --dex-file=/system/framework/core-junit.jar --dex-file=/system/framework/bouncycastle.jar --dex-file=/system/framework/ext.jar --dex-file=/system/framework/framework.jar --dex-file=/system/framework/telephony-common.jar --dex-file=/system/framework/voip-common.jar --dex-file=/system/framework/ims-common.jar --dex-file=/system/framework/apache-xml.jar --dex-file=/system/framework/org.apache.http.legacy.boot.jar --dex-file=/system/framework/flyme-framework.jar --dex-file=/system/framework/flyme-telephony-common.jar --oat-file=/data/dalvik-cache/arm/system@framework@boot.oat --instruction-set=arm --instruction-set-features=smp,-div,-atomic_ldrd_strd --base=0x6f2a1000 --runtime-arg -Xms64m --runtime-arg -Xmx64m --image-classes=/system/etc/preloaded-classes --instruction-set-variant=cortex-a53 --instruction-set-
05-04 21:23:26.737   855   855 E cutils-trace: Error opening trace file: No such file or directory (2)
05-04 21:23:26.739   855   855 I dex2oat : setting boot class path to /system/framework/core-libart.jar:/system/framework/conscrypt.jar:/system/framework/okhttp.jar:/system/framework/core-junit.jar:/system/framework/bouncycastle.jar:/system/framework/ext.jar:/system/framework/framework.jar:/system/framework/telephony-common.jar:/system/framework/voip-common.jar:/system/framework/ims-common.jar:/system/framework/apache-xml.jar:/system/framework/org.apache.http.legacy.boot.jar:/system/framework/flyme-framework.jar:/system/framework/flyme-telephony-common.jar
05-04 21:23:26.759   497   497 D tftp_server: pid=497 tid=497 tftp-server : DBG :[tftp_os_wakelocks_la.c, 302] Wake-lock acquired successfully
05-04 21:23:26.759   497   497 D tftp_server: pid=497 tid=497 tftp-server : DBG :[tftp_server.c, 594] Server waiting for client-connection.
05-04 21:23:26.767   572   694 E QMI_FW  : QMUXD: WARNING qmi_qmux_if_pwr_up_init failed! rc=-1
05-04 21:23:26.767   572   694 E QC-time-services: Daemon:genoff_modem_qmi_service_request: qmi_client_get_service_list returned 0num_services 1
05-04 21:23:26.768   572   694 E QMI_FW  : QMUXD: WARNING qmi_qmux_if_pwr_up_init failed! rc=-1
05-04 21:23:26.768   572   694 E QMI_FW  : QMUXD: WARNING qmi_qmux_if_pwr_up_init failed! rc=-1
05-04 21:23:26.768   572   694 E QMI_FW  : QMUXD: WARNING qmi_qmux_if_pwr_up_init failed! rc=-1
05-04 21:23:26.778   497   859 D tftp_server: pid=497 tid=859 tftp-server : DBG :[tftp_server_utils.c, 101] Normalized file [/readwrite/server_check.txt] to : [/system/rfs/msm/mpss/readwrite/server_chec
05-04 21:23:26.779   497   859 D tftp_server: pid=497 tid=859 tftp-server : DBG :[tftp_server.c, 718] Using temp file[/system/rfs/msm/mpss/readwrite/server_check.txt.rfs_tmp] for atomic put
05-04 21:23:26.779   497   859 E tftp_server: pid=497 tid=859 tftp-server : ERR :[tftp_protocol.c, 1143] sending error-pkt. Code = 2, Msg = Err=13 String=Permission denied
05-04 21:23:26.779   497   859 D tftp_server: pid=497 tid=859 tftp-server : DBG :[tftp_server.c, 1511] WRQ stats in us:
05-04 21:23:26.779   497   859 D tftp_server: pid=497 tid=859 tftp-server : DBG :[tftp_server.c, 1512] Total API = 637
05-04 21:23:26.779   497   859 D tftp_server: pid=497 tid=859 tftp-server : DBG :[tftp_server.c, 1514] Total-TX = 99
05-04 21:23:26.779   497   859 D tftp_server: pid=497 tid=859 tftp-server : DBG :[tftp_server.c, 1516] Total-RX = 0
05-04 21:23:26.779   497   859 D tftp_server: pid=497 tid=859 tftp-server : DBG :[tftp_server.c, 1518] Max-TX = 99
05-04 21:23:26.779   497   859 D tftp_server: pid=497 tid=859 tftp-server : DBG :[tftp_server.c, 1520] Max-RX = 0
05-04 21:23:26.779   497   859 D tftp_server: pid=497 tid=859 tftp-server : DBG :[tftp_server.c, 1522] Min-TX = 99
05-04 21:23:26.779   497   859 D tftp_server: pid=497 tid=859 tftp-server : DBG :[tftp_server.c, 1524] Min-RX = 4294967295
05-04 21:23:26.780   497   859 D tftp_server: pid=497 tid=859 tftp-server : DBG :[tftp_os_wakelocks_la.c, 332] Wake-lock released successfully
05-04 21:23:26.787   572   694 D QC-time-services: Daemon:genoff_modem_qmi_service_request: Initial transaction successfull
05-04 21:23:26.830   573   768 D AudioDaemon: Opening sound card state : /proc/asound/card---/state
05-04 21:23:26.830   573   768 E AudioDaemon: Open /proc/asound/card---/state failed : No such file or directory
05-04 21:23:26.830   573   768 V AudioDaemon: bool android::AudioDaemon::getStateFDs(std::__1::vector<std::__1::pair<int, int> >&): 0 sound cards detected
05-04 21:23:26.830   573   768 E AudioDaemon: Sleeping for 100 ms
05-04 21:23:26.840   567   567 E mm-camera: <SENSOR><ERROR> 672: eeprom_init: Eeprom Driver has either Power setting size or mem map size as 0
05-04 21:23:26.840   567   567 E mm-camera: <SENSOR><ERROR> 810: eeprom_process: eeprom_init failed
05-04 21:23:26.841   567   567 E mm-camera: <SENSOR><ERROR> 6588: module_sensor_init_eeprom: Failed in EEPROM_INIT
05-04 21:23:26.842   567   567 E mm-camera: <SENSOR><ERROR> sony_imx298_eeprom_format_calibration_data: 469: Total bytes in OTP buffer: 2245
05-04 21:23:26.842   567   567 E mm-camera: <SENSOR><ERROR> sony_imx298_eeprom_format_wbdata: 139: Enter
05-04 21:23:26.842   567   567 E mm-camera: <SENSOR><ERROR> sony_imx298_eeprom_format_wbdata: 149: AWB : r/gr = 0.549805
05-04 21:23:26.845   567   567 E mm-camera: <SENSOR><ERROR> sony_imx298_eeprom_format_wbdata: 150: AWB : b/gb = 0.614258
05-04 21:23:26.846   476   826 E Sensors : mag_cal.c(1609):mag_cal_sam_init: Unknown UUID(1) f6ae80fe-942b-4d56
05-04 21:23:26.847   476   826 E Sensors : mag_cal.c(1614):mag_cal_sam_init: Unknown UUID(2) 8f16-61d5981b6190
05-04 21:23:26.847   476   826 E Sensors : sns_sam.c(4433):Failed to register algorithm service 16 with SAM
05-04 21:23:26.847   567   567 E mm-camera: <SENSOR><ERROR> sony_imx298_eeprom_format_wbdata: 151: AWB : gr/gb = 0.999023
05-04 21:23:26.848   567   567 E mm-camera: <SENSOR><ERROR> sony_imx298_eeprom_format_wbdata: 158: Exit
05-04 21:23:26.848   567   567 E mm-camera: <SENSOR><ERROR> sony_imx298_eeprom_format_afdata: 179: Enter
05-04 21:23:26.848   567   567 E mm-camera: <SENSOR><ERROR> sony_imx298_eeprom_format_afdata: 204: AF : macro 806 infinity 177 (no starting DAC set to infinity)
05-04 21:23:26.849   567   567 E mm-camera: <SENSOR><ERROR> sony_imx298_eeprom_format_afdata: 206: LYN AF horizontal reference : macro 780 infinity 256
05-04 21:23:26.849   567   567 E mm-camera: <SENSOR><ERROR> sony_imx298_eeprom_format_afdata: 207: Exit
05-04 21:23:26.850   567   567 E mm-camera: <SENSOR><ERROR> sony_imx298_eeprom_format_lscdata: 226: Enter
05-04 21:23:26.850   567   567 E mm-camera: <SENSOR><ERROR> sony_imx298_eeprom_format_lscdata: 231: LSC : empty or invalid data
05-04 21:23:26.850   567   567 E mm-camera: <SENSOR><ERROR> sony_imx298_eeprom_format_spcdata: 315: Enter
05-04 21:23:26.850   567   567 E mm-camera: <SENSOR><ERROR> sony_imx298_eeprom_format_spcdata: 338: Exit OTP: SPCData[0]: addr: 0x7E00, data: 0x7, 0xB5
05-04 21:23:26.850   567   567 E mm-camera: <SENSOR><ERROR> sony_imx298_eeprom_format_dccdata: 414: Enter
05-04 21:23:26.851   567   567 E mm-camera: <SENSOR><ERROR> sony_imx298_eeprom_format_dccdata: 451: Exit OTP SlopeData[0]: u6.10: 0x9f0d, float: 39.762695
05-04 21:23:26.858   567   567 E mm-camera: <SENSOR><ERROR> 672: eeprom_init: Eeprom Driver has either Power setting size or mem map size as 0
05-04 21:23:26.859   567   567 E mm-camera: <SENSOR><ERROR> 810: eeprom_process: eeprom_init failed
05-04 21:23:26.859   567   567 E mm-camera: <SENSOR><ERROR> 6588: module_sensor_init_eeprom: Failed in EEPROM_INIT
05-04 21:23:26.860   567   567 E mm-camera: <SENSOR><ERROR> ov4688_eeprom_format_wbdata: 277: DEBUGOTP: Read AWB data from layer 0
05-04 21:23:26.860   567   567 E mm-camera: <SENSOR><ERROR> ov4688_eeprom_format_wbdata_table: 212: OTP: AWB rg = 213, bg = 268
05-04 21:23:26.860   567   567 E mm-camera: <SENSOR><ERROR> ov4688_eeprom_format_wbdata_table: 238: OTP:LightType[6]:awb_r_over_gr: 1.000000,awb_b_over_gr: 1.015228,awb_gr_over_gb: 1.015228
05-04 21:23:26.889   476   932 E Sensors : sns_debug_main.c(544):Debug Config File missing in EFS!
05-04 21:23:26.931   573   768 D AudioDaemon: Opening sound card state : /proc/asound/card0/state
05-04 21:23:26.931   573   768 V AudioDaemon: bool android::AudioDaemon::getStateFDs(std::__1::vector<std::__1::pair<int, int> >&): 1 sound cards detected
05-04 21:23:26.931   573   768 V AudioDaemon: bool android::AudioDaemon::getDeviceEventFDs(): 0 audio device event detected
05-04 21:23:26.931   573   768 E AudioDaemon: No audio device events detected
05-04 21:23:26.932   573   768 D AudioDaemon: Opening cpe0_state : /proc/asound/card0/cpe0_state
05-04 21:23:26.932   573   768 D AudioDaemon: cpe state opened: /proc/asound/card0/cpe0_state
05-04 21:23:26.932   573   768 D AudioDaemon: number of sndcards 1 CPEs 1
05-04 21:23:26.932   573   768 D AudioDaemon: read for sound card state change before while
05-04 21:23:26.932   573   768 D AudioDaemon: sound card state file content: ONLINE
05-04 21:23:26.932   573   768 D AudioDaemon:  before while
05-04 21:23:26.932   573   768 E AudioDaemon: put cur_state to online
05-04 21:23:26.932   573   768 D AudioDaemon: cur_state=0, bootup_complete=0
05-04 21:23:26.932   573   768 E AudioDaemon: sound card up is deteced before while
05-04 21:23:26.932   573   768 E AudioDaemon: bootup_complete set to 1
05-04 21:23:26.932   573   768 D AudioDaemon: CPE 0 state file content: ONLINE
05-04 21:23:26.932   573   768 D AudioDaemon:  before while
05-04 21:23:26.932   573   768 D AudioDaemon: CPE state online
05-04 21:23:26.932   573   768 D AudioDaemon: CPE boot up completed before polling
05-04 21:23:26.932   573   768 E AudioDaemon: read for event state change before while
05-04 21:23:26.932   573   768 D AudioDaemon: poll() for sound card state change 
05-04 21:23:26.932   573   768 D AudioDaemon: out of poll() for sound card state change, SNDCARD size=2
05-04 21:23:26.932   573   768 D AudioDaemon: poll() for sound card state change 
05-04 21:23:27.025   536   793 D PerMgrLib: QCRIL voting for modem
05-04 21:23:27.025   478   517 D PerMgrSrv: QCRIL voting for modem
05-04 21:23:27.025   478   517 D PerMgrSrv: modem num voters is 3
05-04 21:23:27.109   567   567 D mm-camera: <MCT   >< INFO> 96: server_process_module_init: Begin init mods
05-04 21:23:27.110   567   567 E mm-camera: <IFACE ><ERROR> 11575: iface_util_setloglevel: iface_util_setloglevel:11575 IFACE_Loglevel 1
05-04 21:23:27.137   488   488 E cutils-trace: Error opening trace file: No such file or directory (2)
05-04 21:23:27.345   567   567 D mm-camera: <ISP   >< INFO> 876: module_isp_init: module 0xf465ba80
05-04 21:23:27.371   567   567 D mm-camera: <CPP   >< INFO> 140: cpp_module_init: info: CPP module_init successful
05-04 21:23:27.474   692   755 E QMI_FW  : QMUXD: WARNING qmi_qmux_if_pwr_up_init failed! rc=-6
05-04 21:23:27.493   567   567 E mm-camera: <PPROC ><ERROR> 3273: pproc_module_init: pproc_module_init:3273, devicePtr gemini type 0
05-04 21:23:27.497   704   759 E slim_daemon: [NDK] bindNDKSensors: Sensor server is unavailable.
05-04 21:23:27.524   704   763 E QMI_FW  : QMUXD: WARNING qmi_qmux_if_pwr_up_init failed! rc=-6
05-04 21:23:27.550   485   705 E QMI_FW  : QMUXD: WARNING qmi_qmux_if_pwr_up_init failed! rc=-6
05-04 21:23:27.586   514   542 E QMI_FW  : QMUXD: WARNING qmi_qmux_if_pwr_up_init failed! rc=-6
05-04 21:23:27.588   514   545 I ThermalEngine: qmi: Instance id 157 for fusion TS
05-04 21:23:27.593   514   541 I ThermalEngine: ADSP thermal mitigation available.
05-04 21:23:27.594   514   541 I ThermalEngine: ACTION: ADSP - Pending request: cpuv_restriction_cold mitigation succeeded for level 0.
05-04 21:23:27.594   514   541 I ThermalEngine: Mitigation:VDD[ADSP-cpuv_restriction_cold]:0
05-04 21:23:27.599   514   539 I ThermalEngine: MODEM thermal mitigation available.
05-04 21:23:27.599   514   539 I ThermalEngine: ACTION: MODEM - Pending request: pa mitigation succeeded for level 0.
05-04 21:23:27.599   514   539 I ThermalEngine: Mitigation:Modem:0
05-04 21:23:27.600   514   539 I ThermalEngine: ACTION: MODEM - Pending request: cpuv_restriction_cold mitigation succeeded for level 0.
05-04 21:23:27.600   514   539 I ThermalEngine: Mitigation:VDD[MODEM-cpuv_restriction_cold]:0
05-04 21:23:27.600   514   539 I ThermalEngine: ACTION: MODEM - Pending request: modem mitigation succeeded for level 0.
05-04 21:23:27.600   514   539 I ThermalEngine: Mitigation:VDD[MODEM-modem]:0
05-04 21:23:27.601   514   539 I ThermalEngine: ACTION: MODEM - Pending request: modem_current mitigation succeeded for level 0.
05-04 21:23:27.601   514   539 I ThermalEngine: Mitigation:VDD[MODEM-modem_current]:0
05-04 21:23:27.602   567   968 E adsprpc : vendor/qcom/proprietary/adsprpc/src/fastrpc_apps_user.c:171::error: -5: 0 == (nErr = dlerr)
05-04 21:23:27.603   567   968 D adsprpc : vendor/qcom/proprietary/adsprpc/src/fastrpc_apps_user.c:174: dlopen error: adsp_fd cannot find file or invalid file descriptor: fd=:-1
05-04 21:23:27.618   485   705 D qmi_nv_api: XIAOMI_QMI_NV: qmi_client_get_service_list() returned 0 num_services = 1
05-04 21:23:27.618   485   705 D qmi_nv_api: XIAOMI_QMI_NV: qmi_client_get_service_list() returned 0 num_entries = 1 num_services = 1
05-04 21:23:27.618   485   705 D qmi_nv_api: XIAOMI_QMI_NV: NV Read with nv index 2824 index 0.
05-04 21:23:27.618   485   705 D qmi_nv_api: XIAOMI_QMI_NV: qmi_client_send_msg_async returned 0
05-04 21:23:27.622   485  1036 D qmi_nv_api: XIAOMI_QMI_NV: Read NV Response: 0, Length: 0
05-04 21:23:27.632   567   567 E mm-camera: <IMGLIB><ERROR> 1665: dual_frameproc_comp_load: dual_frameproc_comp_load:1665] Error opening dual_frameproc library libmmcamera_dcrf_lib.so error dlopen failed: library "libmmcamera_dcrf_lib.so" not found
05-04 21:23:27.633   567   567 E mm-camera: <IMGLIB><ERROR> 3004: module_imgbase_init: module_imgbase_init_imglib_dcrf:3004] Error rc -7
05-04 21:23:27.633   567   567 E mm-camera: <IMGLIB><ERROR> 744: module_imglib_create_topology: module_imglib_create_topology:744] Can not init the module imglib_dcrf
05-04 21:23:27.633   567   567 E mm-camera: <IMGLIB><ERROR> 1665: dual_frameproc_comp_load: dual_frameproc_comp_load:1665] Error opening dual_frameproc library libmmcamera_dcrf_lib.so error dlopen failed: library "libmmcamera_dcrf_lib.so" not found
05-04 21:23:27.633   567   567 E mm-camera: <IMGLIB><ERROR> 3004: module_imgbase_init: module_imgbase_init_imglib_dcrf:3004] Error rc -7
05-04 21:23:27.633   567   567 E mm-camera: <IMGLIB><ERROR> 744: module_imglib_create_topology: module_imglib_create_topology:744] Can not init the module imglib_dcrf
05-04 21:23:27.655   518   518 E QMI_FW  : QMUXD: WARNING qmi_qmux_if_pwr_up_init failed! rc=-6
05-04 21:23:27.655   518   518 D qmi_nv_api: XIAOMI_QMI_NV: qmi_client_get_service_list() returned 0 num_services = 1
05-04 21:23:27.655   518   518 D qmi_nv_api: XIAOMI_QMI_NV: qmi_client_get_service_list() returned 0 num_entries = 1 num_services = 1
05-04 21:23:27.655   518   518 D qmi_nv_api: XIAOMI_QMI_NV: NV Read with nv index 4678 index 0.
05-04 21:23:27.655   518   518 D qmi_nv_api: XIAOMI_QMI_NV: qmi_client_send_msg_async returned 0
05-04 21:23:27.656   518  1049 D qmi_nv_api: XIAOMI_QMI_NV: Read NV Response: 0, Length: 0
05-04 21:23:27.657   518   518 V xiaomi_readmac: /persist/wlan_mac.bin already exists and is valid
05-04 21:23:27.715   622   856 I ServiceManager: Waiting for service permission...
05-04 21:23:27.726   567   567 E mm-camera: <IMGLIB><ERROR> 1113: frameproc_comp_reload_lib: frameproc_comp_reload_lib:1113] Error opening frameproc library libmmcamera_ubifocus_lib.so error dlopen failed: library "libmmcamera_ubifocus_lib.so" not found
05-04 21:23:27.726   567   567 E mm-camera: <IMGLIB><ERROR> 983: frameproc_comp_load: frameproc_comp_load:983] cannot load libmmcamera_ubifocus_lib.so
05-04 21:23:27.726   567   567 E mm-camera: <IMGLIB><ERROR> 3004: module_imgbase_init: module_imgbase_init_imglib_ubifocus:3004] Error rc -7
05-04 21:23:27.726   567   567 E mm-camera: <IMGLIB><ERROR> 744: module_imglib_create_topology: module_imglib_create_topology:744] Can not init the module imglib_ubifocus
05-04 21:23:27.727   567   567 E mm-camera: <IMGLIB><ERROR> 1113: frameproc_comp_reload_lib: frameproc_comp_reload_lib:1113] Error opening frameproc library libmmcamera_ubifocus_lib.so error dlopen failed: library "libmmcamera_ubifocus_lib.so" not found
05-04 21:23:27.727   567   567 E mm-camera: <IMGLIB><ERROR> 983: frameproc_comp_load: frameproc_comp_load:983] cannot load libmmcamera_ubifocus_lib.so
05-04 21:23:27.727   567   567 E mm-camera: <IMGLIB><ERROR> 3004: module_imgbase_init: module_imgbase_init_imglib_refocus:3004] Error rc -7
05-04 21:23:27.727   567   567 E mm-camera: <IMGLIB><ERROR> 744: module_imglib_create_topology: module_imglib_create_topology:744] Can not init the module imglib_refocus
05-04 21:23:27.728   567   567 E mm-camera: <IMGLIB><ERROR> 1113: frameproc_comp_reload_lib: frameproc_comp_reload_lib:1113] Error opening frameproc library libmmcamera_trueportrait_lib.so error dlopen failed: library "libmmcamera_trueportrait_lib.so" not found
05-04 21:23:27.729   567   567 E mm-camera: <IMGLIB><ERROR> 983: frameproc_comp_load: frameproc_comp_load:983] cannot load libmmcamera_trueportrait_lib.so
05-04 21:23:27.729   567   567 E mm-camera: <IMGLIB><ERROR> 3004: module_imgbase_init: module_imgbase_init_imglib_trueportrait:3004] Error rc -7
05-04 21:23:27.729   567   567 E mm-camera: <IMGLIB><ERROR> 744: module_imglib_create_topology: module_imglib_create_topology:744] Can not init the module imglib_trueportrait
05-04 21:23:27.734   567   567 E mm-camera: <IMGLIB><ERROR> 744: module_imglib_create_topology: module_imglib_create_topology:744] Can not init the module imglib_oem1
05-04 21:23:27.735   567   567 D mm-camera: <MCT   >< INFO> 133: server_process_module_init: CAMERA_DAEMON: init mods done
05-04 21:23:27.735   488   488 I QCamera : <MCI><INFO> get_num_of_cameras: 1852: dev_info[id=0,name='video2']
05-04 21:23:27.735   488   488 I QCamera : <MCI><INFO> get_num_of_cameras: 1852: dev_info[id=1,name='video3']
05-04 21:23:27.735   488   488 I QCamera : <MCI><INFO> sort_camera_info: 1707: Camera id: 0 facing: 0, type: 1 is_yuv: 0
05-04 21:23:27.736   488   488 I QCamera : <MCI><INFO> sort_camera_info: 1707: Camera id: 1 facing: 1, type: 0 is_yuv: 0
05-04 21:23:27.736   488   488 I QCamera : <MCI><INFO> sort_camera_info: 1710: Number of cameras 2 sorted 2
05-04 21:23:27.736   488   488 I QCamera : <MCI><INFO> get_num_of_cameras: 1870: num_cameras=2
05-04 21:23:27.736   488   488 I CameraService: Loaded "QCamera Module" camera module
05-04 21:23:27.736   488   488 I QCamera : <HAL><INFO> int qcamera::QCamera2Factory::getCameraInfo(int, camera_info*): 346: Camera id 0 API version 256
05-04 21:23:27.736   567   567 D mm-camera: < INFO> 395: void enable_memleak_trace(int): start memleak tracking.
05-04 21:23:27.741   567   567 D mm-camera: <MCT   >< INFO> 63: mct_controller_new: Creating new mct_controller with session-id 2
05-04 21:23:27.742   567  1082 D mm-camera: <MCT   >< INFO> 4309: mct_pipeline_start_session_thread: E sensor
05-04 21:23:27.742   567  1082 D mm-camera: <MCT   >< INFO> 4316: mct_pipeline_start_session_thread: Calling start_session on Module sensor
05-04 21:23:27.743   567  1083 D mm-camera: <MCT   >< INFO> 4309: mct_pipeline_start_session_thread: E iface
05-04 21:23:27.743   567  1083 D mm-camera: <MCT   >< INFO> 4316: mct_pipeline_start_session_thread: Calling start_session on Module iface
05-04 21:23:27.749   567  1083 D mm-camera: <MCT   >< INFO> 4319: mct_pipeline_start_session_thread: Module iface start_session rc = 1
05-04 21:23:27.749   567  1083 D mm-camera: <MCT   >< INFO> 4327: mct_pipeline_start_session_thread: started_num = 1, success = 1
05-04 21:23:27.749   567  1083 D mm-camera: <MCT   >< INFO> 4334: mct_pipeline_start_session_thread: X iface
05-04 21:23:27.748   567  1085 D mm-camera: <MCT   >< INFO> 4309: mct_pipeline_start_session_thread: E isp
05-04 21:23:27.750   567  1085 D mm-camera: <MCT   >< INFO> 4316: mct_pipeline_start_session_thread: Calling start_session on Module isp
05-04 21:23:27.751   567  1085 D mm-camera: <ISP   >< INFO> 190: isp_module_start_session: session id 2
05-04 21:23:27.755   567  1082 D mm-camera: <MCT   >< INFO> 4319: mct_pipeline_start_session_thread: Module sensor start_session rc = 1
05-04 21:23:27.755   567  1082 D mm-camera: <MCT   >< INFO> 4327: mct_pipeline_start_session_thread: started_num = 2, success = 2
05-04 21:23:27.755   567  1082 D mm-camera: <MCT   >< INFO> 4334: mct_pipeline_start_session_thread: X sensor
05-04 21:23:27.757   567  1088 D mm-camera: <MCT   >< INFO> 4309: mct_pipeline_start_session_thread: E stats
05-04 21:23:27.758   567  1088 D mm-camera: <MCT   >< INFO> 4316: mct_pipeline_start_session_thread: Calling start_session on Module stats
05-04 21:23:27.760   567  1088 D mm-camera: <STATS_AIS >< INFO> 338: gyro_port_use_dsps_iface: Use DSPS interface as it supports
05-04 21:23:27.764   567  1090 D mm-camera: <MCT   >< INFO> 4309: mct_pipeline_start_session_thread: E pproc
05-04 21:23:27.765   567  1090 D mm-camera: <MCT   >< INFO> 4316: mct_pipeline_start_session_thread: Calling start_session on Module pproc
05-04 21:23:27.767   567  1088 D mm-camera: <MCT   >< INFO> 4319: mct_pipeline_start_session_thread: Module stats start_session rc = 1
05-04 21:23:27.767   567  1088 D mm-camera: <MCT   >< INFO> 4327: mct_pipeline_start_session_thread: started_num = 3, success = 3
05-04 21:23:27.767   567  1088 D mm-camera: <MCT   >< INFO> 4334: mct_pipeline_start_session_thread: X stats
05-04 21:23:27.769   567  1094 D mm-camera: <MCT   >< INFO> 4309: mct_pipeline_start_session_thread: E imglib
05-04 21:23:27.769   567  1094 D mm-camera: <MCT   >< INFO> 4316: mct_pipeline_start_session_thread: Calling start_session on Module imglib
05-04 21:23:27.769   567  1094 D mm-camera: <IMGLIB>< INFO> 1771: module_imglib_start_session: module_imglib_start_session:1771 ###Img_Loglevel 1, moduleMask 65535
05-04 21:23:27.769   567  1094 D mm-camera: <MCT   >< INFO> 4319: mct_pipeline_start_session_thread: Module imglib start_session rc = 1
05-04 21:23:27.770   567  1094 D mm-camera: <MCT   >< INFO> 4327: mct_pipeline_start_session_thread: started_num = 4, success = 4
05-04 21:23:27.770   567  1094 D mm-camera: <MCT   >< INFO> 4334: mct_pipeline_start_session_thread: X imglib
05-04 21:23:27.770   567  1085 D mm-camera: <MCT   >< INFO> 4319: mct_pipeline_start_session_thread: Module isp start_session rc = 1
05-04 21:23:27.770   567  1085 D mm-camera: <MCT   >< INFO> 4327: mct_pipeline_start_session_thread: started_num = 5, success = 5
05-04 21:23:27.770   567  1085 D mm-camera: <MCT   >< INFO> 4334: mct_pipeline_start_session_thread: X isp
05-04 21:23:27.777   567  1090 D mm-camera: <MCT   >< INFO> 4319: mct_pipeline_start_session_thread: Module pproc start_session rc = 1
05-04 21:23:27.777   567  1090 D mm-camera: <MCT   >< INFO> 4327: mct_pipeline_start_session_thread: started_num = 6, success = 6
05-04 21:23:27.777   567  1090 D mm-camera: <MCT   >< INFO> 4334: mct_pipeline_start_session_thread: X pproc
05-04 21:23:27.790   567  1100 D mm-camera: <MCT   >< INFO> 4224: mct_pipeline_start_stream_internal: Adding session stream streamid= 0xf for session=2
05-04 21:23:27.790   567  1100 D mm-camera: <MCT   >< INFO> 4272: mct_pipeline_start_stream_internal: Linking session stream for session 2
05-04 21:23:27.790   567  1100 D mm-camera: <MCT   >< INFO> 463: mct_stream_start_link: Start linking Session-stream 0x2000f
05-04 21:23:27.790   567  1100 D mm-camera: <ISP   >< INFO> 822: isp_port_check_caps_reserve: port 0xf359a400 ide 2000f type 10 dim 0 0
05-04 21:23:27.790   567  1100 D mm-camera: <PPROC >< INFO> 446: pproc_port_add_modules_to_stream: stream 10 int_link = 0xf1f82c80
05-04 21:23:27.791   567  1100 D mm-camera: <PPROC >< INFO> 458: pproc_port_add_modules_to_stream: :LINK linking mods tmod and ppeiscore for identity 2000f
05-04 21:23:27.791   567  1100 D mm-camera: <PPROC >< INFO> 458: pproc_port_add_modules_to_stream: :LINK linking mods ppeiscore and c2d for identity 2000f
05-04 21:23:27.792   567  1100 D mm-camera: <PPROC >< INFO> 458: pproc_port_add_modules_to_stream: :LINK linking mods c2d and cpp for identity 2000f
05-04 21:23:27.792   567  1100 D mm-camera: <CPP   >< INFO> 2111: cpp_module_notify_add_stream: :width 0, height 0, stride 0, scanline 0, framelen 0
05-04 21:23:27.792   567  1100 E mm-camera: <CPP   ><ERROR> 2207: cpp_module_notify_add_stream: failed, CPP current version can not support rotation
05-04 21:23:27.792   567  1100 D mm-camera: <CPP   >< INFO> 2273: cpp_module_notify_add_stream: : stream 10, fmt 1, asf_mode 0, sharpness_level 0.000000,asf mask 0, denoise 0, denoise_mask 0, dsdn mask 0,dsdn enable 0, tnr mask 0, tnr enable 0, ds_mask 0
05-04 21:23:27.792   567  1100 D mm-camera: <PPROC >< INFO> 458: pproc_port_add_modules_to_stream: :LINK linking mods cpp and paaf for identity 2000f
05-04 21:23:27.792   567  1100 D mm-camera: <PPROC >< INFO> 458: pproc_port_add_modules_to_stream: :LINK linking mods paaf and llvd for identity 2000f
05-04 21:23:27.794   567  1100 D mm-camera: <MCT   >< INFO> 4281: mct_pipeline_start_stream_internal: Session stream linked successfully session 2
05-04 21:23:27.849   567  1084 E mm-camera: <SENSOR><ERROR> sony_imx298_eeprom_get_raw_data: 288: Enter
05-04 21:23:27.850   567  1084 E mm-camera: <SENSOR><ERROR> sony_imx298_eeprom_get_raw_data: 295: Exit
05-04 21:23:27.882   567  1084 E mm-camera: <SENSOR><ERROR> sony_imx298_autofocus_calibration: 350: Enter
05-04 21:23:27.882   567  1084 E mm-camera: <SENSOR><ERROR> sony_imx298_autofocus_calibration: 391: adjusted code_per_step: 115, qvalue: 128
05-04 21:23:27.886   567  1101 E mm-camera: <SENSOR><ERROR> 2847: sensor_get_cur_chromatix_name_for_type: chromatix for res_idx = 0 special_mode_mask = 0     module = 4 chromatix_type = 0 is NULL
05-04 21:23:27.887   567  1101 D mm-camera: <IMGLIB>< INFO> 2059: module_faceproc_query_mod: Caps ROI 10 scene_mode_cnt 1 HW analysis supported 1
05-04 21:23:27.887   567  1101 D mm-camera: <MCT   >< INFO> 1587: mct_pipeline_append_fps_entry:  Added hal_table[0]: (15.000000, 24.000000)
05-04 21:23:27.887   567  1101 D mm-camera: <MCT   >< INFO> 1600: mct_pipeline_append_fps_entry:  Added hal_table[1]: (24.000000, 24.000000)
05-04 21:23:27.887   567  1101 D mm-camera: <MCT   >< INFO> 1587: mct_pipeline_append_fps_entry:  Added hal_table[2]: (15.000000, 25.000000)
05-04 21:23:27.887   567  1101 D mm-camera: <MCT   >< INFO> 1600: mct_pipeline_append_fps_entry:  Added hal_table[3]: (25.000000, 25.000000)
05-04 21:23:27.887   567  1101 D mm-camera: <MCT   >< INFO> 1587: mct_pipeline_append_fps_entry:  Added hal_table[4]: (8.000000, 30.000000)
05-04 21:23:27.887   567  1101 D mm-camera: <MCT   >< INFO> 1600: mct_pipeline_append_fps_entry:  Added hal_table[5]: (30.000000, 30.000000)
05-04 21:23:27.887   567  1101 D mm-camera: <MCT   >< INFO> 1587: mct_pipeline_append_fps_entry:  Added hal_table[6]: (15.000000, 30.000000)
05-04 21:23:27.887   567  1101 D mm-camera: <MCT   >< INFO> 2735: mct_pipeline_fill_dimensions_snapshot: Cam 0: FPS range selection complete. Publishing 7 ranges.
05-04 21:23:27.889   567   567 D mm-camera: <MCT   >< INFO> 189: mct_controller_destroy: Initiating destroy sequence for session = 2
05-04 21:23:27.890   567   567 D mm-camera: <MCT   >< INFO> 207: mct_controller_destroy: serv_thread closed
05-04 21:23:27.890   567   567 D mm-camera: <MCT   >< INFO> 222: mct_controller_destroy: bus_handler thread closed
05-04 21:23:27.890   567   567 D mm-camera: <MCT   >< INFO> 4393: mct_pipeline_stop_session: Initiating stop_session on session 2
05-04 21:23:27.891   567   567 D mm-camera: <MCT   >< INFO> 3389: mct_pipeline_process_set: command=800000b
05-04 21:23:27.891   567   567 D mm-camera: <MCT   >< INFO> 3607: mct_pipeline_process_set: Issuing DEL_STREAM on stream 0x2000f and stream type=10
05-04 21:23:27.891   567   567 D mm-camera: <IFACE >< INFO> 666: iface_unreserve_sink_port: stream_id f mode 0 
05-04 21:23:27.891   567   567 D mm-camera: <ISP   >< INFO> 911: isp_port_check_caps_unreserve: ide 2000f port 0xf359a400
05-04 21:23:27.893   567   567 D mm-camera: <MCT   >< INFO> 3618: mct_pipeline_process_set: Stream 0x2000f and stream type=10, successfully deleted
05-04 21:23:27.901   567  1115 D mm-camera: <MCT   >< INFO> 4114: mct_pipeline_stop_session_thread: Stop module name: sensor - E
05-04 21:23:27.911   567  1117 D mm-camera: <MCT   >< INFO> 4114: mct_pipeline_stop_session_thread: Stop module name: iface - E
05-04 21:23:27.917   567  1117 D mm-camera: <MCT   >< INFO> 4122: mct_pipeline_stop_session_thread: Stop module name: iface - X
05-04 21:23:27.917   567  1118 D mm-camera: <MCT   >< INFO> 4114: mct_pipeline_stop_session_thread: Stop module name: isp - E
05-04 21:23:27.917   567  1118 D mm-camera: <ISP   >< INFO> 476: isp_module_stop_session: session id 2
05-04 21:23:27.922   567  1118 D mm-camera: <MCT   >< INFO> 4122: mct_pipeline_stop_session_thread: Stop module name: isp - X
05-04 21:23:27.925   567  1120 D mm-camera: <MCT   >< INFO> 4114: mct_pipeline_stop_session_thread: Stop module name: stats - E
05-04 21:23:27.940   567  1121 D mm-camera: <MCT   >< INFO> 4114: mct_pipeline_stop_session_thread: Stop module name: pproc - E
05-04 21:23:27.944   567  1121 D mm-camera: <MCT   >< INFO> 4122: mct_pipeline_stop_session_thread: Stop module name: pproc - X
05-04 21:23:27.933   567  1120 D mm-camera: <MCT   >< INFO> 4122: mct_pipeline_stop_session_thread: Stop module name: stats - X
05-04 21:23:27.944   567   567 D mm-camera: <MCT   >< INFO> 4446: mct_pipeline_stop_session: Modules left: 5
05-04 21:23:27.945   567   567 D mm-camera: <MCT   >< INFO> 4446: mct_pipeline_stop_session: Modules left: 4
05-04 21:23:27.945   567   567 D mm-camera: <MCT   >< INFO> 4446: mct_pipeline_stop_session: Modules left: 3
05-04 21:23:27.945   567   567 D mm-camera: <MCT   >< INFO> 4446: mct_pipeline_stop_session: Modules left: 2
05-04 21:23:27.945   567  1123 D mm-camera: <MCT   >< INFO> 4114: mct_pipeline_stop_session_thread: Stop module name: imglib - E
05-04 21:23:27.951   567  1123 D mm-camera: <MCT   >< INFO> 4122: mct_pipeline_stop_session_thread: Stop module name: imglib - X
05-04 21:23:27.951   567   567 D mm-camera: <MCT   >< INFO> 4446: mct_pipeline_stop_session: Modules left: 1
05-04 21:23:27.956   574   574 E QMI_FW  : QMUXD: WARNING qmi_qmux_if_pwr_up_init failed! rc=-6
05-04 21:23:27.964   574   574 I TLOC    : [ModemComm  ]"Open a connection successfully"
05-04 21:23:27.965   574   574 I TLOC    : [ModemComm  ]"ModemComm create successfully"
05-04 21:23:27.965   574   574 D TLOC    : [TLOCDaemon ]"Periodic location sampling is disabled"
05-04 21:23:27.965   574   574 I TLOC    : [TLOCDaemon ]"TLOC Daemon create successfully"
05-04 21:23:27.965   574   574 D TLOC    : [TLOCChannel] "TLOCChannel is already initialized"
05-04 21:23:27.965   574   574 D TLOC    : [TLOCDaemon ]"waiting for command"
05-04 21:23:27.965   574   574 D TLOC    : [TLOCChannel] "Going to receive message for TLOCD"
05-04 21:23:27.965   574   574 D TLOC    : [TLOCChannel] "wait for message for user TLOCD"
05-04 21:23:27.972   574  1127 D QSEECOMAPI: QSEECom_register_listener 32768 sb_length = 0x40c
05-04 21:23:27.973   574  1127 I TLOC    : [TZComm     ]"The listener was registered successfully"
05-04 21:23:27.974   574  1127 I TLOC    : [TZComm     ]"TZComm create successfully"
05-04 21:23:27.974   574  1127 D TLOC    : [TLOCChannel] "TLOCChannel is already initialized"
05-04 21:23:27.974   574  1127 D TLOC    : [Listener   ]"waiting for command from TZ..."
05-04 21:23:27.989   496   496 E QMI_FW  : QMUXD: WARNING qmi_qmux_if_pwr_up_init failed! rc=-6
05-04 21:23:28.028   536   793 E QMI_FW  : QMUXD: WARNING qmi_qmux_if_pwr_up_init failed! rc=-6
05-04 21:23:28.141   519   519 E QMI_FW  : QMUXD: WARNING qmi_qmux_if_pwr_up_init failed! rc=-6
05-04 21:23:28.154   567  1115 D mm-camera: <MCT   >< INFO> 4122: mct_pipeline_stop_session_thread: Stop module name: sensor - X
05-04 21:23:28.155   567   567 D mm-camera: <MCT   >< INFO> 4446: mct_pipeline_stop_session: Modules left: 0
05-04 21:23:28.155   567   567 D mm-camera: <MCT   >< INFO> 4455: mct_pipeline_stop_session: Stopped session 2 successfully
05-04 21:23:28.155   567   567 D mm-camera: <MCT   >< INFO> 4742: mct_pipeline_destroy: E: session:2
05-04 21:23:28.155   567   567 D mm-camera: <MCT   >< INFO> 4808: mct_pipeline_destroy: X: Pipeline destroyed successfully session =2
05-04 21:23:28.155   567   567 D mm-camera: <MCT   >< INFO> 246: mct_controller_destroy: X Successfully closed mct_controller session 2
05-04 21:23:28.159   488   488 I QCamera : <HAL><INFO> static int qcamera::QCamera3HardwareInterface::getCamInfo(uint32_t, camera_info*): 7935: camera 0 resource cost is 100
05-04 21:23:28.159   488   488 I QCamera : <HAL><INFO> int qcamera::QCamera2Factory::getCameraInfo(int, camera_info*): 346: Camera id 1 API version 256
05-04 21:23:28.159   567   567 D mm-camera: < INFO> 395: void enable_memleak_trace(int): start memleak tracking.
05-04 21:23:28.169   567   567 D mm-camera: <MCT   >< INFO> 63: mct_controller_new: Creating new mct_controller with session-id 3
05-04 21:23:28.175   567  1170 D mm-camera: <MCT   >< INFO> 4309: mct_pipeline_start_session_thread: E sensor
05-04 21:23:28.175   567  1170 D mm-camera: <MCT   >< INFO> 4316: mct_pipeline_start_session_thread: Calling start_session on Module sensor
05-04 21:23:28.191   567  1172 D mm-camera: <MCT   >< INFO> 4309: mct_pipeline_start_session_thread: E iface
05-04 21:23:28.191   567  1172 D mm-camera: <MCT   >< INFO> 4316: mct_pipeline_start_session_thread: Calling start_session on Module iface
05-04 21:23:28.196   567  1176 D mm-camera: <MCT   >< INFO> 4309: mct_pipeline_start_session_thread: E isp
05-04 21:23:28.197   567  1176 D mm-camera: <MCT   >< INFO> 4316: mct_pipeline_start_session_thread: Calling start_session on Module isp
05-04 21:23:28.197   567  1176 D mm-camera: <ISP   >< INFO> 190: isp_module_start_session: session id 3
05-04 21:23:28.198   567  1172 D mm-camera: <MCT   >< INFO> 4319: mct_pipeline_start_session_thread: Module iface start_session rc = 1
05-04 21:23:28.199   567  1172 D mm-camera: <MCT   >< INFO> 4327: mct_pipeline_start_session_thread: started_num = 1, success = 1
05-04 21:23:28.199   567  1172 D mm-camera: <MCT   >< INFO> 4334: mct_pipeline_start_session_thread: X iface
05-04 21:23:28.200   567  1178 D mm-camera: <MCT   >< INFO> 4309: mct_pipeline_start_session_thread: E stats
05-04 21:23:28.201   567  1178 D mm-camera: <MCT   >< INFO> 4316: mct_pipeline_start_session_thread: Calling start_session on Module stats
05-04 21:23:28.202   567  1178 D mm-camera: <STATS_AIS >< INFO> 338: gyro_port_use_dsps_iface: Use DSPS interface as it supports
05-04 21:23:28.204   567  1170 D mm-camera: <MCT   >< INFO> 4319: mct_pipeline_start_session_thread: Module sensor start_session rc = 1
05-04 21:23:28.204   567  1170 D mm-camera: <MCT   >< INFO> 4327: mct_pipeline_start_session_thread: started_num = 2, success = 2
05-04 21:23:28.204   567  1170 D mm-camera: <MCT   >< INFO> 4334: mct_pipeline_start_session_thread: X sensor
05-04 21:23:28.208   567  1178 D mm-camera: <MCT   >< INFO> 4319: mct_pipeline_start_session_thread: Module stats start_session rc = 1
05-04 21:23:28.208   567  1178 D mm-camera: <MCT   >< INFO> 4327: mct_pipeline_start_session_thread: started_num = 3, success = 3
05-04 21:23:28.208   567  1178 D mm-camera: <MCT   >< INFO> 4334: mct_pipeline_start_session_thread: X stats
05-04 21:23:28.209   567  1183 D mm-camera: <MCT   >< INFO> 4309: mct_pipeline_start_session_thread: E pproc
05-04 21:23:28.209   567  1183 D mm-camera: <MCT   >< INFO> 4316: mct_pipeline_start_session_thread: Calling start_session on Module pproc
05-04 21:23:28.214   567  1176 D mm-camera: <MCT   >< INFO> 4319: mct_pipeline_start_session_thread: Module isp start_session rc = 1
05-04 21:23:28.214   567  1176 D mm-camera: <MCT   >< INFO> 4327: mct_pipeline_start_session_thread: started_num = 4, success = 4
05-04 21:23:28.214   567  1176 D mm-camera: <MCT   >< INFO> 4334: mct_pipeline_start_session_thread: X isp
05-04 21:23:28.215   567  1187 D mm-camera: <MCT   >< INFO> 4309: mct_pipeline_start_session_thread: E imglib
05-04 21:23:28.215   567  1187 D mm-camera: <MCT   >< INFO> 4316: mct_pipeline_start_session_thread: Calling start_session on Module imglib
05-04 21:23:28.215   567  1187 D mm-camera: <IMGLIB>< INFO> 1771: module_imglib_start_session: module_imglib_start_session:1771 ###Img_Loglevel 1, moduleMask 65535
05-04 21:23:28.215   567  1187 D mm-camera: <MCT   >< INFO> 4319: mct_pipeline_start_session_thread: Module imglib start_session rc = 1
05-04 21:23:28.215   567  1187 D mm-camera: <MCT   >< INFO> 4327: mct_pipeline_start_session_thread: started_num = 5, success = 5
05-04 21:23:28.215   567  1187 D mm-camera: <MCT   >< INFO> 4334: mct_pipeline_start_session_thread: X imglib
05-04 21:23:28.218   567  1183 D mm-camera: <MCT   >< INFO> 4319: mct_pipeline_start_session_thread: Module pproc start_session rc = 1
05-04 21:23:28.218   567  1183 D mm-camera: <MCT   >< INFO> 4327: mct_pipeline_start_session_thread: started_num = 6, success = 6
05-04 21:23:28.218   567  1183 D mm-camera: <MCT   >< INFO> 4334: mct_pipeline_start_session_thread: X pproc
05-04 21:23:28.238   567  1195 D mm-camera: <MCT   >< INFO> 4224: mct_pipeline_start_stream_internal: Adding session stream streamid= 0xf for session=3
05-04 21:23:28.238   567  1195 D mm-camera: <MCT   >< INFO> 4272: mct_pipeline_start_stream_internal: Linking session stream for session 3
05-04 21:23:28.238   567  1195 D mm-camera: <MCT   >< INFO> 463: mct_stream_start_link: Start linking Session-stream 0x3000f
05-04 21:23:28.238   567  1195 E mm-camera: <SENSOR><ERROR> 86: port_sensor_caps_reserve: session id doesn't match: 3 : 2
05-04 21:23:28.239   567  1195 E mm-camera: <SENSOR><ERROR> 86: port_sensor_caps_reserve: session id doesn't match: 3 : 2
05-04 21:23:28.239   567  1195 D mm-camera: <IFACE >< INFO> 333: iface_util_find_primary_cid: iface_util_find_primary_cid:333 error cannot find primary sensor format cids 1
05-04 21:23:28.239   567  1195 D mm-camera: <ISP   >< INFO> 822: isp_port_check_caps_reserve: port 0xf359a400 ide 3000f type 10 dim 0 0
05-04 21:23:28.239   567  1195 D mm-camera: <PPROC >< INFO> 446: pproc_port_add_modules_to_stream: stream 10 int_link = 0xf1f82c80
05-04 21:23:28.239   567  1195 D mm-camera: <PPROC >< INFO> 458: pproc_port_add_modules_to_stream: :LINK linking mods tmod and ppeiscore for identity 3000f
05-04 21:23:28.239   567  1195 D mm-camera: <PPROC >< INFO> 458: pproc_port_add_modules_to_stream: :LINK linking mods ppeiscore and c2d for identity 3000f
05-04 21:23:28.240   567  1195 D mm-camera: <PPROC >< INFO> 458: pproc_port_add_modules_to_stream: :LINK linking mods c2d and cpp for identity 3000f
05-04 21:23:28.240   567  1195 D mm-camera: <CPP   >< INFO> 2111: cpp_module_notify_add_stream: :width 0, height 0, stride 0, scanline 0, framelen 0
05-04 21:23:28.240   567  1195 E mm-camera: <CPP   ><ERROR> 2207: cpp_module_notify_add_stream: failed, CPP current version can not support rotation
05-04 21:23:28.240   567  1195 D mm-camera: <CPP   >< INFO> 2273: cpp_module_notify_add_stream: : stream 10, fmt 1, asf_mode 0, sharpness_level 0.000000,asf mask 0, denoise 0, denoise_mask 0, dsdn mask 0,dsdn enable 0, tnr mask 0, tnr enable 0, ds_mask 0
05-04 21:23:28.240   567  1195 D mm-camera: <PPROC >< INFO> 458: pproc_port_add_modules_to_stream: :LINK linking mods cpp and paaf for identity 3000f
05-04 21:23:28.240   567  1195 D mm-camera: <PPROC >< INFO> 458: pproc_port_add_modules_to_stream: :LINK linking mods paaf and llvd for identity 3000f
05-04 21:23:28.242   567  1195 D mm-camera: <MCT   >< INFO> 4281: mct_pipeline_start_stream_internal: Session stream linked successfully session 3
05-04 21:23:28.254   567  1196 E mm-camera: <SENSOR><ERROR> 2847: sensor_get_cur_chromatix_name_for_type: chromatix for res_idx = 0 special_mode_mask = 0     module = 4 chromatix_type = 0 is NULL
05-04 21:23:28.254   567  1196 D mm-camera: <IMGLIB>< INFO> 2059: module_faceproc_query_mod: Caps ROI 10 scene_mode_cnt 1 HW analysis supported 1
05-04 21:23:28.255   567  1196 D mm-camera: <MCT   >< INFO> 1587: mct_pipeline_append_fps_entry:  Added hal_table[0]: (7.000000, 30.000000)
05-04 21:23:28.255   567  1196 D mm-camera: <MCT   >< INFO> 1600: mct_pipeline_append_fps_entry:  Added hal_table[1]: (30.000000, 30.000000)
05-04 21:23:28.255   567  1196 D mm-camera: <MCT   >< INFO> 1587: mct_pipeline_append_fps_entry:  Added hal_table[2]: (8.000000, 30.000000)
05-04 21:23:28.255   567  1196 D mm-camera: <MCT   >< INFO> 2735: mct_pipeline_fill_dimensions_snapshot: Cam 1: FPS range selection complete. Publishing 3 ranges.
05-04 21:23:28.256   567   567 D mm-camera: <MCT   >< INFO> 189: mct_controller_destroy: Initiating destroy sequence for session = 3
05-04 21:23:28.257   567   567 D mm-camera: <MCT   >< INFO> 207: mct_controller_destroy: serv_thread closed
05-04 21:23:28.257   567   567 D mm-camera: <MCT   >< INFO> 222: mct_controller_destroy: bus_handler thread closed
05-04 21:23:28.257   567   567 D mm-camera: <MCT   >< INFO> 4393: mct_pipeline_stop_session: Initiating stop_session on session 3
05-04 21:23:28.257   567   567 D mm-camera: <MCT   >< INFO> 3389: mct_pipeline_process_set: command=800000b
05-04 21:23:28.257   567   567 D mm-camera: <MCT   >< INFO> 3607: mct_pipeline_process_set: Issuing DEL_STREAM on stream 0x3000f and stream type=10
05-04 21:23:28.257   567   567 D mm-camera: <IFACE >< INFO> 666: iface_unreserve_sink_port: stream_id f mode 0 
05-04 21:23:28.257   567   567 D mm-camera: <ISP   >< INFO> 911: isp_port_check_caps_unreserve: ide 3000f port 0xf359a400
05-04 21:23:28.259   567   567 D mm-camera: <MCT   >< INFO> 3618: mct_pipeline_process_set: Stream 0x3000f and stream type=10, successfully deleted
05-04 21:23:28.267   567  1209 D mm-camera: <MCT   >< INFO> 4114: mct_pipeline_stop_session_thread: Stop module name: sensor - E
05-04 21:23:28.275   567  1210 D mm-camera: <MCT   >< INFO> 4114: mct_pipeline_stop_session_thread: Stop module name: iface - E
05-04 21:23:28.278   567  1210 D mm-camera: <MCT   >< INFO> 4122: mct_pipeline_stop_session_thread: Stop module name: iface - X
05-04 21:23:28.283   567  1209 D mm-camera: <MCT   >< INFO> 4122: mct_pipeline_stop_session_thread: Stop module name: sensor - X
05-04 21:23:28.284   567  1211 D mm-camera: <MCT   >< INFO> 4114: mct_pipeline_stop_session_thread: Stop module name: isp - E
05-04 21:23:28.284   567  1211 D mm-camera: <ISP   >< INFO> 476: isp_module_stop_session: session id 3
05-04 21:23:28.288   567  1211 D mm-camera: <MCT   >< INFO> 4122: mct_pipeline_stop_session_thread: Stop module name: isp - X
05-04 21:23:28.291   567  1213 D mm-camera: <MCT   >< INFO> 4114: mct_pipeline_stop_session_thread: Stop module name: stats - E
05-04 21:23:28.303   567  1214 D mm-camera: <MCT   >< INFO> 4114: mct_pipeline_stop_session_thread: Stop module name: pproc - E
05-04 21:23:28.303   567  1213 D mm-camera: <MCT   >< INFO> 4122: mct_pipeline_stop_session_thread: Stop module name: stats - X
05-04 21:23:28.310   567   567 D mm-camera: <MCT   >< INFO> 4446: mct_pipeline_stop_session: Modules left: 5
05-04 21:23:28.310   567   567 D mm-camera: <MCT   >< INFO> 4446: mct_pipeline_stop_session: Modules left: 4
05-04 21:23:28.310   567   567 D mm-camera: <MCT   >< INFO> 4446: mct_pipeline_stop_session: Modules left: 3
05-04 21:23:28.310   567   567 D mm-camera: <MCT   >< INFO> 4446: mct_pipeline_stop_session: Modules left: 2
05-04 21:23:28.311   567  1216 D mm-camera: <MCT   >< INFO> 4114: mct_pipeline_stop_session_thread: Stop module name: imglib - E
05-04 21:23:28.312   567  1214 D mm-camera: <MCT   >< INFO> 4122: mct_pipeline_stop_session_thread: Stop module name: pproc - X
05-04 21:23:28.312   567   567 D mm-camera: <MCT   >< INFO> 4446: mct_pipeline_stop_session: Modules left: 1
05-04 21:23:28.312   567  1216 D mm-camera: <MCT   >< INFO> 4122: mct_pipeline_stop_session_thread: Stop module name: imglib - X
05-04 21:23:28.312   567   567 D mm-camera: <MCT   >< INFO> 4446: mct_pipeline_stop_session: Modules left: 0
05-04 21:23:28.312   567   567 D mm-camera: <MCT   >< INFO> 4455: mct_pipeline_stop_session: Stopped session 3 successfully
05-04 21:23:28.312   567   567 D mm-camera: <MCT   >< INFO> 4742: mct_pipeline_destroy: E: session:3
05-04 21:23:28.312   567   567 D mm-camera: <MCT   >< INFO> 4808: mct_pipeline_destroy: X: Pipeline destroyed successfully session =3
05-04 21:23:28.312   567   567 D mm-camera: <MCT   >< INFO> 246: mct_controller_destroy: X Successfully closed mct_controller session 3
05-04 21:23:28.313   488   488 I QCamera : <HAL><INFO> static int qcamera::QCamera3HardwareInterface::getCamInfo(uint32_t, camera_info*): 7935: camera 1 resource cost is 100
05-04 21:23:28.313   488   488 I QCamera : <HAL><INFO> int qcamera::QCamera2Factory::getCameraInfo(int, camera_info*): 346: Camera id 0 API version 256
05-04 21:23:28.313   488   488 I QCamera : <HAL><INFO> static int qcamera::QCamera3HardwareInterface::getCamInfo(uint32_t, camera_info*): 7935: camera 0 resource cost is 100
05-04 21:23:28.313   488   488 I QCamera : <HAL><INFO> int qcamera::QCamera2Factory::getCameraInfo(int, camera_info*): 346: Camera id 1 API version 256
05-04 21:23:28.314   488   488 I QCamera : <HAL><INFO> static int qcamera::QCamera3HardwareInterface::getCamInfo(uint32_t, camera_info*): 7935: camera 1 resource cost is 100
05-04 21:23:28.314   488   488 I ServiceManager: Waiting for service media.camera.proxy...
05-04 21:23:28.497   704   759 E slim_daemon: [NDK] bindNDKSensors: Sensor server is unavailable.
05-04 21:23:28.715   622   856 I ServiceManager: Waiting for service permission...
05-04 21:23:29.314   488   488 I ServiceManager: Waiting for service media.camera.proxy...
05-04 21:23:29.498   704   759 E slim_daemon: [NDK] bindNDKSensors: Sensor server is unavailable.
05-04 21:23:29.715   622   856 I ServiceManager: Waiting for service permission...
05-04 21:23:29.979   482   482 V NatController: runCmd(/system/bin/iptables -w -F natctrl_FORWARD) res=0
05-04 21:23:30.010   482   482 V NatController: runCmd(/system/bin/iptables -w -A natctrl_FORWARD -j DROP) res=0
05-04 21:23:30.033   482   482 V NatController: runCmd(/system/bin/iptables -w -t nat -F natctrl_nat_POSTROUTING) res=0
05-04 21:23:30.063   482   482 V NatController: runCmd(/system/bin/iptables -w -F natctrl_tether_counters) res=1
05-04 21:23:30.079   482   482 V NatController: runCmd(/system/bin/iptables -w -X natctrl_tether_counters) res=1
05-04 21:23:30.083   855   855 W dex2oat : Skipping class com.quicinc.tcmiface.DpmTcmIface from /system/framework/org.apache.http.legacy.boot.jar previously found in /system/framework/okhttp.jar
05-04 21:23:30.100   482   482 V NatController: runCmd(/system/bin/iptables -w -N natctrl_tether_counters) res=0
05-04 21:23:30.122   482   482 V NatController: runCmd(/system/bin/iptables -w -t mangle -A natctrl_mangle_FORWARD -p tcp --tcp-flags SYN SYN -j TCPMSS --clamp-mss-to-pmtu) res=0
05-04 21:23:30.130   812   812 W dex2oat : Skipping class com.quicinc.tcmiface.DpmTcmIface from /system/framework/org.apache.http.legacy.boot.jar previously found in /system/framework/okhttp.jar
05-04 21:23:30.315   488   488 I ServiceManager: Waiting for service media.camera.proxy...
