05-04 21:23:55.939   855   855 W dex2oat : Compilation of boolean android.app.admin.IDevicePolicyManager$Stub.onTransact(int, android.os.Parcel, android.os.Parcel, int) took 102.148ms
05-04 21:23:56.366   514   638 I ThermalEngine: handle_thresh_sig: SS Id SKIN-SS-CPUS-ALL, Read xo_therm_buf 45000mC
05-04 21:23:56.518   704   759 E slim_daemon: [NDK] bindNDKSensors: Sensor server is unavailable.
05-04 21:23:56.732   622   856 I ServiceManager: Waiting for service sensorservice...
05-04 21:23:56.872   476   922 E Sensors : sns_smr_util.c(106):Unable to initialize service 309 with QCCI, timed out (30000 ms)
05-04 21:23:56.872   476   922 E Sensors : sns_acm_mr.c(543):Error getting info for service 53
05-04 21:23:56.873   476   920 E Sensors : sns_smr_util.c(106):Unable to initialize service 307 with QCCI, timed out (30000 ms)
05-04 21:23:56.873   476   920 E Sensors : sns_acm_mr.c(543):Error getting info for service 51
05-04 21:23:56.874   476   924 E Sensors : sns_smr_util.c(106):Unable to initialize service 311 with QCCI, timed out (30000 ms)
05-04 21:23:56.874   476   924 E Sensors : sns_acm_mr.c(543):Error getting info for service 55
05-04 21:23:56.875   476   900 E Sensors : sns_smr_util.c(106):Unable to initialize service 287 with QCCI, timed out (30000 ms)
05-04 21:23:56.875   476   900 E Sensors : sns_acm_mr.c(543):Error getting info for service 31
05-04 21:23:56.876   514   638 I ThermalEngine: handle_thresh_sig: SS Id SKIN-SS-CPUS-ALL, Read xo_therm_buf 45000mC
05-04 21:23:56.877   476   879 E Sensors : sns_smr_util.c(106):Unable to initialize service 266 with QCCI, timed out (30000 ms)
05-04 21:23:56.877   476   879 E Sensors : sns_acm_mr.c(543):Error getting info for service 10
05-04 21:23:57.386   514   638 I ThermalEngine: handle_thresh_sig: SS Id SKIN-SS-CPUS-ALL, Read xo_therm_buf 46000mC
05-04 21:23:57.518   704   759 E slim_daemon: [NDK] bindNDKSensors: Sensor server is unavailable.
05-04 21:23:57.732   622   856 I ServiceManager: Waiting for service sensorservice...
05-04 21:23:58.519   704   759 E slim_daemon: [NDK] bindNDKSensors: Sensor server is unavailable.
05-04 21:23:58.733   622   856 I ServiceManager: Waiting for service sensorservice...
05-04 21:23:59.520   704   759 E slim_daemon: [NDK] bindNDKSensors: Sensor server is unavailable.
05-04 21:23:59.678   514   638 I ThermalEngine: ACTION: CLUSTER - Setting CLUSTER[1] to voltage 740 freq = 1324800
05-04 21:23:59.678   514   638 I ThermalEngine: Mitigation:CLUSTER[1]: 740 mV freq = 1324800 kHz
05-04 21:23:59.733   622   856 I ServiceManager: Waiting for service sensorservice...
05-04 21:24:00.111   812   812 W dex2oat : Compilation of void com.flyme.internal.R.onResourcesLoaded5(int) took 108.282ms
05-04 21:24:00.460   534   686 E QCALOG  : [MessageQ] ProcessNewMessage: [XTWiFi-PE] unknown deliver target [OS-Agent]
05-04 21:24:00.521   704   759 E slim_daemon: [NDK] bindNDKSensors: Sensor server is unavailable.
05-04 21:24:00.525   692   774 W XTCC-5.1.0.10: [CS-RIL-LISTENER] timerCallback fired for ril update registering, re-register
05-04 21:24:00.525   534   686 E QCALOG  : [MessageQ] ProcessNewMessage: [XT-CS] unknown deliver target [OS-Agent]
05-04 21:24:00.525   534   686 E QCALOG  : [MessageQ] ProcessNewMessage: [XT-CS] unknown deliver target [OS-Agent]
05-04 21:24:01.462   514   638 I ThermalEngine: handle_thresh_sig: SS Id SKIN-SS-CPUS-ALL, Read xo_therm_buf 45000mC
05-04 21:24:01.521   704   759 E slim_daemon: [NDK] bindNDKSensors: Sensor server is unavailable.
05-04 21:24:01.734   622   856 I ServiceManager: Waiting for service sensorservice...
05-04 21:24:01.972   514   638 I ThermalEngine: handle_thresh_sig: SS Id SKIN-SS-CPUS-ALL, Read xo_therm_buf 45000mC
05-04 21:24:02.483   514   638 I ThermalEngine: handle_thresh_sig: SS Id SKIN-SS-CPUS-ALL, Read xo_therm_buf 45000mC
05-04 21:24:02.524   704   759 E slim_daemon: [NDK] bindNDKSensors: Sensor server is unavailable.
05-04 21:24:02.735   622   856 I ServiceManager: Waiting for service sensorservice...
05-04 21:24:02.994   514   638 I ThermalEngine: handle_thresh_sig: SS Id SKIN-SS-CPUS-ALL, Read xo_therm_buf 45000mC
05-04 21:24:03.525   704   759 E slim_daemon: [NDK] bindNDKSensors: Sensor server is unavailable.
05-04 21:24:03.735   622   856 I ServiceManager: Waiting for service sensorservice...
05-04 21:24:03.990   812  1259 W dex2oat : Skipping class com.quicinc.tcmiface.DpmTcmIface from /system/framework/org.apache.http.legacy.boot.jar previously found in /system/framework/okhttp.jar
05-04 21:24:04.048   855  1265 W dex2oat : Skipping class com.quicinc.tcmiface.DpmTcmIface from /system/framework/org.apache.http.legacy.boot.jar previously found in /system/framework/okhttp.jar
05-04 21:24:04.169   533   693 E QMI_FW  : QMUXD: WARNING qmi_qmux_if_pwr_up_init failed! rc=-1
05-04 21:24:04.170   533   693 E QMI_FW  : QMUXD: WARNING qmi_qmux_if_pwr_up_init failed! rc=-1
05-04 21:24:04.170   533   693 E QMI_FW  : QMUXD: WARNING qmi_qmux_if_pwr_up_init failed! rc=-1
05-04 21:24:04.525   704   759 E slim_daemon: [NDK] bindNDKSensors: Sensor server is unavailable.
05-04 21:24:04.736   622   856 I ServiceManager: Waiting for service sensorservice...
05-04 21:24:05.284   514   638 I ThermalEngine: ACTION: CLUSTER - Setting CLUSTER[0] to voltage 690 freq = 844800
05-04 21:24:05.284   514   638 I ThermalEngine: Mitigation:CLUSTER[0]: 690 mV freq = 844800 kHz
05-04 21:24:05.460   534   686 E QCALOG  : [MessageQ] ProcessNewMessage: [XTWiFi-PE] unknown deliver target [OS-Agent]
05-04 21:24:05.525   692   774 W XTCC-5.1.0.10: [CS-RIL-LISTENER] timerCallback fired for ril update registering, re-register
05-04 21:24:05.525   534   686 E QCALOG  : [MessageQ] ProcessNewMessage: [XT-CS] unknown deliver target [OS-Agent]
05-04 21:24:05.526   534   686 E QCALOG  : [MessageQ] ProcessNewMessage: [XT-CS] unknown deliver target [OS-Agent]
05-04 21:24:05.527   704   759 E slim_daemon: [NDK] bindNDKSensors: Sensor server is unavailable.
05-04 21:24:05.736   622   856 I ServiceManager: Waiting for service sensorservice...
05-04 21:24:06.528   704   759 E slim_daemon: [NDK] bindNDKSensors: Sensor server is unavailable.
05-04 21:24:06.560   514   638 I ThermalEngine: ACTION: CLUSTER - Setting CLUSTER[1] to voltage 695 freq = 1113600
05-04 21:24:06.560   514   638 I ThermalEngine: Mitigation:CLUSTER[1]: 695 mV freq = 1113600 kHz
05-04 21:24:06.916   855   855 I dex2oat : Explicit concurrent mark sweep GC freed 34478(8MB) AllocSpace objects, 0(0B) LOS objects, 32% free, 8MB/12MB, paused 131us total 26.266ms
05-04 21:24:06.987   812   812 I dex2oat : Explicit concurrent mark sweep GC freed 34487(14MB) AllocSpace objects, 0(0B) LOS objects, 26% free, 11MB/15MB, paused 182us total 27.267ms
05-04 21:24:07.530   704   759 E slim_daemon: [NDK] bindNDKSensors: Sensor server is unavailable.
05-04 21:24:07.737   622   856 I ServiceManager: Waiting for service sensorservice...
05-04 21:24:08.531   704   759 E slim_daemon: [NDK] bindNDKSensors: Sensor server is unavailable.
05-04 21:24:08.738   622   856 I ServiceManager: Waiting for service sensorservice...
05-04 21:24:09.043   812   812 I dex2oat : dex2oat took 42.498s (threads: 4) arena alloc=3MB java alloc=11MB native alloc=93MB free=19MB
05-04 21:24:09.052   855   855 I dex2oat : dex2oat took 42.315s (threads: 4) arena alloc=4MB java alloc=8MB native alloc=76MB free=19MB
05-04 21:24:09.111   514   638 I ThermalEngine: handle_thresh_sig: SS Id SKIN-SS-CPUS-ALL, Read xo_therm_buf 45000mC
05-04 21:24:09.156   520   520 D ICU     : No timezone override file found: /data/misc/zoneinfo/current/icu/icu_tzdata.dat
05-04 21:24:09.175   521   521 D ICU     : No timezone override file found: /data/misc/zoneinfo/current/icu/icu_tzdata.dat
05-04 21:24:09.200   520   520 I Radio-JNI: register_android_hardware_Radio DONE
05-04 21:24:09.207   520   520 I SamplingProfilerIntegration: Profiling disabled.
05-04 21:24:09.208   520   520 D Zygote  : begin preload
05-04 21:24:09.208   520   520 I Zygote  : Preloading classes...
05-04 21:24:09.215   521   521 I Radio-JNI: register_android_hardware_Radio DONE
05-04 21:24:09.220   521   521 I SamplingProfilerIntegration: Profiling disabled.
05-04 21:24:09.221   521   521 D Zygote  : begin preload
05-04 21:24:09.221   521   521 I Zygote  : Preloading classes...
05-04 21:24:09.260   520   520 D skia    : [SkFontConfigParser] /system/etc/fonts.xml:103:4: warning: 'DINPro' alias target not found
05-04 21:24:09.260   521   521 D skia    : [SkFontConfigParser] /system/etc/fonts.xml:103:4: warning: 'DINPro' alias target not found
05-04 21:24:09.260   520   520 D skia    : [SkFontConfigParser] /system/etc/fonts.xml:104:4: warning: 'DINPro' alias target not found
05-04 21:24:09.260   521   521 D skia    : [SkFontConfigParser] /system/etc/fonts.xml:104:4: warning: 'DINPro' alias target not found
05-04 21:24:09.260   520   520 D skia    : [SkFontConfigParser] /system/etc/fonts.xml:105:4: warning: 'DINPro' alias target not found
05-04 21:24:09.260   521   521 D skia    : [SkFontConfigParser] /system/etc/fonts.xml:105:4: warning: 'DINPro' alias target not found
05-04 21:24:09.461   520   520 E Minikin : addFont failed to create font /system/fonts/Padauk.ttf
05-04 21:24:09.462   521   521 E Minikin : addFont failed to create font /system/fonts/Padauk.ttf
05-04 21:24:09.475   521   521 E Minikin : addFont failed to create font /system/fonts/NanumGothic.ttf
05-04 21:24:09.475   521   521 E Minikin : addFont failed to create font /system/fonts/DroidSansFallback.ttf
05-04 21:24:09.475   521   521 E Minikin : addFont failed to create font /system/fonts/MTLmr3m.ttf
05-04 21:24:09.476   520   520 E Minikin : addFont failed to create font /system/fonts/NanumGothic.ttf
05-04 21:24:09.477   520   520 E Minikin : addFont failed to create font /system/fonts/DroidSansFallback.ttf
05-04 21:24:09.477   520   520 E Minikin : addFont failed to create font /system/fonts/MTLmr3m.ttf
05-04 21:24:09.532   704   759 E slim_daemon: [NDK] bindNDKSensors: Sensor server is unavailable.
05-04 21:24:09.551   520   520 V DngCreator_JNI: DngCreator_nativeClassInit:
05-04 21:24:09.554   521   521 V DngCreator_JNI: DngCreator_nativeClassInit:
05-04 21:24:09.622   514   638 I ThermalEngine: handle_thresh_sig: SS Id SKIN-SS-CPUS-ALL, Read xo_therm_buf 45000mC
05-04 21:24:09.648   520   520 I art     : Thread[1,tid=520,Native,Thread*=0x7f98dfba00,peer=0x12c2c100,"main"] recursive attempt to load library "/system/lib64/libmedia_jni.so"
05-04 21:24:09.649   520   520 D MtpDeviceJNI: register_android_mtp_MtpDevice
05-04 21:24:09.649   520   520 I art     : Thread[1,tid=520,Native,Thread*=0x7f98dfba00,peer=0x12c2c100,"main"] recursive attempt to load library "/system/lib64/libmedia_jni.so"
05-04 21:24:09.649   520   520 I art     : Thread[1,tid=520,Native,Thread*=0x7f98dfba00,peer=0x12c2c100,"main"] recursive attempt to load library "/system/lib64/libmedia_jni.so"
05-04 21:24:09.662   521   521 I art     : Thread[1,tid=521,Native,Thread*=0xf5576500,peer=0x12c35100,"main"] recursive attempt to load library "/system/lib/libmedia_jni.so"
05-04 21:24:09.663   521   521 D MtpDeviceJNI: register_android_mtp_MtpDevice
05-04 21:24:09.663   521   521 I art     : Thread[1,tid=521,Native,Thread*=0xf5576500,peer=0x12c35100,"main"] recursive attempt to load library "/system/lib/libmedia_jni.so"
05-04 21:24:09.663   521   521 I art     : Thread[1,tid=521,Native,Thread*=0xf5576500,peer=0x12c35100,"main"] recursive attempt to load library "/system/lib/libmedia_jni.so"
05-04 21:24:09.739   622   856 I ServiceManager: Waiting for service sensorservice...
05-04 21:24:09.764  1602  1602 I dex2oat : /system/bin/dex2oat --dex-file=/system/framework/tcmclient.jar --oat-file=/data/dalvik-cache/arm64/system@framework@tcmclient.jar@classes.dex
05-04 21:24:09.765  1602  1602 E cutils-trace: Error opening trace file: No such file or directory (2)
05-04 21:24:09.800  1602  1602 I dex2oat : dex2oat took 36.103ms (threads: 4) arena alloc=393KB java alloc=34KB native alloc=1480KB free=1335KB
05-04 21:24:09.805  1604  1604 I dex2oat : /system/bin/dex2oat --dex-file=/system/framework/tcmclient.jar --oat-file=/data/dalvik-cache/arm/system@framework@tcmclient.jar@classes.dex
05-04 21:24:09.805  1604  1604 E cutils-trace: Error opening trace file: No such file or directory (2)
05-04 21:24:09.846  1604  1604 I dex2oat : dex2oat took 41.966ms (threads: 4) arena alloc=384KB java alloc=35KB native alloc=1441KB free=1374KB
05-04 21:24:09.878   520   520 I System  : Loaded time zone names for "" in 30ms (29ms in ICU)
05-04 21:24:09.899   520   520 I System  : Loaded time zone names for "en_US" in 21ms (19ms in ICU)
05-04 21:24:09.924   520   520 I System  : Loaded time zone names for "zh_CN" in 25ms (23ms in ICU)
05-04 21:24:09.937   520   520 I Zygote  : ...preloaded 3831 classes in 728ms.
05-04 21:24:09.937   520   520 I art     : VMRuntime.preloadDexCaches starting
05-04 21:24:09.958   521   521 I System  : Loaded time zone names for "" in 41ms (39ms in ICU)
05-04 21:24:09.985   521   521 I System  : Loaded time zone names for "en_US" in 27ms (25ms in ICU)
05-04 21:24:10.013   520   520 I art     : VMRuntime.preloadDexCaches strings total=267616 before=46632 after=46632
05-04 21:24:10.013   520   520 I art     : VMRuntime.preloadDexCaches types total=21791 before=7425 after=7457
05-04 21:24:10.013   520   520 I art     : VMRuntime.preloadDexCaches fields total=112321 before=36568 after=36790
05-04 21:24:10.013   520   520 I art     : VMRuntime.preloadDexCaches methods total=180369 before=73777 after=74316
05-04 21:24:10.013   520   520 I art     : VMRuntime.preloadDexCaches finished
05-04 21:24:10.016   521   521 I System  : Loaded time zone names for "zh_CN" in 30ms (29ms in ICU)
05-04 21:24:10.027   521   521 I Zygote  : ...preloaded 3831 classes in 805ms.
05-04 21:24:10.027   521   521 I art     : VMRuntime.preloadDexCaches starting
05-04 21:24:10.039  1612  1612 D idmap   : error: no read access to /vendor/overlay: No such file or directory
05-04 21:24:10.081   520   520 I Zygote  : Preloading resources...
05-04 21:24:10.092   520   520 W Resources: Preloaded drawable resource #0x1080096 (android:drawable/toast_frame) that varies with configuration!!
05-04 21:24:10.095   521   521 I art     : VMRuntime.preloadDexCaches strings total=267616 before=46632 after=46632
05-04 21:24:10.095   521   521 I art     : VMRuntime.preloadDexCaches types total=21791 before=7425 after=7457
05-04 21:24:10.095   521   521 I art     : VMRuntime.preloadDexCaches fields total=112321 before=36568 after=36790
05-04 21:24:10.095   521   521 I art     : VMRuntime.preloadDexCaches methods total=180369 before=73777 after=74316
05-04 21:24:10.095   521   521 I art     : VMRuntime.preloadDexCaches finished
05-04 21:24:10.118  1613  1613 D idmap   : error: no read access to /vendor/overlay: No such file or directory
05-04 21:24:10.126   521   521 I Zygote  : Preloading resources...
05-04 21:24:10.129   521   521 W Resources: Preloaded drawable resource #0x1080096 (android:drawable/toast_frame) that varies with configuration!!
05-04 21:24:10.132   514   638 I ThermalEngine: handle_thresh_sig: SS Id SKIN-SS-CPUS-ALL, Read xo_therm_buf 45000mC
05-04 21:24:10.461   534   686 E QCALOG  : [MessageQ] ProcessNewMessage: [XTWiFi-PE] unknown deliver target [OS-Agent]
05-04 21:24:10.475   520   520 W Resources: Preloaded drawable resource #0x10806ef (android:drawable/text_select_handle_left_material) that varies with configuration!!
05-04 21:24:10.478   520   520 W Resources: Preloaded drawable resource #0x10806f5 (android:drawable/text_select_handle_right_material) that varies with configuration!!
05-04 21:24:10.480   520   520 I Zygote  : ...preloaded 342 resources in 399ms.
05-04 21:24:10.490   520   520 I Zygote  : ...preloaded 41 resources in 11ms.
05-04 21:24:10.492   520   520 D libEGL  : loaded /vendor/lib64/egl/libEGL_adreno.so
05-04 21:24:10.507   520   520 D libEGL  : loaded /vendor/lib64/egl/libGLESv1_CM_adreno.so
05-04 21:24:10.516   520   520 D libEGL  : loaded /vendor/lib64/egl/libGLESv2_adreno.so
05-04 21:24:10.525   534   686 E QCALOG  : [MessageQ] ProcessNewMessage: [XT-CS] unknown deliver target [OS-Agent]
05-04 21:24:10.526   692   774 W XTCC-5.1.0.10: [CS-RIL-LISTENER] timerCallback fired for ril update registering, re-register
05-04 21:24:10.526   534   686 E QCALOG  : [MessageQ] ProcessNewMessage: [XT-CS] unknown deliver target [OS-Agent]
05-04 21:24:10.530   520   520 I Zygote  : Preloading shared libraries...
05-04 21:24:10.532   521   521 W Resources: Preloaded drawable resource #0x10806ef (android:drawable/text_select_handle_left_material) that varies with configuration!!
05-04 21:24:10.533   704   759 E slim_daemon: [NDK] bindNDKSensors: Sensor server is unavailable.
05-04 21:24:10.534   521   521 W Resources: Preloaded drawable resource #0x10806f5 (android:drawable/text_select_handle_right_material) that varies with configuration!!
05-04 21:24:10.535   521   521 I Zygote  : ...preloaded 342 resources in 408ms.
05-04 21:24:10.541   520   520 D Zygote  : end preload
05-04 21:24:10.541   520   520 I art     : Starting a blocking GC Explicit
05-04 21:24:10.544   521   521 I Zygote  : ...preloaded 41 resources in 10ms.
05-04 21:24:10.550   520   520 I art     : Explicit concurrent mark sweep GC freed 4071(218KB) AllocSpace objects, 2(72KB) LOS objects, 40% free, 15MB/25MB, paused 115us total 8.350ms
05-04 21:24:10.550   521   521 D libEGL  : loaded /vendor/lib/egl/libEGL_adreno.so
05-04 21:24:10.554   520   520 I art     : Starting a blocking GC Explicit
05-04 21:24:10.564   520   520 I art     : Explicit concurrent mark sweep GC freed 537(21KB) AllocSpace objects, 0(0B) LOS objects, 40% free, 15MB/25MB, paused 210us total 9.540ms
05-04 21:24:10.564   520  1597 I art     : Starting a blocking GC HeapTrim
05-04 21:24:10.568   520   520 I art     : Starting a blocking GC Background
05-04 21:24:10.613   521   521 D libEGL  : loaded /vendor/lib/egl/libGLESv1_CM_adreno.so
05-04 21:24:10.614   520   520 I Zygote  : System server process 1614 has been created
05-04 21:24:10.617   520   520 I Zygote  : Accepting command socket connections
05-04 21:24:10.629   521   521 D libEGL  : loaded /vendor/lib/egl/libGLESv2_adreno.so
05-04 21:24:10.642   514   638 I ThermalEngine: handle_thresh_sig: SS Id SKIN-SS-CPUS-ALL, Read xo_therm_buf 45000mC
05-04 21:24:10.649   521   521 I Zygote  : Preloading shared libraries...
05-04 21:24:10.657   521   521 D Zygote  : end preload
05-04 21:24:10.658   521   521 I art     : Starting a blocking GC Explicit
05-04 21:24:10.669   521   521 I art     : Explicit concurrent mark sweep GC freed 14486(695KB) AllocSpace objects, 2(72KB) LOS objects, 39% free, 15MB/25MB, paused 126us total 10.712ms
05-04 21:24:10.685   521   521 I art     : Starting a blocking GC Explicit
05-04 21:24:10.693   521   521 I art     : Explicit concurrent mark sweep GC freed 2513(119KB) AllocSpace objects, 0(0B) LOS objects, 40% free, 15MB/25MB, paused 135us total 8.426ms
05-04 21:24:10.694   521   521 I Zygote  : Accepting command socket connections
05-04 21:24:10.698  1614  1614 I Zygote  : Process: zygote socket opened, supported ABIS: armeabi-v7a,armeabi
05-04 21:24:10.700  1614  1614 I InstallerConnection: connecting...
05-04 21:24:10.700   489   489 I installd: new connection
05-04 21:24:10.736  1625  1625 I dex2oat : Starting dex2oat.
05-04 21:24:10.736  1625  1625 E cutils-trace: Error opening trace file: No such file or directory (2)
05-04 21:24:10.739   622   856 I ServiceManager: Waiting for service sensorservice...
05-04 21:24:11.154   514   638 I ThermalEngine: handle_thresh_sig: SS Id SKIN-SS-CPUS-ALL, Read xo_therm_buf 45000mC
05-04 21:24:11.533   704   759 E slim_daemon: [NDK] bindNDKSensors: Sensor server is unavailable.
05-04 21:24:11.664   514   638 I ThermalEngine: handle_thresh_sig: SS Id SKIN-SS-CPUS-ALL, Read xo_therm_buf 45000mC
05-04 21:24:11.740   622   856 I ServiceManager: Waiting for service sensorservice...
05-04 21:24:11.824  1625  1629 I dex2oat : Verification error in int com.android.server.policy.PhoneWindowManager.interceptKeyBeforeQueueing(android.view.KeyEvent, int)
05-04 21:24:11.824  1625  1629 I dex2oat : int com.android.server.policy.PhoneWindowManager.interceptKeyBeforeQueueing(android.view.KeyEvent, int) failed to verify: int com.android.server.policy.PhoneWindowManager.interceptKeyBeforeQueueing(android.view.KeyEvent, int): [0x34D] register v15 has type Undefined but expected Integer
05-04 21:24:11.833  1625  1629 W dex2oat : Verification failed on class com.android.server.policy.PhoneWindowManager in services.jar because: Verifier rejected class com.android.server.policy.PhoneWindowManager due to bad method int com.android.server.policy.PhoneWindowManager.interceptKeyBeforeQueueing(android.view.KeyEvent, int)
05-04 21:24:12.094  1625  1628 W dex2oat : No verified method for method calling String.<init>: java.lang.String java.io.ByteArrayOutputStream.toString()
05-04 21:24:12.175   514   638 I ThermalEngine: handle_thresh_sig: SS Id SKIN-SS-CPUS-ALL, Read xo_therm_buf 45000mC
05-04 21:24:12.263  1625  1625 W dex2oat : No verified method for method calling String.<init>: java.lang.String com.android.internal.widget.LockPatternUtils.patternStringToBaseZero(java.lang.String)
05-04 21:24:12.277  1625  1625 W dex2oat : No verified method for method calling String.<init>: java.lang.String com.android.internal.widget.LockPatternUtils.patternStringToBaseZero(java.lang.String)
05-04 21:24:12.358  1625  1627 W dex2oat : No verified method for method calling String.<init>: java.lang.String com.android.internal.widget.LockPatternUtils.patternStringToBaseZero(java.lang.String)
05-04 21:24:12.534   704   759 E slim_daemon: [NDK] bindNDKSensors: Sensor server is unavailable.
05-04 21:24:12.685   514   638 I ThermalEngine: handle_thresh_sig: SS Id SKIN-SS-CPUS-ALL, Read xo_therm_buf 45000mC
05-04 21:24:13.196   514   638 I ThermalEngine: handle_thresh_sig: SS Id SKIN-SS-CPUS-ALL, Read xo_therm_buf 45000mC
05-04 21:24:13.455  1625  1629 W dex2oat : No verified method for method calling String.<init>: java.util.List android.net.LinkProperties.getAllInterfaceNames()
05-04 21:24:13.469  1625  1629 W dex2oat : No verified method for method calling String.<init>: java.util.List android.net.LinkProperties.getAllInterfaceNames()
05-04 21:24:13.516  1625  1628 W dex2oat : No verified method for method calling String.<init>: java.util.List android.net.LinkProperties.getAllInterfaceNames()
05-04 21:24:13.534   704   759 E slim_daemon: [NDK] bindNDKSensors: Sensor server is unavailable.
05-04 21:24:13.706   514   638 I ThermalEngine: handle_thresh_sig: SS Id SKIN-SS-CPUS-ALL, Read xo_therm_buf 45000mC
05-04 21:24:13.740   622   856 I ServiceManager: Waiting for service sensorservice...
05-04 21:24:14.217   514   638 I ThermalEngine: handle_thresh_sig: SS Id SKIN-SS-CPUS-ALL, Read xo_therm_buf 45000mC
05-04 21:24:14.535   704   759 E slim_daemon: [NDK] bindNDKSensors: Sensor server is unavailable.
05-04 21:24:14.727   514   638 I ThermalEngine: handle_thresh_sig: SS Id SKIN-SS-CPUS-ALL, Read xo_therm_buf 45000mC
05-04 21:24:14.741   622   856 I ServiceManager: Waiting for service sensorservice...
05-04 21:24:15.237   514   638 I ThermalEngine: handle_thresh_sig: SS Id SKIN-SS-CPUS-ALL, Read xo_therm_buf 45000mC
05-04 21:24:15.462   534   686 E QCALOG  : [MessageQ] ProcessNewMessage: [XTWiFi-PE] unknown deliver target [OS-Agent]
05-04 21:24:15.526   692   774 W XTCC-5.1.0.10: [CS-RIL-LISTENER] timerCallback fired for ril update registering, re-register
05-04 21:24:15.526   534   686 E QCALOG  : [MessageQ] ProcessNewMessage: [XT-CS] unknown deliver target [OS-Agent]
05-04 21:24:15.527   534   686 E QCALOG  : [MessageQ] ProcessNewMessage: [XT-CS] unknown deliver target [OS-Agent]
05-04 21:24:15.536   704   759 E slim_daemon: [NDK] bindNDKSensors: Sensor server is unavailable.
05-04 21:24:15.741   622   856 I ServiceManager: Waiting for service sensorservice...
05-04 21:24:15.749   514   638 I ThermalEngine: handle_thresh_sig: SS Id SKIN-SS-CPUS-ALL, Read xo_therm_buf 45000mC
05-04 21:24:15.950  1625  1625 I dex2oat : dex2oat took 5.214s (threads: 4) arena alloc=5MB java alloc=5MB native alloc=30MB free=4MB
05-04 21:24:16.019  1630  1630 I dex2oat : Starting dex2oat.
05-04 21:24:16.019  1630  1630 E cutils-trace: Error opening trace file: No such file or directory (2)
05-04 21:24:16.078  1630  1630 I dex2oat : dex2oat took 59.571ms (threads: 4) arena alloc=146KB java alloc=81KB native alloc=1619KB free=1452KB
05-04 21:24:16.118  1635  1635 I dex2oat : Starting dex2oat.
05-04 21:24:16.118  1635  1635 E cutils-trace: Error opening trace file: No such file or directory (2)
05-04 21:24:16.260   514   638 I ThermalEngine: handle_thresh_sig: SS Id SKIN-SS-CPUS-ALL, Read xo_therm_buf 45000mC
05-04 21:24:16.537   704   759 E slim_daemon: [NDK] bindNDKSensors: Sensor server is unavailable.
05-04 21:24:16.742   622   856 I ServiceManager: Waiting for service sensorservice...
05-04 21:24:16.771   514   638 I ThermalEngine: handle_thresh_sig: SS Id SKIN-SS-CPUS-ALL, Read xo_therm_buf 45000mC
05-04 21:24:17.281   514   638 I ThermalEngine: handle_thresh_sig: SS Id SKIN-SS-CPUS-ALL, Read xo_therm_buf 45000mC
05-04 21:24:17.537   704   759 E slim_daemon: [NDK] bindNDKSensors: Sensor server is unavailable.
05-04 21:24:17.540  1635  1638 W dex2oat : No verified method for method calling String.<init>: java.lang.String java.io.ByteArrayOutputStream.toString()
05-04 21:24:17.638  1635  1635 W dex2oat : No verified method for method calling String.<init>: java.lang.String java.io.ByteArrayOutputStream.toString()
05-04 21:24:17.742   622   856 I ServiceManager: Waiting for service sensorservice...
05-04 21:24:17.792   514   638 I ThermalEngine: handle_thresh_sig: SS Id SKIN-SS-CPUS-ALL, Read xo_therm_buf 45000mC
05-04 21:24:17.803  1635  1635 I dex2oat : dex2oat took 1.686s (threads: 4) arena alloc=2MB java alloc=2MB native alloc=11MB free=2MB
05-04 21:24:17.817  1614  1614 I InstallerConnection: disconnecting...
05-04 21:24:17.818   489   489 E installd: eof
05-04 21:24:17.818   489   489 E installd: failed to read size
05-04 21:24:17.818   489   489 I installd: closing connection
05-04 21:24:17.830  1614  1614 I SystemServer: Entered the Android system server!
05-04 21:24:17.889  1614  1614 I SystemServiceManager: Starting com.android.server.pm.Installer
05-04 21:24:17.890  1614  1614 I Installer: Waiting for installd to be ready.
05-04 21:24:17.890  1614  1614 I InstallerConnection: connecting...
05-04 21:24:17.890   489   489 I installd: new connection
05-04 21:24:17.891  1614  1614 I SystemServiceManager: Starting com.android.server.am.ActivityManagerService$Lifecycle
05-04 21:24:18.097  1614  1614 I XXXXXX  : choosing minFree values for 64 Bit
05-04 21:24:18.097  1614  1614 I XXXXXX  : choosing minFree values for 64 Bit
05-04 21:24:18.097  1614  1614 I XXXXXX  : choosing minFree values for 64 Bit
05-04 21:24:18.097  1614  1614 I XXXXXX  : choosing minFree values for 64 Bit
05-04 21:24:18.097  1614  1614 I XXXXXX  : choosing minFree values for 64 Bit
05-04 21:24:18.097  1614  1614 I XXXXXX  : choosing minFree values for 64 Bit
05-04 21:24:18.100  1614  1614 I ActivityManager: Memory class: 384
05-04 21:24:18.102  1614  1644 I ServiceThread: Enabled StrictMode logging for ActivityManager looper.
05-04 21:24:18.106  1614  1645 I ServiceThread: Enabled StrictMode logging for android.ui looper.
05-04 21:24:18.116  1614  1614 D BatteryStatsImpl: Reading daily items from /data/system/batterystats-daily.xml
05-04 21:24:18.122  1614  1614 I AppOps  : No existing app ops /data/system/appops.xml; starting empty
05-04 21:24:18.200  1614  1614 I IntentFirewall: Read new rules (A:0 B:0 S:0)
05-04 21:24:18.209  1614  1649 I ServiceThread: Enabled StrictMode logging for android.display looper.
05-04 21:24:18.216  1614  1614 D AppOps  : AppOpsService published
05-04 21:24:18.217  1614  1614 I SystemServiceManager: Starting com.android.server.power.PowerManagerService
05-04 21:24:18.220  1614  1651 I ServiceThread: Enabled StrictMode logging for PowerManagerService looper.
05-04 21:24:18.228  1614  1614 I QCOM PowerHAL: QCOM power HAL initing.
05-04 21:24:18.228  1614  1614 W libsuspend: Error writing 'on' to /sys/power/state: Invalid argument
05-04 21:24:18.229  1614  1614 I libsuspend: Selected wakeup count
05-04 21:24:18.233  1614  1614 I SystemServiceManager: Starting com.android.server.lights.LightsService
05-04 21:24:18.243  1614  1614 I SystemServiceManager: Starting com.android.server.display.DisplayManagerService
05-04 21:24:18.247  1614  1614 I SystemServiceManager: Starting phase 100
05-04 21:24:18.263  1614  1649 I DisplayManagerService: Display device added: DisplayDeviceInfo{"": uniqueId="local:0", 1080 x 1920, modeId 1, defaultModeId 1, supportedModes [{id=1, width=1080, height=1920, fps=60.000004}], colorTransformId 1, defaultColorTransformId 1, supportedColorTransforms [{id=1, colorTransform=0}], density 480, 428.625 x 427.789 dpi, appVsyncOff 0, presDeadline 17666666, touch INTERNAL, rotation 0, type BUILT_IN, state UNKNOWN, FLAG_DEFAULT_DISPLAY, FLAG_ROTATES_WITH_CONTENT, FLAG_SECURE, FLAG_SUPPORTS_PROTECTED_BUFFERS}
05-04 21:24:18.264   471   471 D SurfaceFlinger: Set power mode=2, type=0 flinger=0x7f93883c00
05-04 21:24:18.264   471   471 D SurfaceFlinger: Screen type=0 is already mode=2
05-04 21:24:18.265  1614  1649 I DisplayManagerService: Display device changed state: "", ON
05-04 21:24:18.266  1614  1614 I SystemServer: Package Manager
05-04 21:24:18.272  1614  1614 W SELinuxMMAC: Error opening /data/system/seapp_hash. Assuming first boot.
05-04 21:24:18.276  1614  1614 W FileUtils: Failed to chmod(/data/system/packages.list): android.system.ErrnoException: chmod failed: ENOENT (No such file or directory)
05-04 21:24:18.278  1614  1614 W SystemConfig: No directory /system/etc/sysconfig, skipping
05-04 21:24:18.303   514   638 I ThermalEngine: handle_thresh_sig: SS Id SKIN-SS-CPUS-ALL, Read xo_therm_buf 45000mC
05-04 21:24:18.345  1614  1614 D SELinuxMMAC: Using policy file /system/etc/security/mac_permissions.xml
05-04 21:24:18.349  1614  1614 E SELinuxMMAC: Duplicate policy entry: cert=308204a8308... seinfo=release
05-04 21:24:18.349  1614  1614 W SELinuxMMAC: ERROR! Duplicate entries found parsing /system/etc/security/mac_permissions.xml
05-04 21:24:18.350  1614  1614 I PackageManager: No settings file; creating initial state
05-04 21:24:18.388  1655  1655 I dex2oat : Starting dex2oat.
05-04 21:24:18.388  1655  1655 E cutils-trace: Error opening trace file: No such file or directory (2)
05-04 21:24:18.529  1655  1655 I dex2oat : dex2oat took 141.484ms (threads: 4) arena alloc=33KB java alloc=150KB native alloc=2043KB free=2MB
05-04 21:24:18.538   704   759 E slim_daemon: [NDK] bindNDKSensors: Sensor server is unavailable.
05-04 21:24:18.566  1660  1660 I dex2oat : Starting dex2oat.
05-04 21:24:18.566  1660  1660 E cutils-trace: Error opening trace file: No such file or directory (2)
05-04 21:24:18.624  1660  1660 I dex2oat : dex2oat took 59.516ms (threads: 4) arena alloc=156KB java alloc=57KB native alloc=1492KB free=1579KB
05-04 21:24:18.662  1665  1665 I dex2oat : Starting dex2oat.
05-04 21:24:18.662  1665  1665 E cutils-trace: Error opening trace file: No such file or directory (2)
05-04 21:24:18.806  1665  1665 I dex2oat : Skipping compilation of com.android.vcard.VCardEntry$PostalData com.android.vcard.VCardEntry$PostalData.constructPostalData(java.util.List, int, java.lang.String, boolean, int): it contains a non natural loop
05-04 21:24:18.813   514   638 I ThermalEngine: handle_thresh_sig: SS Id SKIN-SS-CPUS-ALL, Read xo_therm_buf 45000mC
05-04 21:24:18.839  1665  1667 W dex2oat : No verified method for method calling String.<init>: java.lang.String android.text.SpannableStringBuilder.toString()
05-04 21:24:19.067  1665  1665 I dex2oat : dex2oat took 405.509ms (threads: 4) arena alloc=4MB java alloc=528KB native alloc=7MB free=5MB
05-04 21:24:19.115  1670  1670 I dex2oat : Starting dex2oat.
05-04 21:24:19.115  1670  1670 E cutils-trace: Error opening trace file: No such file or directory (2)
05-04 21:24:19.185  1670  1670 I dex2oat : dex2oat took 70.680ms (threads: 4) arena alloc=334KB java alloc=137KB native alloc=1966KB free=1873KB
05-04 21:24:19.220  1675  1675 I dex2oat : Starting dex2oat.
05-04 21:24:19.220  1675  1675 E cutils-trace: Error opening trace file: No such file or directory (2)
05-04 21:24:19.323   514   638 I ThermalEngine: handle_thresh_sig: SS Id SKIN-SS-CPUS-ALL, Read xo_therm_buf 45000mC
05-04 21:24:19.437  1675  1675 I dex2oat : dex2oat took 217.769ms (threads: 4) arena alloc=4MB java alloc=326KB native alloc=6MB free=5MB
05-04 21:24:19.479  1680  1680 I dex2oat : Starting dex2oat.
05-04 21:24:19.479  1680  1680 E cutils-trace: Error opening trace file: No such file or directory (2)
05-04 21:24:19.537  1680  1680 I dex2oat : dex2oat took 58.607ms (threads: 4) arena alloc=91KB java alloc=160KB native alloc=1764KB free=1563KB
05-04 21:24:19.538   704   759 E slim_daemon: [NDK] bindNDKSensors: Sensor server is unavailable.
05-04 21:24:19.575  1685  1685 I dex2oat : Starting dex2oat.
05-04 21:24:19.575  1685  1685 E cutils-trace: Error opening trace file: No such file or directory (2)
05-04 21:24:19.643  1685  1685 I dex2oat : dex2oat took 68.673ms (threads: 4) arena alloc=342KB java alloc=108KB native alloc=1923KB free=1660KB
05-04 21:24:19.681  1690  1690 I dex2oat : Starting dex2oat.
05-04 21:24:19.681  1690  1690 E cutils-trace: Error opening trace file: No such file or directory (2)
05-04 21:24:19.729  1690  1690 I dex2oat : dex2oat took 49.222ms (threads: 4) arena alloc=100KB java alloc=49KB native alloc=1516KB free=1555KB
05-04 21:24:19.743   622   856 I ServiceManager: Waiting for service sensorservice...
05-04 21:24:19.773  1695  1695 I dex2oat : Starting dex2oat.
05-04 21:24:19.773  1695  1695 E cutils-trace: Error opening trace file: No such file or directory (2)
05-04 21:24:19.833   514   638 I ThermalEngine: handle_thresh_sig: SS Id SKIN-SS-CPUS-ALL, Read xo_therm_buf 45000mC
05-04 21:24:19.877  1695  1695 I dex2oat : dex2oat took 104.595ms (threads: 4) arena alloc=487KB java alloc=174KB native alloc=2MB free=2MB
05-04 21:24:19.915  1700  1700 I dex2oat : Starting dex2oat.
05-04 21:24:19.915  1700  1700 E cutils-trace: Error opening trace file: No such file or directory (2)
05-04 21:24:19.948  1700  1700 I dex2oat : dex2oat took 33.980ms (threads: 4) arena alloc=59KB java alloc=63KB native alloc=1216KB free=1087KB
05-04 21:24:19.989  1705  1705 I dex2oat : Starting dex2oat.
05-04 21:24:19.990  1705  1705 E cutils-trace: Error opening trace file: No such file or directory (2)
05-04 21:24:20.125  1705  1705 I dex2oat : dex2oat took 136.547ms (threads: 4) arena alloc=3MB java alloc=144KB native alloc=4MB free=5MB
05-04 21:24:20.163  1710  1710 I dex2oat : Starting dex2oat.
05-04 21:24:20.163  1710  1710 E cutils-trace: Error opening trace file: No such file or directory (2)
05-04 21:24:20.249  1710  1710 I dex2oat : dex2oat took 87.529ms (threads: 4) arena alloc=1289KB java alloc=79KB native alloc=2MB free=3MB
05-04 21:24:20.294  1715  1715 I dex2oat : Starting dex2oat.
05-04 21:24:20.294  1715  1715 E cutils-trace: Error opening trace file: No such file or directory (2)
05-04 21:24:20.319  1715  1715 I dex2oat : dex2oat took 25.509ms (threads: 4) arena alloc=6KB java alloc=20KB native alloc=913KB free=878KB
05-04 21:24:20.345   514   638 I ThermalEngine: handle_thresh_sig: SS Id SKIN-SS-CPUS-ALL, Read xo_therm_buf 45000mC
05-04 21:24:20.360  1720  1720 I dex2oat : Starting dex2oat.
05-04 21:24:20.360  1720  1720 E cutils-trace: Error opening trace file: No such file or directory (2)
05-04 21:24:20.462   534   686 E QCALOG  : [MessageQ] ProcessNewMessage: [XTWiFi-PE] unknown deliver target [OS-Agent]
05-04 21:24:20.517  1720  1720 I dex2oat : dex2oat took 158.101ms (threads: 4) arena alloc=1220KB java alloc=207KB native alloc=2MB free=3MB
05-04 21:24:20.526   534   686 E QCALOG  : [MessageQ] ProcessNewMessage: [XT-CS] unknown deliver target [OS-Agent]
05-04 21:24:20.527   692   774 W XTCC-5.1.0.10: [CS-RIL-LISTENER] timerCallback fired for ril update registering, re-register
05-04 21:24:20.527   534   686 E QCALOG  : [MessageQ] ProcessNewMessage: [XT-CS] unknown deliver target [OS-Agent]
05-04 21:24:20.539   704   759 E slim_daemon: [NDK] bindNDKSensors: Sensor server is unavailable.
05-04 21:24:20.553  1725  1725 I dex2oat : Starting dex2oat.
05-04 21:24:20.553  1725  1725 E cutils-trace: Error opening trace file: No such file or directory (2)
05-04 21:24:20.729  1725  1725 I dex2oat : dex2oat took 176.184ms (threads: 4) arena alloc=341KB java alloc=252KB native alloc=1981KB free=1858KB
05-04 21:24:20.743   622   856 I ServiceManager: Waiting for service sensorservice...
05-04 21:24:20.763  1730  1730 I dex2oat : Starting dex2oat.
05-04 21:24:20.763  1730  1730 E cutils-trace: Error opening trace file: No such file or directory (2)
05-04 21:24:20.810  1730  1730 I dex2oat : dex2oat took 47.872ms (threads: 4) arena alloc=305KB java alloc=61KB native alloc=1656KB free=1927KB
05-04 21:24:20.815  1614  1614 E art     : DexFile_getDexOptNeeded file '/system/framework/org.apache.http.legacy.jar' does not exist
05-04 21:24:20.815  1614  1614 W PackageManager: Library not found: /system/framework/org.apache.http.legacy.jar
05-04 21:24:20.848  1735  1735 I dex2oat : Starting dex2oat.
05-04 21:24:20.849  1735  1735 E cutils-trace: Error opening trace file: No such file or directory (2)
05-04 21:24:20.856   514   638 I ThermalEngine: handle_thresh_sig: SS Id SKIN-SS-CPUS-ALL, Read xo_therm_buf 45000mC
05-04 21:24:20.892  1735  1735 I dex2oat : dex2oat took 45.607ms (threads: 4) arena alloc=83KB java alloc=62KB native alloc=1383KB free=1432KB
05-04 21:24:20.929  1740  1740 I dex2oat : Starting dex2oat.
05-04 21:24:20.929  1740  1740 E cutils-trace: Error opening trace file: No such file or directory (2)
05-04 21:24:20.970  1740  1740 I dex2oat : dex2oat took 42.261ms (threads: 4) arena alloc=156KB java alloc=63KB native alloc=1326KB free=1489KB
05-04 21:24:21.010  1745  1745 I dex2oat : Starting dex2oat.
05-04 21:24:21.010  1745  1745 E cutils-trace: Error opening trace file: No such file or directory (2)
05-04 21:24:21.216  1745  1745 I dex2oat : dex2oat took 207.030ms (threads: 4) arena alloc=1580KB java alloc=220KB native alloc=3MB free=3MB
05-04 21:24:21.254  1750  1750 I dex2oat : Starting dex2oat.
05-04 21:24:21.254  1750  1750 E cutils-trace: Error opening trace file: No such file or directory (2)
05-04 21:24:21.286  1750  1750 I dex2oat : dex2oat took 33.024ms (threads: 4) arena alloc=42KB java alloc=39KB native alloc=1184KB free=1119KB
05-04 21:24:21.325  1755  1755 I dex2oat : Starting dex2oat.
05-04 21:24:21.325  1755  1755 E cutils-trace: Error opening trace file: No such file or directory (2)
05-04 21:24:21.366   514   638 I ThermalEngine: handle_thresh_sig: SS Id SKIN-SS-CPUS-ALL, Read xo_therm_buf 45000mC
05-04 21:24:21.432  1755  1755 I dex2oat : dex2oat took 107.982ms (threads: 4) arena alloc=974KB java alloc=94KB native alloc=2MB free=2MB
05-04 21:24:21.471  1760  1760 I dex2oat : Starting dex2oat.
05-04 21:24:21.472  1760  1760 E cutils-trace: Error opening trace file: No such file or directory (2)
05-04 21:24:21.524  1760  1760 I dex2oat : dex2oat took 53.450ms (threads: 4) arena alloc=841KB java alloc=72KB native alloc=2MB free=2MB
05-04 21:24:21.540   704   759 E slim_daemon: [NDK] bindNDKSensors: Sensor server is unavailable.
05-04 21:24:21.559  1765  1765 I dex2oat : Starting dex2oat.
05-04 21:24:21.560  1765  1765 E cutils-trace: Error opening trace file: No such file or directory (2)
05-04 21:24:21.705  1765  1765 I dex2oat : dex2oat took 146.179ms (threads: 4) arena alloc=34KB java alloc=153KB native alloc=2MB free=2MB
05-04 21:24:21.744   622   856 I ServiceManager: Waiting for service sensorservice...
05-04 21:24:21.749  1770  1770 I dex2oat : Starting dex2oat.
05-04 21:24:21.749  1770  1770 E cutils-trace: Error opening trace file: No such file or directory (2)
05-04 21:24:21.806  1770  1770 I dex2oat : dex2oat took 58.449ms (threads: 4) arena alloc=142KB java alloc=57KB native alloc=1515KB free=1300KB
05-04 21:24:21.845  1775  1775 I dex2oat : Starting dex2oat.
05-04 21:24:21.845  1775  1775 E cutils-trace: Error opening trace file: No such file or directory (2)
05-04 21:24:21.877   514   638 I ThermalEngine: handle_thresh_sig: SS Id SKIN-SS-CPUS-ALL, Read xo_therm_buf 45000mC
05-04 21:24:21.999  1775  1778 I dex2oat : Skipping compilation of com.android.vcard.VCardEntry$PostalData com.android.vcard.VCardEntry$PostalData.constructPostalData(java.util.List, int, java.lang.String, boolean, int): it contains a non natural loop
05-04 21:24:22.036  1775  1775 W dex2oat : No verified method for method calling String.<init>: java.lang.String android.text.SpannableStringBuilder.toString()
05-04 21:24:22.280  1775  1775 I dex2oat : dex2oat took 436.488ms (threads: 4) arena alloc=4MB java alloc=822KB native alloc=7MB free=4MB
05-04 21:24:22.319  1780  1780 I dex2oat : Starting dex2oat.
05-04 21:24:22.319  1780  1780 E cutils-trace: Error opening trace file: No such file or directory (2)
05-04 21:24:22.387   514   638 I ThermalEngine: handle_thresh_sig: SS Id SKIN-SS-CPUS-ALL, Read xo_therm_buf 45000mC
05-04 21:24:22.389  1780  1780 I dex2oat : dex2oat took 71.287ms (threads: 4) arena alloc=322KB java alloc=123KB native alloc=1954KB free=1885KB
05-04 21:24:22.423  1785  1785 I dex2oat : Starting dex2oat.
05-04 21:24:22.423  1785  1785 E cutils-trace: Error opening trace file: No such file or directory (2)
05-04 21:24:22.541   704   759 E slim_daemon: [NDK] bindNDKSensors: Sensor server is unavailable.
05-04 21:24:22.647  1785  1785 I dex2oat : dex2oat took 224.488ms (threads: 4) arena alloc=4MB java alloc=448KB native alloc=6MB free=5MB
05-04 21:24:22.683  1790  1790 I dex2oat : Starting dex2oat.
05-04 21:24:22.683  1790  1790 E cutils-trace: Error opening trace file: No such file or directory (2)
05-04 21:24:22.736  1790  1790 I dex2oat : dex2oat took 53.062ms (threads: 4) arena alloc=110KB java alloc=137KB native alloc=1775KB free=1552KB
05-04 21:24:22.745   622   856 I ServiceManager: Waiting for service sensorservice...
05-04 21:24:22.771  1795  1795 I dex2oat : Starting dex2oat.
05-04 21:24:22.771  1795  1795 E cutils-trace: Error opening trace file: No such file or directory (2)
05-04 21:24:22.842  1795  1795 I dex2oat : dex2oat took 71.392ms (threads: 4) arena alloc=351KB java alloc=103KB native alloc=1789KB free=2MB
05-04 21:24:22.874  1800  1800 I dex2oat : Starting dex2oat.
05-04 21:24:22.874  1800  1800 E cutils-trace: Error opening trace file: No such file or directory (2)
05-04 21:24:22.898   514   638 I ThermalEngine: handle_thresh_sig: SS Id SKIN-SS-CPUS-ALL, Read xo_therm_buf 45000mC
05-04 21:24:22.918  1800  1800 I dex2oat : dex2oat took 44.104ms (threads: 4) arena alloc=121KB java alloc=42KB native alloc=1517KB free=1554KB
05-04 21:24:22.954  1805  1805 I dex2oat : Starting dex2oat.
05-04 21:24:22.954  1805  1805 E cutils-trace: Error opening trace file: No such file or directory (2)
05-04 21:24:23.073  1805  1805 I dex2oat : dex2oat took 119.320ms (threads: 4) arena alloc=1048KB java alloc=177KB native alloc=2MB free=2MB
05-04 21:24:23.108  1810  1810 I dex2oat : Starting dex2oat.
05-04 21:24:23.108  1810  1810 E cutils-trace: Error opening trace file: No such file or directory (2)
05-04 21:24:23.137  1810  1810 I dex2oat : dex2oat took 29.579ms (threads: 4) arena alloc=132KB java alloc=32KB native alloc=1216KB free=1088KB
05-04 21:24:23.174  1815  1815 I dex2oat : Starting dex2oat.
05-04 21:24:23.174  1815  1815 E cutils-trace: Error opening trace file: No such file or directory (2)
05-04 21:24:23.310  1815  1815 I dex2oat : dex2oat took 137.211ms (threads: 4) arena alloc=3MB java alloc=141KB native alloc=5MB free=5MB
05-04 21:24:23.348  1820  1820 I dex2oat : Starting dex2oat.
05-04 21:24:23.348  1820  1820 E cutils-trace: Error opening trace file: No such file or directory (2)
05-04 21:24:23.408   514   638 I ThermalEngine: handle_thresh_sig: SS Id SKIN-SS-CPUS-ALL, Read xo_therm_buf 45000mC
05-04 21:24:23.432  1820  1820 I dex2oat : dex2oat took 85.994ms (threads: 4) arena alloc=1501KB java alloc=87KB native alloc=2MB free=3MB
05-04 21:24:23.465  1825  1825 I dex2oat : Starting dex2oat.
05-04 21:24:23.465  1825  1825 E cutils-trace: Error opening trace file: No such file or directory (2)
05-04 21:24:23.489  1825  1825 I dex2oat : dex2oat took 25.120ms (threads: 4) arena alloc=7KB java alloc=20KB native alloc=913KB free=878KB
05-04 21:24:23.526  1830  1830 I dex2oat : Starting dex2oat.
05-04 21:24:23.526  1830  1830 E cutils-trace: Error opening trace file: No such file or directory (2)
05-04 21:24:23.541   704   759 E slim_daemon: [NDK] bindNDKSensors: Sensor server is unavailable.
05-04 21:24:23.686  1830  1830 I dex2oat : dex2oat took 161.810ms (threads: 4) arena alloc=887KB java alloc=234KB native alloc=3MB free=3MB
05-04 21:24:23.723  1835  1835 I dex2oat : Starting dex2oat.
05-04 21:24:23.723  1835  1835 E cutils-trace: Error opening trace file: No such file or directory (2)
05-04 21:24:23.745   622   856 I ServiceManager: Waiting for service sensorservice...
05-04 21:24:23.896  1835  1835 I dex2oat : dex2oat took 173.616ms (threads: 4) arena alloc=387KB java alloc=316KB native alloc=2023KB free=2MB
05-04 21:24:23.919   514   638 I ThermalEngine: handle_thresh_sig: SS Id SKIN-SS-CPUS-ALL, Read xo_therm_buf 45000mC
05-04 21:24:23.934  1840  1840 I dex2oat : Starting dex2oat.
05-04 21:24:23.934  1840  1840 E cutils-trace: Error opening trace file: No such file or directory (2)
05-04 21:24:23.977  1840  1840 I dex2oat : dex2oat took 43.444ms (threads: 4) arena alloc=314KB java alloc=57KB native alloc=1802KB free=1781KB
05-04 21:24:23.982  1614  1614 E art     : DexFile_getDexOptNeeded file '/system/framework/org.apache.http.legacy.jar' does not exist
05-04 21:24:23.982  1614  1614 W PackageManager: Library not found: /system/framework/org.apache.http.legacy.jar
05-04 21:24:24.017  1845  1845 I dex2oat : Starting dex2oat.
05-04 21:24:24.017  1845  1845 E cutils-trace: Error opening trace file: No such file or directory (2)
05-04 21:24:24.060  1845  1845 I dex2oat : dex2oat took 43.504ms (threads: 4) arena alloc=54KB java alloc=48KB native alloc=1515KB free=1556KB
05-04 21:24:24.096  1850  1850 I dex2oat : Starting dex2oat.
05-04 21:24:24.096  1850  1850 E cutils-trace: Error opening trace file: No such file or directory (2)
05-04 21:24:24.141  1850  1850 I dex2oat : dex2oat took 45.274ms (threads: 4) arena alloc=98KB java alloc=60KB native alloc=1328KB free=1743KB
05-04 21:24:24.178  1855  1855 I dex2oat : Starting dex2oat.
05-04 21:24:24.178  1855  1855 E cutils-trace: Error opening trace file: No such file or directory (2)
05-04 21:24:24.396  1855  1855 I dex2oat : dex2oat took 219.494ms (threads: 4) arena alloc=2001KB java alloc=238KB native alloc=3MB free=3MB
05-04 21:24:24.430   514   638 I ThermalEngine: handle_thresh_sig: SS Id SKIN-SS-CPUS-ALL, Read xo_therm_buf 45000mC
05-04 21:24:24.441  1860  1860 I dex2oat : Starting dex2oat.
05-04 21:24:24.441  1860  1860 E cutils-trace: Error opening trace file: No such file or directory (2)
05-04 21:24:24.479  1860  1860 I dex2oat : dex2oat took 38.143ms (threads: 4) arena alloc=47KB java alloc=38KB native alloc=1185KB free=1374KB
05-04 21:24:24.519  1865  1865 I dex2oat : Starting dex2oat.
05-04 21:24:24.519  1865  1865 E cutils-trace: Error opening trace file: No such file or directory (2)
05-04 21:24:24.542   704   759 E slim_daemon: [NDK] bindNDKSensors: Sensor server is unavailable.
05-04 21:24:24.616  1865  1865 I dex2oat : dex2oat took 97.207ms (threads: 4) arena alloc=1092KB java alloc=93KB native alloc=2MB free=2MB
05-04 21:24:24.649  1870  1870 I dex2oat : Starting dex2oat.
05-04 21:24:24.649  1870  1870 E cutils-trace: Error opening trace file: No such file or directory (2)
05-04 21:24:24.700  1870  1870 I dex2oat : dex2oat took 50.962ms (threads: 4) arena alloc=1168KB java alloc=37KB native alloc=2MB free=2MB
05-04 21:24:24.736  1875  1875 I dex2oat : Starting dex2oat.
05-04 21:24:24.736  1875  1875 E cutils-trace: Error opening trace file: No such file or directory (2)
05-04 21:24:24.852  1875  1875 I dex2oat : dex2oat took 116.273ms (threads: 4) arena alloc=912KB java alloc=95KB native alloc=2MB free=2MB
05-04 21:24:24.891  1880  1880 I dex2oat : Starting dex2oat.
05-04 21:24:24.891  1880  1880 E cutils-trace: Error opening trace file: No such file or directory (2)
05-04 21:24:24.940   514   638 I ThermalEngine: handle_thresh_sig: SS Id SKIN-SS-CPUS-ALL, Read xo_therm_buf 45000mC
05-04 21:24:24.942  1880  1880 I dex2oat : dex2oat took 52.065ms (threads: 4) arena alloc=400KB java alloc=31KB native alloc=1451KB free=1364KB
05-04 21:24:24.983  1885  1885 I dex2oat : Starting dex2oat.
05-04 21:24:24.983  1885  1885 E cutils-trace: Error opening trace file: No such file or directory (2)
05-04 21:24:25.029  1885  1885 I dex2oat : dex2oat took 46.615ms (threads: 4) arena alloc=124KB java alloc=46KB native alloc=1472KB free=1343KB
05-04 21:24:25.073  1890  1890 I dex2oat : Starting dex2oat.
05-04 21:24:25.073  1890  1890 E cutils-trace: Error opening trace file: No such file or directory (2)
05-04 21:24:25.122  1890  1890 I dex2oat : dex2oat took 49.791ms (threads: 4) arena alloc=280KB java alloc=43KB native alloc=1337KB free=1222KB
05-04 21:24:25.162  1895  1895 I dex2oat : Starting dex2oat.
05-04 21:24:25.162  1895  1895 E cutils-trace: Error opening trace file: No such file or directory (2)
05-04 21:24:25.206  1895  1895 I dex2oat : dex2oat took 44.194ms (threads: 4) arena alloc=125KB java alloc=24KB native alloc=1082KB free=965KB
05-04 21:24:25.249  1900  1900 I dex2oat : Starting dex2oat.
