05-04 21:25:26.282   567  2379 D mm-camera: <MCT   >< INFO> 1600: mct_pipeline_append_fps_entry:  Added hal_table[5]: (30.000000, 30.000000)
05-04 21:25:26.282   567  2379 D mm-camera: <MCT   >< INFO> 1587: mct_pipeline_append_fps_entry:  Added hal_table[6]: (15.000000, 30.000000)
05-04 21:25:26.283   567  2379 D mm-camera: <MCT   >< INFO> 2735: mct_pipeline_fill_dimensions_snapshot: Cam 0: FPS range selection complete. Publishing 7 ranges.
05-04 21:25:26.287  2294  2294 I Zygote  : ...preloaded 3831 classes in 387ms.
05-04 21:25:26.289  2294  2294 I art     : VMRuntime.preloadDexCaches starting
05-04 21:25:26.289   567   567 D mm-camera: <MCT   >< INFO> 189: mct_controller_destroy: Initiating destroy sequence for session = 2
05-04 21:25:26.290   567   567 D mm-camera: <MCT   >< INFO> 207: mct_controller_destroy: serv_thread closed
05-04 21:25:26.291   567   567 D mm-camera: <MCT   >< INFO> 222: mct_controller_destroy: bus_handler thread closed
05-04 21:25:26.291   567   567 D mm-camera: <MCT   >< INFO> 4393: mct_pipeline_stop_session: Initiating stop_session on session 2
05-04 21:25:26.291   567   567 D mm-camera: <MCT   >< INFO> 3389: mct_pipeline_process_set: command=800000b
05-04 21:25:26.291   567   567 D mm-camera: <MCT   >< INFO> 3607: mct_pipeline_process_set: Issuing DEL_STREAM on stream 0x2000f and stream type=10
05-04 21:25:26.292   567   567 D mm-camera: <IFACE >< INFO> 666: iface_unreserve_sink_port: stream_id f mode 0 
05-04 21:25:26.292   567   567 D mm-camera: <ISP   >< INFO> 911: isp_port_check_caps_unreserve: ide 2000f port 0xf359a400
05-04 21:25:26.297   567   567 D mm-camera: <MCT   >< INFO> 3618: mct_pipeline_process_set: Stream 0x2000f and stream type=10, successfully deleted
05-04 21:25:26.300   567  2399 D mm-camera: <MCT   >< INFO> 4114: mct_pipeline_stop_session_thread: Stop module name: sensor - E
05-04 21:25:26.300   567  2400 D mm-camera: <MCT   >< INFO> 4114: mct_pipeline_stop_session_thread: Stop module name: iface - E
05-04 21:25:26.301   567  2400 D mm-camera: <MCT   >< INFO> 4122: mct_pipeline_stop_session_thread: Stop module name: iface - X
05-04 21:25:26.302   567  2401 D mm-camera: <MCT   >< INFO> 4114: mct_pipeline_stop_session_thread: Stop module name: isp - E
05-04 21:25:26.302   567  2401 D mm-camera: <ISP   >< INFO> 476: isp_module_stop_session: session id 2
05-04 21:25:26.302   567  2402 D mm-camera: <MCT   >< INFO> 4114: mct_pipeline_stop_session_thread: Stop module name: stats - E
05-04 21:25:26.304   567  2403 D mm-camera: <MCT   >< INFO> 4114: mct_pipeline_stop_session_thread: Stop module name: pproc - E
05-04 21:25:26.307   567   567 D mm-camera: <MCT   >< INFO> 4446: mct_pipeline_stop_session: Modules left: 5
05-04 21:25:26.307   567  2405 D mm-camera: <MCT   >< INFO> 4114: mct_pipeline_stop_session_thread: Stop module name: imglib - E
05-04 21:25:26.312   567  2405 D mm-camera: <MCT   >< INFO> 4122: mct_pipeline_stop_session_thread: Stop module name: imglib - X
05-04 21:25:26.313   567   567 D mm-camera: <MCT   >< INFO> 4446: mct_pipeline_stop_session: Modules left: 4
05-04 21:25:26.318   567  2401 D mm-camera: <MCT   >< INFO> 4122: mct_pipeline_stop_session_thread: Stop module name: isp - X
05-04 21:25:26.319   567   567 D mm-camera: <MCT   >< INFO> 4446: mct_pipeline_stop_session: Modules left: 3
05-04 21:25:26.320   567  2403 D mm-camera: <MCT   >< INFO> 4122: mct_pipeline_stop_session_thread: Stop module name: pproc - X
05-04 21:25:26.320   567   567 D mm-camera: <MCT   >< INFO> 4446: mct_pipeline_stop_session: Modules left: 2
05-04 21:25:26.322   567  2402 D mm-camera: <MCT   >< INFO> 4122: mct_pipeline_stop_session_thread: Stop module name: stats - X
05-04 21:25:26.322   567   567 D mm-camera: <MCT   >< INFO> 4446: mct_pipeline_stop_session: Modules left: 1
05-04 21:25:26.354  2294  2294 I art     : VMRuntime.preloadDexCaches strings total=267616 before=46632 after=46632
05-04 21:25:26.354  2294  2294 I art     : VMRuntime.preloadDexCaches types total=21791 before=7425 after=7457
05-04 21:25:26.354  2294  2294 I art     : VMRuntime.preloadDexCaches fields total=112321 before=36568 after=36790
05-04 21:25:26.354  2294  2294 I art     : VMRuntime.preloadDexCaches methods total=180369 before=73777 after=74316
05-04 21:25:26.354  2294  2294 I art     : VMRuntime.preloadDexCaches finished
05-04 21:25:26.375  2410  2410 D idmap   : error: no read access to /vendor/overlay: No such file or directory
05-04 21:25:26.383  2294  2294 I Zygote  : Preloading resources...
05-04 21:25:26.386  2294  2294 W Resources: Preloaded drawable resource #0x1080096 (android:drawable/toast_frame) that varies with configuration!!
05-04 21:25:26.568   567  2399 D mm-camera: <MCT   >< INFO> 4122: mct_pipeline_stop_session_thread: Stop module name: sensor - X
05-04 21:25:26.568   567   567 D mm-camera: <MCT   >< INFO> 4446: mct_pipeline_stop_session: Modules left: 0
05-04 21:25:26.568   567   567 D mm-camera: <MCT   >< INFO> 4455: mct_pipeline_stop_session: Stopped session 2 successfully
05-04 21:25:26.568   567   567 D mm-camera: <MCT   >< INFO> 4742: mct_pipeline_destroy: E: session:2
05-04 21:25:26.568   567   567 D mm-camera: <MCT   >< INFO> 4808: mct_pipeline_destroy: X: Pipeline destroyed successfully session =2
05-04 21:25:26.568   567   567 D mm-camera: <MCT   >< INFO> 246: mct_controller_destroy: X Successfully closed mct_controller session 2
05-04 21:25:26.571  2297  2297 I QCamera : <HAL><INFO> static int qcamera::QCamera3HardwareInterface::getCamInfo(uint32_t, camera_info*): 7935: camera 0 resource cost is 100
05-04 21:25:26.572  2297  2297 I QCamera : <HAL><INFO> int qcamera::QCamera2Factory::getCameraInfo(int, camera_info*): 346: Camera id 1 API version 256
05-04 21:25:26.577   567   567 D mm-camera: < INFO> 395: void enable_memleak_trace(int): start memleak tracking.
05-04 21:25:26.592   704   759 E slim_daemon: [NDK] bindNDKSensors: Sensor server is unavailable.
05-04 21:25:26.599   567   567 D mm-camera: <MCT   >< INFO> 63: mct_controller_new: Creating new mct_controller with session-id 3
05-04 21:25:26.600   567  2430 D mm-camera: <MCT   >< INFO> 4309: mct_pipeline_start_session_thread: E sensor
05-04 21:25:26.600   567  2430 D mm-camera: <MCT   >< INFO> 4316: mct_pipeline_start_session_thread: Calling start_session on Module sensor
05-04 21:25:26.603   567  2432 D mm-camera: <MCT   >< INFO> 4309: mct_pipeline_start_session_thread: E iface
05-04 21:25:26.605   567  2432 D mm-camera: <MCT   >< INFO> 4316: mct_pipeline_start_session_thread: Calling start_session on Module iface
05-04 21:25:26.607   567  2434 D mm-camera: <MCT   >< INFO> 4309: mct_pipeline_start_session_thread: E isp
05-04 21:25:26.611   567  2434 D mm-camera: <MCT   >< INFO> 4316: mct_pipeline_start_session_thread: Calling start_session on Module isp
05-04 21:25:26.611   567  2434 D mm-camera: <ISP   >< INFO> 190: isp_module_start_session: session id 3
05-04 21:25:26.612   567  2432 D mm-camera: <MCT   >< INFO> 4319: mct_pipeline_start_session_thread: Module iface start_session rc = 1
05-04 21:25:26.613   567  2432 D mm-camera: <MCT   >< INFO> 4327: mct_pipeline_start_session_thread: started_num = 1, success = 1
05-04 21:25:26.613   567  2432 D mm-camera: <MCT   >< INFO> 4334: mct_pipeline_start_session_thread: X iface
05-04 21:25:26.613   567  2435 D mm-camera: <MCT   >< INFO> 4309: mct_pipeline_start_session_thread: E stats
05-04 21:25:26.613   567  2435 D mm-camera: <MCT   >< INFO> 4316: mct_pipeline_start_session_thread: Calling start_session on Module stats
05-04 21:25:26.615   567  2438 D mm-camera: <MCT   >< INFO> 4309: mct_pipeline_start_session_thread: E pproc
05-04 21:25:26.616   567  2438 D mm-camera: <MCT   >< INFO> 4316: mct_pipeline_start_session_thread: Calling start_session on Module pproc
05-04 21:25:26.617   567  2440 D mm-camera: <MCT   >< INFO> 4309: mct_pipeline_start_session_thread: E imglib
05-04 21:25:26.617   567  2440 D mm-camera: <MCT   >< INFO> 4316: mct_pipeline_start_session_thread: Calling start_session on Module imglib
05-04 21:25:26.617   567  2440 D mm-camera: <IMGLIB>< INFO> 1771: module_imglib_start_session: module_imglib_start_session:1771 ###Img_Loglevel 1, moduleMask 65535
05-04 21:25:26.618   567  2430 D mm-camera: <MCT   >< INFO> 4319: mct_pipeline_start_session_thread: Module sensor start_session rc = 1
05-04 21:25:26.618   567  2430 D mm-camera: <MCT   >< INFO> 4327: mct_pipeline_start_session_thread: started_num = 2, success = 2
05-04 21:25:26.618   567  2430 D mm-camera: <MCT   >< INFO> 4334: mct_pipeline_start_session_thread: X sensor
05-04 21:25:26.621   567  2440 D mm-camera: <MCT   >< INFO> 4319: mct_pipeline_start_session_thread: Module imglib start_session rc = 1
05-04 21:25:26.621   567  2440 D mm-camera: <MCT   >< INFO> 4327: mct_pipeline_start_session_thread: started_num = 3, success = 3
05-04 21:25:26.621   567  2440 D mm-camera: <MCT   >< INFO> 4334: mct_pipeline_start_session_thread: X imglib
05-04 21:25:26.622   567  2434 D mm-camera: <MCT   >< INFO> 4319: mct_pipeline_start_session_thread: Module isp start_session rc = 1
05-04 21:25:26.622   567  2434 D mm-camera: <MCT   >< INFO> 4327: mct_pipeline_start_session_thread: started_num = 4, success = 4
05-04 21:25:26.622   567  2434 D mm-camera: <MCT   >< INFO> 4334: mct_pipeline_start_session_thread: X isp
05-04 21:25:26.628   567  2435 D mm-camera: <STATS_AIS >< INFO> 338: gyro_port_use_dsps_iface: Use DSPS interface as it supports
05-04 21:25:26.632   567  2435 D mm-camera: <MCT   >< INFO> 4319: mct_pipeline_start_session_thread: Module stats start_session rc = 1
05-04 21:25:26.632   567  2435 D mm-camera: <MCT   >< INFO> 4327: mct_pipeline_start_session_thread: started_num = 5, success = 5
05-04 21:25:26.632   567  2435 D mm-camera: <MCT   >< INFO> 4334: mct_pipeline_start_session_thread: X stats
05-04 21:25:26.633   567  2438 D mm-camera: <MCT   >< INFO> 4319: mct_pipeline_start_session_thread: Module pproc start_session rc = 1
05-04 21:25:26.633   567  2438 D mm-camera: <MCT   >< INFO> 4327: mct_pipeline_start_session_thread: started_num = 6, success = 6
05-04 21:25:26.633   567  2438 D mm-camera: <MCT   >< INFO> 4334: mct_pipeline_start_session_thread: X pproc
05-04 21:25:26.642   567  2448 D mm-camera: <MCT   >< INFO> 4224: mct_pipeline_start_stream_internal: Adding session stream streamid= 0xf for session=3
05-04 21:25:26.642   567  2448 D mm-camera: <MCT   >< INFO> 4272: mct_pipeline_start_stream_internal: Linking session stream for session 3
05-04 21:25:26.644   567  2448 D mm-camera: <MCT   >< INFO> 463: mct_stream_start_link: Start linking Session-stream 0x3000f
05-04 21:25:26.644   567  2448 E mm-camera: <SENSOR><ERROR> 86: port_sensor_caps_reserve: session id doesn't match: 3 : 2
05-04 21:25:26.644   567  2448 E mm-camera: <SENSOR><ERROR> 86: port_sensor_caps_reserve: session id doesn't match: 3 : 2
05-04 21:25:26.644   567  2448 D mm-camera: <IFACE >< INFO> 333: iface_util_find_primary_cid: iface_util_find_primary_cid:333 error cannot find primary sensor format cids 1
05-04 21:25:26.644   567  2448 D mm-camera: <ISP   >< INFO> 822: isp_port_check_caps_reserve: port 0xf359a400 ide 3000f type 10 dim 0 0
05-04 21:25:26.644   567  2448 D mm-camera: <PPROC >< INFO> 446: pproc_port_add_modules_to_stream: stream 10 int_link = 0xf1f82c80
05-04 21:25:26.645   567  2448 D mm-camera: <PPROC >< INFO> 458: pproc_port_add_modules_to_stream: :LINK linking mods tmod and ppeiscore for identity 3000f
05-04 21:25:26.646   567  2448 D mm-camera: <PPROC >< INFO> 458: pproc_port_add_modules_to_stream: :LINK linking mods ppeiscore and c2d for identity 3000f
05-04 21:25:26.646   567  2448 D mm-camera: <PPROC >< INFO> 458: pproc_port_add_modules_to_stream: :LINK linking mods c2d and cpp for identity 3000f
05-04 21:25:26.646   567  2448 D mm-camera: <CPP   >< INFO> 2111: cpp_module_notify_add_stream: :width 0, height 0, stride 0, scanline 0, framelen 0
05-04 21:25:26.646   567  2448 E mm-camera: <CPP   ><ERROR> 2207: cpp_module_notify_add_stream: failed, CPP current version can not support rotation
05-04 21:25:26.646   567  2448 D mm-camera: <CPP   >< INFO> 2273: cpp_module_notify_add_stream: : stream 10, fmt 1, asf_mode 0, sharpness_level 0.000000,asf mask 0, denoise 0, denoise_mask 0, dsdn mask 0,dsdn enable 0, tnr mask 0, tnr enable 0, ds_mask 0
05-04 21:25:26.646   567  2448 D mm-camera: <PPROC >< INFO> 458: pproc_port_add_modules_to_stream: :LINK linking mods cpp and paaf for identity 3000f
05-04 21:25:26.647   567  2448 D mm-camera: <PPROC >< INFO> 458: pproc_port_add_modules_to_stream: :LINK linking mods paaf and llvd for identity 3000f
05-04 21:25:26.649   567  2448 D mm-camera: <MCT   >< INFO> 4281: mct_pipeline_start_stream_internal: Session stream linked successfully session 3
05-04 21:25:26.649   567  2449 E mm-camera: <SENSOR><ERROR> 2847: sensor_get_cur_chromatix_name_for_type: chromatix for res_idx = 0 special_mode_mask = 0     module = 4 chromatix_type = 0 is NULL
05-04 21:25:26.649   567  2449 D mm-camera: <IMGLIB>< INFO> 2059: module_faceproc_query_mod: Caps ROI 10 scene_mode_cnt 1 HW analysis supported 1
05-04 21:25:26.650   567  2449 D mm-camera: <MCT   >< INFO> 1587: mct_pipeline_append_fps_entry:  Added hal_table[0]: (7.000000, 30.000000)
05-04 21:25:26.650   567  2449 D mm-camera: <MCT   >< INFO> 1600: mct_pipeline_append_fps_entry:  Added hal_table[1]: (30.000000, 30.000000)
05-04 21:25:26.650   567  2449 D mm-camera: <MCT   >< INFO> 1587: mct_pipeline_append_fps_entry:  Added hal_table[2]: (8.000000, 30.000000)
05-04 21:25:26.650   567  2449 D mm-camera: <MCT   >< INFO> 2735: mct_pipeline_fill_dimensions_snapshot: Cam 1: FPS range selection complete. Publishing 3 ranges.
05-04 21:25:26.652   567   567 D mm-camera: <MCT   >< INFO> 189: mct_controller_destroy: Initiating destroy sequence for session = 3
05-04 21:25:26.656   567   567 D mm-camera: <MCT   >< INFO> 207: mct_controller_destroy: serv_thread closed
05-04 21:25:26.656   567   567 D mm-camera: <MCT   >< INFO> 222: mct_controller_destroy: bus_handler thread closed
05-04 21:25:26.656   567   567 D mm-camera: <MCT   >< INFO> 4393: mct_pipeline_stop_session: Initiating stop_session on session 3
05-04 21:25:26.656   567   567 D mm-camera: <MCT   >< INFO> 3389: mct_pipeline_process_set: command=800000b
05-04 21:25:26.656   567   567 D mm-camera: <MCT   >< INFO> 3607: mct_pipeline_process_set: Issuing DEL_STREAM on stream 0x3000f and stream type=10
05-04 21:25:26.656   567   567 D mm-camera: <IFACE >< INFO> 666: iface_unreserve_sink_port: stream_id f mode 0 
05-04 21:25:26.656   567   567 D mm-camera: <ISP   >< INFO> 911: isp_port_check_caps_unreserve: ide 3000f port 0xf359a400
05-04 21:25:26.659   567   567 D mm-camera: <MCT   >< INFO> 3618: mct_pipeline_process_set: Stream 0x3000f and stream type=10, successfully deleted
05-04 21:25:26.660   567  2460 D mm-camera: <MCT   >< INFO> 4114: mct_pipeline_stop_session_thread: Stop module name: sensor - E
05-04 21:25:26.661   567  2461 D mm-camera: <MCT   >< INFO> 4114: mct_pipeline_stop_session_thread: Stop module name: iface - E
05-04 21:25:26.661   567  2462 D mm-camera: <MCT   >< INFO> 4114: mct_pipeline_stop_session_thread: Stop module name: isp - E
05-04 21:25:26.661   567  2461 D mm-camera: <MCT   >< INFO> 4122: mct_pipeline_stop_session_thread: Stop module name: iface - X
05-04 21:25:26.661   567  2462 D mm-camera: <ISP   >< INFO> 476: isp_module_stop_session: session id 3
05-04 21:25:26.663   567  2463 D mm-camera: <MCT   >< INFO> 4114: mct_pipeline_stop_session_thread: Stop module name: stats - E
05-04 21:25:26.664   567  2462 D mm-camera: <MCT   >< INFO> 4122: mct_pipeline_stop_session_thread: Stop module name: isp - X
05-04 21:25:26.666   567   567 D mm-camera: <MCT   >< INFO> 4446: mct_pipeline_stop_session: Modules left: 5
05-04 21:25:26.666   567  2465 D mm-camera: <MCT   >< INFO> 4114: mct_pipeline_stop_session_thread: Stop module name: imglib - E
05-04 21:25:26.666   567   567 D mm-camera: <MCT   >< INFO> 4446: mct_pipeline_stop_session: Modules left: 4
05-04 21:25:26.669   567  2460 D mm-camera: <MCT   >< INFO> 4122: mct_pipeline_stop_session_thread: Stop module name: sensor - X
05-04 21:25:26.669   567  2465 D mm-camera: <MCT   >< INFO> 4122: mct_pipeline_stop_session_thread: Stop module name: imglib - X
05-04 21:25:26.669   567   567 D mm-camera: <MCT   >< INFO> 4446: mct_pipeline_stop_session: Modules left: 3
05-04 21:25:26.669   567   567 D mm-camera: <MCT   >< INFO> 4446: mct_pipeline_stop_session: Modules left: 2
05-04 21:25:26.671   567  2464 D mm-camera: <MCT   >< INFO> 4114: mct_pipeline_stop_session_thread: Stop module name: pproc - E
05-04 21:25:26.671   567  2463 D mm-camera: <MCT   >< INFO> 4122: mct_pipeline_stop_session_thread: Stop module name: stats - X
05-04 21:25:26.671   567   567 D mm-camera: <MCT   >< INFO> 4446: mct_pipeline_stop_session: Modules left: 1
05-04 21:25:26.673   567  2464 D mm-camera: <MCT   >< INFO> 4122: mct_pipeline_stop_session_thread: Stop module name: pproc - X
05-04 21:25:26.674   567   567 D mm-camera: <MCT   >< INFO> 4446: mct_pipeline_stop_session: Modules left: 0
05-04 21:25:26.674   567   567 D mm-camera: <MCT   >< INFO> 4455: mct_pipeline_stop_session: Stopped session 3 successfully
05-04 21:25:26.674   567   567 D mm-camera: <MCT   >< INFO> 4742: mct_pipeline_destroy: E: session:3
05-04 21:25:26.674   567   567 D mm-camera: <MCT   >< INFO> 4808: mct_pipeline_destroy: X: Pipeline destroyed successfully session =3
05-04 21:25:26.674   567   567 D mm-camera: <MCT   >< INFO> 246: mct_controller_destroy: X Successfully closed mct_controller session 3
05-04 21:25:26.675  2297  2297 I QCamera : <HAL><INFO> static int qcamera::QCamera3HardwareInterface::getCamInfo(uint32_t, camera_info*): 7935: camera 1 resource cost is 100
05-04 21:25:26.675  2297  2297 I QCamera : <HAL><INFO> int qcamera::QCamera2Factory::getCameraInfo(int, camera_info*): 346: Camera id 0 API version 256
05-04 21:25:26.676  2297  2297 I QCamera : <HAL><INFO> static int qcamera::QCamera3HardwareInterface::getCamInfo(uint32_t, camera_info*): 7935: camera 0 resource cost is 100
05-04 21:25:26.676  2297  2297 I QCamera : <HAL><INFO> int qcamera::QCamera2Factory::getCameraInfo(int, camera_info*): 346: Camera id 1 API version 256
05-04 21:25:26.676  2297  2297 I QCamera : <HAL><INFO> static int qcamera::QCamera3HardwareInterface::getCamInfo(uint32_t, camera_info*): 7935: camera 1 resource cost is 100
05-04 21:25:26.676  2297  2297 I ServiceManager: Waiting for service media.camera.proxy...
05-04 21:25:26.699  2306  2317 I ServiceManager: Waiting for service permission...
05-04 21:25:26.736  2294  2294 W Resources: Preloaded drawable resource #0x10806ef (android:drawable/text_select_handle_left_material) that varies with configuration!!
05-04 21:25:26.737  2294  2294 W Resources: Preloaded drawable resource #0x10806f5 (android:drawable/text_select_handle_right_material) that varies with configuration!!
05-04 21:25:26.738  2294  2294 I Zygote  : ...preloaded 342 resources in 355ms.
05-04 21:25:26.747  2294  2294 I Zygote  : ...preloaded 41 resources in 8ms.
05-04 21:25:26.748  2294  2294 D libEGL  : loaded /vendor/lib64/egl/libEGL_adreno.so
05-04 21:25:26.763  2294  2294 D libEGL  : loaded /vendor/lib64/egl/libGLESv1_CM_adreno.so
05-04 21:25:26.773  2294  2294 D libEGL  : loaded /vendor/lib64/egl/libGLESv2_adreno.so
05-04 21:25:26.786  2294  2294 I Zygote  : Preloading shared libraries...
05-04 21:25:26.792  2294  2294 D Zygote  : end preload
05-04 21:25:26.792  2294  2294 I art     : Starting a blocking GC Explicit
05-04 21:25:26.800  2294  2294 I art     : Explicit concurrent mark sweep GC freed 3488(194KB) AllocSpace objects, 2(72KB) LOS objects, 39% free, 15MB/25MB, paused 349us total 8.219ms
05-04 21:25:26.806  2294  2294 I art     : Starting a blocking GC Explicit
05-04 21:25:26.814  2294  2294 I art     : Explicit concurrent mark sweep GC freed 787(33KB) AllocSpace objects, 0(0B) LOS objects, 39% free, 15MB/25MB, paused 96us total 7.599ms
05-04 21:25:26.815  2294  2336 I art     : Starting a blocking GC HeapTrim
05-04 21:25:26.820  2294  2294 I art     : Starting a blocking GC Background
05-04 21:25:26.871  2294  2294 I Zygote  : System server process 2486 has been created
05-04 21:25:26.876  2294  2294 I Zygote  : Accepting command socket connections
05-04 21:25:26.900  2486  2486 I Zygote  : Process: zygote socket opened, supported ABIS: armeabi-v7a,armeabi
05-04 21:25:26.901  2486  2486 I InstallerConnection: connecting...
05-04 21:25:26.901   489   489 I installd: new connection
05-04 21:25:26.904  2486  2486 I InstallerConnection: disconnecting...
05-04 21:25:26.904   489   489 E installd: eof
05-04 21:25:26.905   489   489 E installd: failed to read size
05-04 21:25:26.905   489   489 I installd: closing connection
05-04 21:25:26.916  2486  2486 I SystemServer: Entered the Android system server!
05-04 21:25:26.955  2486  2486 I SystemServiceManager: Starting com.android.server.pm.Installer
05-04 21:25:26.955  2486  2486 I Installer: Waiting for installd to be ready.
05-04 21:25:26.955  2486  2486 I InstallerConnection: connecting...
05-04 21:25:26.956   489   489 I installd: new connection
05-04 21:25:26.956  2486  2486 I SystemServiceManager: Starting com.android.server.am.ActivityManagerService$Lifecycle
05-04 21:25:27.157  2486  2486 I XXXXXX  : choosing minFree values for 64 Bit
05-04 21:25:27.157  2486  2486 I XXXXXX  : choosing minFree values for 64 Bit
05-04 21:25:27.157  2486  2486 I XXXXXX  : choosing minFree values for 64 Bit
05-04 21:25:27.157  2486  2486 I XXXXXX  : choosing minFree values for 64 Bit
05-04 21:25:27.157  2486  2486 I XXXXXX  : choosing minFree values for 64 Bit
05-04 21:25:27.157  2486  2486 I XXXXXX  : choosing minFree values for 64 Bit
05-04 21:25:27.160  2486  2486 I ActivityManager: Memory class: 384
05-04 21:25:27.165  2486  2523 I ServiceThread: Enabled StrictMode logging for ActivityManager looper.
05-04 21:25:27.168  2486  2524 I ServiceThread: Enabled StrictMode logging for android.ui looper.
05-04 21:25:27.181  2486  2486 D BatteryStatsImpl: Reading daily items from /data/system/batterystats-daily.xml
05-04 21:25:27.188  2486  2486 I AppOps  : No existing app ops /data/system/appops.xml; starting empty
05-04 21:25:27.266  2486  2486 W ProcessCpuTracker: Skipping unknown process pid 2527
05-04 21:25:27.270  2486  2486 I IntentFirewall: Read new rules (A:0 B:0 S:0)
05-04 21:25:27.277  2486  2538 I ServiceThread: Enabled StrictMode logging for android.display looper.
05-04 21:25:27.282  2486  2486 D AppOps  : AppOpsService published
05-04 21:25:27.282  2486  2486 I SystemServiceManager: Starting com.android.server.power.PowerManagerService
05-04 21:25:27.284  2486  2541 I ServiceThread: Enabled StrictMode logging for PowerManagerService looper.
05-04 21:25:27.288  2486  2486 I QCOM PowerHAL: QCOM power HAL initing.
05-04 21:25:27.288  2486  2486 W libsuspend: Error writing 'on' to /sys/power/state: Invalid argument
05-04 21:25:27.288  2486  2486 I libsuspend: Selected wakeup count
05-04 21:25:27.291  2486  2486 I SystemServiceManager: Starting com.android.server.lights.LightsService
05-04 21:25:27.293  2486  2486 I SystemServiceManager: Starting com.android.server.display.DisplayManagerService
05-04 21:25:27.296  2486  2486 I SystemServiceManager: Starting phase 100
05-04 21:25:27.303  2486  2538 I DisplayManagerService: Display device added: DisplayDeviceInfo{"": uniqueId="local:0", 1080 x 1920, modeId 1, defaultModeId 1, supportedModes [{id=1, width=1080, height=1920, fps=60.000004}], colorTransformId 1, defaultColorTransformId 1, supportedColorTransforms [{id=1, colorTransform=0}], density 480, 428.625 x 427.789 dpi, appVsyncOff 0, presDeadline 17666666, touch INTERNAL, rotation 0, type BUILT_IN, state UNKNOWN, FLAG_DEFAULT_DISPLAY, FLAG_ROTATES_WITH_CONTENT, FLAG_SECURE, FLAG_SUPPORTS_PROTECTED_BUFFERS}
05-04 21:25:27.304   471   471 D SurfaceFlinger: Set power mode=2, type=0 flinger=0x7f93883c00
05-04 21:25:27.304   471   471 D SurfaceFlinger: Screen type=0 is already mode=2
05-04 21:25:27.305  2486  2538 I DisplayManagerService: Display device changed state: "", ON
05-04 21:25:27.306  2486  2486 I SystemServer: Package Manager
05-04 21:25:27.312  2486  2486 W SELinuxMMAC: Error opening /data/system/seapp_hash. Assuming first boot.
05-04 21:25:27.318  2486  2486 W SystemConfig: No directory /system/etc/sysconfig, skipping
05-04 21:25:27.360  2486  2486 D SELinuxMMAC: Using policy file /system/etc/security/mac_permissions.xml
05-04 21:25:27.364  2486  2486 E SELinuxMMAC: Duplicate policy entry: cert=308204a8308... seinfo=release
05-04 21:25:27.364  2486  2486 W SELinuxMMAC: ERROR! Duplicate entries found parsing /system/etc/security/mac_permissions.xml
05-04 21:25:27.562  2486  2486 E art     : DexFile_getDexOptNeeded file '/system/framework/org.apache.http.legacy.jar' does not exist
05-04 21:25:27.563  2486  2486 W PackageManager: Library not found: /system/framework/org.apache.http.legacy.jar
05-04 21:25:27.573  2486  2486 E art     : DexFile_getDexOptNeeded file '/system/framework/org.apache.http.legacy.jar' does not exist
05-04 21:25:27.573  2486  2486 W PackageManager: Library not found: /system/framework/org.apache.http.legacy.jar
05-04 21:25:27.593   704   759 E slim_daemon: [NDK] bindNDKSensors: Sensor server is unavailable.
05-04 21:25:27.623  2486  2486 D PackageManager: No files in app dir /vendor/overlay
05-04 21:25:27.630  2486  2486 I PackageManager: SELinux relabeling of flyme issued.
05-04 21:25:27.645   489   489 I SELinux : SELinux: Loaded file_contexts contexts from /file_contexts.
05-04 21:25:27.650  2486  2486 E NativeLibraryHelper: Failed to load assets verifier: 0
05-04 21:25:27.652  2486  2486 W PackageManager: Permission android.permission.SET_APPLICATION_ERROR_LISTENER from package flyme in an unknown group android.permission-group.SYSTEM_TOOLS
05-04 21:25:27.673   673   673 I perfd   : type=1400 audit(0.0:8): avc: denied { kill } for capability=5 scontext=u:r:perfd:s0 tcontext=u:r:perfd:s0 tclass=capability permissive=1
05-04 21:25:27.678  2297  2297 I ServiceManager: Waiting for service media.camera.proxy...
05-04 21:25:27.686  2486  2486 E NativeLibraryHelper: Failed to load assets verifier: 0
05-04 21:25:27.688  2486  2486 W PackageManager: Permission android.permission.PREVENT_POWER_KEY from package android in an unknown group android.permission-group.HARDWARE_CONTROLS
05-04 21:25:27.695  2486  2486 I PackageManager: SELinux relabeling of com.amap.android.location issued.
05-04 21:25:27.700  2306  2317 I ServiceManager: Waiting for service permission...
05-04 21:25:27.700  2486  2486 E NativeLibraryHelper: Failed to load assets verifier: 0
05-04 21:25:27.707  2486  2486 I PackageManager: SELinux relabeling of com.aliyun.ams.tyid issued.
05-04 21:25:27.717  2486  2486 I PackageManager: SELinux relabeling of com.meizu.alphame issued.
05-04 21:25:27.720  2486  2486 E NativeLibraryHelper: Failed to load assets verifier: 0
05-04 21:25:27.725  2486  2486 I PackageManager: SELinux relabeling of com.android.backupconfirm issued.
05-04 21:25:27.728  2486  2486 E NativeLibraryHelper: Failed to load assets verifier: 0
05-04 21:25:27.748  2486  2486 I PackageManager: SELinux relabeling of com.android.browser issued.
05-04 21:25:27.766  2486  2486 I PackageManager: SELinux relabeling of com.android.providers.calendar issued.
05-04 21:25:27.770  2486  2486 E NativeLibraryHelper: Failed to load assets verifier: 0
05-04 21:25:27.775  2486  2486 I PackageManager: SELinux relabeling of com.android.calllogbackup issued.
05-04 21:25:27.787  2486  2486 E NativeLibraryHelper: Failed to load assets verifier: 0
05-04 21:25:27.797  2486  2486 I PackageManager: SELinux relabeling of com.android.carrierconfig issued.
05-04 21:25:27.802  2309  2309 V NatController: runCmd(/system/bin/iptables -w -F natctrl_FORWARD) res=0
05-04 21:25:27.801  2486  2486 E NativeLibraryHelper: Failed to load assets verifier: 0
05-04 21:25:27.813  2486  2486 I PackageManager: SELinux relabeling of com.meizu.flyme.childrenlauncher issued.
05-04 21:25:27.814  2309  2309 V NatController: runCmd(/system/bin/iptables -w -A natctrl_FORWARD -j DROP) res=0
05-04 21:25:27.818  2486  2486 E NativeLibraryHelper: Failed to load assets verifier: 0
05-04 21:25:27.820  2486  2486 W PackageManager: Permission com.meizu.flyme.childrenlauncher.permission.PRELOAD_WORKSPACE from package com.meizu.flyme.childrenlauncher in an unknown group android.permission-group.SYSTEM_TOOLS
05-04 21:25:27.820  2486  2486 W PackageManager: Permission com.android.launcher.permission.INSTALL_SHORTCUT from package com.meizu.flyme.childrenlauncher in an unknown group android.permission-group.SYSTEM_TOOLS
05-04 21:25:27.820  2486  2486 W PackageManager: Permission com.meizu.flyme.childrenlauncher.permission.UNINSTALL_SHORTCUT from package com.meizu.flyme.childrenlauncher in an unknown group android.permission-group.SYSTEM_TOOLS
05-04 21:25:27.820  2486  2486 W PackageManager: Permission com.meizu.flyme.childrenlauncher.permission.READ_SETTINGS from package com.meizu.flyme.childrenlauncher in an unknown group android.permission-group.SYSTEM_TOOLS
05-04 21:25:27.820  2486  2486 W PackageManager: Permission com.meizu.flyme.childrenlauncher.permission.WRITE_SETTINGS from package com.meizu.flyme.childrenlauncher in an unknown group android.permission-group.SYSTEM_TOOLS
05-04 21:25:27.825  2486  2486 W PackageParser: Unknown element under <application>: uses-permission at /system/priv-app/ContactsProvider/ContactsProvider.apk Binary XML file line #65
05-04 21:25:27.826  2486  2486 I PackageManager: SELinux relabeling of com.android.providers.contacts issued.
05-04 21:25:27.827  2309  2309 V NatController: runCmd(/system/bin/iptables -w -t nat -F natctrl_nat_POSTROUTING) res=0
05-04 21:25:27.831  2486  2486 E NativeLibraryHelper: Failed to load assets verifier: 0
05-04 21:25:27.839  2309  2309 V NatController: runCmd(/system/bin/iptables -w -F natctrl_tether_counters) res=0
05-04 21:25:27.849  2486  2486 I PackageManager: SELinux relabeling of com.meizu.customizecenter issued.
05-04 21:25:27.851  2309  2309 V NatController: runCmd(/system/bin/iptables -w -X natctrl_tether_counters) res=0
05-04 21:25:27.855  2486  2486 E NativeLibraryHelper: Failed to load assets verifier: 0
05-04 21:25:27.862  2486  2486 I PackageManager: SELinux relabeling of com.android.defcontainer issued.
05-04 21:25:27.863  2309  2309 V NatController: runCmd(/system/bin/iptables -w -N natctrl_tether_counters) res=0
05-04 21:25:27.865  2486  2486 E NativeLibraryHelper: Failed to load assets verifier: 0
05-04 21:25:27.875  2309  2309 V NatController: runCmd(/system/bin/iptables -w -t mangle -A natctrl_mangle_FORWARD -p tcp --tcp-flags SYN SYN -j TCPMSS --clamp-mss-to-pmtu) res=0
05-04 21:25:27.879  2486  2486 W PackageParser: No actions in intent filter at /system/priv-app/Dialer/Dialer.apk Binary XML file line #155
05-04 21:25:27.885  2486  2486 I PackageManager: SELinux relabeling of com.android.dialer issued.
05-04 21:25:27.904  2486  2486 I PackageManager: SELinux relabeling of com.android.providers.downloads issued.
05-04 21:25:27.909  2486  2486 E NativeLibraryHelper: Failed to load assets verifier: 0
05-04 21:25:27.911  2486  2486 W PackageManager: Permission android.permission.DOWNLOAD_WITHOUT_NOTIFICATION from package com.android.providers.downloads in an unknown group android.permission-group.NETWORK
05-04 21:25:27.929  2486  2486 I PackageManager: SELinux relabeling of com.meizu.media.ebook issued.
05-04 21:25:27.949  2486  2486 W PackageParser: Ignoring duplicate uses-permissions/uses-permissions-sdk-m: android.permission.READ_PHONE_STATE in package: com.meizu.flyme.easylauncher at: Binary XML file line #96
05-04 21:25:27.949  2486  2486 W PackageParser: Ignoring duplicate uses-permissions/uses-permissions-sdk-m: android.permission.GET_ACCOUNTS in package: com.meizu.flyme.easylauncher at: Binary XML file line #97
05-04 21:25:27.949  2486  2486 W PackageParser: Ignoring duplicate uses-permissions/uses-permissions-sdk-m: android.permission.READ_PHONE_STATE in package: com.meizu.flyme.easylauncher at: Binary XML file line #98
05-04 21:25:27.951  2486  2486 I PackageManager: SELinux relabeling of com.meizu.flyme.easylauncher issued.
05-04 21:25:27.959  2486  2486 E NativeLibraryHelper: Failed to load assets verifier: 0
05-04 21:25:27.963  2486  2486 W PackageManager: Permission com.android.launcher.permission.INSTALL_SHORTCUT from package com.meizu.flyme.easylauncher in an unknown group android.permission-group.SYSTEM_TOOLS
05-04 21:25:27.963  2486  2486 W PackageManager: Permission com.android.launcher.permission.UNINSTALL_SHORTCUT from package com.meizu.flyme.easylauncher in an unknown group android.permission-group.SYSTEM_TOOLS
05-04 21:25:27.963  2486  2486 W PackageManager: Permission com.android.launcher3.permission.READ_SETTINGS from package com.meizu.flyme.easylauncher in an unknown group android.permission-group.SYSTEM_TOOLS
05-04 21:25:27.963  2486  2486 W PackageManager: Permission com.android.launcher3.permission.WRITE_SETTINGS from package com.meizu.flyme.easylauncher in an unknown group android.permission-group.SYSTEM_TOOLS
05-04 21:25:27.979  2486  2486 I PackageManager: SELinux relabeling of com.android.email issued.
05-04 21:25:27.986  2486  2486 E NativeLibraryHelper: Failed to load assets verifier: 0
05-04 21:25:27.993  2486  2486 I PackageManager: SELinux relabeling of com.meizu.experiencedatasync issued.
05-04 21:25:27.997  2486  2486 E NativeLibraryHelper: Failed to load assets verifier: 0
05-04 21:25:28.003  2486  2486 I PackageManager: SELinux relabeling of com.android.externalstorage issued.
05-04 21:25:28.006  2486  2486 E NativeLibraryHelper: Failed to load assets verifier: 0
05-04 21:25:28.017  2486  2486 I PackageManager: SELinux relabeling of com.meizu.flyme.launcher issued.
05-04 21:25:28.022  2486  2486 E NativeLibraryHelper: Failed to load assets verifier: 0
05-04 21:25:28.023  2486  2486 E PackageManager: Package: Package{81500e6 com.meizu.flyme.launcher} has multiple bundled libs, but is not multiarch.
05-04 21:25:28.024  2486  2486 W PackageManager: Permission com.meizu.flyme.launcher.permission.PRELOAD_WORKSPACE from package com.meizu.flyme.launcher in an unknown group android.permission-group.SYSTEM_TOOLS
05-04 21:25:28.024  2486  2486 W PackageManager: Permission com.android.launcher.permission.INSTALL_SHORTCUT from package com.meizu.flyme.launcher in an unknown group android.permission-group.SYSTEM_TOOLS
05-04 21:25:28.024  2486  2486 W PackageManager: Permission com.meizu.flyme.launcher.permission.UNINSTALL_SHORTCUT from package com.meizu.flyme.launcher in an unknown group android.permission-group.SYSTEM_TOOLS
05-04 21:25:28.024  2486  2486 W PackageManager: Permission com.meizu.flyme.launcher.permission.READ_SETTINGS from package com.meizu.flyme.launcher in an unknown group android.permission-group.SYSTEM_TOOLS
05-04 21:25:28.024  2486  2486 W PackageManager: Permission com.meizu.flyme.launcher.permission.WRITE_SETTINGS from package com.meizu.flyme.launcher in an unknown group android.permission-group.SYSTEM_TOOLS
05-04 21:25:28.028  2486  2486 I PackageManager: SELinux relabeling of com.android.location.fused issued.
05-04 21:25:28.031  2486  2486 E NativeLibraryHelper: Failed to load assets verifier: 0
05-04 21:25:28.050  2486  2486 I PackageManager: SELinux relabeling of com.meizu.media.gallery issued.
05-04 21:25:28.065  2486  2486 I PackageManager: SELinux relabeling of com.meizu.flyme.hometools issued.
05-04 21:25:28.069  2486  2486 E NativeLibraryHelper: Failed to load assets verifier: 0
05-04 21:25:28.071  2486  2486 W PackageManager: Permission com.meizu.flyme.home.tools.permission.READ_SETTINGS from package com.meizu.flyme.hometools in an unknown group android.permission-group.SYSTEM_TOOLS
05-04 21:25:28.071  2486  2486 W PackageManager: Permission com.meizu.flyme.home.tools.permission.WRITE_SETTINGS from package com.meizu.flyme.hometools in an unknown group android.permission-group.SYSTEM_TOOLS
05-04 21:25:28.077  2486  2486 W PackageParser: Ignoring duplicate uses-permissions/uses-permissions-sdk-m: android.permission.READ_PROFILE in package: com.android.incallui at: Binary XML file line #15
05-04 21:25:28.080  2486  2486 I PackageManager: SELinux relabeling of com.android.incallui issued.
05-04 21:25:28.088  2486  2486 E NativeLibraryHelper: Failed to load assets verifier: 0
05-04 21:25:28.095  2486  2486 I PackageManager: SELinux relabeling of com.android.inputdevices issued.
05-04 21:25:28.101  2486  2486 E NativeLibraryHelper: Failed to load assets verifier: 0
05-04 21:25:28.107  2486  2486 I PackageManager: SELinux relabeling of com.meizu.flyme.providers.forcetouch issued.
05-04 21:25:28.108   514   638 I ThermalEngine: ACTION: CLUSTER - Setting CLUSTER[1] to voltage 705 freq = 1190400
05-04 21:25:28.108   514   638 I ThermalEngine: Mitigation:CLUSTER[1]: 705 mV freq = 1190400 kHz
05-04 21:25:28.110  2486  2486 E NativeLibraryHelper: Failed to load assets verifier: 0
05-04 21:25:28.116  2486  2486 W PackageParser: Ignoring duplicate uses-permissions/uses-permissions-sdk-m: android.permission.READ_LOGS in package: com.meizu.logreport at: Binary XML file line #18
05-04 21:25:28.117  2486  2486 W PackageParser: No actions in intent filter at /system/priv-app/LogReport/LogReport.apk Binary XML file line #59
05-04 21:25:28.118  2486  2486 W PackageParser: No actions in intent filter at /system/priv-app/LogReport/LogReport.apk Binary XML file line #68
05-04 21:25:28.118  2486  2486 W PackageParser: No actions in intent filter at /system/priv-app/LogReport/LogReport.apk Binary XML file line #77
05-04 21:25:28.118  2486  2486 W PackageParser: No actions in intent filter at /system/priv-app/LogReport/LogReport.apk Binary XML file line #86
05-04 21:25:28.120  2486  2486 I PackageManager: SELinux relabeling of com.meizu.logreport issued.
05-04 21:25:28.127  2486  2486 E NativeLibraryHelper: Failed to load assets verifier: 0
05-04 21:25:28.137  2486  2486 I PackageManager: SELinux relabeling of com.android.managedprovisioning issued.
05-04 21:25:28.141  2486  2486 E NativeLibraryHelper: Failed to load assets verifier: 0
05-04 21:25:28.152  2486  2486 I PackageManager: SELinux relabeling of com.android.providers.media issued.
05-04 21:25:28.160  2486  2486 E NativeLibraryHelper: Failed to load assets verifier: 0
05-04 21:25:28.162  2486  2486 W PackageManager: Permission com.meizu.permission.mtp.LOCK from package com.android.providers.media in an unknown group android.permission-group.SYSTEM_TOOLS
05-04 21:25:28.191  2486  2486 I PackageManager: SELinux relabeling of com.android.mms issued.
05-04 21:25:28.199  2486  2486 E NativeLibraryHelper: Failed to load assets verifier: 0
05-04 21:25:28.199  2486  2486 E PackageManager: Package: Package{5fa541c com.android.mms} has multiple bundled libs, but is not multiarch.
05-04 21:25:28.205  2486  2486 I PackageManager: SELinux relabeling of com.android.mms.service issued.
05-04 21:25:28.208  2486  2486 E NativeLibraryHelper: Failed to load assets verifier: 0
05-04 21:25:28.224  2486  2486 I PackageManager: SELinux relabeling of com.meizu.media.music issued.
05-04 21:25:28.240  2486  2486 I PackageManager: SELinux relabeling of com.android.musicfx issued.
05-04 21:25:28.244  2486  2486 E NativeLibraryHelper: Failed to load assets verifier: 0
05-04 21:25:28.253  2486  2486 W PackageParser: Unknown element under <manifest>: receiver at /system/priv-app/MzAccountPlugin/MzAccountPlugin.apk Binary XML file line #54
05-04 21:25:28.256  2486  2486 I PackageManager: SELinux relabeling of com.meizu.gamecenter.service issued.
05-04 21:25:28.274  2486  2486 I PackageManager: SELinux relabeling of com.meizu.backup issued.
05-04 21:25:28.281  2486  2486 E NativeLibraryHelper: Failed to load assets verifier: 0
05-04 21:25:28.292  2486  2486 I PackageManager: SELinux relabeling of com.meizu.callsetting issued.
05-04 21:25:28.298  2486  2486 E NativeLibraryHelper: Failed to load assets verifier: 0
05-04 21:25:28.309  2486  2486 W PackageParser: Unknown element under <manifest>: receiver at /system/priv-app/MzInput/MzInput.apk Binary XML file line #64
05-04 21:25:28.311  2486  2486 I PackageManager: SELinux relabeling of com.meizu.flyme.input issued.
05-04 21:25:28.319  2486  2486 E NativeLibraryHelper: Failed to load assets verifier: 0
05-04 21:25:28.334  2486  2486 I PackageManager: SELinux relabeling of com.meizu.netcontactservice issued.
05-04 21:25:28.341  2486  2486 E NativeLibraryHelper: Failed to load assets verifier: 0
05-04 21:25:28.347  2486  2486 I PackageManager: SELinux relabeling of com.android.onetimeinitializer issued.
05-04 21:25:28.351  2486  2486 E NativeLibraryHelper: Failed to load assets verifier: 0
05-04 21:25:28.359  2486  2486 W PackageParser: Ignoring duplicate uses-permissions/uses-permissions-sdk-m: android.permission.WRITE_SECURE_SETTINGS in package: com.android.packageinstaller at: Binary XML file line #22
05-04 21:25:28.359  2486  2486 W PackageParser: Ignoring duplicate uses-permissions/uses-permissions-sdk-m: com.meizu.flyme.appcenter.permission.action.perform in package: com.android.packageinstaller at: Binary XML file line #36
05-04 21:25:28.359  2486  2486 W PackageParser: Ignoring duplicate uses-permissions/uses-permissions-sdk-m: android.permission.GET_TASKS in package: com.android.packageinstaller at: Binary XML file line #37
05-04 21:25:28.360  2486  2486 W PackageParser: Ignoring duplicate uses-permissions/uses-permissions-sdk-m: android.permission.GET_ACCOUNTS in package: com.android.packageinstaller at: Binary XML file line #38
05-04 21:25:28.360  2486  2486 W PackageParser: Ignoring duplicate uses-permissions/uses-permissions-sdk-m: android.permission.GET_PACKAGE_SIZE in package: com.android.packageinstaller at: Binary XML file line #39
05-04 21:25:28.360  2486  2486 W PackageParser: Ignoring duplicate uses-permissions/uses-permissions-sdk-m: com.meizu.flyme.appcenter.permission.EXTERNAL_INSTALL in package: com.android.packageinstaller at: Binary XML file line #40
05-04 21:25:28.360  2486  2486 W PackageParser: Ignoring duplicate uses-permissions/uses-permissions-sdk-m: com.meizu.mstore.permission.CHECK_UPDATE in package: com.android.packageinstaller at: Binary XML file line #41
05-04 21:25:28.362  2486  2486 I PackageManager: SELinux relabeling of com.android.packageinstaller issued.
05-04 21:25:28.368  2486  2486 E NativeLibraryHelper: Failed to load assets verifier: 0
05-04 21:25:28.378  2486  2486 I PackageManager: SELinux relabeling of com.meizu.perfui issued.
05-04 21:25:28.384  2486  2486 E NativeLibraryHelper: Failed to load assets verifier: 0
05-04 21:25:28.393  2486  2486 I PackageManager: SELinux relabeling of com.meizu.powersave issued.
05-04 21:25:28.398  2486  2486 E NativeLibraryHelper: Failed to load assets verifier: 0
05-04 21:25:28.404  2486  2486 I PackageManager: SELinux relabeling of com.android.proxyhandler issued.
05-04 21:25:28.407  2486  2486 E NativeLibraryHelper: Failed to load assets verifier: 0
05-04 21:25:28.412  2486  2486 W PackageParser: Ignoring duplicate uses-permissions/uses-permissions-sdk-m: android.permission.READ_PHONE_STATE in package: com.meizu.sceneinfo at: Binary XML file line #16
05-04 21:25:28.414  2486  2486 I PackageManager: SELinux relabeling of com.meizu.sceneinfo issued.
05-04 21:25:28.418  2486  2486 E NativeLibraryHelper: Failed to load assets verifier: 0
05-04 21:25:28.419  2486  2486 E PackageManager: Package: Package{a38dbee com.meizu.sceneinfo} has multiple bundled libs, but is not multiarch.
05-04 21:25:28.434  2486  2486 W PackageParser: Ignoring duplicate uses-permissions/uses-permissions-sdk-m: android.permission.RECEIVE_BOOT_COMPLETED in package: com.android.settings at: Binary XML file line #62
05-04 21:25:28.464  2486  2486 I PackageManager: SELinux relabeling of com.android.settings issued.
05-04 21:25:28.474  2486  2486 E NativeLibraryHelper: Failed to load assets verifier: 0
05-04 21:25:28.482  2486  2486 I PackageManager: SELinux relabeling of com.android.providers.settings issued.
05-04 21:25:28.486  2486  2486 E NativeLibraryHelper: Failed to load assets verifier: 0
05-04 21:25:28.491  2486  2486 I PackageManager: SELinux relabeling of com.android.sharedstoragebackup issued.
05-04 21:25:28.494  2486  2486 E NativeLibraryHelper: Failed to load assets verifier: 0
05-04 21:25:28.500  2486  2486 W PackageParser: Ignoring duplicate uses-permissions/uses-permissions-sdk-m: android.permission.INSTALL_GRANT_RUNTIME_PERMISSIONS in package: com.android.shell at: Binary XML file line #101
05-04 21:25:28.501  2486  2486 I PackageManager: SELinux relabeling of com.android.shell issued.
05-04 21:25:28.505  2486  2486 E NativeLibraryHelper: Failed to load assets verifier: 0
05-04 21:25:28.515  2486  2486 I PackageManager: SELinux relabeling of com.android.soundrecorder issued.
05-04 21:25:28.521  2486  2486 E NativeLibraryHelper: Failed to load assets verifier: 0
05-04 21:25:28.526  2486  2486 I PackageManager: SELinux relabeling of com.android.statementservice issued.
05-04 21:25:28.530  2486  2486 E NativeLibraryHelper: Failed to load assets verifier: 0
05-04 21:25:28.544  2486  2486 W PackageParser: No actions in intent filter at /system/priv-app/SystemUI/SystemUI.apk Binary XML file line #184
05-04 21:25:28.546  2486  2486 I PackageManager: SELinux relabeling of com.android.systemui issued.
05-04 21:25:28.553  2486  2486 E NativeLibraryHelper: Failed to load assets verifier: 0
05-04 21:25:28.554  2486  2486 E PackageManager: Package: Package{a3d8ea com.android.systemui} has multiple bundled libs, but is not multiarch.
05-04 21:25:28.565  2486  2486 I PackageManager: SELinux relabeling of com.flyme.systemuitools issued.
05-04 21:25:28.573  2486  2486 E NativeLibraryHelper: Failed to load assets verifier: 0
05-04 21:25:28.573  2486  2486 E PackageManager: Package: Package{c25d854 com.flyme.systemuitools} has multiple bundled libs, but is not multiarch.
05-04 21:25:28.579  2486  2486 I PackageManager: SELinux relabeling of com.android.apps.tag issued.
05-04 21:25:28.584  2486  2486 E NativeLibraryHelper: Failed to load assets verifier: 0
05-04 21:25:28.594   704   759 E slim_daemon: [NDK] bindNDKSensors: Sensor server is unavailable.
05-04 21:25:28.595  2486  2486 W PackageParser: Ignoring duplicate uses-permissions/uses-permissions-sdk-m: android.permission.READ_PRIVILEGED_PHONE_STATE in package: com.android.phone at: Binary XML file line #59
05-04 21:25:28.605  2486  2486 I PackageManager: SELinux relabeling of com.android.phone issued.
05-04 21:25:28.614  2486  2486 E NativeLibraryHelper: Failed to load assets verifier: 0
05-04 21:25:28.629  2486  2486 I PackageManager: SELinux relabeling of com.android.server.telecom issued.
05-04 21:25:28.636  2486  2486 E NativeLibraryHelper: Failed to load assets verifier: 0
05-04 21:25:28.644  2486  2486 I PackageManager: SELinux relabeling of com.android.providers.telephony issued.
05-04 21:25:28.650  2486  2486 E NativeLibraryHelper: Failed to load assets verifier: 0
05-04 21:25:28.658  2309  2309 E Netd    : netlink response contains error (File exists)
05-04 21:25:28.658  2309  2309 E Netd    : Can't add IPv4 default route to dummy0: File exists
05-04 21:25:28.660  2309  2309 E Netd    : Unable to create netlink socket: Protocol not supported
05-04 21:25:28.660  2309  2309 E Netd    : Unable to open quota socket
05-04 21:25:28.661  2309  2309 D MDnsDS  : MDnsSdListener::Hander starting up
05-04 21:25:28.662  2309  2657 D MDnsDS  : MDnsSdListener starting to monitor
05-04 21:25:28.662  2309  2657 D MDnsDS  : Going to poll with pollCount 1
05-04 21:25:28.662  2486  2486 W PackageParser: Ignoring duplicate uses-permissions/uses-permissions-sdk-m: android.permission.WRITE_EXTERNAL_STORAGE in package: com.meizu.media.video at: Binary XML file line #69
05-04 21:25:28.670  2486  2486 I PackageManager: SELinux relabeling of com.meizu.media.video issued.
05-04 21:25:28.680  2297  2297 I ServiceManager: Waiting for service media.camera.proxy...
05-04 21:25:28.697  2486  2486 I PackageManager: SELinux relabeling of com.meizu.voiceassistant issued.
05-04 21:25:28.701  2306  2317 I ServiceManager: Waiting for service permission...
05-04 21:25:28.705  2486  2486 E NativeLibraryHelper: Failed to load assets verifier: 0
05-04 21:25:28.705  2486  2486 E PackageManager: Package: Package{9b4d1f6 com.meizu.voiceassistant} has multiple bundled libs, but is not multiarch.
05-04 21:25:28.713  2486  2486 I PackageManager: SELinux relabeling of com.android.vpndialogs issued.
05-04 21:25:28.719  2486  2486 E NativeLibraryHelper: Failed to load assets verifier: 0
05-04 21:25:28.737  2486  2486 I PackageManager: SELinux relabeling of com.meizu.flyme.wallet issued.
05-04 21:25:28.745  2486  2486 E NativeLibraryHelper: Failed to load assets verifier: 0
05-04 21:25:28.754  2486  2486 I PackageManager: SELinux relabeling of com.android.wallpapercropper issued.
05-04 21:25:28.759  2486  2486 E NativeLibraryHelper: Failed to load assets verifier: 0
05-04 21:25:28.767  2486  2486 W PackageParser: Ignoring duplicate uses-permissions/uses-permissions-sdk-m: android.permission.READ_EXTERNAL_STORAGE in package: com.meizu.yellowpage at: Binary XML file line #55
05-04 21:25:28.771  2486  2486 I PackageManager: SELinux relabeling of com.meizu.yellowpage issued.
05-04 21:25:28.780  2486  2486 E NativeLibraryHelper: Failed to load assets verifier: 0
05-04 21:25:28.797  2486  2486 I PackageManager: SELinux relabeling of com.android.alarmclock issued.
05-04 21:25:28.804  2486  2486 E NativeLibraryHelper: Failed to load assets verifier: 0
05-04 21:25:28.823  2486  2486 I PackageManager: SELinux relabeling of com.meizu.mstore issued.
05-04 21:25:28.832  2486  2486 E NativeLibraryHelper: Failed to load assets verifier: 0
