05-04 22:07:00.029  8571  8571 I PackageManager: SELinux relabeling of com.android.defcontainer issued.
05-04 22:07:00.032  8571  8571 E NativeLibraryHelper: Failed to load assets verifier: 0
05-04 22:07:00.044  8571  8571 W PackageParser: No actions in intent filter at /system/priv-app/Dialer/Dialer.apk Binary XML file line #155
05-04 22:07:00.049  8571  8571 I PackageManager: SELinux relabeling of com.android.dialer issued.
05-04 22:07:00.066  8390  8390 V NatController: runCmd(/system/bin/iptables -w -F natctrl_FORWARD) res=0
05-04 22:07:00.068  8571  8571 I PackageManager: SELinux relabeling of com.android.providers.downloads issued.
05-04 22:07:00.073  8571  8571 E NativeLibraryHelper: Failed to load assets verifier: 0
05-04 22:07:00.075  8571  8571 W PackageManager: Permission android.permission.DOWNLOAD_WITHOUT_NOTIFICATION from package com.android.providers.downloads in an unknown group android.permission-group.NETWORK
05-04 22:07:00.077  8390  8390 V NatController: runCmd(/system/bin/iptables -w -A natctrl_FORWARD -j DROP) res=0
05-04 22:07:00.088  8390  8390 V NatController: runCmd(/system/bin/iptables -w -t nat -F natctrl_nat_POSTROUTING) res=0
05-04 22:07:00.091  8571  8571 I PackageManager: SELinux relabeling of com.meizu.media.ebook issued.
05-04 22:07:00.099  8390  8390 V NatController: runCmd(/system/bin/iptables -w -F natctrl_tether_counters) res=0
05-04 22:07:00.107  8571  8571 W PackageParser: Ignoring duplicate uses-permissions/uses-permissions-sdk-m: android.permission.READ_PHONE_STATE in package: com.meizu.flyme.easylauncher at: Binary XML file line #96
05-04 22:07:00.107  8571  8571 W PackageParser: Ignoring duplicate uses-permissions/uses-permissions-sdk-m: android.permission.GET_ACCOUNTS in package: com.meizu.flyme.easylauncher at: Binary XML file line #97
05-04 22:07:00.107  8571  8571 W PackageParser: Ignoring duplicate uses-permissions/uses-permissions-sdk-m: android.permission.READ_PHONE_STATE in package: com.meizu.flyme.easylauncher at: Binary XML file line #98
05-04 22:07:00.109  8571  8571 I PackageManager: SELinux relabeling of com.meizu.flyme.easylauncher issued.
05-04 22:07:00.110  8390  8390 V NatController: runCmd(/system/bin/iptables -w -X natctrl_tether_counters) res=0
05-04 22:07:00.115  8571  8571 E NativeLibraryHelper: Failed to load assets verifier: 0
05-04 22:07:00.118  8571  8571 W PackageManager: Permission com.android.launcher.permission.INSTALL_SHORTCUT from package com.meizu.flyme.easylauncher in an unknown group android.permission-group.SYSTEM_TOOLS
05-04 22:07:00.118  8571  8571 W PackageManager: Permission com.android.launcher.permission.UNINSTALL_SHORTCUT from package com.meizu.flyme.easylauncher in an unknown group android.permission-group.SYSTEM_TOOLS
05-04 22:07:00.118  8571  8571 W PackageManager: Permission com.android.launcher3.permission.READ_SETTINGS from package com.meizu.flyme.easylauncher in an unknown group android.permission-group.SYSTEM_TOOLS
05-04 22:07:00.118  8571  8571 W PackageManager: Permission com.android.launcher3.permission.WRITE_SETTINGS from package com.meizu.flyme.easylauncher in an unknown group android.permission-group.SYSTEM_TOOLS
05-04 22:07:00.121  8390  8390 V NatController: runCmd(/system/bin/iptables -w -N natctrl_tether_counters) res=0
05-04 22:07:00.131  8571  8571 I PackageManager: SELinux relabeling of com.android.email issued.
05-04 22:07:00.132  8390  8390 V NatController: runCmd(/system/bin/iptables -w -t mangle -A natctrl_mangle_FORWARD -p tcp --tcp-flags SYN SYN -j TCPMSS --clamp-mss-to-pmtu) res=0
05-04 22:07:00.137  8571  8571 E NativeLibraryHelper: Failed to load assets verifier: 0
05-04 22:07:00.144  8571  8571 I PackageManager: SELinux relabeling of com.meizu.experiencedatasync issued.
05-04 22:07:00.147  8571  8571 E NativeLibraryHelper: Failed to load assets verifier: 0
05-04 22:07:00.152  8571  8571 I PackageManager: SELinux relabeling of com.android.externalstorage issued.
05-04 22:07:00.155  8571  8571 E NativeLibraryHelper: Failed to load assets verifier: 0
05-04 22:07:00.164  8571  8571 I PackageManager: SELinux relabeling of com.meizu.flyme.launcher issued.
05-04 22:07:00.165  8389  8413 I ServiceManager: Waiting for service permission...
05-04 22:07:00.168  8571  8571 E NativeLibraryHelper: Failed to load assets verifier: 0
05-04 22:07:00.169  8571  8571 E PackageManager: Package: Package{a449ce3 com.meizu.flyme.launcher} has multiple bundled libs, but is not multiarch.
05-04 22:07:00.170  8571  8571 W PackageManager: Permission com.meizu.flyme.launcher.permission.PRELOAD_WORKSPACE from package com.meizu.flyme.launcher in an unknown group android.permission-group.SYSTEM_TOOLS
05-04 22:07:00.170  8571  8571 W PackageManager: Permission com.android.launcher.permission.INSTALL_SHORTCUT from package com.meizu.flyme.launcher in an unknown group android.permission-group.SYSTEM_TOOLS
05-04 22:07:00.170  8571  8571 W PackageManager: Permission com.meizu.flyme.launcher.permission.UNINSTALL_SHORTCUT from package com.meizu.flyme.launcher in an unknown group android.permission-group.SYSTEM_TOOLS
05-04 22:07:00.170  8571  8571 W PackageManager: Permission com.meizu.flyme.launcher.permission.READ_SETTINGS from package com.meizu.flyme.launcher in an unknown group android.permission-group.SYSTEM_TOOLS
05-04 22:07:00.170  8571  8571 W PackageManager: Permission com.meizu.flyme.launcher.permission.WRITE_SETTINGS from package com.meizu.flyme.launcher in an unknown group android.permission-group.SYSTEM_TOOLS
05-04 22:07:00.173  8571  8571 I PackageManager: SELinux relabeling of com.android.location.fused issued.
05-04 22:07:00.177  8571  8571 E NativeLibraryHelper: Failed to load assets verifier: 0
05-04 22:07:00.194  8571  8571 I PackageManager: SELinux relabeling of com.meizu.media.gallery issued.
05-04 22:07:00.207  8571  8571 I PackageManager: SELinux relabeling of com.meizu.flyme.hometools issued.
05-04 22:07:00.210  8571  8571 E NativeLibraryHelper: Failed to load assets verifier: 0
05-04 22:07:00.211  8571  8571 W PackageManager: Permission com.meizu.flyme.home.tools.permission.READ_SETTINGS from package com.meizu.flyme.hometools in an unknown group android.permission-group.SYSTEM_TOOLS
05-04 22:07:00.211  8571  8571 W PackageManager: Permission com.meizu.flyme.home.tools.permission.WRITE_SETTINGS from package com.meizu.flyme.hometools in an unknown group android.permission-group.SYSTEM_TOOLS
05-04 22:07:00.217  8571  8571 W PackageParser: Ignoring duplicate uses-permissions/uses-permissions-sdk-m: android.permission.READ_PROFILE in package: com.android.incallui at: Binary XML file line #15
05-04 22:07:00.219  8571  8571 I PackageManager: SELinux relabeling of com.android.incallui issued.
05-04 22:07:00.225  8571  8571 E NativeLibraryHelper: Failed to load assets verifier: 0
05-04 22:07:00.230  8571  8571 I PackageManager: SELinux relabeling of com.android.inputdevices issued.
05-04 22:07:00.233  8571  8571 E NativeLibraryHelper: Failed to load assets verifier: 0
05-04 22:07:00.238  8571  8571 I PackageManager: SELinux relabeling of com.meizu.flyme.providers.forcetouch issued.
05-04 22:07:00.241  8571  8571 E NativeLibraryHelper: Failed to load assets verifier: 0
05-04 22:07:00.246  8571  8571 W PackageParser: Ignoring duplicate uses-permissions/uses-permissions-sdk-m: android.permission.READ_LOGS in package: com.meizu.logreport at: Binary XML file line #18
05-04 22:07:00.247  8571  8571 W PackageParser: No actions in intent filter at /system/priv-app/LogReport/LogReport.apk Binary XML file line #59
05-04 22:07:00.247  8571  8571 W PackageParser: No actions in intent filter at /system/priv-app/LogReport/LogReport.apk Binary XML file line #68
05-04 22:07:00.247  8571  8571 W PackageParser: No actions in intent filter at /system/priv-app/LogReport/LogReport.apk Binary XML file line #77
05-04 22:07:00.247  8571  8571 W PackageParser: No actions in intent filter at /system/priv-app/LogReport/LogReport.apk Binary XML file line #86
05-04 22:07:00.249  8571  8571 I PackageManager: SELinux relabeling of com.meizu.logreport issued.
05-04 22:07:00.255  8571  8571 E NativeLibraryHelper: Failed to load assets verifier: 0
05-04 22:07:00.264  8571  8571 I PackageManager: SELinux relabeling of com.android.managedprovisioning issued.
05-04 22:07:00.268  8571  8571 E NativeLibraryHelper: Failed to load assets verifier: 0
05-04 22:07:00.275  8571  8571 I PackageManager: SELinux relabeling of com.android.providers.media issued.
05-04 22:07:00.279  8571  8571 E NativeLibraryHelper: Failed to load assets verifier: 0
05-04 22:07:00.280  8571  8571 W PackageManager: Permission com.meizu.permission.mtp.LOCK from package com.android.providers.media in an unknown group android.permission-group.SYSTEM_TOOLS
05-04 22:07:00.297  8571  8571 I PackageManager: SELinux relabeling of com.android.mms issued.
05-04 22:07:00.303  8571  8571 E NativeLibraryHelper: Failed to load assets verifier: 0
05-04 22:07:00.303  8571  8571 E PackageManager: Package: Package{7e971c1 com.android.mms} has multiple bundled libs, but is not multiarch.
05-04 22:07:00.308  8571  8571 I PackageManager: SELinux relabeling of com.android.mms.service issued.
05-04 22:07:00.311  8571  8571 E NativeLibraryHelper: Failed to load assets verifier: 0
05-04 22:07:00.324  8571  8571 I PackageManager: SELinux relabeling of com.meizu.media.music issued.
05-04 22:07:00.337  8571  8571 I PackageManager: SELinux relabeling of com.android.musicfx issued.
05-04 22:07:00.341  8571  8571 E NativeLibraryHelper: Failed to load assets verifier: 0
05-04 22:07:00.348  8571  8571 W PackageParser: Unknown element under <manifest>: receiver at /system/priv-app/MzAccountPlugin/MzAccountPlugin.apk Binary XML file line #54
05-04 22:07:00.350  8571  8571 I PackageManager: SELinux relabeling of com.meizu.gamecenter.service issued.
05-04 22:07:00.363  8571  8571 I PackageManager: SELinux relabeling of com.meizu.backup issued.
05-04 22:07:00.368  8571  8571 E NativeLibraryHelper: Failed to load assets verifier: 0
05-04 22:07:00.376  8571  8571 I PackageManager: SELinux relabeling of com.meizu.callsetting issued.
05-04 22:07:00.381  8571  8571 E NativeLibraryHelper: Failed to load assets verifier: 0
05-04 22:07:00.389  8571  8571 W PackageParser: Unknown element under <manifest>: receiver at /system/priv-app/MzInput/MzInput.apk Binary XML file line #64
05-04 22:07:00.390  8571  8571 I PackageManager: SELinux relabeling of com.meizu.flyme.input issued.
05-04 22:07:00.397  8571  8571 E NativeLibraryHelper: Failed to load assets verifier: 0
05-04 22:07:00.407  8571  8571 I PackageManager: SELinux relabeling of com.meizu.netcontactservice issued.
05-04 22:07:00.412  8571  8571 E NativeLibraryHelper: Failed to load assets verifier: 0
05-04 22:07:00.417  8571  8571 I PackageManager: SELinux relabeling of com.android.onetimeinitializer issued.
05-04 22:07:00.419  8571  8571 E NativeLibraryHelper: Failed to load assets verifier: 0
05-04 22:07:00.425  8571  8571 W PackageParser: Ignoring duplicate uses-permissions/uses-permissions-sdk-m: android.permission.WRITE_SECURE_SETTINGS in package: com.android.packageinstaller at: Binary XML file line #22
05-04 22:07:00.425  8571  8571 W PackageParser: Ignoring duplicate uses-permissions/uses-permissions-sdk-m: com.meizu.flyme.appcenter.permission.action.perform in package: com.android.packageinstaller at: Binary XML file line #36
05-04 22:07:00.425  8571  8571 W PackageParser: Ignoring duplicate uses-permissions/uses-permissions-sdk-m: android.permission.GET_TASKS in package: com.android.packageinstaller at: Binary XML file line #37
05-04 22:07:00.426  8571  8571 W PackageParser: Ignoring duplicate uses-permissions/uses-permissions-sdk-m: android.permission.GET_ACCOUNTS in package: com.android.packageinstaller at: Binary XML file line #38
05-04 22:07:00.426  8571  8571 W PackageParser: Ignoring duplicate uses-permissions/uses-permissions-sdk-m: android.permission.GET_PACKAGE_SIZE in package: com.android.packageinstaller at: Binary XML file line #39
05-04 22:07:00.426  8571  8571 W PackageParser: Ignoring duplicate uses-permissions/uses-permissions-sdk-m: com.meizu.flyme.appcenter.permission.EXTERNAL_INSTALL in package: com.android.packageinstaller at: Binary XML file line #40
05-04 22:07:00.426  8571  8571 W PackageParser: Ignoring duplicate uses-permissions/uses-permissions-sdk-m: com.meizu.mstore.permission.CHECK_UPDATE in package: com.android.packageinstaller at: Binary XML file line #41
05-04 22:07:00.427  8571  8571 I PackageManager: SELinux relabeling of com.android.packageinstaller issued.
05-04 22:07:00.432  8571  8571 E NativeLibraryHelper: Failed to load assets verifier: 0
05-04 22:07:00.439  8571  8571 I PackageManager: SELinux relabeling of com.meizu.perfui issued.
05-04 22:07:00.443  8571  8571 E NativeLibraryHelper: Failed to load assets verifier: 0
05-04 22:07:00.450  8571  8571 I PackageManager: SELinux relabeling of com.meizu.powersave issued.
05-04 22:07:00.454  8571  8571 E NativeLibraryHelper: Failed to load assets verifier: 0
05-04 22:07:00.457  8571  8571 I PackageManager: SELinux relabeling of com.android.proxyhandler issued.
05-04 22:07:00.460  8571  8571 E NativeLibraryHelper: Failed to load assets verifier: 0
05-04 22:07:00.463  8571  8571 W PackageParser: Ignoring duplicate uses-permissions/uses-permissions-sdk-m: android.permission.READ_PHONE_STATE in package: com.meizu.sceneinfo at: Binary XML file line #16
05-04 22:07:00.465  8571  8571 I PackageManager: SELinux relabeling of com.meizu.sceneinfo issued.
05-04 22:07:00.468  8571  8571 E NativeLibraryHelper: Failed to load assets verifier: 0
05-04 22:07:00.468  8571  8571 E PackageManager: Package: Package{48299cb com.meizu.sceneinfo} has multiple bundled libs, but is not multiarch.
05-04 22:07:00.479  8571  8571 W PackageParser: Ignoring duplicate uses-permissions/uses-permissions-sdk-m: android.permission.RECEIVE_BOOT_COMPLETED in package: com.android.settings at: Binary XML file line #62
05-04 22:07:00.504  8571  8571 I PackageManager: SELinux relabeling of com.android.settings issued.
05-04 22:07:00.512  8571  8571 E NativeLibraryHelper: Failed to load assets verifier: 0
05-04 22:07:00.518  8571  8571 I PackageManager: SELinux relabeling of com.android.providers.settings issued.
05-04 22:07:00.521  8571  8571 E NativeLibraryHelper: Failed to load assets verifier: 0
05-04 22:07:00.525  8571  8571 I PackageManager: SELinux relabeling of com.android.sharedstoragebackup issued.
05-04 22:07:00.527  8571  8571 E NativeLibraryHelper: Failed to load assets verifier: 0
05-04 22:07:00.532  8571  8571 W PackageParser: Ignoring duplicate uses-permissions/uses-permissions-sdk-m: android.permission.INSTALL_GRANT_RUNTIME_PERMISSIONS in package: com.android.shell at: Binary XML file line #101
05-04 22:07:00.533  8571  8571 I PackageManager: SELinux relabeling of com.android.shell issued.
05-04 22:07:00.536  8571  8571 E NativeLibraryHelper: Failed to load assets verifier: 0
05-04 22:07:00.544  8571  8571 I PackageManager: SELinux relabeling of com.android.soundrecorder issued.
05-04 22:07:00.548  8571  8571 E NativeLibraryHelper: Failed to load assets verifier: 0
05-04 22:07:00.553  8571  8571 I PackageManager: SELinux relabeling of com.android.statementservice issued.
05-04 22:07:00.555  8571  8571 E NativeLibraryHelper: Failed to load assets verifier: 0
05-04 22:07:00.566  8571  8571 W PackageParser: No actions in intent filter at /system/priv-app/SystemUI/SystemUI.apk Binary XML file line #184
05-04 22:07:00.567  8571  8571 I PackageManager: SELinux relabeling of com.android.systemui issued.
05-04 22:07:00.573  8571  8571 E NativeLibraryHelper: Failed to load assets verifier: 0
05-04 22:07:00.573  8571  8571 E PackageManager: Package: Package{e7b3bd7 com.android.systemui} has multiple bundled libs, but is not multiarch.
05-04 22:07:00.575   670   740 E slim_daemon: [NDK] bindNDKSensors: Sensor server is unavailable.
05-04 22:07:00.581  8571  8571 I PackageManager: SELinux relabeling of com.flyme.systemuitools issued.
05-04 22:07:00.585  8571  8571 E NativeLibraryHelper: Failed to load assets verifier: 0
05-04 22:07:00.585  8571  8571 E PackageManager: Package: Package{aee0719 com.flyme.systemuitools} has multiple bundled libs, but is not multiarch.
05-04 22:07:00.589  8571  8571 I PackageManager: SELinux relabeling of com.android.apps.tag issued.
05-04 22:07:00.592  8571  8571 E NativeLibraryHelper: Failed to load assets verifier: 0
05-04 22:07:00.601  8571  8571 W PackageParser: Ignoring duplicate uses-permissions/uses-permissions-sdk-m: android.permission.READ_PRIVILEGED_PHONE_STATE in package: com.android.phone at: Binary XML file line #59
05-04 22:07:00.608  8571  8571 I PackageManager: SELinux relabeling of com.android.phone issued.
05-04 22:07:00.613  8571  8571 E NativeLibraryHelper: Failed to load assets verifier: 0
05-04 22:07:00.623  8571  8571 I PackageManager: SELinux relabeling of com.android.server.telecom issued.
05-04 22:07:00.627  8571  8571 E NativeLibraryHelper: Failed to load assets verifier: 0
05-04 22:07:00.632  8571  8571 I PackageManager: SELinux relabeling of com.android.providers.telephony issued.
05-04 22:07:00.635  8571  8571 E NativeLibraryHelper: Failed to load assets verifier: 0
05-04 22:07:00.643  8571  8571 W PackageParser: Ignoring duplicate uses-permissions/uses-permissions-sdk-m: android.permission.WRITE_EXTERNAL_STORAGE in package: com.meizu.media.video at: Binary XML file line #69
05-04 22:07:00.649  8571  8571 I PackageManager: SELinux relabeling of com.meizu.media.video issued.
05-04 22:07:00.666  8571  8571 I PackageManager: SELinux relabeling of com.meizu.voiceassistant issued.
05-04 22:07:00.671  8571  8571 E NativeLibraryHelper: Failed to load assets verifier: 0
05-04 22:07:00.671  8571  8571 E PackageManager: Package: Package{67f85b3 com.meizu.voiceassistant} has multiple bundled libs, but is not multiarch.
05-04 22:07:00.676  8571  8571 I PackageManager: SELinux relabeling of com.android.vpndialogs issued.
05-04 22:07:00.680  8571  8571 E NativeLibraryHelper: Failed to load assets verifier: 0
05-04 22:07:00.693  8571  8571 I PackageManager: SELinux relabeling of com.meizu.flyme.wallet issued.
05-04 22:07:00.698  8571  8571 E NativeLibraryHelper: Failed to load assets verifier: 0
05-04 22:07:00.704  8571  8571 I PackageManager: SELinux relabeling of com.android.wallpapercropper issued.
05-04 22:07:00.707  8571  8571 E NativeLibraryHelper: Failed to load assets verifier: 0
05-04 22:07:00.712  8571  8571 W PackageParser: Ignoring duplicate uses-permissions/uses-permissions-sdk-m: android.permission.READ_EXTERNAL_STORAGE in package: com.meizu.yellowpage at: Binary XML file line #55
05-04 22:07:00.715  8571  8571 I PackageManager: SELinux relabeling of com.meizu.yellowpage issued.
05-04 22:07:00.719  8571  8571 E NativeLibraryHelper: Failed to load assets verifier: 0
05-04 22:07:00.731  8571  8571 I PackageManager: SELinux relabeling of com.android.alarmclock issued.
05-04 22:07:00.736  8571  8571 E NativeLibraryHelper: Failed to load assets verifier: 0
05-04 22:07:00.748  8571  8571 I PackageManager: SELinux relabeling of com.meizu.mstore issued.
05-04 22:07:00.755  8571  8571 E NativeLibraryHelper: Failed to load assets verifier: 0
05-04 22:07:00.762  8571  8571 W PackageParser: Ignoring duplicate uses-permissions/uses-permissions-sdk-m: android.permission.READ_CONTACTS in package: com.android.bluetooth at: Binary XML file line #64
05-04 22:07:00.764  8571  8571 W PackageParser: No actions in intent filter at /system/app/Bluetooth/Bluetooth.apk Binary XML file line #235
05-04 22:07:00.766  8571  8571 I PackageManager: SELinux relabeling of com.android.bluetooth issued.
05-04 22:07:00.769  8571  8571 E NativeLibraryHelper: Failed to load assets verifier: 0
05-04 22:07:00.774  8571  8571 W PackageParser: Unknown element under <application>: uses-feature at /system/app/BluetoothExt/BluetoothExt.apk Binary XML file line #57
05-04 22:07:00.774  8571  8571 W PackageParser: No actions in intent filter at /system/app/BluetoothExt/BluetoothExt.apk Binary XML file line #137
05-04 22:07:00.775  8571  8571 W PackageParser: No actions in intent filter at /system/app/BluetoothExt/BluetoothExt.apk Binary XML file line #161
05-04 22:07:00.775  8571  8571 I PackageManager: SELinux relabeling of org.codeaurora.bluetooth issued.
05-04 22:07:00.778  8571  8571 E NativeLibraryHelper: Failed to load assets verifier: 0
05-04 22:07:00.781  8390  8390 E Netd    : netlink response contains error (File exists)
05-04 22:07:00.781  8390  8390 E Netd    : Can't add IPv4 default route to dummy0: File exists
05-04 22:07:00.782  8571  8571 I PackageManager: SELinux relabeling of com.android.bluetoothmidiservice issued.
05-04 22:07:00.783  8390  8390 E Netd    : Unable to create netlink socket: Protocol not supported
05-04 22:07:00.783  8390  8390 E Netd    : Unable to open quota socket
05-04 22:07:00.784  8390  8390 D MDnsDS  : MDnsSdListener::Hander starting up
05-04 22:07:00.784  8390  8741 D MDnsDS  : MDnsSdListener starting to monitor
05-04 22:07:00.784  8571  8571 E NativeLibraryHelper: Failed to load assets verifier: 0
05-04 22:07:00.784  8390  8741 D MDnsDS  : Going to poll with pollCount 1
05-04 22:07:00.787  8571  8571 I PackageManager: SELinux relabeling of com.android.flyme.bridge.softsim issued.
05-04 22:07:00.789  8571  8571 E NativeLibraryHelper: Failed to load assets verifier: 0
05-04 22:07:00.796  8571  8571 W PackageParser: Ignoring duplicate uses-permissions/uses-permissions-sdk-m: android.permission.READ_EXTERNAL_STORAGE in package: com.meizu.flyme.calculator at: Binary XML file line #48
05-04 22:07:00.798  8571  8571 I PackageManager: SELinux relabeling of com.meizu.flyme.calculator issued.
05-04 22:07:00.802  8571  8571 E NativeLibraryHelper: Failed to load assets verifier: 0
05-04 22:07:00.815  8571  8571 I PackageManager: SELinux relabeling of com.android.calendar issued.
05-04 22:07:00.821  8571  8571 E NativeLibraryHelper: Failed to load assets verifier: 0
05-04 22:07:00.832  8571  8571 I PackageManager: SELinux relabeling of com.meizu.media.camera issued.
05-04 22:07:00.837  8571  8571 E NativeLibraryHelper: Failed to load assets verifier: 0
05-04 22:07:00.842  8571  8571 I PackageManager: SELinux relabeling of com.android.captiveportallogin issued.
05-04 22:07:00.845  8571  8571 E NativeLibraryHelper: Failed to load assets verifier: 0
05-04 22:07:00.850  8571  8571 I PackageManager: SELinux relabeling of com.android.certinstaller issued.
05-04 22:07:00.854  8571  8571 E NativeLibraryHelper: Failed to load assets verifier: 0
05-04 22:07:00.867  8571  8571 I PackageManager: SELinux relabeling of com.meizu.connectivitysettings issued.
05-04 22:07:00.872  8571  8571 E NativeLibraryHelper: Failed to load assets verifier: 0
05-04 22:07:00.878  8571  8571 I PackageManager: SELinux relabeling of com.flyme.virtual.softsim issued.
05-04 22:07:00.882  8571  8571 E NativeLibraryHelper: Failed to load assets verifier: 0
05-04 22:07:00.882  8571  8571 E PackageManager: Package: Package{8e4468b com.flyme.virtual.softsim} has multiple bundled libs, but is not multiarch.
05-04 22:07:00.891  8571  8571 I PackageManager: SELinux relabeling of com.meizu.desktopbackup issued.
05-04 22:07:00.897  8571  8571 E NativeLibraryHelper: Failed to load assets verifier: 0
05-04 22:07:00.898  8571  8571 W PackageManager: Permission com.meizu.desktopbackup.permission.READ_WRITE_SYNC_INFO from package com.meizu.desktopbackup in an unknown group android.permission-group.PERSONAL_INFO
05-04 22:07:00.905  8571  8571 I PackageManager: SELinux relabeling of com.meizu.documentsui issued.
05-04 22:07:00.910  8571  8571 E NativeLibraryHelper: Failed to load assets verifier: 0
05-04 22:07:00.918  8571  8571 I PackageManager: SELinux relabeling of com.android.providers.downloads.ui issued.
05-04 22:07:00.923  8571  8571 E NativeLibraryHelper: Failed to load assets verifier: 0
05-04 22:07:00.934  8571  8571 W PackageParser: No actions in intent filter at /system/app/FileManager/FileManager.apk Binary XML file line #258
05-04 22:07:00.937  8571  8571 I PackageManager: SELinux relabeling of com.meizu.filemanager issued.
05-04 22:07:00.944  8571  8571 E NativeLibraryHelper: Failed to load assets verifier: 0
05-04 22:07:00.955  8571  8571 W PackageParser: Unknown element under <manifest>: meta-data at /system/app/GameCenter/GameCenter.apk Binary XML file line #60
05-04 22:07:00.961  8571  8571 I PackageManager: SELinux relabeling of com.meizu.flyme.gamecenter issued.
05-04 22:07:00.968  8571  8571 E NativeLibraryHelper: Failed to load assets verifier: 0
05-04 22:07:00.976  8571  8571 I PackageManager: SELinux relabeling of com.android.htmlviewer issued.
05-04 22:07:00.980  8571  8571 E NativeLibraryHelper: Failed to load assets verifier: 0
05-04 22:07:00.987  8571  8571 I PackageManager: SELinux relabeling of com.iflytek.speechsuite issued.
05-04 22:07:00.991  8571  8571 E NativeLibraryHelper: Failed to load assets verifier: 0
05-04 22:07:00.999  8571  8571 I PackageManager: SELinux relabeling of com.android.keychain issued.
05-04 22:07:01.002  8571  8571 E NativeLibraryHelper: Failed to load assets verifier: 0
05-04 22:07:01.014  8391  8391 I ServiceManager: Waiting for service media.camera.proxy...
05-04 22:07:01.019  8571  8571 I PackageManager: SELinux relabeling of com.meizu.media.life issued.
05-04 22:07:01.034  8571  8571 I PackageManager: SELinux relabeling of com.ibimuyu.lockscreen issued.
05-04 22:07:01.038  8571  8571 E NativeLibraryHelper: Failed to load assets verifier: 0
05-04 22:07:01.046  8571  8571 W PackageParser: Ignoring duplicate uses-permissions/uses-permissions-sdk-m: android.permission.MANAGE_ACCOUNTS in package: com.meizu.flyme.mall at: Binary XML file line #18
05-04 22:07:01.046  8571  8571 W PackageParser: Ignoring duplicate uses-permissions/uses-permissions-sdk-m: android.permission.USE_CREDENTIALS in package: com.meizu.flyme.mall at: Binary XML file line #19
05-04 22:07:01.052  8571  8571 I PackageManager: SELinux relabeling of com.meizu.flyme.mall issued.
05-04 22:07:01.059  8571  8571 E NativeLibraryHelper: Failed to load assets verifier: 0
05-04 22:07:01.073  8571  8571 I PackageManager: SELinux relabeling of com.meizu.net.map issued.
05-04 22:07:01.097  8571  8571 I PackageManager: SELinux relabeling of com.meizu.account issued.
05-04 22:07:01.104  8571  8571 E NativeLibraryHelper: Failed to load assets verifier: 0
05-04 22:07:01.104  8571  8571 E PackageManager: Package: Package{1a94a5e com.meizu.account} has multiple bundled libs, but is not multiarch.
05-04 22:07:01.113  8571  8571 W PackageParser: Ignoring duplicate uses-permissions/uses-permissions-sdk-m: android.permission.READ_EXTERNAL_STORAGE in package: com.meizu.battery at: Binary XML file line #76
05-04 22:07:01.115  8571  8571 W PackageParser: No actions in intent filter at /system/app/MzBatteryManager/MzBatteryManager.apk Binary XML file line #184
05-04 22:07:01.116  8571  8571 I PackageManager: SELinux relabeling of com.meizu.battery issued.
05-04 22:07:01.121  8571  8571 E NativeLibraryHelper: Failed to load assets verifier: 0
05-04 22:07:01.129  8571  8571 I PackageManager: SELinux relabeling of com.meizu.cloud issued.
05-04 22:07:01.133  8571  8571 E NativeLibraryHelper: Failed to load assets verifier: 0
05-04 22:07:01.149  8571  8571 I PackageManager: SELinux relabeling of com.meizu.compaign issued.
05-04 22:07:01.156  8571  8571 E NativeLibraryHelper: Failed to load assets verifier: 0
05-04 22:07:01.163  8571  8571 I PackageManager: SELinux relabeling of com.meizu.mzcountservice issued.
05-04 22:07:01.166  8389  8413 I ServiceManager: Waiting for service permission...
05-04 22:07:01.167  8571  8571 E NativeLibraryHelper: Failed to load assets verifier: 0
05-04 22:07:01.176  8571  8571 W PackageParser: Ignoring duplicate uses-permissions/uses-permissions-sdk-m: android.permission.READ_EXTERNAL_STORAGE in package: com.meizu.account.pay at: Binary XML file line #39
05-04 22:07:01.180  8571  8571 I PackageManager: SELinux relabeling of com.meizu.account.pay issued.
05-04 22:07:01.186  8571  8571 E NativeLibraryHelper: Failed to load assets verifier: 0
05-04 22:07:01.199  8571  8571 I PackageManager: SELinux relabeling of com.meizu.flyme.service.find issued.
05-04 22:07:01.205  8571  8571 E NativeLibraryHelper: Failed to load assets verifier: 0
05-04 22:07:01.229  8571  8571 I PackageManager: SELinux relabeling of com.meizu.safe issued.
05-04 22:07:01.236  8571  8571 E NativeLibraryHelper: Failed to load assets verifier: 0
05-04 22:07:01.236  8571  8571 E PackageManager: Package: Package{175ca5a com.meizu.safe} has multiple bundled libs, but is not multiarch.
05-04 22:07:01.247  8571  8571 I PackageManager: SELinux relabeling of com.meizu.setup issued.
05-04 22:07:01.253  8571  8571 E NativeLibraryHelper: Failed to load assets verifier: 0
05-04 22:07:01.253  8571  8571 E PackageManager: Package: Package{6aa611a com.meizu.setup} has multiple bundled libs, but is not multiarch.
05-04 22:07:01.266  8571  8571 I PackageManager: SELinux relabeling of com.meizu.share issued.
05-04 22:07:01.271  8571  8571 E NativeLibraryHelper: Failed to load assets verifier: 0
05-04 22:07:01.282  8571  8571 I PackageManager: SELinux relabeling of com.meizu.mzsimcontacts issued.
05-04 22:07:01.287  8571  8571 E NativeLibraryHelper: Failed to load assets verifier: 0
05-04 22:07:01.299  8571  8571 W PackageParser: No actions in intent filter at /system/app/MzSyncService/MzSyncService.apk Binary XML file line #345
05-04 22:07:01.301  8571  8571 I PackageManager: SELinux relabeling of com.meizu.mzsyncservice issued.
05-04 22:07:01.307  8571  8571 E NativeLibraryHelper: Failed to load assets verifier: 0
05-04 22:07:01.309  8571  8571 W PackageManager: Permission com.meizu.mzsyncservice.permission.READ_WRITE_SYNC_INFO from package com.meizu.mzsyncservice in an unknown group android.permission-group.PERSONAL_INFO
05-04 22:07:01.318  8571  8571 I PackageManager: SELinux relabeling of com.meizu.flyme.update issued.
05-04 22:07:01.323  8571  8571 E NativeLibraryHelper: Failed to load assets verifier: 0
05-04 22:07:01.324  8571  8571 E PackageManager: Package: Package{63d1030 com.meizu.flyme.update} has multiple bundled libs, but is not multiarch.
05-04 22:07:01.332  8571  8571 I PackageManager: SELinux relabeling of com.flyme.netadmin issued.
05-04 22:07:01.337  8571  8571 E NativeLibraryHelper: Failed to load assets verifier: 0
05-04 22:07:01.338  8571  8571 E PackageManager: Package: Package{cf4d4bf com.flyme.netadmin} has multiple bundled libs, but is not multiarch.
05-04 22:07:01.345  8571  8571 W PackageParser: Unknown element under <manifest>: meta-data at /system/app/NotePaper/NotePaper.apk Binary XML file line #13
05-04 22:07:01.350  8571  8571 I PackageManager: SELinux relabeling of com.meizu.notepaper issued.
05-04 22:07:01.355  8571  8571 E NativeLibraryHelper: Failed to load assets verifier: 0
05-04 22:07:01.360  8571  8571 I PackageManager: SELinux relabeling of com.android.pacprocessor issued.
05-04 22:07:01.364  8571  8571 E NativeLibraryHelper: Failed to load assets verifier: 0
05-04 22:07:01.365  8571  8571 E PackageManager: Package: Package{18b124a com.android.pacprocessor} has multiple bundled libs, but is not multiarch.
05-04 22:07:01.374  8571  8571 W PackageParser: No actions in intent filter at /system/app/Pedometer/Pedometer.apk Binary XML file line #187
05-04 22:07:01.377  8571  8571 I PackageManager: SELinux relabeling of com.meizu.net.pedometer issued.
05-04 22:07:01.385  8571  8571 E NativeLibraryHelper: Failed to load assets verifier: 0
05-04 22:07:01.392  8571  8571 I PackageManager: SELinux relabeling of com.svox.pico issued.
05-04 22:07:01.397  8571  8571 E NativeLibraryHelper: Failed to load assets verifier: 0
05-04 22:07:01.403  8571  8571 I PackageManager: SELinux relabeling of com.android.printspooler issued.
05-04 22:07:01.407  8571  8571 E NativeLibraryHelper: Failed to load assets verifier: 0
05-04 22:07:01.413  8571  8571 I PackageManager: SELinux relabeling of com.meizu.privacy issued.
05-04 22:07:01.419   474   474 I rmt_storage: rmt_storage_connect_cb: clnt_h=0xa conn_h=0x7fb3afa000
05-04 22:07:01.419   474   474 I rmt_storage: rmt_storage_rw_iovec_cb: /boot/modem_fs2: clnt_h=0x6: req_h=0xa msg_id=3: R/W request received
05-04 22:07:01.419   474   474 I rmt_storage: wakelock acquired: 1, error no: 42
05-04 22:07:01.419   474   849 I rmt_storage: rmt_storage_client_thread: /boot/modem_fs2: clnt_h=0x6 Unblock worker thread (th_id: 548469998656)
05-04 22:07:01.419  8571  8571 E NativeLibraryHelper: Failed to load assets verifier: 0
05-04 22:07:01.436  8571  8571 I PackageManager: SELinux relabeling of com.meizu.media.reader issued.
05-04 22:07:01.452   474   849 I rmt_storage: rmt_storage_client_thread: /boot/modem_fs2: clnt_h=0x6: req_h=0xa msg_id=3: Bytes written = 2097152
05-04 22:07:01.452   474   849 I rmt_storage: rmt_storage_client_thread: /boot/modem_fs2: clnt_h=0x6: req_h=0xa msg_id=3: Send response: res=0 err=0
05-04 22:07:01.452   474   849 I rmt_storage: rmt_storage_client_thread: /boot/modem_fs2: clnt_h=0x6 About to block rmt_storage client thread (th_id: 548469998656) wakelock released: 1, error no: 22
05-04 22:07:01.452   474   849 I rmt_storage: 
05-04 22:07:01.452  8571  8571 I PackageManager: SELinux relabeling of com.flyme.roamingpay issued.
05-04 22:07:01.453   474   474 I rmt_storage: rmt_storage_disconnect_cb: clnt_h=0xa conn_h=0x7fb3afa000
05-04 22:07:01.457  8571  8571 E NativeLibraryHelper: Failed to load assets verifier: 0
05-04 22:07:01.466  8571  8571 W PackageParser: No actions in intent filter at /system/app/Search/Search.apk Binary XML file line #231
05-04 22:07:01.467  8571  8571 I PackageManager: SELinux relabeling of com.meizu.net.search issued.
05-04 22:07:01.478  8571  8571 I PackageManager: SELinux relabeling of com.android.stk issued.
05-04 22:07:01.482  8571  8571 E NativeLibraryHelper: Failed to load assets verifier: 0
05-04 22:07:01.488  8571  8571 I PackageManager: SELinux relabeling of com.meizu.systemwallpaper issued.
05-04 22:07:01.493  8571  8571 E NativeLibraryHelper: Failed to load assets verifier: 0
05-04 22:07:01.493  8571  8571 E PackageManager: Package: Package{8557121 com.meizu.systemwallpaper} has multiple bundled libs, but is not multiarch.
05-04 22:07:01.502  8571  8571 I PackageManager: SELinux relabeling of com.meizu.flyme.toolbox issued.
05-04 22:07:01.507  8571  8571 E NativeLibraryHelper: Failed to load assets verifier: 0
05-04 22:07:01.513  8571  8571 I PackageManager: SELinux relabeling of com.android.providers.userdictionary issued.
05-04 22:07:01.516  8571  8571 E NativeLibraryHelper: Failed to load assets verifier: 0
05-04 22:07:01.519  8571  8571 I PackageManager: SELinux relabeling of com.android.smspush issued.
05-04 22:07:01.521  8571  8571 E NativeLibraryHelper: Failed to load assets verifier: 0
05-04 22:07:01.532  8571  8571 W PackageParser: Unknown element under <application>: uses-permission at /system/app/Weather/Weather.apk Binary XML file line #371
05-04 22:07:01.532  8571  8571 W PackageParser: Unknown element under <application>: uses-permission at /system/app/Weather/Weather.apk Binary XML file line #372
05-04 22:07:01.532  8571  8571 W PackageParser: Unknown element under <application>: uses-permission at /system/app/Weather/Weather.apk Binary XML file line #373
05-04 22:07:01.532  8571  8571 W PackageParser: Unknown element under <application>: uses-permission at /system/app/Weather/Weather.apk Binary XML file line #374
05-04 22:07:01.532  8571  8571 W PackageParser: Unknown element under <application>: uses-permission at /system/app/Weather/Weather.apk Binary XML file line #375
05-04 22:07:01.532  8571  8571 W PackageParser: Unknown element under <application>: uses-permission at /system/app/Weather/Weather.apk Binary XML file line #376
05-04 22:07:01.532  8571  8571 W PackageParser: Unknown element under <application>: uses-permission at /system/app/Weather/Weather.apk Binary XML file line #377
05-04 22:07:01.533  8571  8571 W PackageParser: Unknown element under <application>: uses-permission at /system/app/Weather/Weather.apk Binary XML file line #378
05-04 22:07:01.534  8571  8571 I PackageManager: SELinux relabeling of com.meizu.flyme.weather issued.
05-04 22:07:01.539  8571  8571 E NativeLibraryHelper: Failed to load assets verifier: 0
05-04 22:07:01.546  8571  8571 I PackageManager: SELinux relabeling of com.vlife.mxlock.wallpaper issued.
05-04 22:07:01.550  8571  8571 E NativeLibraryHelper: Failed to load assets verifier: 0
05-04 22:07:01.555  8571  8571 I PackageManager: SELinux relabeling of com.android.webview issued.
05-04 22:07:01.559  8571  8571 E NativeLibraryHelper: Failed to load assets verifier: 0
05-04 22:07:01.560  8571  8571 E NativeLibraryHelper: Failed to load assets verifier: 0
05-04 22:07:01.566  8571  8571 W PackageParser: Ignoring duplicate uses-permissions/uses-permissions-sdk-m: android.permission.CHANGE_WIFI_STATE in package: com.android.nfc at: Binary XML file line #47
05-04 22:07:01.566  8571  8571 W PackageParser: Ignoring duplicate uses-permissions/uses-permissions-sdk-m: android.permission.ACCESS_WIFI_STATE in package: com.android.nfc at: Binary XML file line #48
05-04 22:07:01.569  8571  8571 I PackageManager: SELinux relabeling of com.android.nfc issued.
05-04 22:07:01.572  8571  8571 E NativeLibraryHelper: Failed to load assets verifier: 0
05-04 22:07:01.576   670   740 E slim_daemon: [NDK] bindNDKSensors: Sensor server is unavailable.
05-04 22:07:01.577  8571  8571 I PackageManager: SELinux relabeling of com.qti.service.colorservice issued.
05-04 22:07:01.580  8571  8571 E NativeLibraryHelper: Failed to load assets verifier: 0
05-04 22:07:01.582  8571  8571 W PackageManager: Permission com.qti.snapdragon.sdk.permission.DISPLAY_SETTINGS from package com.qti.service.colorservice in an unknown group android.permission-group.SYSTEM_TOOLS
05-04 22:07:01.583  8571  8571 W PackageManager: Failed to parse /system/vendor/app/ims: Missing base APK in /system/vendor/app/ims
05-04 22:07:01.583  8571  8571 D PackageManager: No files in app dir /oem/app
05-04 22:07:01.585  8571  8571 D PackageManager: No files in app dir /data/app
05-04 22:07:01.585  8571  8571 D PackageManager: No files in app dir /data/app-private
05-04 22:07:01.585  8571  8571 W PackageManager: Package com.meizu.flyme.wallet desires unavailable shared library org.simalliance.openmobileapi; ignoring!
05-04 22:07:01.585  8571  8571 W PackageManager: Package org.codeaurora.bluetooth desires unavailable shared library com.quicinc.wbc; ignoring!
05-04 22:07:01.585  8571  8571 W PackageManager: Package com.meizu.media.gallery desires unavailable shared library com.google.android.media.effects; ignoring!
05-04 22:07:01.586  8571  8571 E PackageManager: updateAllSharedLibrariesLPw failed: Package com.android.systemui requires unavailable shared library com.meizu.camera; failing!
05-04 22:07:01.586  8571  8571 I PackageManager: Adjusting ABI for : com.meizu.netcontactservice to armeabi-v7a
05-04 22:07:01.589  8571  8571 I PackageManager: Adjusting ABI for : flyme to arm64-v8a
05-04 22:07:01.589   490   490 E installd: invalid apk path '/system/framework/flyme-res' (bad prefix)
05-04 22:07:01.589  8571  8571 I PackageManager: Adjusting ABI for : com.meizu.experiencedatasync to arm64-v8a
05-04 22:07:01.589  8571  8571 I PackageManager: Adjusting ABI for : com.meizu.battery to arm64-v8a
05-04 22:07:01.590  8571  8571 I PackageManager: Adjusting ABI for : com.meizu.connectivitysettings to arm64-v8a
05-04 22:07:01.590  8571  8571 I PackageManager: Adjusting ABI for : com.meizu.flyme.easylauncher to arm64-v8a
05-04 22:07:01.590  8571  8571 I PackageManager: Adjusting ABI for : com.android.location.fused to arm64-v8a
05-04 22:07:01.591  8571  8571 I PackageManager: Adjusting ABI for : com.android.inputdevices to arm64-v8a
05-04 22:07:01.591  8571  8571 I PackageManager: Adjusting ABI for : com.android.packageinstaller to arm64-v8a
05-04 22:07:01.591  8571  8571 I PackageManager: Adjusting ABI for : com.meizu.flyme.childrenlauncher to arm64-v8a
05-04 22:07:01.591  8571  8571 I PackageManager: Adjusting ABI for : com.android.keychain to arm64-v8a
05-04 22:07:01.592  8571  8571 I PackageManager: Adjusting ABI for : com.meizu.logreport to arm64-v8a
05-04 22:07:01.592  8571  8571 I PackageManager: Adjusting ABI for : com.android.server.telecom to arm64-v8a
05-04 22:07:01.592  8571  8571 I PackageManager: Adjusting ABI for : com.meizu.documentsui to arm64-v8a
05-04 22:07:01.592  8571  8571 I PackageManager: Adjusting ABI for : com.android.providers.settings to arm64-v8a
05-04 22:07:01.593  8571  8571 I PackageManager: Adjusting ABI for : com.qti.service.colorservice to arm64-v8a
05-04 22:07:01.593   490   490 E installd: invalid apk path '/system/vendor/app/colorservice' (bad prefix)
05-04 22:07:01.593  8571  8571 I PackageManager: Adjusting ABI for : com.meizu.perfui to arm64-v8a
05-04 22:07:01.593  8571  8571 I PackageManager: Adjusting ABI for : com.meizu.alphame to arm64-v8a
05-04 22:07:01.594  8571  8571 I PackageManager: Adjusting ABI for : com.meizu.mzcountservice to arm64-v8a
05-04 22:07:01.594  8571  8571 I PackageManager: Adjusting ABI for : com.android.settings to arm64-v8a
05-04 22:07:01.594  8571  8571 I PackageManager: Adjusting ABI for : com.android.stk to arm64-v8a
05-04 22:07:01.595  8571  8571 I PackageManager: Adjusting ABI for : com.android.mms.service to arm64-v8a
05-04 22:07:01.595  8571  8571 I PackageManager: Adjusting ABI for : com.android.flyme.bridge.softsim to arm64-v8a
05-04 22:07:01.595  8571  8571 I PackageManager: Adjusting ABI for : com.android.providers.telephony to arm64-v8a
05-04 22:07:01.596  8571  8571 I PackageManager: Adjusting ABI for : com.android.phone to arm64-v8a
05-04 22:07:01.597  8571  8571 I PackageManager: Time to scan packages: 1.831 seconds
05-04 22:07:01.598  8571  8571 W PackageManager: Unknown permission android.permission.ROOT_RECOVERY_STATE in package com.flyme.roamingpay
05-04 22:07:01.598  8571  8571 W PackageManager: Unknown permission com.redteamobile.virtual.permission.USE_SOFTSIM in package com.flyme.roamingpay
05-04 22:07:01.598  8571  8571 W PackageManager: Unknown permission com.meizu.flyme.push.permission.RECEIVE in package com.flyme.roamingpay
05-04 22:07:01.598  8571  8571 W PackageManager: Unknown permission com.android.launcher.permission.READ_SETTINGS in package com.meizu.net.pedometer
05-04 22:07:01.598  8571  8571 W PackageManager: Unknown permission com.meizu.flyme.push.permission.RECEIVE in package com.meizu.net.pedometer
05-04 22:07:01.598  8571  8571 W PackageManager: Unknown permission android.permission.ROOT_RECOVERY_STATE in package com.meizu.net.pedometer
05-04 22:07:01.599  8571  8571 W PackageManager: Unknown permission com.google.android.googleapps.permission.GOOGLE_AUTH in package com.android.providers.calendar
05-04 22:07:01.599  8571  8571 W PackageManager: Unknown permission com.google.android.googleapps.permission.GOOGLE_AUTH.cl in package com.android.providers.calendar
05-04 22:07:01.600  8571  8571 W PackageManager: Not granting permission android.permission.INTERACT_ACROSS_USERS_FULL to package com.android.providers.calendar (protectionLevel=258 flags=0x38083e45)
05-04 22:07:01.600  8571  8571 W PackageManager: Unknown permission android.permission.ROOT_RECOVERY_STATE in package com.android.providers.media
05-04 22:07:01.601  8571  8571 W PackageManager: Unknown permission com.android.launcher.permission.READ_SETTINGS in package com.meizu.flyme.launcher
05-04 22:07:01.601  8571  8571 W PackageManager: Unknown permission com.android.launcher.permission.WRITE_SETTINGS in package com.meizu.flyme.launcher
05-04 22:07:01.601  8571  8571 W PackageManager: Not granting permission com.android.permission.WHITELIST_BLUETOOTH_DEVICE to package com.meizu.flyme.launcher (protectionLevel=2 flags=0x3808be45)
05-04 22:07:01.601  8571  8571 W PackageManager: Unknown permission com.meizu.flyme.push.permission.RECEIVE in package com.meizu.flyme.launcher
05-04 22:07:01.601  8571  8571 W PackageManager: Not granting permission android.permission.START_ANY_ACTIVITY to package com.meizu.flyme.launcher (protectionLevel=2 flags=0x3808be45)
05-04 22:07:01.601  8571  8571 W PackageManager: Not granting permission android.permission.INTERACT_ACROSS_USERS_FULL to package com.meizu.flyme.launcher (protectionLevel=258 flags=0x3808be45)
05-04 22:07:01.601  8571  8571 W PackageManager: Unknown permission android.permission.ROOT_RECOVERY_STATE in package com.meizu.flyme.launcher
05-04 22:07:01.601  8571  8571 W PackageManager: Unknown permission android.permission.READ_OWNER_DATA in package com.meizu.desktopbackup
05-04 22:07:01.601  8571  8571 W PackageManager: Unknown permission android.permission.WRITE_OWNER_DATA in package com.meizu.desktopbackup
05-04 22:07:01.601  8571  8571 W PackageManager: Unknown permission com.android.voicemail.permission.READ_WRITE_ALL_VOICEMAIL in package com.meizu.desktopbackup
05-04 22:07:01.601  8571  8571 W PackageManager: Unknown permission android.permission.BACKUP_ACCOUNTS in package com.meizu.desktopbackup
05-04 22:07:01.601  8571  8571 W PackageManager: Unknown permission android.permission.MEIZU_BACKUP_AND_RESTORE in package com.meizu.desktopbackup
05-04 22:07:01.602  8571  8571 W PackageManager: Unknown permission com.meizu.flyme.push.permission.RECEIVE in package com.meizu.desktopbackup
05-04 22:07:01.602  8571  8571 W PackageManager: Unknown permission com.meizu.c2dm.permission.RECEIVE in package com.meizu.desktopbackup
05-04 22:07:01.602  8571  8571 W PackageManager: Unknown permission android.permission.ROOT_RECOVERY_STATE in package com.meizu.desktopbackup
05-04 22:07:01.602  8571  8571 W PackageManager: Unknown permission android.permission.ROOT_RECOVERY_STATE in package com.meizu.account.pay
05-04 22:07:01.602  8571  8571 W PackageManager: Unknown permission org.simalliance.openmobileapi.SMARTCARD in package com.meizu.account.pay
05-04 22:07:01.602  8571  8571 W PackageManager: Unknown permission com.meizu.flyme.push.permission.RECEIVE in package com.android.alarmclock
05-04 22:07:01.602  8571  8571 W PackageManager: Unknown permission android.permission.ROOT_RECOVERY_STATE in package com.android.alarmclock
05-04 22:07:01.602  8571  8571 W PackageManager: Not granting permission android.permission.MOUNT_UNMOUNT_FILESYSTEMS to package com.iflytek.speechsuite (protectionLevel=18 flags=0x38083e45)
05-04 22:07:01.602  8571  8571 W PackageManager: Not granting permission android.permission.READ_LOGS to package com.iflytek.speechsuite (protectionLevel=50 flags=0x38083e45)
05-04 22:07:01.602  8571  8571 W PackageManager: Not granting permission android.permission.LOCAL_MAC_ADDRESS to package com.iflytek.speechsuite (protectionLevel=18 flags=0x38083e45)
05-04 22:07:01.602  8571  8571 W PackageManager: Not granting permission android.permission.READ_PRIVILEGED_PHONE_STATE to package com.iflytek.speechsuite (protectionLevel=18 flags=0x38083e45)
05-04 22:07:01.602  8571  8571 W PackageManager: Not granting permission android.permission.REAL_GET_TASKS to package com.iflytek.speechsuite (protectionLevel=18 flags=0x38083e45)
05-04 22:07:01.602  8571  8571 W PackageManager: Not granting permission android.permission.INTERACT_ACROSS_USERS_FULL to package com.iflytek.speechsuite (protectionLevel=258 flags=0x38083e45)
05-04 22:07:01.602  8571  8571 W PackageManager: Not granting permission android.permission.WRITE_MEDIA_STORAGE to package com.iflytek.speechsuite (protectionLevel=18 flags=0x38083e45)
05-04 22:07:01.603  8571  8571 W PackageManager: Unknown permission android.permission.RECEIVE_SMS_SUPER in package com.android.mms.service
05-04 22:07:01.603  8571  8571 W PackageManager: Unknown permission android.permission.ROOT_RECOVERY_STATE in package com.android.providers.downloads
05-04 22:07:01.603  8571  8571 W PackageManager: Not granting permission android.permission.INTERACT_ACROSS_USERS_FULL to package com.android.providers.downloads (protectionLevel=258 flags=0x3808be45)
05-04 22:07:01.603  8571  8571 W PackageManager: Unknown permission android.permission.READ_SMS_SUPER in package com.meizu.filemanager
05-04 22:07:01.603  8571  8571 W PackageManager: Unknown permission com.meizu.flyme.push.permission.RECEIVE in package com.meizu.filemanager
05-04 22:07:01.603  8571  8571 W PackageManager: Unknown permission android.permission.ROOT_RECOVERY_STATE in package com.meizu.filemanager
05-04 22:07:01.603  8571  8571 W PackageManager: Not granting permission android.permission.SEND_DOWNLOAD_COMPLETED_INTENTS to package com.android.browser (protectionLevel=2 flags=0x3849be45)
05-04 22:07:01.603  8571  8571 W PackageManager: Not granting permission android.permission.DEVICE_POWER to package com.android.browser (protectionLevel=2 flags=0x3849be45)
05-04 22:07:01.603  8571  8571 W PackageManager: Unknown permission android.permission.PERFORM_DEXOPT in package com.android.browser
05-04 22:07:01.604  8571  8571 W PackageManager: Unknown permission android.hardware.sensor.accelerometer in package com.android.browser
05-04 22:07:01.604  8571  8571 W PackageManager: Unknown permission android.permission.ROOT_RECOVERY_STATE in package com.android.browser
05-04 22:07:01.604  8571  8571 W PackageManager: Not granting permission android.permission.START_ANY_ACTIVITY to package com.android.browser (protectionLevel=2 flags=0x3849be45)
05-04 22:07:01.604  8571  8571 W PackageManager: Not granting permission android.permission.PEERS_MAC_ADDRESS to package com.android.browser (protectionLevel=2 flags=0x3849be45)
05-04 22:07:01.604  8571  8571 W PackageManager: Not granting permission android.permission.ACCESS_ALL_DOWNLOADS to package com.android.browser (protectionLevel=2 flags=0x3849be45)
