05-04 22:05:44.808  7100  7100 D msm8974_platform: platform_set_snd_device_backend: hw_interface_table[11] = QUAT_MI2S_RX-and-SLIMBUS_6_RX
05-04 22:05:44.808  7100  7100 D msm8974_platform: platform_set_snd_device_backend: backend_tag_table[voice-headphones]: old = null new = headphones
05-04 22:05:44.808  7100  7100 D msm8974_platform: platform_set_snd_device_backend: hw_interface_table[17] = SLIMBUS_6_RX
05-04 22:05:44.808  7100  7100 D msm8974_platform: platform_set_snd_device_backend: backend_tag_table[voice-anc-headphones]: old = null new = voice-anc-headphones
05-04 22:05:44.808  7100  7100 D msm8974_platform: platform_set_snd_device_backend: hw_interface_table[33] = SLIMBUS_6_RX
05-04 22:05:44.808  7100  7100 D msm8974_platform: platform_set_snd_device_backend: backend_tag_table[voice-line]: old = null new = headphones
05-04 22:05:44.808  7100  7100 D msm8974_platform: platform_set_snd_device_backend: hw_interface_table[18] = SLIMBUS_6_RX
05-04 22:05:44.808  7100  7100 D msm8974_platform: platform_set_snd_device_backend: backend_tag_table[voice-tty-full-headphones]: old = null new = headphones
05-04 22:05:44.808  7100  7100 D msm8974_platform: platform_set_snd_device_backend: hw_interface_table[23] = SLIMBUS_6_RX
05-04 22:05:44.808  7100  7100 D msm8974_platform: platform_set_snd_device_backend: backend_tag_table[voice-tty-vco-headphones]: old = null new = headphones
05-04 22:05:44.808  7100  7100 D msm8974_platform: platform_set_snd_device_backend: hw_interface_table[24] = SLIMBUS_6_RX
05-04 22:05:44.808  7100  7100 D audio_hw_spkr_prot: audio_extn_spkr_prot_init: Initialize speaker protection module
05-04 22:05:44.808  7100  7100 D audio_hw_spkr_prot: audio_extn_spkr_prot_init: Speaker protection disabled
05-04 22:05:44.810  7100  7437 D aud_dev_arbi: runSocketThread: entered
05-04 22:05:44.811  7100  7100 I soundtrigger: audio_extn_sound_trigger_init: Enter
05-04 22:05:44.812  7100  7100 I soundtrigger: audio_extn_sound_trigger_init: DLOPEN successful for /system/vendor/lib/hw/sound_trigger.primary.msm8996.so
05-04 22:05:44.813  7100  7100 E audio_hw_primary: Amplifier initialization failed
05-04 22:05:44.815  7100  7100 E audio_hw_extn: audio_extn_perf_lock_init: Perf lock handles Success 
05-04 22:05:44.815  7100  7100 I AudioFlinger: loadHwModule() Loaded primary audio interface from QCOM Audio HAL (audio) handle 1
05-04 22:05:44.815  7100  7100 I AudioFlinger: openOutput(), module 1 Device 2, SamplingRate 48000, Format 0x000001, Channels 3, flags 6
05-04 22:05:44.815  7100  7100 D audio_hw_primary: adev_open_output_stream: enter: sample_rate(48000) channel_mask(0x3) devices(0x2) flags(0x6)        stream_handle(0xf213c380)
05-04 22:05:44.815  7100  7100 D audio_hw_primary: adev_open_output_stream: Stream (0xf213c380) picks up usecase (low-latency-playback)
05-04 22:05:44.815  7100  7100 I AudioFlinger: AudioStreamOut::open(), mHalFormatIsLinearPcm = 1
05-04 22:05:44.815  7100  7100 I AudioFlinger: HAL output buffer size 192 frames, normal sink buffer size 960 frames
05-04 22:05:44.824  7100  7100 W EffectsFactory: Error querying effect 7d1580bd-297f-4683-9239-e475b6d1d69f on lib offload_bundle
05-04 22:05:44.825  7100  7100 D volume_listener: init_once Called 
05-04 22:05:44.825  7100  7100 I EffectDiracSound: DiracSoundLib_GetDescriptor() start
05-04 22:05:44.825  7100  7100 I BufferProvider: found effect "Multichannel Downmix To Stereo" from The Android Open Source Project
05-04 22:05:44.825  7100  7100 E MonoPipe: Failed to fetch local time frequency when constructing a MonoPipe (res = -32).  getNextWriteTimestamp calls will be non-functional
05-04 22:05:44.826  7100  7439 I AudioFlinger: AudioFlinger's thread 0xf1500000 ready to run
05-04 22:05:44.827  7100  7100 I AudioFlinger: Using module 1 has the primary audio interface
05-04 22:05:44.827  7100  7439 D audio_hw_primary: out_standby: enter: stream (0xf213c380) usecase(1: low-latency-playback)
05-04 22:05:44.827  7100  7439 D audio_hw_primary: out_set_parameters: enter: usecase(1: low-latency-playback) kvpairs: routing=2
05-04 22:05:44.827  7100  7439 D audio_hw_extn: audio_extn_set_anc_parameters: anc_enabled:0
05-04 22:05:44.827  7100  7439 D audio_hw_spkr_prot: audio_extn_fbsp_set_parameters: Speaker protection disabled
05-04 22:05:44.828  7100  7439 E AudioFlinger: no wake lock to update!
05-04 22:05:44.829  7100  7100 I AudioFlinger: openOutput(), module 1 Device 2, SamplingRate 48000, Format 0x000001, Channels 3, flags 104
05-04 22:05:44.829  7100  7100 D audio_hw_primary: adev_open_output_stream: enter: sample_rate(48000) channel_mask(0x3) devices(0x2) flags(0x104)        stream_handle(0xf213c500)
05-04 22:05:44.829  7100  7100 D audio_hw_primary: adev_open_output_stream: Stream (0xf213c500) picks up usecase (audio-ull-playback)
05-04 22:05:44.829  7100  7100 I AudioFlinger: AudioStreamOut::open(), mHalFormatIsLinearPcm = 1
05-04 22:05:44.829  7100  7100 I AudioFlinger: HAL output buffer size 192 frames, normal sink buffer size 960 frames
05-04 22:05:44.830  7100  7441 I AudioFlinger: AudioFlinger's thread 0xf10c0000 ready to run
05-04 22:05:44.831  7100  7441 D audio_hw_primary: out_set_parameters: enter: usecase(12: audio-ull-playback) kvpairs: routing=2
05-04 22:05:44.831  7100  7441 D audio_hw_primary: out_standby: enter: stream (0xf213c500) usecase(12: audio-ull-playback)
05-04 22:05:44.832  7100  7441 E AudioFlinger: no wake lock to update!
05-04 22:05:44.833  7100  7100 I AudioFlinger: openOutput(), module 1 Device 2, SamplingRate 48000, Format 0x000001, Channels 3, flags 8
05-04 22:05:44.833  7100  7100 D audio_hw_primary: adev_open_output_stream: enter: sample_rate(48000) channel_mask(0x3) devices(0x2) flags(0x8)        stream_handle(0xf213c680)
05-04 22:05:44.833  7100  7100 D audio_hw_primary: adev_open_output_stream: Stream (0xf213c680) picks up usecase (deep-buffer-playback)
05-04 22:05:44.833  7100  7100 I AudioFlinger: AudioStreamOut::open(), mHalFormatIsLinearPcm = 1
05-04 22:05:44.834  7100  7100 I AudioFlinger: HAL output buffer size 1920 frames, normal sink buffer size 1920 frames
05-04 22:05:44.834  7100  7442 I AudioFlinger: AudioFlinger's thread 0xf0dc0000 ready to run
05-04 22:05:44.834  7100  7442 D audio_hw_primary: out_set_parameters: enter: usecase(0: deep-buffer-playback) kvpairs: routing=2
05-04 22:05:44.834  7100  7442 D audio_hw_primary: out_standby: enter: stream (0xf213c680) usecase(0: deep-buffer-playback)
05-04 22:05:44.835  7100  7442 E AudioFlinger: no wake lock to update!
05-04 22:05:44.836  7100  7100 I AudioFlinger: openOutput(), module 1 Device 10000, SamplingRate 48000, Format 0x000001, Channels 3, flags 0
05-04 22:05:44.836  7100  7100 D audio_hw_primary: adev_open_output_stream: enter: sample_rate(48000) channel_mask(0x3) devices(0x10000) flags(0)        stream_handle(0xf213c800)
05-04 22:05:44.836  7100  7100 D audio_hw_primary: adev_open_output_stream: Stream (0xf213c800) picks up usecase (afe-proxy-playback)
05-04 22:05:44.836  7100  7100 I AudioFlinger: AudioStreamOut::open(), mHalFormatIsLinearPcm = 1
05-04 22:05:44.836  7100  7100 I AudioFlinger: HAL output buffer size 768 frames, normal sink buffer size 1152 frames
05-04 22:05:44.837  7100  7444 I AudioFlinger: AudioFlinger's thread 0xf0c00000 ready to run
05-04 22:05:44.837  7100  7444 D audio_hw_primary: out_set_parameters: enter: usecase(38: afe-proxy-playback) kvpairs: routing=65536
05-04 22:05:44.838  7100  7444 D audio_hw_primary: out_standby: enter: stream (0xf213c800) usecase(38: afe-proxy-playback)
05-04 22:05:44.838  7100  7444 E AudioFlinger: no wake lock to update!
05-04 22:05:44.840  7100  7100 D audio_hw_primary: adev_open_input_stream: enter: sample_rate(48000) channel_mask(0xc) devices(0x80000040)        stream_handle(0xf20e5fc0) io_handle(10) source(1)
05-04 22:05:44.840  7100  7100 D audio_hw_primary: adev_open_input_stream: enter: sample_rate(48000) channel_mask(0xc) devices(0x80000040)        stream_handle(0xf20e5fc0) io_handle(10) source(1)
05-04 22:05:44.840  7100  7100 W APM::AudioPolicyManager: Cannot open input stream for device 80000040 on hw module primary
05-04 22:05:44.841  7100  7100 D audio_hw_primary: adev_open_input_stream: enter: sample_rate(48000) channel_mask(0xfc) devices(0x80000004)        stream_handle(0xf20e5fc0) io_handle(11) source(1)
05-04 22:05:44.841  7100  7445 I AudioFlinger: AudioFlinger's thread 0xf08c0000 ready to run
05-04 22:05:44.842  7100  7100 D audio_hw_primary: adev_close_input_stream: enter:stream_handle(0xf20e5fc0)
05-04 22:05:44.842  7100  7100 D audio_hw_primary: in_standby: enter: stream (0xf20e5fc0) usecase(16: audio-record)
05-04 22:05:44.842  7100  7100 D audio_hw_primary: adev_open_input_stream: enter: sample_rate(48000) channel_mask(0xc) devices(0x80000040)        stream_handle(0xf20e5fc0) io_handle(12) source(1)
05-04 22:05:44.842  7100  7100 D audio_hw_primary: adev_open_input_stream: enter: sample_rate(48000) channel_mask(0xc) devices(0x80000040)        stream_handle(0xf20e5fc0) io_handle(12) source(1)
05-04 22:05:44.842  7100  7100 W APM::AudioPolicyManager: Cannot open input stream for device 80000040 on hw module primary
05-04 22:05:44.843  7100  7100 I bt_a2dp_hw: adev_open:  adev_open in A2dp_hw module
05-04 22:05:44.844  7100  7100 I AudioFlinger: loadHwModule() Loaded a2dp audio interface from A2DP Audio HW HAL (audio) handle 13
05-04 22:05:44.845  7100  7100 I AudioFlinger: loadHwModule() Loaded usb audio interface from USB audio HW HAL (audio) handle 14
05-04 22:05:44.845  7100  7100 I r_submix: adev_open(name=audio_hw_if)
05-04 22:05:44.846  7100  7100 I r_submix: adev_init_check()
05-04 22:05:44.846  7100  7100 I AudioFlinger: loadHwModule() Loaded r_submix audio interface from Wifi Display audio HAL (audio) handle 15
05-04 22:05:44.846  7100  7100 D r_submix: adev_open_input_stream(addr=0)
05-04 22:05:44.846  7100  7100 D r_submix: submix_audio_device_create_pipe_l(addr=0, idx=9)
05-04 22:05:44.846  7100  7100 D r_submix:   now using address 0 for route 9
05-04 22:05:44.846  7100  7446 I AudioFlinger: AudioFlinger's thread 0xf08c0000 ready to run
05-04 22:05:44.847  7100  7100 D r_submix: adev_close_input_stream()
05-04 22:05:44.847  7100  7100 D r_submix: submix_audio_device_release_pipe_l(idx=9) addr=0
05-04 22:05:44.847  7100  7100 D r_submix: submix_audio_device_destroy_pipe_l(): pipe destroyed
05-04 22:05:44.847  7100  7100 W APM::AudioPolicyManager: Input device 80000040 unreachable
05-04 22:05:44.847  7100  7100 W APM::AudioPolicyManager: Input device 80002000 unreachable
05-04 22:05:44.847  7100  7100 I AudioPolicyManagerCustom: removing AUDIO_CHANNEL_IN_5POINT1 from input profile as SSR(surround sound record) is not supported on this chipset variant
05-04 22:05:44.849  7100  7100 D sound_trigger_hw: stdev_open: Enter
05-04 22:05:44.849  7100  7100 I sound_trigger_platform: platform_stdev_init: Enter
05-04 22:05:44.974  7100  7100 I sound_trigger_platform: platform_stdev_init: acdb_init: msm8996-tasha-mtp-snd-card
05-04 22:05:44.974  7100  7100 D ACDB-LOADER: ACDB -> already initialized, exit
05-04 22:05:44.975  7100  7100 D sound_trigger_platform: platform_stdev_init Opening device /dev/snd/hwC0D1000
05-04 22:05:44.975  7100  7100 D sound_trigger_platform: get_codec_version: codec version WCD9335_2_0
05-04 22:05:44.975  7100  7100 I sound_trigger_hw: stdev_get_properties
05-04 22:05:44.975  7100  7100 I SoundTriggerHwService: loaded default module Sound Trigger HAL, handle 1
05-04 22:05:44.976  7100  7100 I RadioService: RadioService
05-04 22:05:44.976  7100  7100 I RadioService: onFirstRef
05-04 22:05:44.976  7100  7100 E RadioService: couldn't load radio module radio.primary (No such file or directory)
05-04 22:05:45.016   511   661 I ThermalEngine: handle_thresh_sig: SS Id SKIN-SS-GOLD-AND-SILVER, Read xo_therm_buf 43000mC
05-04 22:05:45.422  7237  7393 W dex2oat : Method processed more than once: java.lang.String com.android.dex.Mutf8.decode(com.android.dex.util.ByteInput, char[])
05-04 22:05:45.506  7237  7393 W dex2oat : Method processed more than once: void android.net.Uri.<clinit>()
05-04 22:05:45.514   670   740 E slim_daemon: [NDK] bindNDKSensors: Sensor server is unavailable.
05-04 22:05:45.525   511   661 I ThermalEngine: handle_thresh_sig: SS Id SKIN-SS-GOLD-AND-SILVER, Read xo_therm_buf 43000mC
05-04 22:05:45.779   511   661 I ThermalEngine: ACTION: CLUSTER - Setting CLUSTER[0] to voltage 840 freq = 1363200
05-04 22:05:45.779   511   661 I ThermalEngine: Mitigation:CLUSTER[0]: 840 mV freq = 1363200 kHz
05-04 22:05:45.818  7237  7393 W dex2oat : Method processed more than once: void android.text.TextUtils.<clinit>()
05-04 22:05:46.004  7237  7237 W dex2oat : Skipping class com.quicinc.tcmiface.DpmTcmIface from /system/framework/org.apache.http.legacy.boot.jar previously found in /system/framework/okhttp.jar
05-04 22:05:46.035   511   661 I ThermalEngine: handle_thresh_sig: SS Id SKIN-SS-GOLD-AND-SILVER, Read xo_therm_buf 43000mC
05-04 22:05:46.047  7237  7237 I dex2oat : Explicit concurrent mark sweep GC freed 43670(10MB) AllocSpace objects, 1(20KB) LOS objects, 15% free, 22MB/26MB, paused 142us total 32.795ms
05-04 22:05:46.515   670   740 E slim_daemon: [NDK] bindNDKSensors: Sensor server is unavailable.
05-04 22:05:46.543   511   661 I ThermalEngine: handle_thresh_sig: SS Id SKIN-SS-GOLD-AND-SILVER, Read xo_therm_buf 43000mC
05-04 22:05:47.050   511   661 I ThermalEngine: ACTION: CLUSTER - Setting CLUSTER[1] to voltage 890 freq = 1804800
05-04 22:05:47.050   511   661 I ThermalEngine: Mitigation:CLUSTER[1]: 890 mV freq = 1804800 kHz
05-04 22:05:47.052   511   661 I ThermalEngine: handle_thresh_sig: SS Id SKIN-SS-GOLD-AND-SILVER, Read xo_therm_buf 43000mC
05-04 22:05:47.516   670   740 E slim_daemon: [NDK] bindNDKSensors: Sensor server is unavailable.
05-04 22:05:47.561   511   661 I ThermalEngine: handle_thresh_sig: SS Id SKIN-SS-GOLD-AND-SILVER, Read xo_therm_buf 43000mC
05-04 22:05:48.068   511   661 I ThermalEngine: handle_thresh_sig: SS Id SKIN-SS-GOLD-AND-SILVER, Read xo_therm_buf 43000mC
05-04 22:05:48.517   670   740 E slim_daemon: [NDK] bindNDKSensors: Sensor server is unavailable.
05-04 22:05:48.575   511   661 I ThermalEngine: ACTION: CLUSTER - Setting CLUSTER[0] to voltage 840 freq = 1363200
05-04 22:05:48.575   511   661 I ThermalEngine: Mitigation:CLUSTER[0]: 840 mV freq = 1363200 kHz
05-04 22:05:48.576   511   661 I ThermalEngine: handle_thresh_sig: SS Id SKIN-SS-GOLD-AND-SILVER, Read xo_therm_buf 43000mC
05-04 22:05:49.084   511   661 I ThermalEngine: handle_thresh_sig: SS Id SKIN-SS-GOLD-AND-SILVER, Read xo_therm_buf 43000mC
05-04 22:05:49.488   541   664 E QCALOG  : [MessageQ] ProcessNewMessage: [XTWiFi-PE] unknown deliver target [OS-Agent]
05-04 22:05:49.517   670   740 E slim_daemon: [NDK] bindNDKSensors: Sensor server is unavailable.
05-04 22:05:49.569   541   664 E QCALOG  : [MessageQ] ProcessNewMessage: [XT-CS] unknown deliver target [OS-Agent]
05-04 22:05:49.574   669   781 W XTCC-5.1.0.10: [CS-RIL-LISTENER] timerCallback fired for ril update registering, re-register
05-04 22:05:49.575   541   664 E QCALOG  : [MessageQ] ProcessNewMessage: [XT-CS] unknown deliver target [OS-Agent]
05-04 22:05:49.593   511   661 I ThermalEngine: handle_thresh_sig: SS Id SKIN-SS-GOLD-AND-SILVER, Read xo_therm_buf 43000mC
05-04 22:05:49.688  7237  7392 I dex2oat : Method exceeds compiler instruction limit: 25337 in void org.ccil.cowan.tagsoup.HTMLSchema.<init>()
05-04 22:05:49.847   511   661 I ThermalEngine: ACTION: CLUSTER - Setting CLUSTER[1] to voltage 885 freq = 1785600
05-04 22:05:49.847   511   661 I ThermalEngine: Mitigation:CLUSTER[1]: 885 mV freq = 1785600 kHz
05-04 22:05:50.102   511   661 I ThermalEngine: handle_thresh_sig: SS Id SKIN-SS-GOLD-AND-SILVER, Read xo_therm_buf 43000mC
05-04 22:05:50.344  7168  7218 I chatty  : uid=1000(system) /system/vendor/bin/mm-pp-dpps expire 10 lines
05-04 22:05:50.518   670   740 E slim_daemon: [NDK] bindNDKSensors: Sensor server is unavailable.
05-04 22:05:51.369   511   661 I ThermalEngine: ACTION: CLUSTER - Setting CLUSTER[0] to voltage 780 freq = 1228800
05-04 22:05:51.369   511   661 I ThermalEngine: Mitigation:CLUSTER[0]: 780 mV freq = 1228800 kHz
05-04 22:05:51.518   670   740 E slim_daemon: [NDK] bindNDKSensors: Sensor server is unavailable.
05-04 22:05:52.519   670   740 E slim_daemon: [NDK] bindNDKSensors: Sensor server is unavailable.
05-04 22:05:53.519   670   740 E slim_daemon: [NDK] bindNDKSensors: Sensor server is unavailable.
05-04 22:05:54.488   541   664 E QCALOG  : [MessageQ] ProcessNewMessage: [XTWiFi-PE] unknown deliver target [OS-Agent]
05-04 22:05:54.520   670   740 E slim_daemon: [NDK] bindNDKSensors: Sensor server is unavailable.
05-04 22:05:54.569   541   664 E QCALOG  : [MessageQ] ProcessNewMessage: [XT-CS] unknown deliver target [OS-Agent]
05-04 22:05:54.575   669   781 W XTCC-5.1.0.10: [CS-RIL-LISTENER] timerCallback fired for ril update registering, re-register
05-04 22:05:54.575   541   664 E QCALOG  : [MessageQ] ProcessNewMessage: [XT-CS] unknown deliver target [OS-Agent]
05-04 22:05:55.520   670   740 E slim_daemon: [NDK] bindNDKSensors: Sensor server is unavailable.
05-04 22:05:56.521   670   740 E slim_daemon: [NDK] bindNDKSensors: Sensor server is unavailable.
05-04 22:05:57.521   670   740 E slim_daemon: [NDK] bindNDKSensors: Sensor server is unavailable.
05-04 22:05:58.522   670   740 E slim_daemon: [NDK] bindNDKSensors: Sensor server is unavailable.
05-04 22:05:58.568  7237  7392 W dex2oat : Skipping class com.quicinc.tcmiface.DpmTcmIface from /system/framework/org.apache.http.legacy.boot.jar previously found in /system/framework/okhttp.jar
05-04 22:05:59.489   541   664 E QCALOG  : [MessageQ] ProcessNewMessage: [XTWiFi-PE] unknown deliver target [OS-Agent]
05-04 22:05:59.523   670   740 E slim_daemon: [NDK] bindNDKSensors: Sensor server is unavailable.
05-04 22:05:59.570   541   664 E QCALOG  : [MessageQ] ProcessNewMessage: [XT-CS] unknown deliver target [OS-Agent]
05-04 22:05:59.575   669   781 W XTCC-5.1.0.10: [CS-RIL-LISTENER] timerCallback fired for ril update registering, re-register
05-04 22:05:59.576   541   664 E QCALOG  : [MessageQ] ProcessNewMessage: [XT-CS] unknown deliver target [OS-Agent]
05-04 22:06:00.523   670   740 E slim_daemon: [NDK] bindNDKSensors: Sensor server is unavailable.
05-04 22:06:00.649  7237  7237 I dex2oat : Explicit concurrent mark sweep GC freed 34493(14MB) AllocSpace objects, 0(0B) LOS objects, 26% free, 11MB/15MB, paused 154us total 25.623ms
05-04 22:06:01.524   670   740 E slim_daemon: [NDK] bindNDKSensors: Sensor server is unavailable.
05-04 22:06:02.349  7168  7218 I chatty  : uid=1000(system) /system/vendor/bin/mm-pp-dpps expire 10 lines
05-04 22:06:02.526   670   740 E slim_daemon: [NDK] bindNDKSensors: Sensor server is unavailable.
05-04 22:06:02.961  7237  7237 I dex2oat : dex2oat took 23.427s (threads: 4) arena alloc=2MB java alloc=11MB native alloc=92MB free=19MB
05-04 22:06:03.095  7161  7161 D ICU     : No timezone override file found: /data/misc/zoneinfo/current/icu/icu_tzdata.dat
05-04 22:06:03.128  7161  7161 I Radio-JNI: register_android_hardware_Radio DONE
05-04 22:06:03.135  7161  7161 I SamplingProfilerIntegration: Profiling disabled.
05-04 22:06:03.135  7161  7161 D Zygote  : begin preload
05-04 22:06:03.136  7161  7161 I Zygote  : Preloading classes...
05-04 22:06:03.175  7161  7161 D skia    : [SkFontConfigParser] /system/etc/fonts.xml:103:4: warning: 'DINPro' alias target not found
05-04 22:06:03.175  7161  7161 D skia    : [SkFontConfigParser] /system/etc/fonts.xml:104:4: warning: 'DINPro' alias target not found
05-04 22:06:03.175  7161  7161 D skia    : [SkFontConfigParser] /system/etc/fonts.xml:105:4: warning: 'DINPro' alias target not found
05-04 22:06:03.208  7161  7161 E Minikin : addFont failed to create font /system/fonts/Padauk.ttf
05-04 22:06:03.222  7161  7161 E Minikin : addFont failed to create font /system/fonts/NanumGothic.ttf
05-04 22:06:03.222  7161  7161 E Minikin : addFont failed to create font /system/fonts/DroidSansFallback.ttf
05-04 22:06:03.222  7161  7161 E Minikin : addFont failed to create font /system/fonts/MTLmr3m.ttf
05-04 22:06:03.273  7161  7161 V DngCreator_JNI: DngCreator_nativeClassInit:
05-04 22:06:03.346  7161  7161 I art     : Thread[1,tid=7161,Native,Thread*=0x7fae07ba00,peer=0x12c2c100,"main"] recursive attempt to load library "/system/lib64/libmedia_jni.so"
05-04 22:06:03.347  7161  7161 D MtpDeviceJNI: register_android_mtp_MtpDevice
05-04 22:06:03.347  7161  7161 I art     : Thread[1,tid=7161,Native,Thread*=0x7fae07ba00,peer=0x12c2c100,"main"] recursive attempt to load library "/system/lib64/libmedia_jni.so"
05-04 22:06:03.347  7161  7161 I art     : Thread[1,tid=7161,Native,Thread*=0x7fae07ba00,peer=0x12c2c100,"main"] recursive attempt to load library "/system/lib64/libmedia_jni.so"
05-04 22:06:03.447  7453  7453 I dex2oat : /system/bin/dex2oat --dex-file=/system/framework/tcmclient.jar --oat-file=/data/dalvik-cache/arm64/system@framework@tcmclient.jar@classes.dex
05-04 22:06:03.448  7453  7453 E cutils-trace: Error opening trace file: No such file or directory (2)
05-04 22:06:03.491  7453  7453 I dex2oat : dex2oat took 44.400ms (threads: 4) arena alloc=393KB java alloc=38KB native alloc=1480KB free=1335KB
05-04 22:06:03.528   670   740 E slim_daemon: [NDK] bindNDKSensors: Sensor server is unavailable.
05-04 22:06:03.564  7161  7161 I System  : Loaded time zone names for "" in 30ms (28ms in ICU)
05-04 22:06:03.586  7161  7161 I System  : Loaded time zone names for "en_US" in 21ms (19ms in ICU)
05-04 22:06:03.611  7161  7161 I System  : Loaded time zone names for "zh_CN" in 25ms (24ms in ICU)
05-04 22:06:03.624  7161  7161 I Zygote  : ...preloaded 3831 classes in 489ms.
05-04 22:06:03.624  7161  7161 I art     : VMRuntime.preloadDexCaches starting
05-04 22:06:03.694  7161  7161 I art     : VMRuntime.preloadDexCaches strings total=267616 before=46632 after=46632
05-04 22:06:03.695  7161  7161 I art     : VMRuntime.preloadDexCaches types total=21791 before=7425 after=7457
05-04 22:06:03.695  7161  7161 I art     : VMRuntime.preloadDexCaches fields total=112321 before=36568 after=36790
05-04 22:06:03.695  7161  7161 I art     : VMRuntime.preloadDexCaches methods total=180369 before=73777 after=74316
05-04 22:06:03.695  7161  7161 I art     : VMRuntime.preloadDexCaches finished
05-04 22:06:03.720  7458  7458 I chatty  : uid=1000(system) /system/bin/idmap expire 1 line
05-04 22:06:03.732  7161  7161 I Zygote  : Preloading resources...
05-04 22:06:03.735  7161  7161 W Resources: Preloaded drawable resource #0x1080096 (android:drawable/toast_frame) that varies with configuration!!
05-04 22:06:04.055  7161  7161 W Resources: Preloaded drawable resource #0x10806ef (android:drawable/text_select_handle_left_material) that varies with configuration!!
05-04 22:06:04.058  7161  7161 W Resources: Preloaded drawable resource #0x10806f5 (android:drawable/text_select_handle_right_material) that varies with configuration!!
05-04 22:06:04.058  7161  7161 I Zygote  : ...preloaded 342 resources in 326ms.
05-04 22:06:04.069  7161  7161 I Zygote  : ...preloaded 41 resources in 10ms.
05-04 22:06:04.071  7161  7161 D libEGL  : loaded /vendor/lib64/egl/libEGL_adreno.so
05-04 22:06:04.085  7161  7161 D libEGL  : loaded /vendor/lib64/egl/libGLESv1_CM_adreno.so
05-04 22:06:04.094  7161  7161 D libEGL  : loaded /vendor/lib64/egl/libGLESv2_adreno.so
05-04 22:06:04.106  7161  7161 I Zygote  : Preloading shared libraries...
05-04 22:06:04.111  7161  7161 D Zygote  : end preload
05-04 22:06:04.111  7161  7161 I art     : Starting a blocking GC Explicit
05-04 22:06:04.119  7161  7161 I art     : Explicit concurrent mark sweep GC freed 2851(144KB) AllocSpace objects, 1(36KB) LOS objects, 40% free, 15MB/25MB, paused 77us total 7.146ms
05-04 22:06:04.122  7161  7161 I art     : Starting a blocking GC Explicit
05-04 22:06:04.130  7161  7161 I art     : Explicit concurrent mark sweep GC freed 263(9KB) AllocSpace objects, 0(0B) LOS objects, 40% free, 15MB/25MB, paused 76us total 6.844ms
05-04 22:06:04.130  7161  7452 I art     : Starting a blocking GC HeapTrim
05-04 22:06:04.133  7161  7161 I art     : Starting a blocking GC Background
05-04 22:06:04.172  7161  7161 I Zygote  : System server process 7459 has been created
05-04 22:06:04.176  7161  7161 I Zygote  : Accepting command socket connections
05-04 22:06:04.194  7459  7459 I chatty  : uid=1000 system_server expire 19 lines
05-04 22:06:04.196  7459  7459 I chatty  : uid=1000 system_server expire 150 lines
05-04 22:06:04.196   490   490 I installd: new connection
05-04 22:06:04.224  7470  7470 I chatty  : uid=1000(system) /system/bin/dex2oat expire 11 lines
05-04 22:06:04.489   541   664 E QCALOG  : [MessageQ] ProcessNewMessage: [XTWiFi-PE] unknown deliver target [OS-Agent]
05-04 22:06:04.529   670   740 E slim_daemon: [NDK] bindNDKSensors: Sensor server is unavailable.
05-04 22:06:04.569   541   664 E QCALOG  : [MessageQ] ProcessNewMessage: [XT-CS] unknown deliver target [OS-Agent]
05-04 22:06:04.575   669   781 W XTCC-5.1.0.10: [CS-RIL-LISTENER] timerCallback fired for ril update registering, re-register
05-04 22:06:04.576   541   664 E QCALOG  : [MessageQ] ProcessNewMessage: [XT-CS] unknown deliver target [OS-Agent]
05-04 22:06:04.788   511   661 I ThermalEngine: ACTION: CLUSTER - Setting CLUSTER[1] to voltage 890 freq = 1804800
05-04 22:06:04.788   511   661 I ThermalEngine: Mitigation:CLUSTER[1]: 890 mV freq = 1804800 kHz
05-04 22:06:04.789   511   661 I ThermalEngine: handle_thresh_sig: SS Id SKIN-SS-GOLD-AND-SILVER, Read xo_therm_buf 43000mC
05-04 22:06:05.298   511   661 I ThermalEngine: handle_thresh_sig: SS Id SKIN-SS-GOLD-AND-SILVER, Read xo_therm_buf 43000mC
05-04 22:06:05.362  7470  7474 I chatty  : uid=1000(system) /system/bin/dex2oat expire 1 line
05-04 22:06:05.510  7470  7472 I chatty  : uid=1000(system) /system/bin/dex2oat expire 4 lines
05-04 22:06:05.529   670   740 E slim_daemon: [NDK] bindNDKSensors: Sensor server is unavailable.
05-04 22:06:05.571  7470  7473 I chatty  : uid=1000(system) /system/bin/dex2oat expire 2 lines
05-04 22:06:05.805   511   661 I ThermalEngine: handle_thresh_sig: SS Id SKIN-SS-GOLD-AND-SILVER, Read xo_therm_buf 43000mC
05-04 22:06:06.311   511   661 I ThermalEngine: ACTION: CLUSTER - Setting CLUSTER[0] to voltage 840 freq = 1363200
05-04 22:06:06.312   511   661 I ThermalEngine: Mitigation:CLUSTER[0]: 840 mV freq = 1363200 kHz
05-04 22:06:06.313   511   661 I ThermalEngine: handle_thresh_sig: SS Id SKIN-SS-GOLD-AND-SILVER, Read xo_therm_buf 43000mC
05-04 22:06:06.529   670   740 E slim_daemon: [NDK] bindNDKSensors: Sensor server is unavailable.
05-04 22:06:06.821   511   661 I ThermalEngine: handle_thresh_sig: SS Id SKIN-SS-GOLD-AND-SILVER, Read xo_therm_buf 43000mC
05-04 22:06:07.328   511   661 I ThermalEngine: handle_thresh_sig: SS Id SKIN-SS-GOLD-AND-SILVER, Read xo_therm_buf 43000mC
05-04 22:06:07.530   670   740 E slim_daemon: [NDK] bindNDKSensors: Sensor server is unavailable.
05-04 22:06:07.581   511   661 I ThermalEngine: ACTION: CLUSTER - Setting CLUSTER[1] to voltage 885 freq = 1785600
05-04 22:06:07.581   511   661 I ThermalEngine: Mitigation:CLUSTER[1]: 885 mV freq = 1785600 kHz
05-04 22:06:08.531   670   740 E slim_daemon: [NDK] bindNDKSensors: Sensor server is unavailable.
05-04 22:06:08.762  7475  7475 I chatty  : uid=1000(system) /system/bin/dex2oat expire 3 lines
05-04 22:06:08.855  7480  7480 I chatty  : uid=1000(system) /system/bin/dex2oat expire 3 lines
05-04 22:06:09.489   541   664 E QCALOG  : [MessageQ] ProcessNewMessage: [XTWiFi-PE] unknown deliver target [OS-Agent]
05-04 22:06:09.531   670   740 E slim_daemon: [NDK] bindNDKSensors: Sensor server is unavailable.
05-04 22:06:09.569   541   664 E QCALOG  : [MessageQ] ProcessNewMessage: [XT-CS] unknown deliver target [OS-Agent]
05-04 22:06:09.576   669   781 W XTCC-5.1.0.10: [CS-RIL-LISTENER] timerCallback fired for ril update registering, re-register
05-04 22:06:09.576   541   664 E QCALOG  : [MessageQ] ProcessNewMessage: [XT-CS] unknown deliver target [OS-Agent]
05-04 22:06:10.255  7480  7484 I chatty  : uid=1000(system) /system/bin/dex2oat expire 2 lines
05-04 22:06:10.532   670   740 E slim_daemon: [NDK] bindNDKSensors: Sensor server is unavailable.
05-04 22:06:10.547   490   490 E installd: eof
05-04 22:06:10.547   490   490 E installd: failed to read size
05-04 22:06:10.547   490   490 I installd: closing connection
05-04 22:06:10.689   490   490 I installd: new connection
05-04 22:06:10.878  7459  7488 I chatty  : uid=1000 system_server expire 1 line
05-04 22:06:10.881  7459  7489 I chatty  : uid=1000 system_server expire 1 line
05-04 22:06:10.976  7459  7493 I chatty  : uid=1000 system_server expire 3 lines
05-04 22:06:10.984  7459  7495 I chatty  : uid=1000 system_server expire 1 line
05-04 22:06:11.001   472   472 I chatty  : uid=1000(system) /system/bin/surfaceflinger expire 2 lines
05-04 22:06:11.260  7499  7499 I chatty  : uid=1000(system) /system/bin/dex2oat expire 3 lines
05-04 22:06:11.533   670   740 E slim_daemon: [NDK] bindNDKSensors: Sensor server is unavailable.
05-04 22:06:11.536  7504  7504 I chatty  : uid=1000(system) /system/bin/dex2oat expire 3 lines
05-04 22:06:11.638  7509  7509 I chatty  : uid=1000(system) /system/bin/dex2oat expire 3 lines
05-04 22:06:11.790  7509  7512 I chatty  : uid=1000(system) /system/bin/dex2oat expire 1 line
05-04 22:06:11.824  7509  7513 I chatty  : uid=1000(system) /system/bin/dex2oat expire 1 line
05-04 22:06:12.145  7514  7514 I chatty  : uid=1000(system) /system/bin/dex2oat expire 3 lines
05-04 22:06:12.262  7519  7519 I chatty  : uid=1000(system) /system/bin/dex2oat expire 3 lines
05-04 22:06:12.530  7524  7524 I chatty  : uid=1000(system) /system/bin/dex2oat expire 3 lines
05-04 22:06:12.534   670   740 E slim_daemon: [NDK] bindNDKSensors: Sensor server is unavailable.
05-04 22:06:12.632  7529  7529 I chatty  : uid=1000(system) /system/bin/dex2oat expire 3 lines
05-04 22:06:12.854  7534  7534 I chatty  : uid=1000(system) /system/bin/dex2oat expire 3 lines
05-04 22:06:12.944  7539  7539 I chatty  : uid=1000(system) /system/bin/dex2oat expire 3 lines
05-04 22:06:13.096  7544  7544 I chatty  : uid=1000(system) /system/bin/dex2oat expire 3 lines
05-04 22:06:13.238  7549  7549 I chatty  : uid=1000(system) /system/bin/dex2oat expire 3 lines
05-04 22:06:13.426  7554  7554 I chatty  : uid=1000(system) /system/bin/dex2oat expire 3 lines
05-04 22:06:13.535   670   740 E slim_daemon: [NDK] bindNDKSensors: Sensor server is unavailable.
05-04 22:06:13.559  7559  7559 I chatty  : uid=1000(system) /system/bin/dex2oat expire 3 lines
05-04 22:06:13.630  7564  7564 I chatty  : uid=1000(system) /system/bin/dex2oat expire 3 lines
05-04 22:06:13.834  7569  7569 I chatty  : uid=1000(system) /system/bin/dex2oat expire 3 lines
05-04 22:06:14.046  7574  7574 I chatty  : uid=1000(system) /system/bin/dex2oat expire 3 lines
05-04 22:06:14.124  7579  7579 I chatty  : uid=1000(system) /system/bin/dex2oat expire 3 lines
05-04 22:06:14.200  7584  7584 I chatty  : uid=1000(system) /system/bin/dex2oat expire 3 lines
05-04 22:06:14.273  7589  7589 I chatty  : uid=1000(system) /system/bin/dex2oat expire 3 lines
05-04 22:06:14.356  7168  7218 I chatty  : uid=1000(system) /system/vendor/bin/mm-pp-dpps expire 4 lines
05-04 22:06:14.489   541   664 E QCALOG  : [MessageQ] ProcessNewMessage: [XTWiFi-PE] unknown deliver target [OS-Agent]
05-04 22:06:14.536   670   740 E slim_daemon: [NDK] bindNDKSensors: Sensor server is unavailable.
05-04 22:06:14.539  7594  7594 I chatty  : uid=1000(system) /system/bin/dex2oat expire 3 lines
05-04 22:06:14.570   541   664 E QCALOG  : [MessageQ] ProcessNewMessage: [XT-CS] unknown deliver target [OS-Agent]
05-04 22:06:14.576   669   781 W XTCC-5.1.0.10: [CS-RIL-LISTENER] timerCallback fired for ril update registering, re-register
05-04 22:06:14.576   541   664 E QCALOG  : [MessageQ] ProcessNewMessage: [XT-CS] unknown deliver target [OS-Agent]
05-04 22:06:14.614  7599  7599 I chatty  : uid=1000(system) /system/bin/dex2oat expire 3 lines
05-04 22:06:14.753  7604  7604 I chatty  : uid=1000(system) /system/bin/dex2oat expire 3 lines
05-04 22:06:14.852  7609  7609 I chatty  : uid=1000(system) /system/bin/dex2oat expire 3 lines
05-04 22:06:15.023  7614  7614 I chatty  : uid=1000(system) /system/bin/dex2oat expire 3 lines
05-04 22:06:15.124  7619  7619 I chatty  : uid=1000(system) /system/bin/dex2oat expire 3 lines
05-04 22:06:15.204  7624  7624 I chatty  : uid=1000(system) /system/bin/dex2oat expire 3 lines
05-04 22:06:15.296  7629  7629 I chatty  : uid=1000(system) /system/bin/dex2oat expire 3 lines
05-04 22:06:15.373  7634  7634 I chatty  : uid=1000(system) /system/bin/dex2oat expire 3 lines
05-04 22:06:15.468  7639  7639 I chatty  : uid=1000(system) /system/bin/dex2oat expire 3 lines
05-04 22:06:15.537   670   740 E slim_daemon: [NDK] bindNDKSensors: Sensor server is unavailable.
05-04 22:06:15.548  7644  7644 I chatty  : uid=1000(system) /system/bin/dex2oat expire 3 lines
05-04 22:06:15.637  7649  7649 I chatty  : uid=1000(system) /system/bin/dex2oat expire 3 lines
05-04 22:06:15.713  7654  7654 I chatty  : uid=1000(system) /system/bin/dex2oat expire 3 lines
05-04 22:06:15.798  7659  7659 I chatty  : uid=1000(system) /system/bin/dex2oat expire 3 lines
05-04 22:06:15.879  7664  7664 I chatty  : uid=1000(system) /system/bin/dex2oat expire 3 lines
05-04 22:06:16.054  7669  7669 I chatty  : uid=1000(system) /system/bin/dex2oat expire 3 lines
05-04 22:06:16.240  7674  7674 I chatty  : uid=1000(system) /system/bin/dex2oat expire 3 lines
05-04 22:06:16.518  7679  7679 I chatty  : uid=1000(system) /system/bin/dex2oat expire 3 lines
05-04 22:06:16.539   670   740 E slim_daemon: [NDK] bindNDKSensors: Sensor server is unavailable.
05-04 22:06:16.609  7684  7684 I chatty  : uid=1000(system) /system/bin/dex2oat expire 3 lines
05-04 22:06:16.697  7689  7689 I chatty  : uid=1000(system) /system/bin/dex2oat expire 3 lines
05-04 22:06:16.782  7694  7694 I chatty  : uid=1000(system) /system/bin/dex2oat expire 3 lines
05-04 22:06:16.863  7699  7699 I chatty  : uid=1000(system) /system/bin/dex2oat expire 3 lines
05-04 22:06:16.940  7704  7704 I chatty  : uid=1000(system) /system/bin/dex2oat expire 3 lines
05-04 22:06:17.092  7709  7709 I chatty  : uid=1000(system) /system/bin/dex2oat expire 3 lines
05-04 22:06:17.202   511   661 I ThermalEngine: ACTION: CLUSTER - Setting CLUSTER[0] to voltage 840 freq = 1363200
05-04 22:06:17.202   511   661 I ThermalEngine: Mitigation:CLUSTER[0]: 840 mV freq = 1363200 kHz
05-04 22:06:17.361  7459  7459 I chatty  : uid=1000 system_server expire 68 lines
05-04 22:06:17.540   670   740 E slim_daemon: [NDK] bindNDKSensors: Sensor server is unavailable.
05-04 22:06:17.965   511   661 I ThermalEngine: handle_thresh_sig: SS Id SKIN-SS-GOLD-AND-SILVER, Read xo_therm_buf 43000mC
05-04 22:06:18.064  7459  7459 I chatty  : uid=1000 system_server expire 486 lines
05-04 22:06:18.358  7168  7218 I chatty  : uid=1000(system) /system/vendor/bin/mm-pp-dpps expire 1 line
05-04 22:06:18.412  7459  7459 I chatty  : uid=1000 system_server expire 36 lines
05-04 22:06:18.471   511   661 I ThermalEngine: ACTION: CLUSTER - Setting CLUSTER[1] to voltage 890 freq = 1804800
05-04 22:06:18.471   511   661 I ThermalEngine: Mitigation:CLUSTER[1]: 890 mV freq = 1804800 kHz
05-04 22:06:18.473   511   661 I ThermalEngine: handle_thresh_sig: SS Id SKIN-SS-GOLD-AND-SILVER, Read xo_therm_buf 43000mC
05-04 22:06:18.542   670   740 E slim_daemon: [NDK] bindNDKSensors: Sensor server is unavailable.
05-04 22:06:18.853  7714  7714 I dex2oat : Starting dex2oat.
05-04 22:06:18.853  7714  7714 E cutils-trace: Error opening trace file: No such file or directory (2)
05-04 22:06:18.980   511   661 I ThermalEngine: handle_thresh_sig: SS Id SKIN-SS-GOLD-AND-SILVER, Read xo_therm_buf 43000mC
05-04 22:06:19.006  7714  7714 I dex2oat : dex2oat took 154.252ms (threads: 4) arena alloc=249KB java alloc=322KB native alloc=2MB free=1821KB
05-04 22:06:19.039  7719  7719 I dex2oat : Starting dex2oat.
05-04 22:06:19.039  7719  7719 E cutils-trace: Error opening trace file: No such file or directory (2)
05-04 22:06:19.488   511   661 I ThermalEngine: handle_thresh_sig: SS Id SKIN-SS-GOLD-AND-SILVER, Read xo_therm_buf 43000mC
05-04 22:06:19.489   541   664 E QCALOG  : [MessageQ] ProcessNewMessage: [XTWiFi-PE] unknown deliver target [OS-Agent]
05-04 22:06:19.543   670   740 E slim_daemon: [NDK] bindNDKSensors: Sensor server is unavailable.
05-04 22:06:19.570   541   664 E QCALOG  : [MessageQ] ProcessNewMessage: [XT-CS] unknown deliver target [OS-Agent]
05-04 22:06:19.576   669   781 W XTCC-5.1.0.10: [CS-RIL-LISTENER] timerCallback fired for ril update registering, re-register
05-04 22:06:19.577   541   664 E QCALOG  : [MessageQ] ProcessNewMessage: [XT-CS] unknown deliver target [OS-Agent]
05-04 22:06:19.994   511   661 I ThermalEngine: ACTION: CLUSTER - Setting CLUSTER[0] to voltage 840 freq = 1363200
05-04 22:06:19.994   511   661 I ThermalEngine: Mitigation:CLUSTER[0]: 840 mV freq = 1363200 kHz
05-04 22:06:19.996   511   661 I ThermalEngine: handle_thresh_sig: SS Id SKIN-SS-GOLD-AND-SILVER, Read xo_therm_buf 43000mC
05-04 22:06:20.358  7168  7218 I chatty  : uid=1000(system) /system/vendor/bin/mm-pp-dpps expire 1 line
05-04 22:06:20.476  7719  7722 W dex2oat : No verified method for method calling String.<init>: java.lang.String java.io.ByteArrayOutputStream.toString()
05-04 22:06:20.504   511   661 I ThermalEngine: handle_thresh_sig: SS Id SKIN-SS-GOLD-AND-SILVER, Read xo_therm_buf 43000mC
05-04 22:06:20.543   670   740 E slim_daemon: [NDK] bindNDKSensors: Sensor server is unavailable.
05-04 22:06:21.002  7719  7719 I dex2oat : dex2oat took 1.964s (threads: 4) arena alloc=3MB java alloc=6MB native alloc=14MB free=2MB
05-04 22:06:21.011   511   661 I ThermalEngine: handle_thresh_sig: SS Id SKIN-SS-GOLD-AND-SILVER, Read xo_therm_buf 43000mC
05-04 22:06:21.038  7459  7459 I chatty  : uid=1000 system_server expire 10 lines
05-04 22:06:21.075  7724  7724 I dex2oat : Starting dex2oat.
05-04 22:06:21.075  7724  7724 E cutils-trace: Error opening trace file: No such file or directory (2)
05-04 22:06:21.212  7724  7724 I dex2oat : dex2oat took 137.434ms (threads: 4) arena alloc=626KB java alloc=403KB native alloc=2MB free=2MB
05-04 22:06:21.243  7729  7729 I dex2oat : Starting dex2oat.
05-04 22:06:21.243  7729  7729 E cutils-trace: Error opening trace file: No such file or directory (2)
05-04 22:06:21.264   511   661 I ThermalEngine: ACTION: CLUSTER - Setting CLUSTER[1] to voltage 885 freq = 1785600
05-04 22:06:21.265   511   661 I ThermalEngine: Mitigation:CLUSTER[1]: 885 mV freq = 1785600 kHz
05-04 22:06:21.359  7168  7218 I chatty  : uid=1000(system) /system/vendor/bin/mm-pp-dpps expire 10 lines
05-04 22:06:21.386  7729  7729 I dex2oat : dex2oat took 144.079ms (threads: 4) arena alloc=2MB java alloc=162KB native alloc=3MB free=3MB
05-04 22:06:21.423  7734  7734 I dex2oat : Starting dex2oat.
05-04 22:06:21.423  7734  7734 E cutils-trace: Error opening trace file: No such file or directory (2)
05-04 22:06:21.519   511   661 I ThermalEngine: handle_thresh_sig: SS Id SKIN-SS-GOLD-AND-SILVER, Read xo_therm_buf 43000mC
05-04 22:06:21.544   670   740 E slim_daemon: [NDK] bindNDKSensors: Sensor server is unavailable.
05-04 22:06:21.627  7734  7736 W dex2oat : Before Android 4.1, method int android.support.v7.widget.ListViewCompat.lookForSelectablePosition(int, boolean) would have incorrectly overridden the package-private method in android.widget.ListView
05-04 22:06:21.642  7734  7737 W dex2oat : Before Android 4.1, method void com.meizu.common.preference.SwitchPreference.syncSummaryView(android.view.View) would have incorrectly overridden the package-private method in android.preference.TwoStatePreference
05-04 22:06:22.027   511   661 I ThermalEngine: handle_thresh_sig: SS Id SKIN-SS-GOLD-AND-SILVER, Read xo_therm_buf 43000mC
05-04 22:06:22.448  7734  7738 W dex2oat : No verified method for method calling String.<init>: java.lang.String android.text.SpannableStringBuilder.toString()
05-04 22:06:22.535   511   661 I ThermalEngine: handle_thresh_sig: SS Id SKIN-SS-GOLD-AND-SILVER, Read xo_therm_buf 43000mC
05-04 22:06:22.544   670   740 E slim_daemon: [NDK] bindNDKSensors: Sensor server is unavailable.
05-04 22:06:22.788   511   661 I ThermalEngine: ACTION: CLUSTER - Setting CLUSTER[0] to voltage 840 freq = 1363200
05-04 22:06:22.788   511   661 I ThermalEngine: Mitigation:CLUSTER[0]: 840 mV freq = 1363200 kHz
05-04 22:06:23.043   511   661 I ThermalEngine: handle_thresh_sig: SS Id SKIN-SS-GOLD-AND-SILVER, Read xo_therm_buf 44000mC
05-04 22:06:23.545   670   740 E slim_daemon: [NDK] bindNDKSensors: Sensor server is unavailable.
05-04 22:06:23.593  7734  7734 I dex2oat : dex2oat took 2.170s (threads: 4) arena alloc=3MB java alloc=8MB native alloc=16MB free=2MB
05-04 22:06:23.661  7739  7739 I dex2oat : Starting dex2oat.
05-04 22:06:23.661  7739  7739 E cutils-trace: Error opening trace file: No such file or directory (2)
05-04 22:06:23.866  7739  7742 W dex2oat : Before Android 4.1, method int android.support.v7.widget.ListViewCompat.lookForSelectablePosition(int, boolean) would have incorrectly overridden the package-private method in android.widget.ListView
05-04 22:06:23.881  7739  7743 W dex2oat : Before Android 4.1, method void com.meizu.common.preference.SwitchPreference.syncSummaryView(android.view.View) would have incorrectly overridden the package-private method in android.preference.TwoStatePreference
05-04 22:06:24.055   511   661 I ThermalEngine: ACTION: CLUSTER - Setting CLUSTER[1] to voltage 810 freq = 1555200
05-04 22:06:24.055   511   661 I ThermalEngine: Mitigation:CLUSTER[1]: 810 mV freq = 1555200 kHz
05-04 22:06:24.490   541   664 E QCALOG  : [MessageQ] ProcessNewMessage: [XTWiFi-PE] unknown deliver target [OS-Agent]
05-04 22:06:24.545   670   740 E slim_daemon: [NDK] bindNDKSensors: Sensor server is unavailable.
05-04 22:06:24.570   541   664 E QCALOG  : [MessageQ] ProcessNewMessage: [XT-CS] unknown deliver target [OS-Agent]
05-04 22:06:24.577   669   781 W XTCC-5.1.0.10: [CS-RIL-LISTENER] timerCallback fired for ril update registering, re-register
05-04 22:06:24.577   541   664 E QCALOG  : [MessageQ] ProcessNewMessage: [XT-CS] unknown deliver target [OS-Agent]
05-04 22:06:25.486  7739  7742 W dex2oat : No verified method for method calling String.<init>: java.lang.String java.io.ByteArrayOutputStream.toString()
05-04 22:06:25.546   670   740 E slim_daemon: [NDK] bindNDKSensors: Sensor server is unavailable.
05-04 22:06:25.888  7739  7739 I dex2oat : dex2oat took 2.227s (threads: 4) arena alloc=3MB java alloc=7MB native alloc=14MB free=2MB
05-04 22:06:25.944  7744  7744 I dex2oat : Starting dex2oat.
05-04 22:06:25.944  7744  7744 E cutils-trace: Error opening trace file: No such file or directory (2)
05-04 22:06:26.015  7744  7744 I dex2oat : dex2oat took 72.141ms (threads: 4) arena alloc=325KB java alloc=153KB native alloc=1737KB free=1590KB
05-04 22:06:26.053  7749  7749 I dex2oat : Starting dex2oat.
05-04 22:06:26.053  7749  7749 E cutils-trace: Error opening trace file: No such file or directory (2)
05-04 22:06:26.547   670   740 E slim_daemon: [NDK] bindNDKSensors: Sensor server is unavailable.
05-04 22:06:26.934  7749  7749 I dex2oat : dex2oat took 881.239ms (threads: 4) arena alloc=1929KB java alloc=2027KB native alloc=7MB free=2MB
05-04 22:06:26.985  7754  7754 I dex2oat : Starting dex2oat.
05-04 22:06:26.985  7754  7754 E cutils-trace: Error opening trace file: No such file or directory (2)
05-04 22:06:27.229  7754  7758 W dex2oat : Before Android 4.1, method android.graphics.PorterDuffColorFilter android.support.graphics.drawable.VectorDrawableCompat.updateTintFilter(android.graphics.PorterDuffColorFilter, android.content.res.ColorStateList, android.graphics.PorterDuff$Mode) would have incorrectly overridden the package-private method in android.graphics.drawable.Drawable
05-04 22:06:27.301  7754  7758 W dex2oat : Before Android 4.1, method int android.support.v7.widget.ListViewCompat.lookForSelectablePosition(int, boolean) would have incorrectly overridden the package-private method in android.widget.ListView
05-04 22:06:27.548   670   740 E slim_daemon: [NDK] bindNDKSensors: Sensor server is unavailable.
05-04 22:06:28.548   670   740 E slim_daemon: [NDK] bindNDKSensors: Sensor server is unavailable.
05-04 22:06:29.310  7754  7754 W dex2oat : No verified method for method calling String.<init>: java.lang.String java.io.ByteArrayOutputStream.toString()
05-04 22:06:29.490   541   664 E QCALOG  : [MessageQ] ProcessNewMessage: [XTWiFi-PE] unknown deliver target [OS-Agent]
05-04 22:06:29.549   670   740 E slim_daemon: [NDK] bindNDKSensors: Sensor server is unavailable.
05-04 22:06:29.570   541   664 E QCALOG  : [MessageQ] ProcessNewMessage: [XT-CS] unknown deliver target [OS-Agent]
05-04 22:06:29.577   669   781 W XTCC-5.1.0.10: [CS-RIL-LISTENER] timerCallback fired for ril update registering, re-register
05-04 22:06:29.577   541   664 E QCALOG  : [MessageQ] ProcessNewMessage: [XT-CS] unknown deliver target [OS-Agent]
05-04 22:06:30.550   670   740 E slim_daemon: [NDK] bindNDKSensors: Sensor server is unavailable.
05-04 22:06:30.661  7754  7754 I dex2oat : dex2oat took 3.676s (threads: 4) arena alloc=1624KB java alloc=8MB native alloc=20MB free=3MB
05-04 22:06:30.730  7759  7759 I dex2oat : Starting dex2oat.
05-04 22:06:30.730  7759  7759 E cutils-trace: Error opening trace file: No such file or directory (2)
05-04 22:06:31.550   670   740 E slim_daemon: [NDK] bindNDKSensors: Sensor server is unavailable.
05-04 22:06:31.932  7759  7762 W dex2oat : No verified method for method calling String.<init>: java.lang.String java.io.ByteArrayOutputStream.toString()
05-04 22:06:32.490  7759  7759 I dex2oat : dex2oat took 1.760s (threads: 4) arena alloc=3MB java alloc=3MB native alloc=12MB free=2MB
05-04 22:06:32.551   670   740 E slim_daemon: [NDK] bindNDKSensors: Sensor server is unavailable.
05-04 22:06:32.555  7764  7764 I dex2oat : Starting dex2oat.
05-04 22:06:32.555  7764  7764 E cutils-trace: Error opening trace file: No such file or directory (2)
05-04 22:06:32.948  7764  7766 W dex2oat : Before Android 4.1, method int android.support.v7.widget.ListViewCompat.lookForSelectablePosition(int, boolean) would have incorrectly overridden the package-private method in android.widget.ListView
05-04 22:06:33.024  7764  7768 W dex2oat : Before Android 4.1, method void com.meizu.common.preference.SwitchPreference.syncSummaryView(android.view.View) would have incorrectly overridden the package-private method in android.preference.TwoStatePreference
05-04 22:06:33.363  7168  7218 I chatty  : uid=1000(system) /system/vendor/bin/mm-pp-dpps expire 10 lines
05-04 22:06:33.552   670   740 E slim_daemon: [NDK] bindNDKSensors: Sensor server is unavailable.
05-04 22:06:34.398  7764  7766 W dex2oat : No verified method for method calling String.<init>: java.lang.String com.android.internal.widget.LockPatternUtils.patternToString(java.util.List)
05-04 22:06:34.414  7764  7764 W dex2oat : No verified method for method calling String.<init>: java.lang.String com.android.internal.widget.LockPatternUtils.patternToString(java.util.List)
05-04 22:06:34.490   541   664 E QCALOG  : [MessageQ] ProcessNewMessage: [XTWiFi-PE] unknown deliver target [OS-Agent]
05-04 22:06:34.552   670   740 E slim_daemon: [NDK] bindNDKSensors: Sensor server is unavailable.
05-04 22:06:34.570   541   664 E QCALOG  : [MessageQ] ProcessNewMessage: [XT-CS] unknown deliver target [OS-Agent]
05-04 22:06:34.577   669   781 W XTCC-5.1.0.10: [CS-RIL-LISTENER] timerCallback fired for ril update registering, re-register
05-04 22:06:34.578   541   664 E QCALOG  : [MessageQ] ProcessNewMessage: [XT-CS] unknown deliver target [OS-Agent]
05-04 22:06:35.553   670   740 E slim_daemon: [NDK] bindNDKSensors: Sensor server is unavailable.
05-04 22:06:36.134   729   729 I perfd   : type=1400 audit(0.0:10): avc: denied { kill } for capability=5 scontext=u:r:perfd:s0 tcontext=u:r:perfd:s0 tclass=capability permissive=1
05-04 22:06:36.488  7764  7768 W dex2oat : No verified method for method calling String.<init>: java.lang.String java.io.ByteArrayOutputStream.toString()
05-04 22:06:36.554   670   740 E slim_daemon: [NDK] bindNDKSensors: Sensor server is unavailable.
05-04 22:06:37.299  7764  7764 I dex2oat : dex2oat took 4.745s (threads: 4) arena alloc=3MB java alloc=15MB native alloc=26MB free=3MB
05-04 22:06:37.325   490   490 E installd: invalid apk path '/system/framework/flyme-res' (bad prefix)
05-04 22:06:37.359  7769  7769 I dex2oat : Starting dex2oat.
05-04 22:06:37.359  7769  7769 E cutils-trace: Error opening trace file: No such file or directory (2)
05-04 22:06:37.504  7769  7771 W dex2oat : No verified method for method calling String.<init>: java.lang.String java.io.ByteArrayOutputStream.toString()
05-04 22:06:37.555   670   740 E slim_daemon: [NDK] bindNDKSensors: Sensor server is unavailable.
05-04 22:06:37.697  7769  7769 I dex2oat : dex2oat took 338.831ms (threads: 4) arena alloc=534KB java alloc=630KB native alloc=3MB free=2MB
05-04 22:06:37.704  7459  7459 I chatty  : uid=1000 system_server expire 9 lines
05-04 22:06:37.739  7774  7774 I dex2oat : Starting dex2oat.
05-04 22:06:37.739  7774  7774 E cutils-trace: Error opening trace file: No such file or directory (2)
05-04 22:06:37.792  7774  7774 I dex2oat : dex2oat took 54.482ms (threads: 4) arena alloc=203KB java alloc=45KB native alloc=1627KB free=1700KB
05-04 22:06:37.799   490   490 E installd: invalid apk path '/system/vendor/app/colorservice' (bad prefix)
05-04 22:06:37.834  7779  7779 I dex2oat : Starting dex2oat.
05-04 22:06:37.834  7779  7779 E cutils-trace: Error opening trace file: No such file or directory (2)
