05-04 22:05:32.979  6643  6643 V MediaUtils: requested limit: 1850258800
05-04 22:05:32.979  6643  6643 V MediaUtils: actual limit: 1850258800
05-04 22:05:32.979  6643  6643 V MediaUtils: original limits: 4294967295/4294967295
05-04 22:05:32.979  6643  6643 V MediaUtils: new limits: 1850258800/4294967295
05-04 22:05:32.982  6643  6643 I mediaserver: ServiceManager: 0xf614e120
05-04 22:05:32.982  6643  6643 I AudioFlinger: Using 300 mSec as standby time.
05-04 22:05:32.984  6643  6643 E BatteryNotifier: batterystats service unavailable!
05-04 22:05:32.984  6643  6643 E BatteryNotifier: batterystats service unavailable!
05-04 22:05:32.986  6643  6643 I CameraService: CameraService started (pid=6643)
05-04 22:05:32.986  6643  6643 I CameraService: CameraService process starting
05-04 22:05:32.986  6643  6643 E BatteryNotifier: batterystats service unavailable!
05-04 22:05:32.986  6643  6643 E BatteryNotifier: batterystats service unavailable!
05-04 22:05:33.452  6643  6643 E cutils-trace: Error opening trace file: No such file or directory (2)
05-04 22:05:33.452  6643  6643 I QCamera : <MCI><INFO> get_num_of_cameras: 1852: dev_info[id=0,name='video2']
05-04 22:05:33.452  6643  6643 I QCamera : <MCI><INFO> get_num_of_cameras: 1852: dev_info[id=1,name='video3']
05-04 22:05:33.452  6643  6643 I QCamera : <MCI><INFO> sort_camera_info: 1707: Camera id: 0 facing: 0, type: 1 is_yuv: 0
05-04 22:05:33.452  6643  6643 I QCamera : <MCI><INFO> sort_camera_info: 1707: Camera id: 1 facing: 1, type: 0 is_yuv: 0
05-04 22:05:33.452  6643  6643 I QCamera : <MCI><INFO> sort_camera_info: 1710: Number of cameras 2 sorted 2
05-04 22:05:33.452  6643  6643 I QCamera : <MCI><INFO> get_num_of_cameras: 1870: num_cameras=2
05-04 22:05:33.452  6643  6643 I CameraService: Loaded "QCamera Module" camera module
05-04 22:05:33.453  6643  6643 I QCamera : <HAL><INFO> int qcamera::QCamera2Factory::getCameraInfo(int, camera_info*): 346: Camera id 0 API version 256
05-04 22:05:33.465   545  6708 I chatty  : uid=1006(camera) mm-qcamera-daem expire 5 lines
05-04 22:05:33.473   545  6710 I chatty  : uid=1006(camera) mm-qcamera-daem expire 5 lines
05-04 22:05:33.480   545  6714 I chatty  : uid=1006(camera) mm-qcamera-daem expire 6 lines
05-04 22:05:33.489   545  6717 I chatty  : uid=1006(camera) mm-qcamera-daem expire 6 lines
05-04 22:05:33.498   545  6719 I chatty  : uid=1006(camera) mm-qcamera-daem expire 5 lines
05-04 22:05:33.501   670   740 E slim_daemon: [NDK] bindNDKSensors: Sensor server is unavailable.
05-04 22:05:33.504  6712  6712 I chatty  : uid=0(root) /system/bin/displayfeature expire 8 lines
05-04 22:05:33.505   545  6725 I chatty  : uid=1006(camera) mm-qcamera-daem expire 6 lines
05-04 22:05:33.519   545  6731 I chatty  : uid=1006(camera) mm-qcamera-daem expire 14 lines
05-04 22:05:33.582   545  6711 I chatty  : uid=1006(camera) mm-qcamera-daem expire 4 lines
05-04 22:05:33.613   545  6732 I chatty  : uid=1006(camera) mm-qcamera-daem expire 10 lines
05-04 22:05:33.624   545  6751 I chatty  : uid=1006(camera) mm-qcamera-daem expire 2 lines
05-04 22:05:33.625   545  6752 I chatty  : uid=1006(camera) mm-qcamera-daem expire 2 lines
05-04 22:05:33.626   545  6753 I chatty  : uid=1006(camera) mm-qcamera-daem expire 3 lines
05-04 22:05:33.627   545  6754 I chatty  : uid=1006(camera) mm-qcamera-daem expire 2 lines
05-04 22:05:33.637   545  6755 I chatty  : uid=1006(camera) mm-qcamera-daem expire 2 lines
05-04 22:05:33.642   545  6757 I chatty  : uid=1006(camera) mm-qcamera-daem expire 2 lines
05-04 22:05:33.717  6709  6709 I chatty  : uid=0(root) expire 92 lines
05-04 22:05:33.727  6713  6713 I chatty  : uid=1000(system) /system/vendor/bin/mm-pp-dpps expire 16 lines
05-04 22:05:33.730  6713  6766 I chatty  : uid=1000(system) /system/vendor/bin/mm-pp-dpps expire 5 lines
05-04 22:05:33.730  6713  6767 I chatty  : uid=1000(system) /system/vendor/bin/mm-pp-dpps expire 1 line
05-04 22:05:33.888  6643  6643 I QCamera : <HAL><INFO> static int qcamera::QCamera3HardwareInterface::getCamInfo(uint32_t, camera_info*): 7935: camera 0 resource cost is 100
05-04 22:05:33.889  6643  6643 I QCamera : <HAL><INFO> int qcamera::QCamera2Factory::getCameraInfo(int, camera_info*): 346: Camera id 1 API version 256
05-04 22:05:33.899   545  6789 I chatty  : uid=1006(camera) mm-qcamera-daem expire 5 lines
05-04 22:05:33.899   545  6790 I chatty  : uid=1006(camera) mm-qcamera-daem expire 5 lines
05-04 22:05:33.902   545  6792 I chatty  : uid=1006(camera) mm-qcamera-daem expire 6 lines
05-04 22:05:33.907   545  6794 I chatty  : uid=1006(camera) mm-qcamera-daem expire 6 lines
05-04 22:05:33.913   545  6798 I chatty  : uid=1006(camera) mm-qcamera-daem expire 5 lines
05-04 22:05:33.914   545  6801 I chatty  : uid=1006(camera) mm-qcamera-daem expire 6 lines
05-04 22:05:33.928   545  6806 I chatty  : uid=1006(camera) mm-qcamera-daem expire 17 lines
05-04 22:05:33.931   545  6807 I chatty  : uid=1006(camera) mm-qcamera-daem expire 6 lines
05-04 22:05:33.938   545  6817 I chatty  : uid=1006(camera) mm-qcamera-daem expire 2 lines
05-04 22:05:33.940   545  6818 I chatty  : uid=1006(camera) mm-qcamera-daem expire 2 lines
05-04 22:05:33.941   545  6820 I chatty  : uid=1006(camera) mm-qcamera-daem expire 3 lines
05-04 22:05:33.944   545  6821 I chatty  : uid=1006(camera) mm-qcamera-daem expire 2 lines
05-04 22:05:33.944   545  6822 I chatty  : uid=1006(camera) mm-qcamera-daem expire 2 lines
05-04 22:05:33.951   545  6823 I chatty  : uid=1006(camera) mm-qcamera-daem expire 2 lines
05-04 22:05:33.958  6643  6643 I QCamera : <HAL><INFO> static int qcamera::QCamera3HardwareInterface::getCamInfo(uint32_t, camera_info*): 7935: camera 1 resource cost is 100
05-04 22:05:33.959  6643  6643 I QCamera : <HAL><INFO> int qcamera::QCamera2Factory::getCameraInfo(int, camera_info*): 346: Camera id 0 API version 256
05-04 22:05:33.959  6643  6643 I QCamera : <HAL><INFO> static int qcamera::QCamera3HardwareInterface::getCamInfo(uint32_t, camera_info*): 7935: camera 0 resource cost is 100
05-04 22:05:33.959  6643  6643 I QCamera : <HAL><INFO> int qcamera::QCamera2Factory::getCameraInfo(int, camera_info*): 346: Camera id 1 API version 256
05-04 22:05:33.959  6643  6643 I QCamera : <HAL><INFO> static int qcamera::QCamera3HardwareInterface::getCamInfo(uint32_t, camera_info*): 7935: camera 1 resource cost is 100
05-04 22:05:33.960  6643  6643 I ServiceManager: Waiting for service media.camera.proxy...
05-04 22:05:34.190  6847  6847 I chatty  : uid=1000(system) /system/bin/idmap expire 1 line
05-04 22:05:34.487   541   664 E QCALOG  : [MessageQ] ProcessNewMessage: [XTWiFi-PE] unknown deliver target [OS-Agent]
05-04 22:05:34.502   670   740 E slim_daemon: [NDK] bindNDKSensors: Sensor server is unavailable.
05-04 22:05:34.567   541   664 E QCALOG  : [MessageQ] ProcessNewMessage: [XT-CS] unknown deliver target [OS-Agent]
05-04 22:05:34.571  6709  6776 I chatty  : uid=0(root) expire 1 line
05-04 22:05:34.573   669   781 W XTCC-5.1.0.10: [CS-RIL-LISTENER] timerCallback fired for ril update registering, re-register
05-04 22:05:34.573   541   664 E QCALOG  : [MessageQ] ProcessNewMessage: [XT-CS] unknown deliver target [OS-Agent]
05-04 22:05:34.620  6894  6894 I chatty  : uid=1000 system_server expire 127 lines
05-04 22:05:34.621  6894  6894 I chatty  : uid=1000 system_server expire 105 lines
05-04 22:05:34.829  6894  6927 I chatty  : uid=1000 system_server expire 1 line
05-04 22:05:34.832  6894  6929 I chatty  : uid=1000 system_server expire 1 line
05-04 22:05:34.916  6894  6941 I chatty  : uid=1000 system_server expire 3 lines
05-04 22:05:34.924  6894  6944 I chatty  : uid=1000 system_server expire 1 line
05-04 22:05:34.960  6643  6643 I ServiceManager: Waiting for service media.camera.proxy...
05-04 22:05:35.383  6642  6996 I chatty  : uid=0(root) /system/bin/netd expire 2 lines
05-04 22:05:35.503   670   740 E slim_daemon: [NDK] bindNDKSensors: Sensor server is unavailable.
05-04 22:05:35.689  6894  6894 I chatty  : uid=1000 system_server expire 575 lines
05-04 22:05:35.961  6643  6643 I ServiceManager: Waiting for service media.camera.proxy...
05-04 22:05:36.505   670   740 E slim_daemon: [NDK] bindNDKSensors: Sensor server is unavailable.
05-04 22:05:36.961  6643  6643 I ServiceManager: Waiting for service media.camera.proxy...
05-04 22:05:36.996  6894  7003 I chatty  : uid=1000 system_server expire 53 lines
05-04 22:05:37.033  6894  7006 I chatty  : uid=1000 system_server expire 2 lines
05-04 22:05:37.034  6894  7011 I chatty  : uid=1000 system_server expire 1 line
05-04 22:05:37.241  6894  7069 I chatty  : uid=1000 system_server expire 1 line
05-04 22:05:37.244  6894  7068 I chatty  : uid=1000 system_server expire 1 line
05-04 22:05:37.278  6894  6941 E AndroidRuntime: *** FATAL EXCEPTION IN SYSTEM PROCESS: android.display
05-04 22:05:37.278  6894  6941 E AndroidRuntime: java.lang.VerifyError: Rejecting class com.android.server.policy.PhoneWindowManager because it failed compile-time verification (declaration of 'com.android.server.policy.PhoneWindowManager' appears in /system/framework/services.jar)
05-04 22:05:37.278  6894  6941 E AndroidRuntime: 	at com.android.server.wm.WindowManagerService.<init>(WindowManagerService.java:344)
05-04 22:05:37.278  6894  6941 E AndroidRuntime: 	at com.android.server.wm.FlymeExtWindowManagerService.<init>(FlymeExtWindowManagerService.java:17)
05-04 22:05:37.278  6894  6941 E AndroidRuntime: 	at com.android.server.wm.WindowManagerService$3.run(WindowManagerService.java:874)
05-04 22:05:37.278  6894  6941 E AndroidRuntime: 	at android.os.Handler$BlockingRunnable.run(Handler.java:759)
05-04 22:05:37.278  6894  6941 E AndroidRuntime: 	at android.os.Handler.handleCallback(Handler.java:739)
05-04 22:05:37.278  6894  6941 E AndroidRuntime: 	at android.os.Handler.dispatchMessage(Handler.java:95)
05-04 22:05:37.278  6894  6941 E AndroidRuntime: 	at android.os.Looper.loop(Looper.java:148)
05-04 22:05:37.278  6894  6941 E AndroidRuntime: 	at android.os.HandlerThread.run(HandlerThread.java:61)
05-04 22:05:37.278  6894  6941 E AndroidRuntime: 	at com.android.server.ServiceThread.run(ServiceThread.java:46)
05-04 22:05:37.279  6894  6941 I chatty  : uid=1000 system_server expire 1 line
05-04 22:05:37.306   470   470 I chatty  : uid=1000(system) /system/bin/servicemanager expire 30 lines
05-04 22:05:37.507   670   740 E slim_daemon: [NDK] bindNDKSensors: Sensor server is unavailable.
05-04 22:05:38.405  7099  7099 I chatty  : uid=0(root) /system/bin/netd expire 8 lines
05-04 22:05:38.508   670   740 E slim_daemon: [NDK] bindNDKSensors: Sensor server is unavailable.
05-04 22:05:38.578  7100  7100 V MediaUtils: physMem: 2846552064
05-04 22:05:38.578  7100  7100 V MediaUtils: requested limit: 1850258800
05-04 22:05:38.578  7100  7100 V MediaUtils: actual limit: 1850258800
05-04 22:05:38.578  7100  7100 V MediaUtils: original limits: 4294967295/4294967295
05-04 22:05:38.578  7100  7100 V MediaUtils: new limits: 1850258800/4294967295
05-04 22:05:38.579  7100  7100 I mediaserver: ServiceManager: 0xf630e120
05-04 22:05:38.582  7100  7100 I AudioFlinger: Using 300 mSec as standby time.
05-04 22:05:38.583  7100  7100 E BatteryNotifier: batterystats service unavailable!
05-04 22:05:38.583  7100  7100 E BatteryNotifier: batterystats service unavailable!
05-04 22:05:38.583  7100  7100 I CameraService: CameraService started (pid=7100)
05-04 22:05:38.583  7100  7100 I CameraService: CameraService process starting
05-04 22:05:38.584  7100  7100 E BatteryNotifier: batterystats service unavailable!
05-04 22:05:38.584  7100  7100 E BatteryNotifier: batterystats service unavailable!
05-04 22:05:39.051  7100  7100 E cutils-trace: Error opening trace file: No such file or directory (2)
05-04 22:05:39.052  7100  7100 I QCamera : <MCI><INFO> get_num_of_cameras: 1852: dev_info[id=0,name='video2']
05-04 22:05:39.052  7100  7100 I QCamera : <MCI><INFO> get_num_of_cameras: 1852: dev_info[id=1,name='video3']
05-04 22:05:39.052  7100  7100 I QCamera : <MCI><INFO> sort_camera_info: 1707: Camera id: 0 facing: 0, type: 1 is_yuv: 0
05-04 22:05:39.052  7100  7100 I QCamera : <MCI><INFO> sort_camera_info: 1707: Camera id: 1 facing: 1, type: 0 is_yuv: 0
05-04 22:05:39.052  7100  7100 I QCamera : <MCI><INFO> sort_camera_info: 1710: Number of cameras 2 sorted 2
05-04 22:05:39.052  7100  7100 I QCamera : <MCI><INFO> get_num_of_cameras: 1870: num_cameras=2
05-04 22:05:39.052  7100  7100 I CameraService: Loaded "QCamera Module" camera module
05-04 22:05:39.052  7100  7100 I QCamera : <HAL><INFO> int qcamera::QCamera2Factory::getCameraInfo(int, camera_info*): 346: Camera id 0 API version 256
05-04 22:05:39.066   545  7160 I chatty  : uid=1006(camera) mm-qcamera-daem expire 2 lines
05-04 22:05:39.067   545  7163 I chatty  : uid=1006(camera) mm-qcamera-daem expire 5 lines
05-04 22:05:39.072   545  7164 I chatty  : uid=1006(camera) mm-qcamera-daem expire 6 lines
05-04 22:05:39.084   545  7169 I chatty  : uid=1006(camera) mm-qcamera-daem expire 4 lines
05-04 22:05:39.088  7166  7166 I chatty  : uid=0(root) /system/bin/displayfeature expire 8 lines
05-04 22:05:39.098   545  7160 I chatty  : uid=1006(camera) mm-qcamera-daem expire 3 lines
05-04 22:05:39.099   545  7172 I chatty  : uid=1006(camera) mm-qcamera-daem expire 5 lines
05-04 22:05:39.101   545  7169 I chatty  : uid=1006(camera) mm-qcamera-daem expire 2 lines
05-04 22:05:39.101   545  7179 I chatty  : uid=1006(camera) mm-qcamera-daem expire 6 lines
05-04 22:05:39.116   545  7184 I chatty  : uid=1006(camera) mm-qcamera-daem expire 14 lines
05-04 22:05:39.193   545  7162 I chatty  : uid=1006(camera) mm-qcamera-daem expire 4 lines
05-04 22:05:39.223   545  7185 I chatty  : uid=1006(camera) mm-qcamera-daem expire 10 lines
05-04 22:05:39.226   545   545 I chatty  : uid=1006(camera) mm-qcamera-daem expire 15 lines
05-04 22:05:39.235   545  7204 I chatty  : uid=1006(camera) mm-qcamera-daem expire 1 line
05-04 22:05:39.236   545  7205 I chatty  : uid=1006(camera) mm-qcamera-daem expire 2 lines
05-04 22:05:39.237   545  7206 I chatty  : uid=1006(camera) mm-qcamera-daem expire 3 lines
05-04 22:05:39.240   545  7207 I chatty  : uid=1006(camera) mm-qcamera-daem expire 2 lines
05-04 22:05:39.246   545  7208 I chatty  : uid=1006(camera) mm-qcamera-daem expire 2 lines
05-04 22:05:39.249   545  7209 I chatty  : uid=1006(camera) mm-qcamera-daem expire 2 lines
05-04 22:05:39.333  7168  7168 I chatty  : uid=1000(system) /system/vendor/bin/mm-pp-dpps expire 16 lines
05-04 22:05:39.335  7168  7219 I chatty  : uid=1000(system) /system/vendor/bin/mm-pp-dpps expire 1 line
05-04 22:05:39.335  7168  7218 I chatty  : uid=1000(system) /system/vendor/bin/mm-pp-dpps expire 12 lines
05-04 22:05:39.340  7161  7161 I chatty  : uid=0(root) expire 48 lines
05-04 22:05:39.423   511   661 I chatty  : uid=0(root) /system/vendor/bin/thermal-engine expire 1 line
05-04 22:05:39.488   541   664 E QCALOG  : [MessageQ] ProcessNewMessage: [XTWiFi-PE] unknown deliver target [OS-Agent]
05-04 22:05:39.500  7161  7161 I art     : Pruning dalvik-cache since we are generating an image and will need to recompile
05-04 22:05:39.501  7161  7161 I art     : Using an offset of 0xff847000 from default art base address of 0x70000000
05-04 22:05:39.501  7161  7161 I art     : GenerateImage: /system/bin/dex2oat --image=/data/dalvik-cache/arm64/system@framework@boot.art --dex-file=/system/framework/core-libart.jar --dex-file=/system/framework/conscrypt.jar --dex-file=/system/framework/okhttp.jar --dex-file=/system/framework/core-junit.jar --dex-file=/system/framework/bouncycastle.jar --dex-file=/system/framework/ext.jar --dex-file=/system/framework/framework.jar --dex-file=/system/framework/telephony-common.jar --dex-file=/system/framework/voip-common.jar --dex-file=/system/framework/ims-common.jar --dex-file=/system/framework/apache-xml.jar --dex-file=/system/framework/org.apache.http.legacy.boot.jar --dex-file=/system/framework/flyme-framework.jar --dex-file=/system/framework/flyme-telephony-common.jar --oat-file=/data/dalvik-cache/arm64/system@framework@boot.oat --instruction-set=arm64 --instruction-set-features=smp,a53 --base=0x6f847000 --runtime-arg -Xms64m --runtime-arg -Xmx64m --image-classes=/system/etc/preloaded-classes --instruction-set-variant=kryo --instruction-set-feat
05-04 22:05:39.504   545  7204 I chatty  : uid=1006(camera) mm-qcamera-daem expire 1 line
05-04 22:05:39.505   545   545 I chatty  : uid=1006(camera) mm-qcamera-daem expire 6 lines
05-04 22:05:39.508  7100  7100 I QCamera : <HAL><INFO> static int qcamera::QCamera3HardwareInterface::getCamInfo(uint32_t, camera_info*): 7935: camera 0 resource cost is 100
05-04 22:05:39.509  7100  7100 I QCamera : <HAL><INFO> int qcamera::QCamera2Factory::getCameraInfo(int, camera_info*): 346: Camera id 1 API version 256
05-04 22:05:39.509   670   740 E slim_daemon: [NDK] bindNDKSensors: Sensor server is unavailable.
05-04 22:05:39.527   545  7240 I chatty  : uid=1006(camera) mm-qcamera-daem expire 2 lines
05-04 22:05:39.527   545  7241 I chatty  : uid=1006(camera) mm-qcamera-daem expire 5 lines
05-04 22:05:39.533   545  7243 I chatty  : uid=1006(camera) mm-qcamera-daem expire 3 lines
05-04 22:05:39.535   545  7245 I chatty  : uid=1006(camera) mm-qcamera-daem expire 2 lines
05-04 22:05:39.536  7237  7237 I dex2oat : /system/bin/dex2oat --image=/data/dalvik-cache/arm64/system@framework@boot.art --dex-file=/system/framework/core-libart.jar --dex-file=/system/framework/conscrypt.jar --dex-file=/system/framework/okhttp.jar --dex-file=/system/framework/core-junit.jar --dex-file=/system/framework/bouncycastle.jar --dex-file=/system/framework/ext.jar --dex-file=/system/framework/framework.jar --dex-file=/system/framework/telephony-common.jar --dex-file=/system/framework/voip-common.jar --dex-file=/system/framework/ims-common.jar --dex-file=/system/framework/apache-xml.jar --dex-file=/system/framework/org.apache.http.legacy.boot.jar --dex-file=/system/framework/flyme-framework.jar --dex-file=/system/framework/flyme-telephony-common.jar --oat-file=/data/dalvik-cache/arm64/system@framework@boot.oat --instruction-set=arm64 --instruction-set-features=smp,a53 --base=0x6f847000 --runtime-arg -Xms64m --runtime-arg -Xmx64m --image-classes=/system/etc/preloaded-classes --instruction-set-variant=kryo --instruction-set-features=default
05-04 22:05:39.536  7237  7237 E cutils-trace: Error opening trace file: No such file or directory (2)
05-04 22:05:39.538  7237  7237 I dex2oat : setting boot class path to /system/framework/core-libart.jar:/system/framework/conscrypt.jar:/system/framework/okhttp.jar:/system/framework/core-junit.jar:/system/framework/bouncycastle.jar:/system/framework/ext.jar:/system/framework/framework.jar:/system/framework/telephony-common.jar:/system/framework/voip-common.jar:/system/framework/ims-common.jar:/system/framework/apache-xml.jar:/system/framework/org.apache.http.legacy.boot.jar:/system/framework/flyme-framework.jar:/system/framework/flyme-telephony-common.jar
05-04 22:05:39.538   545  7248 I chatty  : uid=1006(camera) mm-qcamera-daem expire 2 lines
05-04 22:05:39.541   545  7245 I chatty  : uid=1006(camera) mm-qcamera-daem expire 1 line
05-04 22:05:39.544   545  7249 I chatty  : uid=1006(camera) mm-qcamera-daem expire 3 lines
05-04 22:05:39.546   545  7245 I chatty  : uid=1006(camera) mm-qcamera-daem expire 3 lines
05-04 22:05:39.546   545  7249 I chatty  : uid=1006(camera) mm-qcamera-daem expire 3 lines
05-04 22:05:39.551   545  7240 I chatty  : uid=1006(camera) mm-qcamera-daem expire 3 lines
05-04 22:05:39.553   545  7243 I chatty  : uid=1006(camera) mm-qcamera-daem expire 3 lines
05-04 22:05:39.555   545  7248 I chatty  : uid=1006(camera) mm-qcamera-daem expire 3 lines
05-04 22:05:39.561   545  7258 I chatty  : uid=1006(camera) mm-qcamera-daem expire 17 lines
05-04 22:05:39.568   541   664 E QCALOG  : [MessageQ] ProcessNewMessage: [XT-CS] unknown deliver target [OS-Agent]
05-04 22:05:39.571   545  7259 I chatty  : uid=1006(camera) mm-qcamera-daem expire 6 lines
05-04 22:05:39.573   669   781 W XTCC-5.1.0.10: [CS-RIL-LISTENER] timerCallback fired for ril update registering, re-register
05-04 22:05:39.573   545   545 I chatty  : uid=1006(camera) mm-qcamera-daem expire 9 lines
05-04 22:05:39.574   541   664 E QCALOG  : [MessageQ] ProcessNewMessage: [XT-CS] unknown deliver target [OS-Agent]
05-04 22:05:39.576   545  7269 I chatty  : uid=1006(camera) mm-qcamera-daem expire 1 line
05-04 22:05:39.577   545  7271 I chatty  : uid=1006(camera) mm-qcamera-daem expire 1 line
05-04 22:05:39.577   545  7270 I chatty  : uid=1006(camera) mm-qcamera-daem expire 1 line
05-04 22:05:39.577   545  7271 I chatty  : uid=1006(camera) mm-qcamera-daem expire 1 line
05-04 22:05:39.577   545  7272 I chatty  : uid=1006(camera) mm-qcamera-daem expire 1 line
05-04 22:05:39.578   545  7270 I chatty  : uid=1006(camera) mm-qcamera-daem expire 1 line
05-04 22:05:39.579   545  7273 I chatty  : uid=1006(camera) mm-qcamera-daem expire 1 line
05-04 22:05:39.583   545  7271 I chatty  : uid=1006(camera) mm-qcamera-daem expire 1 line
05-04 22:05:39.586   545  7269 I chatty  : uid=1006(camera) mm-qcamera-daem expire 1 line
05-04 22:05:39.586   545   545 I chatty  : uid=1006(camera) mm-qcamera-daem expire 10 lines
05-04 22:05:39.587   545  7275 I chatty  : uid=1006(camera) mm-qcamera-daem expire 2 lines
05-04 22:05:39.591   545  7273 I chatty  : uid=1006(camera) mm-qcamera-daem expire 1 line
05-04 22:05:39.593   545  7272 I chatty  : uid=1006(camera) mm-qcamera-daem expire 1 line
05-04 22:05:39.594  7100  7100 I QCamera : <HAL><INFO> static int qcamera::QCamera3HardwareInterface::getCamInfo(uint32_t, camera_info*): 7935: camera 1 resource cost is 100
05-04 22:05:39.594  7100  7100 I QCamera : <HAL><INFO> int qcamera::QCamera2Factory::getCameraInfo(int, camera_info*): 346: Camera id 0 API version 256
05-04 22:05:39.594  7100  7100 I QCamera : <HAL><INFO> static int qcamera::QCamera3HardwareInterface::getCamInfo(uint32_t, camera_info*): 7935: camera 0 resource cost is 100
05-04 22:05:39.594  7100  7100 I QCamera : <HAL><INFO> int qcamera::QCamera2Factory::getCameraInfo(int, camera_info*): 346: Camera id 1 API version 256
05-04 22:05:39.594  7100  7100 I QCamera : <HAL><INFO> static int qcamera::QCamera3HardwareInterface::getCamInfo(uint32_t, camera_info*): 7935: camera 1 resource cost is 100
05-04 22:05:39.594  7100  7100 I ServiceManager: Waiting for service media.camera.proxy...
05-04 22:05:39.932   511   661 I ThermalEngine: handle_thresh_sig: SS Id SKIN-SS-GOLD-AND-SILVER, Read xo_therm_buf 43000mC
05-04 22:05:40.186   511   661 I ThermalEngine: ACTION: CLUSTER - Setting CLUSTER[0] to voltage 840 freq = 1363200
05-04 22:05:40.186   511   661 I ThermalEngine: Mitigation:CLUSTER[0]: 840 mV freq = 1363200 kHz
05-04 22:05:40.442   511   661 I ThermalEngine: handle_thresh_sig: SS Id SKIN-SS-GOLD-AND-SILVER, Read xo_therm_buf 43000mC
05-04 22:05:40.458  7099  7099 V NatController: runCmd(/system/bin/iptables -w -F natctrl_FORWARD) res=0
05-04 22:05:40.471  7099  7099 V NatController: runCmd(/system/bin/iptables -w -A natctrl_FORWARD -j DROP) res=0
05-04 22:05:40.481  7099  7099 V NatController: runCmd(/system/bin/iptables -w -t nat -F natctrl_nat_POSTROUTING) res=0
05-04 22:05:40.491  7099  7099 V NatController: runCmd(/system/bin/iptables -w -F natctrl_tether_counters) res=0
05-04 22:05:40.503  7099  7099 V NatController: runCmd(/system/bin/iptables -w -X natctrl_tether_counters) res=0
05-04 22:05:40.510   670   740 E slim_daemon: [NDK] bindNDKSensors: Sensor server is unavailable.
05-04 22:05:40.514  7099  7099 V NatController: runCmd(/system/bin/iptables -w -N natctrl_tether_counters) res=0
05-04 22:05:40.529  7099  7099 V NatController: runCmd(/system/bin/iptables -w -t mangle -A natctrl_mangle_FORWARD -p tcp --tcp-flags SYN SYN -j TCPMSS --clamp-mss-to-pmtu) res=0
05-04 22:05:40.595  7100  7100 I ServiceManager: Waiting for service media.camera.proxy...
05-04 22:05:40.950   511   661 I ThermalEngine: handle_thresh_sig: SS Id SKIN-SS-GOLD-AND-SILVER, Read xo_therm_buf 43000mC
05-04 22:05:41.134  7099  7099 E Netd    : netlink response contains error (File exists)
05-04 22:05:41.134  7099  7099 E Netd    : Can't add IPv4 default route to dummy0: File exists
05-04 22:05:41.135  7099  7099 E Netd    : Unable to create netlink socket: Protocol not supported
05-04 22:05:41.136  7099  7099 E Netd    : Unable to open quota socket
05-04 22:05:41.136  7099  7099 D MDnsDS  : MDnsSdListener::Hander starting up
05-04 22:05:41.137  7099  7428 D MDnsDS  : MDnsSdListener starting to monitor
05-04 22:05:41.137  7099  7428 D MDnsDS  : Going to poll with pollCount 1
05-04 22:05:41.457   511   661 I ThermalEngine: ACTION: CLUSTER - Setting CLUSTER[1] to voltage 890 freq = 1804800
05-04 22:05:41.457   511   661 I ThermalEngine: Mitigation:CLUSTER[1]: 890 mV freq = 1804800 kHz
05-04 22:05:41.458   511   661 I ThermalEngine: handle_thresh_sig: SS Id SKIN-SS-GOLD-AND-SILVER, Read xo_therm_buf 43000mC
05-04 22:05:41.511   670   740 E slim_daemon: [NDK] bindNDKSensors: Sensor server is unavailable.
05-04 22:05:41.596  7100  7100 I ServiceManager: Waiting for service media.camera.proxy...
05-04 22:05:41.705  7237  7237 W dex2oat : Skipping class com.quicinc.tcmiface.DpmTcmIface from /system/framework/org.apache.http.legacy.boot.jar previously found in /system/framework/okhttp.jar
05-04 22:05:41.967   511   661 I ThermalEngine: handle_thresh_sig: SS Id SKIN-SS-GOLD-AND-SILVER, Read xo_therm_buf 43000mC
05-04 22:05:42.475   511   661 I ThermalEngine: handle_thresh_sig: SS Id SKIN-SS-GOLD-AND-SILVER, Read xo_therm_buf 43000mC
05-04 22:05:42.513   670   740 E slim_daemon: [NDK] bindNDKSensors: Sensor server is unavailable.
05-04 22:05:42.596  7100  7100 I ServiceManager: Waiting for service media.camera.proxy...
05-04 22:05:42.981   511   661 I ThermalEngine: ACTION: CLUSTER - Setting CLUSTER[0] to voltage 840 freq = 1363200
05-04 22:05:42.982   511   661 I ThermalEngine: Mitigation:CLUSTER[0]: 840 mV freq = 1363200 kHz
05-04 22:05:42.983   511   661 I ThermalEngine: handle_thresh_sig: SS Id SKIN-SS-GOLD-AND-SILVER, Read xo_therm_buf 43000mC
05-04 22:05:43.491   511   661 I ThermalEngine: handle_thresh_sig: SS Id SKIN-SS-GOLD-AND-SILVER, Read xo_therm_buf 43000mC
05-04 22:05:43.514   670   740 E slim_daemon: [NDK] bindNDKSensors: Sensor server is unavailable.
05-04 22:05:43.597  7100  7100 I ServiceManager: Waiting for service media.camera.proxy...
05-04 22:05:43.999   511   661 I ThermalEngine: handle_thresh_sig: SS Id SKIN-SS-GOLD-AND-SILVER, Read xo_therm_buf 43000mC
05-04 22:05:44.253   511   661 I ThermalEngine: ACTION: CLUSTER - Setting CLUSTER[1] to voltage 885 freq = 1785600
05-04 22:05:44.253   511   661 I ThermalEngine: Mitigation:CLUSTER[1]: 885 mV freq = 1785600 kHz
05-04 22:05:44.290  7237  7394 W dex2oat : Skipping class com.quicinc.tcmiface.DpmTcmIface from /system/framework/org.apache.http.legacy.boot.jar previously found in /system/framework/okhttp.jar
05-04 22:05:44.394  7237  7237 W dex2oat : Method processed more than once: void android.icu.text.NumberFormat.<clinit>()
05-04 22:05:44.488   541   664 E QCALOG  : [MessageQ] ProcessNewMessage: [XTWiFi-PE] unknown deliver target [OS-Agent]
05-04 22:05:44.508   511   661 I ThermalEngine: handle_thresh_sig: SS Id SKIN-SS-GOLD-AND-SILVER, Read xo_therm_buf 43000mC
05-04 22:05:44.514   670   740 E slim_daemon: [NDK] bindNDKSensors: Sensor server is unavailable.
05-04 22:05:44.530  7237  7237 W dex2oat : Method processed more than once: java.lang.String java.lang.AbstractStringBuilder.substring(int)
05-04 22:05:44.569   541   664 E QCALOG  : [MessageQ] ProcessNewMessage: [XT-CS] unknown deliver target [OS-Agent]
05-04 22:05:44.574   669   781 W XTCC-5.1.0.10: [CS-RIL-LISTENER] timerCallback fired for ril update registering, re-register
05-04 22:05:44.575   541   664 E QCALOG  : [MessageQ] ProcessNewMessage: [XT-CS] unknown deliver target [OS-Agent]
05-04 22:05:44.577  7237  7237 W dex2oat : Method processed more than once: void java.util.Properties.load(java.io.Reader)
05-04 22:05:44.598  7100  7100 I AudioPolicyService: AudioPolicyService CSTOR in new mode
05-04 22:05:44.599  7100  7100 W APM::Devices: DeviceVector::add device 80000040 already in
05-04 22:05:44.599  7100  7100 I APM::ConfigParsingUtils: loadAudioPolicyConfig() loaded /system/etc/audio_policy.conf
05-04 22:05:44.605  7100  7100 D audio_hw_primary: adev_open: enter
05-04 22:05:44.618  7237  7237 W dex2oat : Method processed more than once: java.lang.String java.lang.IntegralToString.stringOf(char[])
05-04 22:05:44.646  7100  7100 W hardware_info: update_hardware_info_8996: Not a 8996 device
05-04 22:05:44.646  7100  7100 D msm8974_platform: platform_init: Loading mixer file: /system/etc/mixer_paths_tasha.xml
05-04 22:05:44.684  7237  7237 W dex2oat : Method processed more than once: java.lang.String com.android.org.bouncycastle.util.Strings.toLowerCase(java.lang.String)
05-04 22:05:44.745  7100  7100 E audio_route: Control 'MultiMedia5 Mixer AUX_PCM_UL_TX' doesn't exist - skipping
05-04 22:05:44.745  7100  7100 E audio_route: Control 'MultiMedia4 Mixer MI2S_TX' doesn't exist - skipping
05-04 22:05:44.745  7100  7100 E audio_route: Control 'MultiMedia7 Mixer MI2S_TX' doesn't exist - skipping
05-04 22:05:44.746  7100  7100 E audio_route: Control 'MultiMedia10 Mixer MI2S_TX' doesn't exist - skipping
05-04 22:05:44.746  7100  7100 E audio_route: Control 'MultiMedia11 Mixer MI2S_TX' doesn't exist - skipping
05-04 22:05:44.746  7100  7100 E audio_route: Control 'MultiMedia12 Mixer MI2S_TX' doesn't exist - skipping
05-04 22:05:44.746  7100  7100 E audio_route: Control 'MultiMedia13 Mixer MI2S_TX' doesn't exist - skipping
05-04 22:05:44.746  7100  7100 E audio_route: Control 'MultiMedia14 Mixer MI2S_TX' doesn't exist - skipping
05-04 22:05:44.746  7100  7100 E audio_route: Control 'MultiMedia15 Mixer MI2S_TX' doesn't exist - skipping
05-04 22:05:44.746  7100  7100 E audio_route: Control 'MultiMedia16 Mixer MI2S_TX' doesn't exist - skipping
05-04 22:05:44.748  7100  7100 E audio_route: Control 'QUAT_MI2S_RX Audio Mixer MultiMedia9' doesn't exist - skipping
05-04 22:05:44.751  7100  7100 E audio_route: Control 'SpkrLeft COMP Switch' doesn't exist - skipping
05-04 22:05:44.752  7100  7100 E audio_route: Control 'SpkrRight COMP Switch' doesn't exist - skipping
05-04 22:05:44.752  7100  7100 E audio_route: Control 'SpkrLeft BOOST Switch' doesn't exist - skipping
05-04 22:05:44.752  7100  7100 E audio_route: Control 'SpkrRight BOOST Switch' doesn't exist - skipping
05-04 22:05:44.752  7100  7100 E audio_route: Control 'SpkrLeft VISENSE Switch' doesn't exist - skipping
05-04 22:05:44.752  7100  7100 E audio_route: Control 'SpkrRight VISENSE Switch' doesn't exist - skipping
05-04 22:05:44.752  7100  7100 E audio_route: Control 'SpkrLeft SWR DAC_Port Switch' doesn't exist - skipping
05-04 22:05:44.752  7100  7100 E audio_route: Control 'SpkrRight SWR DAC_Port Switch' doesn't exist - skipping
05-04 22:05:44.754  7100  7100 E audio_route: Control 'MultiMedia8 Mixer AUX_PCM_UL_TX' doesn't exist - skipping
05-04 22:05:44.756  7100  7100 E audio_route: Control 'SLIM_1 SampleRate' doesn't exist - skipping
05-04 22:05:44.756  7100  7100 E audio_route: Control 'SLIM_1 SampleRate' doesn't exist - skipping
05-04 22:05:44.757  7100  7100 E audio_route: Control 'SLIM_1 SampleRate' doesn't exist - skipping
05-04 22:05:44.757  7100  7100 E audio_route: Control 'SLIM_1 SampleRate' doesn't exist - skipping
05-04 22:05:44.758  7100  7100 E audio_route: Control 'SLIM_1 SampleRate' doesn't exist - skipping
05-04 22:05:44.758  7100  7100 E audio_route: Control 'SLIM_1 SampleRate' doesn't exist - skipping
05-04 22:05:44.759  7100  7100 E audio_route: Control 'SLIM_1 SampleRate' doesn't exist - skipping
05-04 22:05:44.759  7100  7100 E audio_route: Control 'SLIM_1 SampleRate' doesn't exist - skipping
05-04 22:05:44.760  7100  7100 E audio_route: Control 'SLIM_1 SampleRate' doesn't exist - skipping
05-04 22:05:44.761  7100  7100 E audio_route: Control 'SLIM_1 SampleRate' doesn't exist - skipping
05-04 22:05:44.761  7100  7100 E audio_route: Control 'SLIM_1 SampleRate' doesn't exist - skipping
05-04 22:05:44.762  7100  7100 E audio_route: Control 'SLIM_1 SampleRate' doesn't exist - skipping
05-04 22:05:44.762  7100  7100 E audio_route: Control 'MultiMedia8 Mixer AUX_PCM_UL_TX' doesn't exist - skipping
05-04 22:05:44.762  7100  7100 E audio_route: Control 'SLIM_1 SampleRate' doesn't exist - skipping
05-04 22:05:44.762  7100  7100 E audio_route: Control 'MultiMedia5 Mixer AUX_PCM_UL_TX' doesn't exist - skipping
05-04 22:05:44.765  7100  7100 E audio_route: Control 'SLIM_1 SampleRate' doesn't exist - skipping
05-04 22:05:44.771  7100  7100 E audio_route: Control 'AIF1_CAP Mixer SLIM TX7' already exists in path 'speaker-mic'
05-04 22:05:44.780  7100  7100 D msm8974_platform: platform_init: Opened sound card:0
05-04 22:05:44.784  7100  7100 D ACDB-LOADER: ACDB -> Load file: /etc/acdbdata/adsp_avs_config.acdb
05-04 22:05:44.785  7100  7100 D ACDB-LOADER: ACDB -> found 1 form factor & soundcard independant files
05-04 22:05:44.785  7100  7100 D ACDB-LOADER: ACDB -> Load file: /etc/acdbdata/Forte/Forte_Bluetooth_cal.acdb
05-04 22:05:44.785  7100  7100 D ACDB-LOADER: ACDB -> Load file: /etc/acdbdata/Forte/Forte_General_cal.acdb
05-04 22:05:44.785  7100  7100 D ACDB-LOADER: ACDB -> Load file: /etc/acdbdata/Forte/Forte_Global_cal.acdb
05-04 22:05:44.785  7100  7100 D ACDB-LOADER: ACDB -> Load file: /etc/acdbdata/Forte/Forte_Handset_cal.acdb
05-04 22:05:44.785  7100  7100 D ACDB-LOADER: ACDB -> Load file: /etc/acdbdata/Forte/Forte_Hdmi_cal.acdb
05-04 22:05:44.785  7100  7100 D ACDB-LOADER: ACDB -> Load file: /etc/acdbdata/Forte/Forte_Headset_cal.acdb
05-04 22:05:44.785  7100  7100 D ACDB-LOADER: ACDB -> Load file: /etc/acdbdata/Forte/Forte_Speaker_cal.acdb
05-04 22:05:44.785  7100  7100 I ACDB-LOADER: ACDB -> Info: Loaded ForteMedia ACDB!
05-04 22:05:44.785  7100  7100 D ACDB-LOADER: ACDB -> ACDB_CMD_INITIALIZE_V2
05-04 22:05:44.785  7100  7100 D         : [ACDB Command]->SW Minor/Major/Revision version info for /etc/acdbdata/adsp_avs_config.acdb
05-04 22:05:44.785  7100  7100 D         : [ACDB Command]->ACDB Sw Major = 8, ACDB Sw Minor = 0, ACDB Sw Revision = 1, ACDB Sw Cpl Number = 0
05-04 22:05:44.785  7100  7100 D         : [ACDB Command]->ACDB File Major = 0, ACDB File Minor = 0, ACDB File Revision = 0
05-04 22:05:44.786  7100  7100 D         : [ACDB Command]->SW Minor/Major/Revision version info for /etc/acdbdata/Forte/Forte_Bluetooth_cal.acdb
05-04 22:05:44.786  7100  7100 D         : [ACDB Command]->ACDB Sw Major = 8, ACDB Sw Minor = 0, ACDB Sw Revision = 1, ACDB Sw Cpl Number = 0
05-04 22:05:44.786  7100  7100 D         : [ACDB Command]->ACDB File Major = 7, ACDB File Minor = 0, ACDB File Revision = 4
05-04 22:05:44.786  7100  7100 D         : [ACDB Command]->SW Minor/Major/Revision version info for /etc/acdbdata/Forte/Forte_General_cal.acdb
05-04 22:05:44.786  7100  7100 D         : [ACDB Command]->ACDB Sw Major = 8, ACDB Sw Minor = 0, ACDB Sw Revision = 1, ACDB Sw Cpl Number = 0
05-04 22:05:44.786  7100  7100 D         : [ACDB Command]->ACDB File Major = 7, ACDB File Minor = 0, ACDB File Revision = 4
05-04 22:05:44.786  7100  7100 D         : [ACDB Command]->SW Minor/Major/Revision version info for /etc/acdbdata/Forte/Forte_Global_cal.acdb
05-04 22:05:44.786  7100  7100 D         : [ACDB Command]->ACDB Sw Major = 8, ACDB Sw Minor = 0, ACDB Sw Revision = 1, ACDB Sw Cpl Number = 0
05-04 22:05:44.786  7100  7100 D         : [ACDB Command]->ACDB File Major = 7, ACDB File Minor = 0, ACDB File Revision = 4
05-04 22:05:44.787  7100  7100 D         : [ACDB Command]->SW Minor/Major/Revision version info for /etc/acdbdata/Forte/Forte_Handset_cal.acdb
05-04 22:05:44.787  7100  7100 D         : [ACDB Command]->ACDB Sw Major = 8, ACDB Sw Minor = 0, ACDB Sw Revision = 1, ACDB Sw Cpl Number = 0
05-04 22:05:44.788  7100  7100 D         : [ACDB Command]->ACDB File Major = 7, ACDB File Minor = 0, ACDB File Revision = 4
05-04 22:05:44.788  7100  7100 D         : [ACDB Command]->SW Minor/Major/Revision version info for /etc/acdbdata/Forte/Forte_Hdmi_cal.acdb
05-04 22:05:44.788  7100  7100 D         : [ACDB Command]->ACDB Sw Major = 8, ACDB Sw Minor = 0, ACDB Sw Revision = 1, ACDB Sw Cpl Number = 0
05-04 22:05:44.788  7100  7100 D         : [ACDB Command]->ACDB File Major = 7, ACDB File Minor = 0, ACDB File Revision = 4
05-04 22:05:44.788  7100  7100 D         : [ACDB Command]->SW Minor/Major/Revision version info for /etc/acdbdata/Forte/Forte_Headset_cal.acdb
05-04 22:05:44.789  7100  7100 D         : [ACDB Command]->ACDB Sw Major = 8, ACDB Sw Minor = 0, ACDB Sw Revision = 1, ACDB Sw Cpl Number = 0
05-04 22:05:44.789  7100  7100 D         : [ACDB Command]->ACDB File Major = 7, ACDB File Minor = 0, ACDB File Revision = 4
05-04 22:05:44.789  7100  7100 D         : [ACDB Command]->SW Minor/Major/Revision version info for /etc/acdbdata/Forte/Forte_Speaker_cal.acdb
05-04 22:05:44.789  7100  7100 D         : [ACDB Command]->ACDB Sw Major = 8, ACDB Sw Minor = 0, ACDB Sw Revision = 1, ACDB Sw Cpl Number = 0
05-04 22:05:44.789  7100  7100 D         : [ACDB Command]->ACDB File Major = 7, ACDB File Minor = 0, ACDB File Revision = 4
05-04 22:05:44.789  7100  7100 D         : ACDBFILE_MGR:Read the devices count as zero, please check the acdb file
05-04 22:05:44.790  7100  7100 D ACDB-LOADER: ACDB -> ACPH INIT
05-04 22:05:44.790  7100  7100 D         : [ACPH]->Online service registered with ACPH
05-04 22:05:44.791  7100  7100 D         : [ACPH]->ACPH init success
05-04 22:05:44.791  7100  7100 D ACDB-LOADER: ACDB -> RTAC INIT
05-04 22:05:44.791  7100  7100 D         : [ACPH]->DSP RTC service registered with ACPH
05-04 22:05:44.792  7100  7100 D ACDB-LOADER: ACDB -> MCS, FTS INIT
05-04 22:05:44.792  7100  7100 E MCS-RT-CTL: Can't open the configuration file /system/etc/aanc_tuning_mixer.txt.
05-04 22:05:44.792  7100  7100 E ACDB-MCS: acdb_mcs_init: MCS routing control initialization failed.
05-04 22:05:44.792  7100  7100 D         : [ACPH]->FTS RTC service registered with ACPH
05-04 22:05:44.792  7100  7100 D ACDB-LOADER: ACDB -> ADIE RTAC INIT
05-04 22:05:44.792  7100  7100 D         : [ACPH]->ADIE RTC service registered with ACPH
05-04 22:05:44.792  7100  7100 D ACDB-LOADER: ACDB -> ACDB_CMD_GET_VOC_PROC_DYNAMIC_TABLE_SIZE
05-04 22:05:44.795  7100  7100 D ACDB-LOADER: ACDB -> send_meta_info, lic 0
05-04 22:05:44.795  7100  7100 D         : Couldnt find the key 00000000 
05-04 22:05:44.795  7100  7100 D         : Output from GetMetaInfoSize command : 0
05-04 22:05:44.801  7100  7100 D ACDB-LOADER: ACDB -> send_common_custom_topology
05-04 22:05:44.801  7100  7100 D ACDB-LOADER: ACDB -> ACDB_CMD_GET_AVCS_CUSTOM_TOPO_INFO
05-04 22:05:44.801  7100  7100 D ACDB-LOADER: ACDB -> ACDB_CMD_GET_AVCS_CUSTOM_TOPO_INFO: size:0x33c ret=0 
05-04 22:05:44.801  7100  7100 D ACDB-LOADER: ACDB -> CORE_CUSTOM_TOPOLOGIES
05-04 22:05:44.803  7100  7100 E ACDB-LOADER: AUDIO_SET_CALIBRATION, Error = 0
05-04 22:05:44.803  7100  7100 D ACDB-LOADER: ACDB -> acdb_loader_send_common_custom_topology: Common custom topology not in use
05-04 22:05:44.803  7100  7100 D ACDB-LOADER: ACDB -> send_afe_custom_topology
05-04 22:05:44.803  7100  7100 D ACDB-LOADER: ACDB -> ACDB_CMD_GET_AFE_TOPOLOGIES
05-04 22:05:44.803  7100  7100 D         : ACDBFILE_MGR: Property for the pid 000130DE not found
05-04 22:05:44.803  7100  7100 D         : ACDB_COMMAND: Failed to fetch the property info for pid 000130DE 
05-04 22:05:44.803  7100  7100 E ACDB-LOADER: Error: ACDB get afe custom topologies returned = -18
05-04 22:05:44.803  7100  7100 D ACDB-LOADER: ACDB -> ACDB_CMD_GET_AFE_TOPOLOGIES: size:0x0 ret=-18 
05-04 22:05:44.803  7100  7100 D ACDB-LOADER: ACDB -> AUDIO_SET_AFE_CUSTOM_TOPOLOGY
05-04 22:05:44.803  7100  7100 D ACDB-LOADER: ACDB -> send_adm_custom_topology
05-04 22:05:44.803  7100  7100 D ACDB-LOADER: ACDB -> ACDB_CMD_GET_AUDIO_COPP_TOPOLOGIES
05-04 22:05:44.803  7100  7100 D         : ACDB_COMMAND: Insufficient memory provided to fill the audio copp topology info for pid 00012E47 
05-04 22:05:44.803  7100  7100 D         : Received command request with cmd id 00011394 with insufficient memory
05-04 22:05:44.803  7100  7100 E ACDB-LOADER: Error: ACDB get adm topologies returned = -12
05-04 22:05:44.803  7100  7100 D ACDB-LOADER: ACDB -> AUDIO_SET_ADM_CUSTOM_TOPOLOGY
05-04 22:05:44.804  7100  7100 D ACDB-LOADER: ACDB -> send_asm_custom_topology
05-04 22:05:44.804  7100  7100 D ACDB-LOADER: ACDB -> ACDB_CMD_GET_AUDIO_POPP_TOPOLOGIES
05-04 22:05:44.804  7100  7100 D ACDB-LOADER: ACDB -> AUDIO_SET_ASM_CUSTOM_TOPOLOGY
05-04 22:05:44.804  7100  7100 D ACDB-LOADER: ACDB -> send_lsm_custom_topology
05-04 22:05:44.804  7100  7100 D ACDB-LOADER: ACDB -> ACDB_CMD_GET_LSM_TOPOLOGIES
05-04 22:05:44.804  7100  7100 D ACDB-LOADER: ACDB -> AUDIO_SET_LSM_CUSTOM_TOPOLOGY
05-04 22:05:44.804  7100  7100 D ACDB-LOADER: ACDB -> send_meta_info Enter
05-04 22:05:44.804  7100  7100 E ACDB-LOADER: Fail to allocate memory for metainfo
05-04 22:05:44.804  7100  7100 D ACDB-LOADER: ACDB -> send_meta_info failed
05-04 22:05:44.804  7100  7100 D ACDB-LOADER: ACDB -> init done!
05-04 22:05:44.804  7100  7100 D msm8974_platform: ACDB initialized
05-04 22:05:44.804  7100  7100 D msm8974_platform: hw_util_open Opening device /dev/snd/hwC0D1000
05-04 22:05:44.804  7100  7100 D msm8974_platform: hw_util_open success
05-04 22:05:44.804  7100  7100 D ACDB-LOADER: ACDB -> ACDB_CMD_GET_ANC_SETTING
05-04 22:05:44.804  7100  7100 D         : ACDBFILE_MGR:Read the devices count as zero, please check the acdb file
05-04 22:05:44.804  7100  7100 D anc_map : convert_anc_acdb_to_reg:enter, inut size  2
05-04 22:05:44.804  7100  7100 D anc_map : Setwcd9xxxANC_IIRCoeffs:enter
05-04 22:05:44.804  7100  7100 D anc_map : Setwcd9xxxANC_IIRCoeffs:leave
05-04 22:05:44.804  7100  7100 D anc_map : Setwcd9xxxANC_IIRCoeffs:enter
05-04 22:05:44.804  7100  7100 D anc_map : Setwcd9xxxANC_IIRCoeffs:leave
05-04 22:05:44.804  7100  7100 D anc_map : convert_anc_acdb_to_reg:leave
05-04 22:05:44.804  7100  7100 D ACDB-LOADER: ACDB -> ACDB_CMD_GET_ANC_SETTING
05-04 22:05:44.804  7100  7100 D         : ACDBFILE_MGR:Read the devices count as zero, please check the acdb file
05-04 22:05:44.805  7100  7100 D anc_map : convert_anc_acdb_to_reg:enter, inut size  2
05-04 22:05:44.805  7100  7100 D anc_map : Setwcd9xxxANC_IIRCoeffs:enter
05-04 22:05:44.805  7100  7100 D anc_map : Setwcd9xxxANC_IIRCoeffs:leave
05-04 22:05:44.805  7100  7100 D anc_map : Setwcd9xxxANC_IIRCoeffs:enter
05-04 22:05:44.805  7100  7100 D anc_map : Setwcd9xxxANC_IIRCoeffs:leave
05-04 22:05:44.805  7100  7100 D anc_map : convert_anc_acdb_to_reg:leave
05-04 22:05:44.805  7100  7100 D ACDB-LOADER: ACDB -> ACDB_CMD_GET_ANC_SETTING
05-04 22:05:44.805  7100  7100 D         : ACDBFILE_MGR:Read the devices count as zero, please check the acdb file
05-04 22:05:44.805  7100  7100 D anc_map : convert_anc_acdb_to_reg:enter, inut size  2
05-04 22:05:44.805  7100  7100 D anc_map : Setwcd9xxxANC_IIRCoeffs:enter
05-04 22:05:44.805  7100  7100 D anc_map : Setwcd9xxxANC_IIRCoeffs:leave
05-04 22:05:44.805  7100  7100 D anc_map : Setwcd9xxxANC_IIRCoeffs:enter
05-04 22:05:44.805  7100  7100 D anc_map : Setwcd9xxxANC_IIRCoeffs:leave
05-04 22:05:44.805  7100  7100 D anc_map : convert_anc_acdb_to_reg:leave
05-04 22:05:44.805  7100  7100 D ACDB-LOADER: ACDB -> ACDB_CMD_GET_ANC_SETTING
05-04 22:05:44.805  7100  7100 D         : ACDBFILE_MGR:Read the devices count as zero, please check the acdb file
05-04 22:05:44.805  7100  7100 D anc_map : convert_anc_acdb_to_reg:enter, inut size  2
05-04 22:05:44.805  7100  7100 D anc_map : Setwcd9xxxANC_IIRCoeffs:enter
05-04 22:05:44.805  7100  7100 D anc_map : Setwcd9xxxANC_IIRCoeffs:leave
05-04 22:05:44.805  7100  7100 D anc_map : Setwcd9xxxANC_IIRCoeffs:enter
05-04 22:05:44.805  7100  7100 D anc_map : Setwcd9xxxANC_IIRCoeffs:leave
05-04 22:05:44.805  7100  7100 D anc_map : convert_anc_acdb_to_reg:leave
05-04 22:05:44.805  7100  7100 D ACDB-LOADER: ACDB -> ACDB_CMD_GET_ANC_SETTING
05-04 22:05:44.805  7100  7100 D anc_map : convert_anc_acdb_to_reg:enter, inut size  2
05-04 22:05:44.805  7100  7100 D anc_map : Setwcd9xxxANC_IIRCoeffs:enter
05-04 22:05:44.805  7100  7100 D anc_map : Setwcd9xxxANC_IIRCoeffs:leave
05-04 22:05:44.805  7100  7100 D anc_map : Setwcd9xxxANC_IIRCoeffs:enter
05-04 22:05:44.805  7100  7100 D anc_map : Setwcd9xxxANC_IIRCoeffs:leave
05-04 22:05:44.805  7100  7100 D anc_map : convert_anc_acdb_to_reg:leave
05-04 22:05:44.805  7100  7100 D ACDB-LOADER: ACDB -> ACDB_CMD_GET_ANC_SETTING
05-04 22:05:44.806  7100  7100 D anc_map : convert_anc_acdb_to_reg:enter, inut size  2
05-04 22:05:44.806  7100  7100 D anc_map : Setwcd9xxxANC_IIRCoeffs:enter
05-04 22:05:44.806  7100  7100 D anc_map : Setwcd9xxxANC_IIRCoeffs:leave
05-04 22:05:44.806  7100  7100 D anc_map : Setwcd9xxxANC_IIRCoeffs:enter
05-04 22:05:44.806  7100  7100 D anc_map : Setwcd9xxxANC_IIRCoeffs:leave
05-04 22:05:44.806  7100  7100 D anc_map : convert_anc_acdb_to_reg:leave
05-04 22:05:44.806  7100  7100 D ACDB-LOADER: ACDB -> ACDB_CMD_GET_ANC_SETTING
05-04 22:05:44.806  7100  7100 D anc_map : convert_anc_acdb_to_reg:enter, inut size  2
05-04 22:05:44.806  7100  7100 D anc_map : Setwcd9xxxANC_IIRCoeffs:enter
05-04 22:05:44.806  7100  7100 D anc_map : Setwcd9xxxANC_IIRCoeffs:leave
05-04 22:05:44.806  7100  7100 D anc_map : Setwcd9xxxANC_IIRCoeffs:enter
05-04 22:05:44.806  7100  7100 D anc_map : Setwcd9xxxANC_IIRCoeffs:leave
05-04 22:05:44.806  7100  7100 D anc_map : convert_anc_acdb_to_reg:leave
05-04 22:05:44.806  7100  7100 D ACDB-LOADER: ACDB -> ACDB_CMD_GET_ANC_SETTING
05-04 22:05:44.806  7100  7100 D anc_map : convert_anc_acdb_to_reg:enter, inut size  2
05-04 22:05:44.806  7100  7100 D anc_map : Setwcd9xxxANC_IIRCoeffs:enter
05-04 22:05:44.806  7100  7100 D anc_map : Setwcd9xxxANC_IIRCoeffs:leave
05-04 22:05:44.806  7100  7100 D anc_map : Setwcd9xxxANC_IIRCoeffs:enter
05-04 22:05:44.806  7100  7100 D anc_map : Setwcd9xxxANC_IIRCoeffs:leave
05-04 22:05:44.806  7100  7100 D anc_map : convert_anc_acdb_to_reg:leave
05-04 22:05:44.806  7100  7100 D ACDB-LOADER: ACDB -> ACDB_CMD_GET_ANC_SETTING
05-04 22:05:44.806  7100  7100 D anc_map : convert_anc_acdb_to_reg:enter, inut size  2
05-04 22:05:44.806  7100  7100 D anc_map : Setwcd9xxxANC_IIRCoeffs:enter
05-04 22:05:44.806  7100  7100 D anc_map : Setwcd9xxxANC_IIRCoeffs:leave
05-04 22:05:44.806  7100  7100 D anc_map : Setwcd9xxxANC_IIRCoeffs:enter
05-04 22:05:44.806  7100  7100 D anc_map : Setwcd9xxxANC_IIRCoeffs:leave
05-04 22:05:44.806  7100  7100 D anc_map : convert_anc_acdb_to_reg:leave
05-04 22:05:44.806  7100  7100 D msm8974_platform: send_codec_cal: anc_cal cal sent successfully
05-04 22:05:44.806  7100  7100 D ACDB-LOADER: send mbhc data
05-04 22:05:44.807  7100  7100 D ACDB-LOADER: ACDB -> MBHC ACDB_PID_GENERAL_CONFIG
05-04 22:05:44.807  7100  7100 D ACDB-LOADER: ACDB -> MBHC ACDB_PID_PLUG_REMOVAL_DETECTION
05-04 22:05:44.807  7100  7100 D ACDB-LOADER: ACDB -> MBHC ACDB_PID_PLUG_TYPE_DETECTION
05-04 22:05:44.807  7100  7100 D ACDB-LOADER: ACDB -> MBHC ACDB_PID_BUTTON_PRESS_DETECTION
05-04 22:05:44.807  7100  7100 D ACDB-LOADER: ACDB -> MBHC ACDB_PID_IMPEDANCE_DETECTION
05-04 22:05:44.807  7100  7100 D msm8974_platform: send_codec_cal: mbhc_cal cal sent successfully
05-04 22:05:44.807  7100  7100 D ACDB-LOADER: send vbat data
05-04 22:05:44.807  7100  7100 D ACDB-LOADER: ACDB -> VBAT ACDB_PID_ADC_CAL
05-04 22:05:44.807  7100  7100 D         : Couldnt find the mid 000131D1 and pid 000131D2 
05-04 22:05:44.807  7100  7100 E ACDB-LOADER: Error reading VBAT ADC CAL returned = ffffffed
05-04 22:05:44.807  7100  7100 E msm8974_platform: send_codec_cal: vbat_cal Failed to call ioctl, err=14
05-04 22:05:44.807  7100  7100 D msm8974_platform: platform_set_native_support: na_props.platform_na_prop_enabled: 1
05-04 22:05:44.807  7100  7100 D msm8974_platform: platform_set_snd_device_backend: backend_tag_table[headphones]: old = headphones new = headphones
05-04 22:05:44.807  7100  7100 D msm8974_platform: platform_set_snd_device_backend: hw_interface_table[8] = SLIMBUS_6_RX
05-04 22:05:44.807  7100  7100 D msm8974_platform: platform_set_snd_device_backend: backend_tag_table[anc-headphones]: old = null new = anc-headphones
05-04 22:05:44.808  7100  7100 D msm8974_platform: platform_set_snd_device_backend: hw_interface_table[31] = SLIMBUS_6_RX
05-04 22:05:44.808  7100  7100 D msm8974_platform: platform_set_snd_device_backend: backend_tag_table[line]: old = null new = headphones
05-04 22:05:44.808  7100  7100 D msm8974_platform: platform_set_snd_device_backend: hw_interface_table[7] = SLIMBUS_6_RX
05-04 22:05:44.808  7100  7100 D msm8974_platform: platform_set_snd_device_backend: backend_tag_table[speaker]: old = null new = speaker
05-04 22:05:44.808  7100  7100 D msm8974_platform: platform_set_snd_device_backend: backend_tag_table[speaker-protected]: old = null new = speaker-protected
05-04 22:05:44.808  7100  7100 D msm8974_platform: platform_set_snd_device_backend: backend_tag_table[voice-speaker]: old = null new = speaker
05-04 22:05:44.808  7100  7100 D msm8974_platform: platform_set_snd_device_backend: backend_tag_table[speaker-and-headphones]: old = null new = speaker-and-headphones
05-04 22:05:44.808  7100  7100 D msm8974_platform: platform_set_snd_device_backend: hw_interface_table[10] = QUAT_MI2S_RX-and-SLIMBUS_6_RX
05-04 22:05:44.808  7100  7100 D msm8974_platform: platform_set_snd_device_backend: backend_tag_table[speaker-and-anc-headphones]: old = null new = speaker-and-anc-headphones
05-04 22:05:44.808  7100  7100 D msm8974_platform: platform_set_snd_device_backend: hw_interface_table[35] = QUAT_MI2S_RX-and-SLIMBUS_6_RX
05-04 22:05:44.808  7100  7100 D msm8974_platform: platform_set_snd_device_backend: backend_tag_table[speaker-and-line]: old = null new = speaker-and-headphones
