05-04 22:06:55.711  8106  8106 E NativeLibraryHelper: Failed to load assets verifier: 0
05-04 22:06:55.716  8106  8106 I PackageManager: SELinux relabeling of com.android.externalstorage issued.
05-04 22:06:55.719  8106  8106 E NativeLibraryHelper: Failed to load assets verifier: 0
05-04 22:06:55.721  7915  7915 V NatController: runCmd(/system/bin/iptables -w -X natctrl_tether_counters) res=0
05-04 22:06:55.729  8106  8106 I PackageManager: SELinux relabeling of com.meizu.flyme.launcher issued.
05-04 22:06:55.729  7916  7954 I ServiceManager: Waiting for service permission...
05-04 22:06:55.732  7915  7915 V NatController: runCmd(/system/bin/iptables -w -N natctrl_tether_counters) res=0
05-04 22:06:55.733  8106  8106 E NativeLibraryHelper: Failed to load assets verifier: 0
05-04 22:06:55.734  8106  8106 E PackageManager: Package: Package{932c09e com.meizu.flyme.launcher} has multiple bundled libs, but is not multiarch.
05-04 22:06:55.735  8106  8106 W PackageManager: Permission com.meizu.flyme.launcher.permission.PRELOAD_WORKSPACE from package com.meizu.flyme.launcher in an unknown group android.permission-group.SYSTEM_TOOLS
05-04 22:06:55.735  8106  8106 W PackageManager: Permission com.android.launcher.permission.INSTALL_SHORTCUT from package com.meizu.flyme.launcher in an unknown group android.permission-group.SYSTEM_TOOLS
05-04 22:06:55.735  8106  8106 W PackageManager: Permission com.meizu.flyme.launcher.permission.UNINSTALL_SHORTCUT from package com.meizu.flyme.launcher in an unknown group android.permission-group.SYSTEM_TOOLS
05-04 22:06:55.735  8106  8106 W PackageManager: Permission com.meizu.flyme.launcher.permission.READ_SETTINGS from package com.meizu.flyme.launcher in an unknown group android.permission-group.SYSTEM_TOOLS
05-04 22:06:55.735  8106  8106 W PackageManager: Permission com.meizu.flyme.launcher.permission.WRITE_SETTINGS from package com.meizu.flyme.launcher in an unknown group android.permission-group.SYSTEM_TOOLS
05-04 22:06:55.739  8106  8106 I PackageManager: SELinux relabeling of com.android.location.fused issued.
05-04 22:06:55.742  8106  8106 E NativeLibraryHelper: Failed to load assets verifier: 0
05-04 22:06:55.743  7915  7915 V NatController: runCmd(/system/bin/iptables -w -t mangle -A natctrl_mangle_FORWARD -p tcp --tcp-flags SYN SYN -j TCPMSS --clamp-mss-to-pmtu) res=0
05-04 22:06:55.759  8106  8106 I PackageManager: SELinux relabeling of com.meizu.media.gallery issued.
05-04 22:06:55.773  8106  8106 I PackageManager: SELinux relabeling of com.meizu.flyme.hometools issued.
05-04 22:06:55.777  8106  8106 E NativeLibraryHelper: Failed to load assets verifier: 0
05-04 22:06:55.778  8106  8106 W PackageManager: Permission com.meizu.flyme.home.tools.permission.READ_SETTINGS from package com.meizu.flyme.hometools in an unknown group android.permission-group.SYSTEM_TOOLS
05-04 22:06:55.778  8106  8106 W PackageManager: Permission com.meizu.flyme.home.tools.permission.WRITE_SETTINGS from package com.meizu.flyme.hometools in an unknown group android.permission-group.SYSTEM_TOOLS
05-04 22:06:55.784  8106  8106 W PackageParser: Ignoring duplicate uses-permissions/uses-permissions-sdk-m: android.permission.READ_PROFILE in package: com.android.incallui at: Binary XML file line #15
05-04 22:06:55.786  8106  8106 I PackageManager: SELinux relabeling of com.android.incallui issued.
05-04 22:06:55.792  8106  8106 E NativeLibraryHelper: Failed to load assets verifier: 0
05-04 22:06:55.797  8106  8106 I PackageManager: SELinux relabeling of com.android.inputdevices issued.
05-04 22:06:55.800  8106  8106 E NativeLibraryHelper: Failed to load assets verifier: 0
05-04 22:06:55.806  8106  8106 I PackageManager: SELinux relabeling of com.meizu.flyme.providers.forcetouch issued.
05-04 22:06:55.809  8106  8106 E NativeLibraryHelper: Failed to load assets verifier: 0
05-04 22:06:55.814  8106  8106 W PackageParser: Ignoring duplicate uses-permissions/uses-permissions-sdk-m: android.permission.READ_LOGS in package: com.meizu.logreport at: Binary XML file line #18
05-04 22:06:55.814  8106  8106 W PackageParser: No actions in intent filter at /system/priv-app/LogReport/LogReport.apk Binary XML file line #59
05-04 22:06:55.814  8106  8106 W PackageParser: No actions in intent filter at /system/priv-app/LogReport/LogReport.apk Binary XML file line #68
05-04 22:06:55.815  8106  8106 W PackageParser: No actions in intent filter at /system/priv-app/LogReport/LogReport.apk Binary XML file line #77
05-04 22:06:55.815  8106  8106 W PackageParser: No actions in intent filter at /system/priv-app/LogReport/LogReport.apk Binary XML file line #86
05-04 22:06:55.817  8106  8106 I PackageManager: SELinux relabeling of com.meizu.logreport issued.
05-04 22:06:55.826  8106  8106 E NativeLibraryHelper: Failed to load assets verifier: 0
05-04 22:06:55.836  8106  8106 I PackageManager: SELinux relabeling of com.android.managedprovisioning issued.
05-04 22:06:55.841  8106  8106 E NativeLibraryHelper: Failed to load assets verifier: 0
05-04 22:06:55.851  8106  8106 I PackageManager: SELinux relabeling of com.android.providers.media issued.
05-04 22:06:55.856  8106  8106 E NativeLibraryHelper: Failed to load assets verifier: 0
05-04 22:06:55.858  8106  8106 W PackageManager: Permission com.meizu.permission.mtp.LOCK from package com.android.providers.media in an unknown group android.permission-group.SYSTEM_TOOLS
05-04 22:06:55.878  8106  8106 I PackageManager: SELinux relabeling of com.android.mms issued.
05-04 22:06:55.885  8106  8106 E NativeLibraryHelper: Failed to load assets verifier: 0
05-04 22:06:55.885  8106  8106 E PackageManager: Package: Package{e1d3b94 com.android.mms} has multiple bundled libs, but is not multiarch.
05-04 22:06:55.892  8106  8106 I PackageManager: SELinux relabeling of com.android.mms.service issued.
05-04 22:06:55.895  8106  8106 E NativeLibraryHelper: Failed to load assets verifier: 0
05-04 22:06:55.908  8106  8106 I PackageManager: SELinux relabeling of com.meizu.media.music issued.
05-04 22:06:55.921  8106  8106 I PackageManager: SELinux relabeling of com.android.musicfx issued.
05-04 22:06:55.925  8106  8106 E NativeLibraryHelper: Failed to load assets verifier: 0
05-04 22:06:55.932  8106  8106 W PackageParser: Unknown element under <manifest>: receiver at /system/priv-app/MzAccountPlugin/MzAccountPlugin.apk Binary XML file line #54
05-04 22:06:55.934  8106  8106 I PackageManager: SELinux relabeling of com.meizu.gamecenter.service issued.
05-04 22:06:55.947  8106  8106 I PackageManager: SELinux relabeling of com.meizu.backup issued.
05-04 22:06:55.952  8106  8106 E NativeLibraryHelper: Failed to load assets verifier: 0
05-04 22:06:55.961  8106  8106 I PackageManager: SELinux relabeling of com.meizu.callsetting issued.
05-04 22:06:55.965  8106  8106 E NativeLibraryHelper: Failed to load assets verifier: 0
05-04 22:06:55.974  8106  8106 W PackageParser: Unknown element under <manifest>: receiver at /system/priv-app/MzInput/MzInput.apk Binary XML file line #64
05-04 22:06:55.976  8106  8106 I PackageManager: SELinux relabeling of com.meizu.flyme.input issued.
05-04 22:06:55.982  8106  8106 E NativeLibraryHelper: Failed to load assets verifier: 0
05-04 22:06:55.992  8106  8106 I PackageManager: SELinux relabeling of com.meizu.netcontactservice issued.
05-04 22:06:55.997  8106  8106 E NativeLibraryHelper: Failed to load assets verifier: 0
05-04 22:06:56.002  8106  8106 I PackageManager: SELinux relabeling of com.android.onetimeinitializer issued.
05-04 22:06:56.004  8106  8106 E NativeLibraryHelper: Failed to load assets verifier: 0
05-04 22:06:56.010  8106  8106 W PackageParser: Ignoring duplicate uses-permissions/uses-permissions-sdk-m: android.permission.WRITE_SECURE_SETTINGS in package: com.android.packageinstaller at: Binary XML file line #22
05-04 22:06:56.010  8106  8106 W PackageParser: Ignoring duplicate uses-permissions/uses-permissions-sdk-m: com.meizu.flyme.appcenter.permission.action.perform in package: com.android.packageinstaller at: Binary XML file line #36
05-04 22:06:56.011  8106  8106 W PackageParser: Ignoring duplicate uses-permissions/uses-permissions-sdk-m: android.permission.GET_TASKS in package: com.android.packageinstaller at: Binary XML file line #37
05-04 22:06:56.011  8106  8106 W PackageParser: Ignoring duplicate uses-permissions/uses-permissions-sdk-m: android.permission.GET_ACCOUNTS in package: com.android.packageinstaller at: Binary XML file line #38
05-04 22:06:56.011  8106  8106 W PackageParser: Ignoring duplicate uses-permissions/uses-permissions-sdk-m: android.permission.GET_PACKAGE_SIZE in package: com.android.packageinstaller at: Binary XML file line #39
05-04 22:06:56.011  8106  8106 W PackageParser: Ignoring duplicate uses-permissions/uses-permissions-sdk-m: com.meizu.flyme.appcenter.permission.EXTERNAL_INSTALL in package: com.android.packageinstaller at: Binary XML file line #40
05-04 22:06:56.011  8106  8106 W PackageParser: Ignoring duplicate uses-permissions/uses-permissions-sdk-m: com.meizu.mstore.permission.CHECK_UPDATE in package: com.android.packageinstaller at: Binary XML file line #41
05-04 22:06:56.012  8106  8106 I PackageManager: SELinux relabeling of com.android.packageinstaller issued.
05-04 22:06:56.017  8106  8106 E NativeLibraryHelper: Failed to load assets verifier: 0
05-04 22:06:56.024  8106  8106 I PackageManager: SELinux relabeling of com.meizu.perfui issued.
05-04 22:06:56.028  8106  8106 E NativeLibraryHelper: Failed to load assets verifier: 0
05-04 22:06:56.034  8106  8106 I PackageManager: SELinux relabeling of com.meizu.powersave issued.
05-04 22:06:56.038  8106  8106 E NativeLibraryHelper: Failed to load assets verifier: 0
05-04 22:06:56.041  8106  8106 I PackageManager: SELinux relabeling of com.android.proxyhandler issued.
05-04 22:06:56.044  8106  8106 E NativeLibraryHelper: Failed to load assets verifier: 0
05-04 22:06:56.047  8106  8106 W PackageParser: Ignoring duplicate uses-permissions/uses-permissions-sdk-m: android.permission.READ_PHONE_STATE in package: com.meizu.sceneinfo at: Binary XML file line #16
05-04 22:06:56.049  8106  8106 I PackageManager: SELinux relabeling of com.meizu.sceneinfo issued.
05-04 22:06:56.052  8106  8106 E NativeLibraryHelper: Failed to load assets verifier: 0
05-04 22:06:56.052  8106  8106 E PackageManager: Package: Package{955c8a6 com.meizu.sceneinfo} has multiple bundled libs, but is not multiarch.
05-04 22:06:56.064  8106  8106 W PackageParser: Ignoring duplicate uses-permissions/uses-permissions-sdk-m: android.permission.RECEIVE_BOOT_COMPLETED in package: com.android.settings at: Binary XML file line #62
05-04 22:06:56.086  8106  8106 I PackageManager: SELinux relabeling of com.android.settings issued.
05-04 22:06:56.094  8106  8106 E NativeLibraryHelper: Failed to load assets verifier: 0
05-04 22:06:56.101  8106  8106 I PackageManager: SELinux relabeling of com.android.providers.settings issued.
05-04 22:06:56.104  8106  8106 E NativeLibraryHelper: Failed to load assets verifier: 0
05-04 22:06:56.108  8106  8106 I PackageManager: SELinux relabeling of com.android.sharedstoragebackup issued.
05-04 22:06:56.110  8106  8106 E NativeLibraryHelper: Failed to load assets verifier: 0
05-04 22:06:56.115  8106  8106 W PackageParser: Ignoring duplicate uses-permissions/uses-permissions-sdk-m: android.permission.INSTALL_GRANT_RUNTIME_PERMISSIONS in package: com.android.shell at: Binary XML file line #101
05-04 22:06:56.116  8106  8106 I PackageManager: SELinux relabeling of com.android.shell issued.
05-04 22:06:56.119  8106  8106 E NativeLibraryHelper: Failed to load assets verifier: 0
05-04 22:06:56.127  8106  8106 I PackageManager: SELinux relabeling of com.android.soundrecorder issued.
05-04 22:06:56.132  8106  8106 E NativeLibraryHelper: Failed to load assets verifier: 0
05-04 22:06:56.136  8106  8106 I PackageManager: SELinux relabeling of com.android.statementservice issued.
05-04 22:06:56.139  8106  8106 E NativeLibraryHelper: Failed to load assets verifier: 0
05-04 22:06:56.149  8106  8106 W PackageParser: No actions in intent filter at /system/priv-app/SystemUI/SystemUI.apk Binary XML file line #184
05-04 22:06:56.151  8106  8106 I PackageManager: SELinux relabeling of com.android.systemui issued.
05-04 22:06:56.157  8106  8106 E NativeLibraryHelper: Failed to load assets verifier: 0
05-04 22:06:56.158  8106  8106 E PackageManager: Package: Package{7023f22 com.android.systemui} has multiple bundled libs, but is not multiarch.
05-04 22:06:56.166  8106  8106 I PackageManager: SELinux relabeling of com.flyme.systemuitools issued.
05-04 22:06:56.170  8106  8106 E NativeLibraryHelper: Failed to load assets verifier: 0
05-04 22:06:56.170  8106  8106 E PackageManager: Package: Package{3f65acc com.flyme.systemuitools} has multiple bundled libs, but is not multiarch.
05-04 22:06:56.174  8106  8106 I PackageManager: SELinux relabeling of com.android.apps.tag issued.
05-04 22:06:56.177  8106  8106 E NativeLibraryHelper: Failed to load assets verifier: 0
05-04 22:06:56.185  8106  8106 W PackageParser: Ignoring duplicate uses-permissions/uses-permissions-sdk-m: android.permission.READ_PRIVILEGED_PHONE_STATE in package: com.android.phone at: Binary XML file line #59
05-04 22:06:56.192  8106  8106 I PackageManager: SELinux relabeling of com.android.phone issued.
05-04 22:06:56.198  8106  8106 E NativeLibraryHelper: Failed to load assets verifier: 0
05-04 22:06:56.208  8106  8106 I PackageManager: SELinux relabeling of com.android.server.telecom issued.
05-04 22:06:56.212  8106  8106 E NativeLibraryHelper: Failed to load assets verifier: 0
05-04 22:06:56.217  8106  8106 I PackageManager: SELinux relabeling of com.android.providers.telephony issued.
05-04 22:06:56.220  8106  8106 E NativeLibraryHelper: Failed to load assets verifier: 0
05-04 22:06:56.228  8106  8106 W PackageParser: Ignoring duplicate uses-permissions/uses-permissions-sdk-m: android.permission.WRITE_EXTERNAL_STORAGE in package: com.meizu.media.video at: Binary XML file line #69
05-04 22:06:56.233  8106  8106 I PackageManager: SELinux relabeling of com.meizu.media.video issued.
05-04 22:06:56.250  8106  8106 I PackageManager: SELinux relabeling of com.meizu.voiceassistant issued.
05-04 22:06:56.256  8106  8106 E NativeLibraryHelper: Failed to load assets verifier: 0
05-04 22:06:56.256  8106  8106 E PackageManager: Package: Package{8f4cbae com.meizu.voiceassistant} has multiple bundled libs, but is not multiarch.
05-04 22:06:56.262  8106  8106 I PackageManager: SELinux relabeling of com.android.vpndialogs issued.
05-04 22:06:56.266  8106  8106 E NativeLibraryHelper: Failed to load assets verifier: 0
05-04 22:06:56.279  8106  8106 I PackageManager: SELinux relabeling of com.meizu.flyme.wallet issued.
05-04 22:06:56.284  8106  8106 E NativeLibraryHelper: Failed to load assets verifier: 0
05-04 22:06:56.289  8106  8106 I PackageManager: SELinux relabeling of com.android.wallpapercropper issued.
05-04 22:06:56.292  8106  8106 E NativeLibraryHelper: Failed to load assets verifier: 0
05-04 22:06:56.298  8106  8106 W PackageParser: Ignoring duplicate uses-permissions/uses-permissions-sdk-m: android.permission.READ_EXTERNAL_STORAGE in package: com.meizu.yellowpage at: Binary XML file line #55
05-04 22:06:56.300  8106  8106 I PackageManager: SELinux relabeling of com.meizu.yellowpage issued.
05-04 22:06:56.305  8106  8106 E NativeLibraryHelper: Failed to load assets verifier: 0
05-04 22:06:56.317  8106  8106 I PackageManager: SELinux relabeling of com.android.alarmclock issued.
05-04 22:06:56.321  8106  8106 E NativeLibraryHelper: Failed to load assets verifier: 0
05-04 22:06:56.334  8106  8106 I PackageManager: SELinux relabeling of com.meizu.mstore issued.
05-04 22:06:56.339  8106  8106 E NativeLibraryHelper: Failed to load assets verifier: 0
05-04 22:06:56.346  8106  8106 W PackageParser: Ignoring duplicate uses-permissions/uses-permissions-sdk-m: android.permission.READ_CONTACTS in package: com.android.bluetooth at: Binary XML file line #64
05-04 22:06:56.348  8106  8106 W PackageParser: No actions in intent filter at /system/app/Bluetooth/Bluetooth.apk Binary XML file line #235
05-04 22:06:56.350  8106  8106 I PackageManager: SELinux relabeling of com.android.bluetooth issued.
05-04 22:06:56.354  8106  8106 E NativeLibraryHelper: Failed to load assets verifier: 0
05-04 22:06:56.358  8106  8106 W PackageParser: Unknown element under <application>: uses-feature at /system/app/BluetoothExt/BluetoothExt.apk Binary XML file line #57
05-04 22:06:56.359  8106  8106 W PackageParser: No actions in intent filter at /system/app/BluetoothExt/BluetoothExt.apk Binary XML file line #137
05-04 22:06:56.359  8106  8106 W PackageParser: No actions in intent filter at /system/app/BluetoothExt/BluetoothExt.apk Binary XML file line #161
05-04 22:06:56.359  8106  8106 I PackageManager: SELinux relabeling of org.codeaurora.bluetooth issued.
05-04 22:06:56.362  8106  8106 E NativeLibraryHelper: Failed to load assets verifier: 0
05-04 22:06:56.366  8106  8106 I PackageManager: SELinux relabeling of com.android.bluetoothmidiservice issued.
05-04 22:06:56.369  8106  8106 E NativeLibraryHelper: Failed to load assets verifier: 0
05-04 22:06:56.372  8106  8106 I PackageManager: SELinux relabeling of com.android.flyme.bridge.softsim issued.
05-04 22:06:56.374  7915  7915 E Netd    : netlink response contains error (File exists)
05-04 22:06:56.374  8106  8106 E NativeLibraryHelper: Failed to load assets verifier: 0
05-04 22:06:56.374  7915  7915 E Netd    : Can't add IPv4 default route to dummy0: File exists
05-04 22:06:56.379  7915  7915 E Netd    : Unable to create netlink socket: Protocol not supported
05-04 22:06:56.379  7915  7915 E Netd    : Unable to open quota socket
05-04 22:06:56.380  8106  8106 W PackageParser: Ignoring duplicate uses-permissions/uses-permissions-sdk-m: android.permission.READ_EXTERNAL_STORAGE in package: com.meizu.flyme.calculator at: Binary XML file line #48
05-04 22:06:56.381  7915  8281 D MDnsDS  : MDnsSdListener starting to monitor
05-04 22:06:56.381  7915  7915 D MDnsDS  : MDnsSdListener::Hander starting up
05-04 22:06:56.381  7915  8281 D MDnsDS  : Going to poll with pollCount 1
05-04 22:06:56.382  8106  8106 I PackageManager: SELinux relabeling of com.meizu.flyme.calculator issued.
05-04 22:06:56.387  8106  8106 E NativeLibraryHelper: Failed to load assets verifier: 0
05-04 22:06:56.401  8106  8106 I PackageManager: SELinux relabeling of com.android.calendar issued.
05-04 22:06:56.407  8106  8106 E NativeLibraryHelper: Failed to load assets verifier: 0
05-04 22:06:56.419  8106  8106 I PackageManager: SELinux relabeling of com.meizu.media.camera issued.
05-04 22:06:56.424  8106  8106 E NativeLibraryHelper: Failed to load assets verifier: 0
05-04 22:06:56.429  8106  8106 I PackageManager: SELinux relabeling of com.android.captiveportallogin issued.
05-04 22:06:56.431  8106  8106 E NativeLibraryHelper: Failed to load assets verifier: 0
05-04 22:06:56.436  8106  8106 I PackageManager: SELinux relabeling of com.android.certinstaller issued.
05-04 22:06:56.440  8106  8106 E NativeLibraryHelper: Failed to load assets verifier: 0
05-04 22:06:56.453  8106  8106 I PackageManager: SELinux relabeling of com.meizu.connectivitysettings issued.
05-04 22:06:56.459  8106  8106 E NativeLibraryHelper: Failed to load assets verifier: 0
05-04 22:06:56.466  8106  8106 I PackageManager: SELinux relabeling of com.flyme.virtual.softsim issued.
05-04 22:06:56.469  8106  8106 E NativeLibraryHelper: Failed to load assets verifier: 0
05-04 22:06:56.470  8106  8106 E PackageManager: Package: Package{ae72c66 com.flyme.virtual.softsim} has multiple bundled libs, but is not multiarch.
05-04 22:06:56.479  8106  8106 I PackageManager: SELinux relabeling of com.meizu.desktopbackup issued.
05-04 22:06:56.484  8106  8106 E NativeLibraryHelper: Failed to load assets verifier: 0
05-04 22:06:56.486  8106  8106 W PackageManager: Permission com.meizu.desktopbackup.permission.READ_WRITE_SYNC_INFO from package com.meizu.desktopbackup in an unknown group android.permission-group.PERSONAL_INFO
05-04 22:06:56.492  8106  8106 I PackageManager: SELinux relabeling of com.meizu.documentsui issued.
05-04 22:06:56.497  8106  8106 E NativeLibraryHelper: Failed to load assets verifier: 0
05-04 22:06:56.506  8106  8106 I PackageManager: SELinux relabeling of com.android.providers.downloads.ui issued.
05-04 22:06:56.511  8106  8106 E NativeLibraryHelper: Failed to load assets verifier: 0
05-04 22:06:56.522  8106  8106 W PackageParser: No actions in intent filter at /system/app/FileManager/FileManager.apk Binary XML file line #258
05-04 22:06:56.525  8106  8106 I PackageManager: SELinux relabeling of com.meizu.filemanager issued.
05-04 22:06:56.532  8106  8106 E NativeLibraryHelper: Failed to load assets verifier: 0
05-04 22:06:56.544  8106  8106 W PackageParser: Unknown element under <manifest>: meta-data at /system/app/GameCenter/GameCenter.apk Binary XML file line #60
05-04 22:06:56.550  8106  8106 I PackageManager: SELinux relabeling of com.meizu.flyme.gamecenter issued.
05-04 22:06:56.557  8106  8106 E NativeLibraryHelper: Failed to load assets verifier: 0
05-04 22:06:56.563  8106  8106 I PackageManager: SELinux relabeling of com.android.htmlviewer issued.
05-04 22:06:56.567  8106  8106 E NativeLibraryHelper: Failed to load assets verifier: 0
05-04 22:06:56.572   670   740 E slim_daemon: [NDK] bindNDKSensors: Sensor server is unavailable.
05-04 22:06:56.574  8106  8106 I PackageManager: SELinux relabeling of com.iflytek.speechsuite issued.
05-04 22:06:56.578  8106  8106 E NativeLibraryHelper: Failed to load assets verifier: 0
05-04 22:06:56.585  8106  8106 I PackageManager: SELinux relabeling of com.android.keychain issued.
05-04 22:06:56.588  8106  8106 E NativeLibraryHelper: Failed to load assets verifier: 0
05-04 22:06:56.604  8106  8106 I PackageManager: SELinux relabeling of com.meizu.media.life issued.
05-04 22:06:56.618  8106  8106 I PackageManager: SELinux relabeling of com.ibimuyu.lockscreen issued.
05-04 22:06:56.622  8106  8106 E NativeLibraryHelper: Failed to load assets verifier: 0
05-04 22:06:56.629  8106  8106 W PackageParser: Ignoring duplicate uses-permissions/uses-permissions-sdk-m: android.permission.MANAGE_ACCOUNTS in package: com.meizu.flyme.mall at: Binary XML file line #18
05-04 22:06:56.629  8106  8106 W PackageParser: Ignoring duplicate uses-permissions/uses-permissions-sdk-m: android.permission.USE_CREDENTIALS in package: com.meizu.flyme.mall at: Binary XML file line #19
05-04 22:06:56.636  8106  8106 I PackageManager: SELinux relabeling of com.meizu.flyme.mall issued.
05-04 22:06:56.642  8106  8106 E NativeLibraryHelper: Failed to load assets verifier: 0
05-04 22:06:56.657  8106  8106 I PackageManager: SELinux relabeling of com.meizu.net.map issued.
05-04 22:06:56.681  8106  8106 I PackageManager: SELinux relabeling of com.meizu.account issued.
05-04 22:06:56.688  8106  8106 E NativeLibraryHelper: Failed to load assets verifier: 0
05-04 22:06:56.688  7922  7922 I ServiceManager: Waiting for service media.camera.proxy...
05-04 22:06:56.688  8106  8106 E PackageManager: Package: Package{5264995 com.meizu.account} has multiple bundled libs, but is not multiarch.
05-04 22:06:56.697  8106  8106 W PackageParser: Ignoring duplicate uses-permissions/uses-permissions-sdk-m: android.permission.READ_EXTERNAL_STORAGE in package: com.meizu.battery at: Binary XML file line #76
05-04 22:06:56.698  8106  8106 W PackageParser: No actions in intent filter at /system/app/MzBatteryManager/MzBatteryManager.apk Binary XML file line #184
05-04 22:06:56.700  8106  8106 I PackageManager: SELinux relabeling of com.meizu.battery issued.
05-04 22:06:56.706  8106  8106 E NativeLibraryHelper: Failed to load assets verifier: 0
05-04 22:06:56.713  8106  8106 I PackageManager: SELinux relabeling of com.meizu.cloud issued.
05-04 22:06:56.717  8106  8106 E NativeLibraryHelper: Failed to load assets verifier: 0
05-04 22:06:56.730  7916  7954 I ServiceManager: Waiting for service permission...
05-04 22:06:56.733  8106  8106 I PackageManager: SELinux relabeling of com.meizu.compaign issued.
05-04 22:06:56.740  8106  8106 E NativeLibraryHelper: Failed to load assets verifier: 0
05-04 22:06:56.747  8106  8106 I PackageManager: SELinux relabeling of com.meizu.mzcountservice issued.
05-04 22:06:56.750  8106  8106 E NativeLibraryHelper: Failed to load assets verifier: 0
05-04 22:06:56.758  8106  8106 W PackageParser: Ignoring duplicate uses-permissions/uses-permissions-sdk-m: android.permission.READ_EXTERNAL_STORAGE in package: com.meizu.account.pay at: Binary XML file line #39
05-04 22:06:56.763  8106  8106 I PackageManager: SELinux relabeling of com.meizu.account.pay issued.
05-04 22:06:56.769  8106  8106 E NativeLibraryHelper: Failed to load assets verifier: 0
05-04 22:06:56.781  8106  8106 I PackageManager: SELinux relabeling of com.meizu.flyme.service.find issued.
05-04 22:06:56.788  8106  8106 E NativeLibraryHelper: Failed to load assets verifier: 0
05-04 22:06:56.809  8106  8106 I PackageManager: SELinux relabeling of com.meizu.safe issued.
05-04 22:06:56.816  8106  8106 E NativeLibraryHelper: Failed to load assets verifier: 0
05-04 22:06:56.817  8106  8106 E PackageManager: Package: Package{3737ac1 com.meizu.safe} has multiple bundled libs, but is not multiarch.
05-04 22:06:56.827  8106  8106 I PackageManager: SELinux relabeling of com.meizu.setup issued.
05-04 22:06:56.833  8106  8106 E NativeLibraryHelper: Failed to load assets verifier: 0
05-04 22:06:56.833  8106  8106 E PackageManager: Package: Package{25081 com.meizu.setup} has multiple bundled libs, but is not multiarch.
05-04 22:06:56.845  8106  8106 I PackageManager: SELinux relabeling of com.meizu.share issued.
05-04 22:06:56.851  8106  8106 E NativeLibraryHelper: Failed to load assets verifier: 0
05-04 22:06:56.861  8106  8106 I PackageManager: SELinux relabeling of com.meizu.mzsimcontacts issued.
05-04 22:06:56.866  8106  8106 E NativeLibraryHelper: Failed to load assets verifier: 0
05-04 22:06:56.878  8106  8106 W PackageParser: No actions in intent filter at /system/app/MzSyncService/MzSyncService.apk Binary XML file line #345
05-04 22:06:56.880  8106  8106 I PackageManager: SELinux relabeling of com.meizu.mzsyncservice issued.
05-04 22:06:56.886  8106  8106 E NativeLibraryHelper: Failed to load assets verifier: 0
05-04 22:06:56.888  8106  8106 W PackageManager: Permission com.meizu.mzsyncservice.permission.READ_WRITE_SYNC_INFO from package com.meizu.mzsyncservice in an unknown group android.permission-group.PERSONAL_INFO
05-04 22:06:56.897  8106  8106 I PackageManager: SELinux relabeling of com.meizu.flyme.update issued.
05-04 22:06:56.903  8106  8106 E NativeLibraryHelper: Failed to load assets verifier: 0
05-04 22:06:56.903  8106  8106 E PackageManager: Package: Package{ac83d0f com.meizu.flyme.update} has multiple bundled libs, but is not multiarch.
05-04 22:06:56.913  8106  8106 I PackageManager: SELinux relabeling of com.flyme.netadmin issued.
05-04 22:06:56.919  8106  8106 E NativeLibraryHelper: Failed to load assets verifier: 0
05-04 22:06:56.919  8106  8106 E PackageManager: Package: Package{de932a com.flyme.netadmin} has multiple bundled libs, but is not multiarch.
05-04 22:06:56.927  8106  8106 W PackageParser: Unknown element under <manifest>: meta-data at /system/app/NotePaper/NotePaper.apk Binary XML file line #13
05-04 22:06:56.932  8106  8106 I PackageManager: SELinux relabeling of com.meizu.notepaper issued.
05-04 22:06:56.939  8106  8106 E NativeLibraryHelper: Failed to load assets verifier: 0
05-04 22:06:56.944  8106  8106 I PackageManager: SELinux relabeling of com.android.pacprocessor issued.
05-04 22:06:56.948  8106  8106 E NativeLibraryHelper: Failed to load assets verifier: 0
05-04 22:06:56.948  8106  8106 E PackageManager: Package: Package{db22771 com.android.pacprocessor} has multiple bundled libs, but is not multiarch.
05-04 22:06:56.958  8106  8106 W PackageParser: No actions in intent filter at /system/app/Pedometer/Pedometer.apk Binary XML file line #187
05-04 22:06:56.961  8106  8106 I PackageManager: SELinux relabeling of com.meizu.net.pedometer issued.
05-04 22:06:56.969  8106  8106 E NativeLibraryHelper: Failed to load assets verifier: 0
05-04 22:06:56.978  8106  8106 I PackageManager: SELinux relabeling of com.svox.pico issued.
05-04 22:06:56.981  8106  8106 E NativeLibraryHelper: Failed to load assets verifier: 0
05-04 22:06:56.986  8106  8106 I PackageManager: SELinux relabeling of com.android.printspooler issued.
05-04 22:06:56.991  8106  8106 E NativeLibraryHelper: Failed to load assets verifier: 0
05-04 22:06:56.997  8106  8106 I PackageManager: SELinux relabeling of com.meizu.privacy issued.
05-04 22:06:57.001  8106  8106 E NativeLibraryHelper: Failed to load assets verifier: 0
05-04 22:06:57.013  8106  8106 I PackageManager: SELinux relabeling of com.meizu.media.reader issued.
05-04 22:06:57.028  8106  8106 I PackageManager: SELinux relabeling of com.flyme.roamingpay issued.
05-04 22:06:57.034  8106  8106 E NativeLibraryHelper: Failed to load assets verifier: 0
05-04 22:06:57.043  8106  8106 W PackageParser: No actions in intent filter at /system/app/Search/Search.apk Binary XML file line #231
05-04 22:06:57.045  8106  8106 I PackageManager: SELinux relabeling of com.meizu.net.search issued.
05-04 22:06:57.058  8106  8106 I PackageManager: SELinux relabeling of com.android.stk issued.
05-04 22:06:57.062  8106  8106 E NativeLibraryHelper: Failed to load assets verifier: 0
05-04 22:06:57.069  8106  8106 I PackageManager: SELinux relabeling of com.meizu.systemwallpaper issued.
05-04 22:06:57.075  8106  8106 E NativeLibraryHelper: Failed to load assets verifier: 0
05-04 22:06:57.075  8106  8106 E PackageManager: Package: Package{f04ea74 com.meizu.systemwallpaper} has multiple bundled libs, but is not multiarch.
05-04 22:06:57.085  8106  8106 I PackageManager: SELinux relabeling of com.meizu.flyme.toolbox issued.
05-04 22:06:57.092  8106  8106 E NativeLibraryHelper: Failed to load assets verifier: 0
05-04 22:06:57.098  8106  8106 I PackageManager: SELinux relabeling of com.android.providers.userdictionary issued.
05-04 22:06:57.101  8106  8106 E NativeLibraryHelper: Failed to load assets verifier: 0
05-04 22:06:57.104  8106  8106 I PackageManager: SELinux relabeling of com.android.smspush issued.
05-04 22:06:57.107  8106  8106 E NativeLibraryHelper: Failed to load assets verifier: 0
05-04 22:06:57.118  8106  8106 W PackageParser: Unknown element under <application>: uses-permission at /system/app/Weather/Weather.apk Binary XML file line #371
05-04 22:06:57.118  8106  8106 W PackageParser: Unknown element under <application>: uses-permission at /system/app/Weather/Weather.apk Binary XML file line #372
05-04 22:06:57.118  8106  8106 W PackageParser: Unknown element under <application>: uses-permission at /system/app/Weather/Weather.apk Binary XML file line #373
05-04 22:06:57.118  8106  8106 W PackageParser: Unknown element under <application>: uses-permission at /system/app/Weather/Weather.apk Binary XML file line #374
05-04 22:06:57.118  8106  8106 W PackageParser: Unknown element under <application>: uses-permission at /system/app/Weather/Weather.apk Binary XML file line #375
05-04 22:06:57.119  8106  8106 W PackageParser: Unknown element under <application>: uses-permission at /system/app/Weather/Weather.apk Binary XML file line #376
05-04 22:06:57.119  8106  8106 W PackageParser: Unknown element under <application>: uses-permission at /system/app/Weather/Weather.apk Binary XML file line #377
05-04 22:06:57.119  8106  8106 W PackageParser: Unknown element under <application>: uses-permission at /system/app/Weather/Weather.apk Binary XML file line #378
05-04 22:06:57.120  8106  8106 I PackageManager: SELinux relabeling of com.meizu.flyme.weather issued.
05-04 22:06:57.127  8106  8106 E NativeLibraryHelper: Failed to load assets verifier: 0
05-04 22:06:57.134  8106  8106 I PackageManager: SELinux relabeling of com.vlife.mxlock.wallpaper issued.
05-04 22:06:57.138  8106  8106 E NativeLibraryHelper: Failed to load assets verifier: 0
05-04 22:06:57.145  8106  8106 I PackageManager: SELinux relabeling of com.android.webview issued.
05-04 22:06:57.149  8106  8106 E NativeLibraryHelper: Failed to load assets verifier: 0
05-04 22:06:57.149  8106  8106 E NativeLibraryHelper: Failed to load assets verifier: 0
05-04 22:06:57.154  8106  8106 W PackageParser: Ignoring duplicate uses-permissions/uses-permissions-sdk-m: android.permission.CHANGE_WIFI_STATE in package: com.android.nfc at: Binary XML file line #47
05-04 22:06:57.155  8106  8106 W PackageParser: Ignoring duplicate uses-permissions/uses-permissions-sdk-m: android.permission.ACCESS_WIFI_STATE in package: com.android.nfc at: Binary XML file line #48
05-04 22:06:57.157  8106  8106 I PackageManager: SELinux relabeling of com.android.nfc issued.
05-04 22:06:57.162  8106  8106 E NativeLibraryHelper: Failed to load assets verifier: 0
05-04 22:06:57.166  8106  8106 I PackageManager: SELinux relabeling of com.qti.service.colorservice issued.
05-04 22:06:57.169  8106  8106 E NativeLibraryHelper: Failed to load assets verifier: 0
05-04 22:06:57.170  8106  8106 W PackageManager: Permission com.qti.snapdragon.sdk.permission.DISPLAY_SETTINGS from package com.qti.service.colorservice in an unknown group android.permission-group.SYSTEM_TOOLS
05-04 22:06:57.171  8106  8106 W PackageManager: Failed to parse /system/vendor/app/ims: Missing base APK in /system/vendor/app/ims
05-04 22:06:57.171  8106  8106 D PackageManager: No files in app dir /oem/app
05-04 22:06:57.173  8106  8106 D PackageManager: No files in app dir /data/app
05-04 22:06:57.173  8106  8106 D PackageManager: No files in app dir /data/app-private
05-04 22:06:57.173  8106  8106 W PackageManager: Package com.meizu.flyme.wallet desires unavailable shared library org.simalliance.openmobileapi; ignoring!
05-04 22:06:57.173  8106  8106 W PackageManager: Package org.codeaurora.bluetooth desires unavailable shared library com.quicinc.wbc; ignoring!
05-04 22:06:57.173  8106  8106 W PackageManager: Package com.meizu.media.gallery desires unavailable shared library com.google.android.media.effects; ignoring!
05-04 22:06:57.174  8106  8106 E PackageManager: updateAllSharedLibrariesLPw failed: Package com.android.systemui requires unavailable shared library com.meizu.camera; failing!
05-04 22:06:57.174  8106  8106 I PackageManager: Adjusting ABI for : com.meizu.netcontactservice to armeabi-v7a
05-04 22:06:57.178  8106  8106 I PackageManager: Adjusting ABI for : com.meizu.logreport to arm64-v8a
05-04 22:06:57.179  8106  8106 I PackageManager: Adjusting ABI for : com.meizu.flyme.childrenlauncher to arm64-v8a
05-04 22:06:57.179  8106  8106 I PackageManager: Adjusting ABI for : com.meizu.connectivitysettings to arm64-v8a
05-04 22:06:57.180  8106  8106 I PackageManager: Adjusting ABI for : com.android.packageinstaller to arm64-v8a
05-04 22:06:57.180  8106  8106 I PackageManager: Adjusting ABI for : com.meizu.perfui to arm64-v8a
05-04 22:06:57.180  8106  8106 I PackageManager: Adjusting ABI for : com.android.inputdevices to arm64-v8a
05-04 22:06:57.180  8106  8106 I PackageManager: Adjusting ABI for : com.android.providers.settings to arm64-v8a
05-04 22:06:57.181  8106  8106 I PackageManager: Adjusting ABI for : com.meizu.battery to arm64-v8a
05-04 22:06:57.181  8106  8106 I PackageManager: Adjusting ABI for : com.android.settings to arm64-v8a
05-04 22:06:57.182  8106  8106 I PackageManager: Adjusting ABI for : flyme to arm64-v8a
05-04 22:06:57.182   490   490 E installd: invalid apk path '/system/framework/flyme-res' (bad prefix)
05-04 22:06:57.182  8106  8106 I PackageManager: Adjusting ABI for : com.android.location.fused to arm64-v8a
05-04 22:06:57.182  8106  8106 I PackageManager: Adjusting ABI for : com.android.keychain to arm64-v8a
05-04 22:06:57.183  8106  8106 I PackageManager: Adjusting ABI for : com.qti.service.colorservice to arm64-v8a
05-04 22:06:57.183   490   490 E installd: invalid apk path '/system/vendor/app/colorservice' (bad prefix)
05-04 22:06:57.183  8106  8106 I PackageManager: Adjusting ABI for : com.meizu.documentsui to arm64-v8a
05-04 22:06:57.184  8106  8106 I PackageManager: Adjusting ABI for : com.meizu.alphame to arm64-v8a
05-04 22:06:57.184  8106  8106 I PackageManager: Adjusting ABI for : com.android.server.telecom to arm64-v8a
05-04 22:06:57.184  8106  8106 I PackageManager: Adjusting ABI for : com.meizu.mzcountservice to arm64-v8a
05-04 22:06:57.184  8106  8106 I PackageManager: Adjusting ABI for : com.meizu.flyme.easylauncher to arm64-v8a
05-04 22:06:57.185  8106  8106 I PackageManager: Adjusting ABI for : com.meizu.experiencedatasync to arm64-v8a
05-04 22:06:57.185  8106  8106 I PackageManager: Adjusting ABI for : com.android.phone to arm64-v8a
05-04 22:06:57.185  8106  8106 I PackageManager: Adjusting ABI for : com.android.mms.service to arm64-v8a
05-04 22:06:57.186  8106  8106 I PackageManager: Adjusting ABI for : com.android.flyme.bridge.softsim to arm64-v8a
05-04 22:06:57.186  8106  8106 I PackageManager: Adjusting ABI for : com.android.stk to arm64-v8a
05-04 22:06:57.186  8106  8106 I PackageManager: Adjusting ABI for : com.android.providers.telephony to arm64-v8a
05-04 22:06:57.187  8106  8106 I PackageManager: Time to scan packages: 1.858 seconds
05-04 22:06:57.188  8106  8106 W PackageManager: Unknown permission android.permission.ROOT_RECOVERY_STATE in package com.flyme.roamingpay
05-04 22:06:57.188  8106  8106 W PackageManager: Unknown permission com.redteamobile.virtual.permission.USE_SOFTSIM in package com.flyme.roamingpay
05-04 22:06:57.188  8106  8106 W PackageManager: Unknown permission com.meizu.flyme.push.permission.RECEIVE in package com.flyme.roamingpay
05-04 22:06:57.188  8106  8106 W PackageManager: Unknown permission com.android.launcher.permission.READ_SETTINGS in package com.meizu.net.pedometer
05-04 22:06:57.188  8106  8106 W PackageManager: Unknown permission com.meizu.flyme.push.permission.RECEIVE in package com.meizu.net.pedometer
05-04 22:06:57.188  8106  8106 W PackageManager: Unknown permission android.permission.ROOT_RECOVERY_STATE in package com.meizu.net.pedometer
05-04 22:06:57.189  8106  8106 W PackageManager: Unknown permission com.google.android.googleapps.permission.GOOGLE_AUTH in package com.android.providers.calendar
05-04 22:06:57.189  8106  8106 W PackageManager: Unknown permission com.google.android.googleapps.permission.GOOGLE_AUTH.cl in package com.android.providers.calendar
05-04 22:06:57.190  8106  8106 W PackageManager: Not granting permission android.permission.INTERACT_ACROSS_USERS_FULL to package com.android.providers.calendar (protectionLevel=258 flags=0x38083e45)
05-04 22:06:57.190  8106  8106 W PackageManager: Unknown permission android.permission.ROOT_RECOVERY_STATE in package com.android.providers.media
05-04 22:06:57.190  8106  8106 W PackageManager: Unknown permission com.android.launcher.permission.READ_SETTINGS in package com.meizu.flyme.launcher
05-04 22:06:57.191  8106  8106 W PackageManager: Unknown permission com.android.launcher.permission.WRITE_SETTINGS in package com.meizu.flyme.launcher
05-04 22:06:57.191  8106  8106 W PackageManager: Not granting permission com.android.permission.WHITELIST_BLUETOOTH_DEVICE to package com.meizu.flyme.launcher (protectionLevel=2 flags=0x3808be45)
05-04 22:06:57.191  8106  8106 W PackageManager: Unknown permission com.meizu.flyme.push.permission.RECEIVE in package com.meizu.flyme.launcher
05-04 22:06:57.191  8106  8106 W PackageManager: Not granting permission android.permission.START_ANY_ACTIVITY to package com.meizu.flyme.launcher (protectionLevel=2 flags=0x3808be45)
05-04 22:06:57.191  8106  8106 W PackageManager: Not granting permission android.permission.INTERACT_ACROSS_USERS_FULL to package com.meizu.flyme.launcher (protectionLevel=258 flags=0x3808be45)
05-04 22:06:57.191  8106  8106 W PackageManager: Unknown permission android.permission.ROOT_RECOVERY_STATE in package com.meizu.flyme.launcher
05-04 22:06:57.191  8106  8106 W PackageManager: Unknown permission android.permission.READ_OWNER_DATA in package com.meizu.desktopbackup
05-04 22:06:57.191  8106  8106 W PackageManager: Unknown permission android.permission.WRITE_OWNER_DATA in package com.meizu.desktopbackup
05-04 22:06:57.191  8106  8106 W PackageManager: Unknown permission com.android.voicemail.permission.READ_WRITE_ALL_VOICEMAIL in package com.meizu.desktopbackup
05-04 22:06:57.191  8106  8106 W PackageManager: Unknown permission android.permission.BACKUP_ACCOUNTS in package com.meizu.desktopbackup
05-04 22:06:57.191  8106  8106 W PackageManager: Unknown permission android.permission.MEIZU_BACKUP_AND_RESTORE in package com.meizu.desktopbackup
05-04 22:06:57.191  8106  8106 W PackageManager: Unknown permission com.meizu.flyme.push.permission.RECEIVE in package com.meizu.desktopbackup
05-04 22:06:57.191  8106  8106 W PackageManager: Unknown permission com.meizu.c2dm.permission.RECEIVE in package com.meizu.desktopbackup
05-04 22:06:57.192  8106  8106 W PackageManager: Unknown permission android.permission.ROOT_RECOVERY_STATE in package com.meizu.desktopbackup
05-04 22:06:57.192  8106  8106 W PackageManager: Unknown permission android.permission.ROOT_RECOVERY_STATE in package com.meizu.account.pay
05-04 22:06:57.192  8106  8106 W PackageManager: Unknown permission org.simalliance.openmobileapi.SMARTCARD in package com.meizu.account.pay
05-04 22:06:57.192  8106  8106 W PackageManager: Unknown permission com.meizu.flyme.push.permission.RECEIVE in package com.android.alarmclock
05-04 22:06:57.192  8106  8106 W PackageManager: Unknown permission android.permission.ROOT_RECOVERY_STATE in package com.android.alarmclock
05-04 22:06:57.192  8106  8106 W PackageManager: Not granting permission android.permission.MOUNT_UNMOUNT_FILESYSTEMS to package com.iflytek.speechsuite (protectionLevel=18 flags=0x38083e45)
05-04 22:06:57.192  8106  8106 W PackageManager: Not granting permission android.permission.READ_LOGS to package com.iflytek.speechsuite (protectionLevel=50 flags=0x38083e45)
05-04 22:06:57.192  8106  8106 W PackageManager: Not granting permission android.permission.LOCAL_MAC_ADDRESS to package com.iflytek.speechsuite (protectionLevel=18 flags=0x38083e45)
05-04 22:06:57.192  8106  8106 W PackageManager: Not granting permission android.permission.READ_PRIVILEGED_PHONE_STATE to package com.iflytek.speechsuite (protectionLevel=18 flags=0x38083e45)
05-04 22:06:57.192  8106  8106 W PackageManager: Not granting permission android.permission.REAL_GET_TASKS to package com.iflytek.speechsuite (protectionLevel=18 flags=0x38083e45)
05-04 22:06:57.193  8106  8106 W PackageManager: Not granting permission android.permission.INTERACT_ACROSS_USERS_FULL to package com.iflytek.speechsuite (protectionLevel=258 flags=0x38083e45)
05-04 22:06:57.193  8106  8106 W PackageManager: Not granting permission android.permission.WRITE_MEDIA_STORAGE to package com.iflytek.speechsuite (protectionLevel=18 flags=0x38083e45)
05-04 22:06:57.193  8106  8106 W PackageManager: Unknown permission android.permission.RECEIVE_SMS_SUPER in package com.android.mms.service
05-04 22:06:57.193  8106  8106 W PackageManager: Unknown permission android.permission.ROOT_RECOVERY_STATE in package com.android.providers.downloads
05-04 22:06:57.193  8106  8106 W PackageManager: Not granting permission android.permission.INTERACT_ACROSS_USERS_FULL to package com.android.providers.downloads (protectionLevel=258 flags=0x3808be45)
05-04 22:06:57.193  8106  8106 W PackageManager: Unknown permission android.permission.READ_SMS_SUPER in package com.meizu.filemanager
05-04 22:06:57.193  8106  8106 W PackageManager: Unknown permission com.meizu.flyme.push.permission.RECEIVE in package com.meizu.filemanager
05-04 22:06:57.193  8106  8106 W PackageManager: Unknown permission android.permission.ROOT_RECOVERY_STATE in package com.meizu.filemanager
05-04 22:06:57.194  8106  8106 W PackageManager: Not granting permission android.permission.SEND_DOWNLOAD_COMPLETED_INTENTS to package com.android.browser (protectionLevel=2 flags=0x3849be45)
05-04 22:06:57.194  8106  8106 W PackageManager: Not granting permission android.permission.DEVICE_POWER to package com.android.browser (protectionLevel=2 flags=0x3849be45)
05-04 22:06:57.194  8106  8106 W PackageManager: Unknown permission android.permission.PERFORM_DEXOPT in package com.android.browser
05-04 22:06:57.194  8106  8106 W PackageManager: Unknown permission android.hardware.sensor.accelerometer in package com.android.browser
05-04 22:06:57.194  8106  8106 W PackageManager: Unknown permission android.permission.ROOT_RECOVERY_STATE in package com.android.browser
05-04 22:06:57.194  8106  8106 W PackageManager: Not granting permission android.permission.START_ANY_ACTIVITY to package com.android.browser (protectionLevel=2 flags=0x3849be45)
05-04 22:06:57.194  8106  8106 W PackageManager: Not granting permission android.permission.PEERS_MAC_ADDRESS to package com.android.browser (protectionLevel=2 flags=0x3849be45)
05-04 22:06:57.194  8106  8106 W PackageManager: Not granting permission android.permission.ACCESS_ALL_DOWNLOADS to package com.android.browser (protectionLevel=2 flags=0x3849be45)
05-04 22:06:57.194  8106  8106 W PackageManager: Not granting permission android.permission.INTERACT_ACROSS_USERS_FULL to package com.android.browser (protectionLevel=258 flags=0x3849be45)
05-04 22:06:57.194  8106  8106 W PackageManager: Unknown permission com.android.launcher.permission.READ_SETTINGS in package com.android.browser
05-04 22:06:57.194  8106  8106 W PackageManager: Unknown permission android.permission.READ_SETTINGS in package com.android.browser
05-04 22:06:57.194  8106  8106 W PackageManager: Unknown permission org.simalliance.openmobileapi.SMARTCARD in package com.android.browser
05-04 22:06:57.194  8106  8106 W PackageManager: Unknown permission com.meizu.flyme.push.permission.RECEIVE in package com.meizu.compaign
05-04 22:06:57.195  8106  8106 W PackageManager: Unknown permission com.meizu.c2dm.permission.RECEIVE in package com.meizu.compaign
05-04 22:06:57.195  8106  8106 W PackageManager: Unknown permission com.meizu.compaign.permission.READ_SDK_INFO in package com.meizu.compaign
05-04 22:06:57.195  8106  8106 W PackageManager: Unknown permission com.meizu.compaign.permission.SEND_NOTIFICATION in package com.meizu.compaign
05-04 22:06:57.195  8106  8106 W PackageManager: Unknown permission android.permission.ROOT_RECOVERY_STATE in package com.meizu.compaign
05-04 22:06:57.195  8106  8106 W PackageManager: Unknown permission android.webkit.permission.PLUGIN in package com.meizu.compaign
05-04 22:06:57.195  8106  8106 W PackageManager: Unknown permission com.android.voicemail.permission.READ_WRITE_ALL_VOICEMAIL in package com.android.soundrecorder
05-04 22:06:57.195  8106  8106 W PackageManager: Not granting permission com.android.permission.WHITELIST_BLUETOOTH_DEVICE to package com.android.soundrecorder (protectionLevel=2 flags=0x38483e45)
05-04 22:06:57.195  8106  8106 W PackageManager: Unknown permission com.android.usagestats.permission.READ_USAGESTATS in package com.android.soundrecorder
05-04 22:06:57.195  8106  8106 W PackageManager: Unknown permission com.android.usagestats.permission.WRITE_USAGESTATS in package com.android.soundrecorder
05-04 22:06:57.195  8106  8106 W PackageManager: Not granting permission android.permission.START_ANY_ACTIVITY to package com.android.soundrecorder (protectionLevel=2 flags=0x38483e45)
05-04 22:06:57.195  8106  8106 W PackageManager: Not granting permission android.permission.INTERACT_ACROSS_USERS_FULL to package com.android.soundrecorder (protectionLevel=258 flags=0x38483e45)
05-04 22:06:57.195  8106  8106 W PackageManager: Unknown permission android.permission.ROOT_RECOVERY_STATE in package com.android.soundrecorder
05-04 22:06:57.195  8106  8106 W PackageManager: Unknown permission com.meizu.flyme.push.permission.RECEIVE in package com.meizu.backup
05-04 22:06:57.195  8106  8106 W PackageManager: Unknown permission android.permission.ROOT_RECOVERY_STATE in package com.meizu.backup
05-04 22:06:57.196  8106  8106 I PackageManager: Un-granting permission android.permission.REAL_GET_TASKS from package com.android.providers.downloads.ui (protectionLevel=18 flags=0x38483e45)
05-04 22:06:57.196  8106  8106 W PackageManager: Not granting permission android.permission.INTERACT_ACROSS_USERS_FULL to package com.android.providers.downloads.ui (protectionLevel=258 flags=0x38483e45)
05-04 22:06:57.196  8106  8106 W PackageManager: Not granting permission android.permission.START_ANY_ACTIVITY to package com.android.providers.downloads.ui (protectionLevel=2 flags=0x38483e45)
05-04 22:06:57.196  8106  8106 W PackageManager: Unknown permission com.taobao.permission.USE_CREDENTIALS in package com.aliyun.ams.tyid
05-04 22:06:57.196  8106  8106 W PackageManager: Unknown permission com.taobao.permission.UPDATE_CREDENTIALS in package com.aliyun.ams.tyid
05-04 22:06:57.196  8106  8106 W PackageManager: Unknown permission android.permission.ACCESS_GET_TASKS in package com.aliyun.ams.tyid
05-04 22:06:57.196  8106  8106 W PackageManager: Unknown permission android.permission.ROOT_RECOVERY_STATE in package com.meizu.flyme.update
05-04 22:06:57.196  8106  8106 W PackageManager: Unknown permission com.meizu.flyme.push.permission.RECEIVE in package com.meizu.flyme.update
05-04 22:06:57.196  8106  8106 W PackageManager: Not granting permission android.permission.MOUNT_UNMOUNT_FILESYSTEMS to package com.meizu.net.map (protectionLevel=18 flags=0x38483e45)
05-04 22:06:57.196  8106  8106 W PackageManager: Not granting permission android.permission.READ_LOGS to package com.meizu.net.map (protectionLevel=50 flags=0x38483e45)
