--------- beginning of main
05-04 22:23:25.716   431   431 W auditd  : type=2000 audit(0.0:1): initialized
05-04 22:23:28.570   431   431 I auditd  : type=1403 audit(0.0:2): policy loaded auid=4294967295 ses=4294967295
--------- beginning of system
05-04 22:23:29.322   432   432 I vold    : Vold 3.0 (the awakening) firing up
05-04 22:23:29.323   432   432 V vold    : Detected support for: exfat ext4 f2fs ntfs vfat
05-04 22:23:31.548   449   449 I /system/bin/tzdatacheck: tzdata file /data/misc/zoneinfo/current/tzdata does not exist. No action required.
05-04 22:23:31.647   455   455 I aosp    : Welcome to Android 6.0.1 / The Android Open Source Project 
05-04 22:23:32.014   555   555 D DisplayFeatureService: supported id: 1
05-04 22:23:32.014   555   555 D DisplayFeatureService: supported id: 2
05-04 22:23:32.014   555   555 D DisplayFeatureService: supported id: 3
05-04 22:23:32.014   555   555 D DisplayFeatureService: supported id: 4
05-04 22:23:32.014   555   555 D DisplayFeatureService: supported id: 5
05-04 22:23:32.014   555   555 D DisplayFeatureService: supported id: 6
05-04 22:23:32.017   470   470 I Adreno  : QUALCOMM build                   : 0a3bdfc, Ifb508eebcd
05-04 22:23:32.017   470   470 I Adreno  : Build Date                       : 08/04/16
05-04 22:23:32.017   470   470 I Adreno  : OpenGL ES Shader Compiler Version: XE031.09.00.03
05-04 22:23:32.017   470   470 I Adreno  : Local Branch                     : 
05-04 22:23:32.017   470   470 I Adreno  : Remote Branch                    : 
05-04 22:23:32.017   470   470 I Adreno  : Remote Branch                    : 
05-04 22:23:32.017   470   470 I Adreno  : Reconstruct Branch               : 
05-04 22:23:32.037   510   510 E ThermalEngine: bcl_setup: Error opening /sys/devices/soc/soc:qcom,bcl/iavail
05-04 22:23:32.042   510   510 E ThermalEngine: add_tgt_sensors_set: Error adding bcl
05-04 22:23:32.042   510   510 E ThermalEngine: sensors_init: Error adding BCL TS
05-04 22:23:32.042   510   510 I ThermalEngine: Loading config file for virtual sensor
05-04 22:23:32.042   510   510 I ThermalEngine: Loading configuration file /system/etc/thermal-engine-8996.conf
05-04 22:23:32.043   542   624 D QC-time-services: Daemon:genoff_modem_qmi_service_request: Initiallizing QMI 
05-04 22:23:32.045   510   510 I ThermalEngine: Parsing section global
05-04 22:23:32.046   510   510 I ThermalEngine: [VIRTUAL-CPUS]
05-04 22:23:32.046   510   510 I ThermalEngine: #algo_type virtual
05-04 22:23:32.046   510   510 I ThermalEngine: trip_sensor tsens_tz_sensor11
05-04 22:23:32.046   510   510 I ThermalEngine: set_point 75000
05-04 22:23:32.046   510   510 I ThermalEngine: set_point_clr 65000
05-04 22:23:32.046   510   510 I ThermalEngine: sensors tsens_tz_sensor4 tsens_tz_sensor6 tsens_tz_sensor9 tsens_tz_sensor11
05-04 22:23:32.046   510   510 I ThermalEngine: weights
05-04 22:23:32.046   510   510 I ThermalEngine: sampling 250
05-04 22:23:32.046   510   510 I ThermalEngine: math 2
05-04 22:23:32.047   510   510 I ThermalEngine: Loading configuration file /system/etc/thermal-engine-8996.conf
05-04 22:23:32.047   510   510 I ThermalEngine: Parsing section global
05-04 22:23:32.047   510   510 I ThermalEngine: Found section 'SS-CPUS-ALL'
05-04 22:23:32.047   510   510 I ThermalEngine: Algo Type 'ss'
05-04 22:23:32.047   510   510 I ThermalEngine: Parsing section SS-CPUS-ALL
05-04 22:23:32.047   510   510 I ThermalEngine: Found field 'sampling'
05-04 22:23:32.047   510   510 I ThermalEngine: Found field 'sensor'
05-04 22:23:32.047   510   510 I ThermalEngine: Found field 'device'
05-04 22:23:32.047   510   510 I ThermalEngine: Found field 'set_point'
05-04 22:23:32.047   510   510 I ThermalEngine: Found field 'set_point_clr'
05-04 22:23:32.048   510   510 I ThermalEngine: Found field 'time_constant'
05-04 22:23:32.048   510   510 I ThermalEngine: Found field 'device_perf_floor'
05-04 22:23:32.048   510   510 I ThermalEngine: Created section 'SKIN-SS-GOLD'
05-04 22:23:32.048   510   510 I ThermalEngine: Algo Type 'ss'
05-04 22:23:32.048   510   510 I ThermalEngine: Parsing section SKIN-SS-GOLD
05-04 22:23:32.048   510   510 I ThermalEngine: Found field 'sampling'
05-04 22:23:32.048   510   510 I ThermalEngine: Found field 'sensor'
05-04 22:23:32.048   510   510 I ThermalEngine: Found field 'device'
05-04 22:23:32.048   510   510 I ThermalEngine: Found field 'set_point'
05-04 22:23:32.048   510   510 I ThermalEngine: Found field 'set_point_clr'
05-04 22:23:32.048   510   510 I ThermalEngine: Found field 'time_constant'
05-04 22:23:32.048   510   510 I ThermalEngine: Found field 'device_perf_floor'
05-04 22:23:32.048   510   510 I ThermalEngine: Created section 'SKIN-SS-GOLD-AND-SILVER'
05-04 22:23:32.048   510   510 I ThermalEngine: Algo Type 'ss'
05-04 22:23:32.048   526   570 E QMI_FW  : QMUXD: WARNING qmi_qmux_if_pwr_up_init failed! rc=-1
05-04 22:23:32.048   510   510 I ThermalEngine: Parsing section SKIN-SS-GOLD-AND-SILVER
05-04 22:23:32.048   510   510 I ThermalEngine: Found field 'sampling'
05-04 22:23:32.048   510   510 I ThermalEngine: Found field 'sensor'
05-04 22:23:32.048   510   510 I ThermalEngine: Found field 'device'
05-04 22:23:32.048   510   510 I ThermalEngine: Found field 'set_point'
05-04 22:23:32.048   510   510 I ThermalEngine: Found field 'set_point_clr'
05-04 22:23:32.048   510   510 I ThermalEngine: Found field 'time_constant'
05-04 22:23:32.048   510   510 I ThermalEngine: Found field 'device_perf_floor'
05-04 22:23:32.049   510   510 I ThermalEngine: Created section 'SKIN-SS-CPUS-ALL'
05-04 22:23:32.049   510   510 I ThermalEngine: Algo Type 'ss'
05-04 22:23:32.049   510   510 I ThermalEngine: Parsing section SKIN-SS-CPUS-ALL
05-04 22:23:32.049   510   510 I ThermalEngine: Found field 'sampling'
05-04 22:23:32.049   510   510 I ThermalEngine: Found field 'sensor'
05-04 22:23:32.049   510   510 I ThermalEngine: Found field 'device'
05-04 22:23:32.049   510   510 I ThermalEngine: Found field 'set_point'
05-04 22:23:32.049   510   510 I ThermalEngine: Found field 'set_point_clr'
05-04 22:23:32.049   510   510 I ThermalEngine: Found field 'time_constant'
05-04 22:23:32.049   510   510 I ThermalEngine: Found section 'SS-GPU'
05-04 22:23:32.049   510   510 I ThermalEngine: Algo Type 'ss'
05-04 22:23:32.049   510   510 I ThermalEngine: Parsing section SS-GPU
05-04 22:23:32.049   510   510 I ThermalEngine: Found field 'sampling'
05-04 22:23:32.049   510   510 I ThermalEngine: Found field 'sensor'
05-04 22:23:32.049   510   510 I ThermalEngine: Found field 'device'
05-04 22:23:32.049   510   510 I ThermalEngine: Found field 'set_point'
05-04 22:23:32.049   510   510 I ThermalEngine: Found field 'set_point_clr'
05-04 22:23:32.049   510   510 I ThermalEngine: Found field 'time_constant'
05-04 22:23:32.049   510   510 I ThermalEngine: Found field 'device_perf_floor'
05-04 22:23:32.049   510   510 I ThermalEngine: Created section 'GPU_management'
05-04 22:23:32.049   510   510 I ThermalEngine: Algo Type 'monitor'
05-04 22:23:32.049   510   510 I ThermalEngine: Parsing section GPU_management
05-04 22:23:32.049   510   510 I ThermalEngine: Found field 'sensor'
05-04 22:23:32.050   510   510 I ThermalEngine: Found field 'sampling'
05-04 22:23:32.050   510   510 I ThermalEngine: Found field 'thresholds'
05-04 22:23:32.050   510   510 I ThermalEngine: Found field 'thresholds_clr'
05-04 22:23:32.050   510   510 I ThermalEngine: Found field 'actions'
05-04 22:23:32.050   510   510 I ThermalEngine: Found field 'action_info'
05-04 22:23:32.050   510   510 I ThermalEngine: Created section 'SKIN-BATTERY-MONITOR'
05-04 22:23:32.050   510   510 I ThermalEngine: Algo Type 'monitor'
05-04 22:23:32.050   510   510 I ThermalEngine: Parsing section SKIN-BATTERY-MONITOR
05-04 22:23:32.050   510   510 I ThermalEngine: Found field 'sampling'
05-04 22:23:32.050   510   510 I ThermalEngine: Found field 'sensor'
05-04 22:23:32.050   510   510 I ThermalEngine: Found field 'thresholds'
05-04 22:23:32.050   510   510 I ThermalEngine: Found field 'thresholds_clr'
05-04 22:23:32.050   510   510 I ThermalEngine: Found field 'actions'
05-04 22:23:32.050   510   510 I ThermalEngine: Found field 'action_info'
05-04 22:23:32.050   510   510 I ThermalEngine: Created section 'CAMERA-CAMCORDER-MONITOR'
05-04 22:23:32.050   510   510 I ThermalEngine: Algo Type 'monitor'
05-04 22:23:32.050   510   510 I ThermalEngine: Parsing section CAMERA-CAMCORDER-MONITOR
05-04 22:23:32.050   510   510 I ThermalEngine: Found field 'sampling'
05-04 22:23:32.050   510   510 I ThermalEngine: Found field 'sensor'
05-04 22:23:32.050   510   510 I ThermalEngine: Found field 'thresholds'
05-04 22:23:32.050   510   510 I ThermalEngine: Found field 'thresholds_clr'
05-04 22:23:32.051   510   510 I ThermalEngine: Found field 'actions'
05-04 22:23:32.051   510   510 I ThermalEngine: Found field 'action_info'
05-04 22:23:32.051   510   510 I ThermalEngine: [CAMERA-CAMCORDER-MONITOR]
05-04 22:23:32.051   510   510 I ThermalEngine: algo_type monitor
05-04 22:23:32.051   510   510 I ThermalEngine: sampling 1000
05-04 22:23:32.051   510   510 I ThermalEngine: sensor xo_therm_buf
05-04 22:23:32.051   510   510 I ThermalEngine: thresholds 36000 39000 50000
05-04 22:23:32.051   510   510 I ThermalEngine: thresholds_clr 34000 36000 42000
05-04 22:23:32.051   510   510 I ThermalEngine: actions camera camera camera
05-04 22:23:32.051   510   510 I ThermalEngine: action_info 1 2 3
05-04 22:23:32.051   510   510 I ThermalEngine: [SKIN-BATTERY-MONITOR]
05-04 22:23:32.051   510   510 I ThermalEngine: algo_type monitor
05-04 22:23:32.051   510   510 I ThermalEngine: sampling 1000
05-04 22:23:32.051   510   510 I ThermalEngine: sensor xo_therm_buf
05-04 22:23:32.051   510   510 I ThermalEngine: thresholds 43000 45000 50000 60000
05-04 22:23:32.051   510   510 I ThermalEngine: thresholds_clr 41000 43000 45000 50000
05-04 22:23:32.052   510   510 I ThermalEngine: actions battery battery battery battery
05-04 22:23:32.052   510   510 I ThermalEngine: action_info 0 1 2 3
05-04 22:23:32.083   667   667 I init    : type=1400 audit(0.0:3): avc: denied { create } for name="iop" scontext=u:r:init:s0 tcontext=u:object_r:socket_device:s0 tclass=sock_file permissive=1
05-04 22:23:32.083   667   667 I init    : type=1400 audit(0.0:4): avc: denied { setattr } for name="iop" dev="tmpfs" ino=15736 scontext=u:r:init:s0 tcontext=u:object_r:socket_device:s0 tclass=sock_file permissive=1
05-04 22:23:32.125   472   472 I irsc_util: Starting irsc tool
05-04 22:23:32.137   472   472 I irsc_util: Num of entries:285
05-04 22:23:32.142   472   472 I irsc_util: Ending irsc tool
05-04 22:23:32.165   478   478 I PerMgrSrv: Adding entry for modem : offTimeout : 500 ackTimeout : 200
05-04 22:23:32.167   478   478 I PerMgrSrv: Adding entry for slpi : offTimeout : 5000 ackTimeout : 200
05-04 22:23:32.169   478   478 I PerMgrSrv: Peripheral Mananager service start
05-04 22:23:32.170   478   478 I PerMgrSrv: power-off timeout 500,ms; event-ack timeout 200,ms; debug-mode false
05-04 22:23:32.170   478   478 I PerMgrSrv: Statistics for : modem
05-04 22:23:32.170   478   478 I PerMgrSrv: modem: Current State : is off-line
05-04 22:23:32.170   478   478 I PerMgrSrv: modem: Voter/Listener count : 0/0
05-04 22:23:32.170   478   478 I PerMgrSrv: modem: Power on count : 0
05-04 22:23:32.170   478   478 I PerMgrSrv: modem: Power off count: 0
05-04 22:23:32.170   478   478 I PerMgrSrv: modem: Client list:
05-04 22:23:32.170   478   478 I PerMgrSrv: Statistics for : slpi
05-04 22:23:32.170   478   478 I PerMgrSrv: slpi: Current State : is off-line
05-04 22:23:32.170   478   478 I PerMgrSrv: slpi: Voter/Listener count : 0/0
05-04 22:23:32.170   478   478 I PerMgrSrv: slpi: Power on count : 0
05-04 22:23:32.170   478   478 I PerMgrSrv: slpi: Power off count: 0
05-04 22:23:32.170   478   478 I PerMgrSrv: slpi: Client list:
05-04 22:23:32.173   478   490 I PerMgrSrv: QMI service start
05-04 22:23:32.178   479   479 D QSEECOMD: : qseecom listener services process entry PPID = 1
05-04 22:23:32.178   479   479 E QSEECOMD: : Listener: index = 0, hierarchy = 0
05-04 22:23:32.180   479   479 D QSEECOMD: : Init dlopen(librpmb.so, RTLD_NOW) succeeds
05-04 22:23:32.180   479   479 D QSEECOMD: : Init::Init dlsym(g_FSHandle rpmb_init_service) succeeds
05-04 22:23:32.183   479   479 I rpmb_ufs: RPMB Mult (512-byte sector) = 8192, Rel_sec_cnt = 32
05-04 22:23:32.184   479   479 E DrmLibRpmb: rpmb_init succeeded! with ret = 0
05-04 22:23:32.184   479   479 D QSEECOMD: : Init rpmb_init_service ret = 0
05-04 22:23:32.184   479   479 D QSEECOMD: : RPMB system services: init (Listener ID = 8192)
05-04 22:23:32.184   479   479 E QSEECOMD: : Listener: index = 1, hierarchy = 0
05-04 22:23:32.186   479   479 D QSEECOMD: : Init dlopen(libssd.so, RTLD_NOW) succeeds
05-04 22:23:32.187   479   479 D QSEECOMD: : Init::Init dlsym(g_FSHandle ssd_init_service) succeeds
05-04 22:23:32.187   479   479 E SSD     : ssd_init_service succeeded!
05-04 22:23:32.187   479   479 D QSEECOMD: : Init ssd_init_service ret = 0
05-04 22:23:32.187   479   479 D QSEECOMD: : SSD system services: init (Listener ID = 12288)
05-04 22:23:32.187   479   479 E QSEECOMD: : Listener: index = 2, hierarchy = 0
05-04 22:23:32.195   481   481 I qcom-bluetooth: /system/etc/init.qcom.bt.sh: init.qcom.bt.sh config = onboot 
05-04 22:23:32.202   523   523 I gatekeeperd: Starting gatekeeperd...
05-04 22:23:32.207   487   487 I         : debuggerd: starting
05-04 22:23:32.218   468   468 I lowmemorykiller: Using in-kernel low memory killer interface
05-04 22:23:32.219   473   473 I rmt_storage: Shared memory initialised successfully.
05-04 22:23:32.219   473   473 I rmt_storage: Registering modemst1: 0x4a /boot/modem_fs1
05-04 22:23:32.220   473   473 I rmt_storage: Registering modemst2: 0x4b /boot/modem_fs2
05-04 22:23:32.220   473   473 I rmt_storage: Registering fsc: 0xff /boot/modem_fsc
05-04 22:23:32.221   473   473 I rmt_storage: Registering fsg: 0x58 /boot/modem_fsg
05-04 22:23:32.221   473   473 I rmt_storage: 4 GPT partitions found
05-04 22:23:32.221   473   473 E rmt_storage: debug open failed with errno 2
05-04 22:23:32.221   473   473 I rmt_storage: Capset success!
05-04 22:23:32.274   479   479 D QSEECOMD: : Init dlopen(libsecureui.so, RTLD_NOW) succeeds
05-04 22:23:32.275   479   479 D QSEECOMD: : Init::Init dlsym(g_FSHandle secure_ui_init) succeeds
05-04 22:23:32.275   479   479 D QSEECOMD: : Init secure_ui_init ret = 0
05-04 22:23:32.275   479   479 D QSEECOMD: : secure UI services: init (Listener ID = 16384)
05-04 22:23:32.275   479   479 D QSEECOMD: : Parent qseecom daemon process paused!! 
05-04 22:23:32.280   497   497 I tftp_server: Starting...
05-04 22:23:32.280   497   497 D tftp_server: pid=497 tid=497 tftp-server : DBG :[tftp_os_wakelocks_la.c, 203] Capset success!
05-04 22:23:32.280   497   497 E tftp_server: pid=497 tid=497 tftp-server : ERR :[tftp_server_folders_la.c, 166] Failed to auto_dir for(/persist/rfs/shared/) errno = -13 (Permission denied)
05-04 22:23:32.281   497   497 E tftp_server: pid=497 tid=497 tftp-server : ERR :[tftp_server_folders_la.c, 166] Failed to auto_dir for(/persist/rfs/msm/mpss/) errno = -13 (Permission denied)
05-04 22:23:32.281   497   497 E tftp_server: pid=497 tid=497 tftp-server : ERR :[tftp_server_folders_la.c, 166] Failed to auto_dir for(/persist/rfs/msm/adsp/) errno = -13 (Permission denied)
05-04 22:23:32.281   497   497 E tftp_server: pid=497 tid=497 tftp-server : ERR :[tftp_server_folders_la.c, 166] Failed to auto_dir for(/persist/rfs/mdm/mpss/) errno = -13 (Permission denied)
05-04 22:23:32.281   497   497 E tftp_server: pid=497 tid=497 tftp-server : ERR :[tftp_server_folders_la.c, 166] Failed to auto_dir for(/persist/rfs/mdm/adsp/) errno = -13 (Permission denied)
05-04 22:23:32.281   497   497 E tftp_server: pid=497 tid=497 tftp-server : ERR :[tftp_server_folders_la.c, 166] Failed to auto_dir for(/persist/rfs/mdm/sparrow/) errno = -13 (Permission denied)
05-04 22:23:32.281   497   497 E tftp_server: pid=497 tid=497 tftp-server : ERR :[tftp_server_folders_la.c, 166] Failed to auto_dir for(/persist/rfs/apq/gnss/) errno = -13 (Permission denied)
05-04 22:23:32.281   497   497 E tftp_server: pid=497 tid=497 tftp-server : ERR :[tftp_server.c, 572] Server folder init failed! error = 1.
05-04 22:23:32.281   497   497 E tftp_server: pid=497 tid=497 tftp-server : ERR :[tftp_server.c, 573] Attempting to continue.... some paths maybe inaccessible.
05-04 22:23:32.282   514   514 D QSEECOMD: : qseecom listener service threads starting!!! 
05-04 22:23:32.282   514   514 D QSEECOMD: : Total listener services to start = 8
05-04 22:23:32.282   514   514 E QSEECOMD: : Listener: index = 0, hierarchy = 1
05-04 22:23:32.282   514   514 D QSEECOMD: : Init dlopen(librpmb.so, RTLD_NOW) succeeds
05-04 22:23:32.282   514   514 D QSEECOMD: : Init::Init dlsym(g_FSHandle rpmb_start) succeeds
05-04 22:23:32.282   514   514 D QSEECOMAPI: QSEECom_register_listener 8192 sb_length = 0x5000
05-04 22:23:32.283   514   514 D QSEECOMD: : Init rpmb_start ret = 0
05-04 22:23:32.283   514   514 D QSEECOMD: : RPMB system services: Started (Listener ID = 8192)
05-04 22:23:32.284   514   514 E QSEECOMD: : Listener: index = 1, hierarchy = 1
05-04 22:23:32.284   514   514 D QSEECOMD: : Init dlopen(libssd.so, RTLD_NOW) succeeds
05-04 22:23:32.284   514   514 D QSEECOMD: : Init::Init dlsym(g_FSHandle ssd_start) succeeds
05-04 22:23:32.284   514   514 D QSEECOMAPI: QSEECom_register_listener 12288 sb_length = 0x5000
05-04 22:23:32.293   497   497 E tftp_server: pid=497 tid=497 tftp-server : ERR :[tftp_server.c, 192] Stat if /system/rfs/msm/mpss/shared/server_info.txt failed with -13
05-04 22:23:32.293   497   497 E tftp_server: pid=497 tid=497 tftp-server : ERR :[tftp_server.c, 230] Info file creation failed..!
05-04 22:23:32.296   497   497 D tftp_server: pid=497 tid=497 tftp-server : DBG :[tftp_server.c, 594] Server waiting for client-connection.
05-04 22:23:32.297   514   514 D QSEECOMD: : Init ssd_start ret = 0
05-04 22:23:32.297   514   514 D QSEECOMD: : SSD system services: Started (Listener ID = 12288)
05-04 22:23:32.298   514   514 E QSEECOMD: : Listener: index = 2, hierarchy = 1
05-04 22:23:32.298   514   514 D QSEECOMD: : Init dlopen(libsecureui.so, RTLD_NOW) succeeds
05-04 22:23:32.298   514   514 D QSEECOMD: : Init::Init dlsym(g_FSHandle secure_ui_start) succeeds
05-04 22:23:32.298   514   514 D QSEECOMAPI: QSEECom_register_listener 16384 sb_length = 0x10a8
05-04 22:23:32.299   514   514 D QSEECOMD: : Init secure_ui_start ret = 0
05-04 22:23:32.299   514   514 D QSEECOMD: : secure UI services: Started (Listener ID = 16384)
05-04 22:23:32.299   514   514 E QSEECOMD: : Listener: index = 3, hierarchy = 1
05-04 22:23:32.307   494   494 I installd: installd firing up
05-04 22:23:32.310   514   514 D QSEECOMD: : Init dlopen(libdrmtime.so, RTLD_NOW) succeeds
05-04 22:23:32.310   514   514 D QSEECOMD: : Init::Init dlsym(g_FSHandle atime_start) succeeds
05-04 22:23:32.311   514   514 D DrmLibTime: QSEE Time Listener: atime_start
05-04 22:23:32.311   514   514 D QSEECOMAPI: QSEECom_register_listener 11 sb_length = 0x5000
05-04 22:23:32.320   486   486 I         : debuggerd: starting
05-04 22:23:32.329   476   513 E Sensors : sns_reg.c(459):sys.panel.vendor is not available, retry again
05-04 22:23:32.341   579   579 D LocSvc_utils_cfg: D/loc_read_conf: using /etc/gps.conf
05-04 22:23:32.342   484   484 I Netd    : Netd 1.0 starting
05-04 22:23:32.342   579   579 D LocSvc_utils_cfg: D/int loc_read_conf_r(FILE*, const loc_param_s_type*, uint32_t):283]: num_params: 1
05-04 22:23:32.344   511   511 E adsprpc : vendor/qcom/proprietary/adsprpc/src/adsprpcd.c:26:adsp daemon starting
05-04 22:23:32.353   514   514 D DrmLibTime: registering fs service to QSEECom is done!
05-04 22:23:32.353   514   514 D DrmLibTime: begin to create a thread!
05-04 22:23:32.354   514   514 D DrmLibTime: Creating a pthread in atime_start is done! return 0
05-04 22:23:32.354   514   514 D QSEECOMD: : Init atime_start ret = 0
05-04 22:23:32.354   514   514 D QSEECOMD: : time services: Started (Listener ID = 11)
05-04 22:23:32.355   514   514 E QSEECOMD: : Listener: index = 4, hierarchy = 1
05-04 22:23:32.355   514   514 D QSEECOMD: : Init dlopen(libdrmfs.so, RTLD_NOW) succeeds
05-04 22:23:32.355   514   514 D QSEECOMD: : Init::Init dlsym(g_FSHandle fs_start) succeeds
05-04 22:23:32.355   514   514 D QSEECOMAPI: QSEECom_register_listener 10 sb_length = 0x5000
05-04 22:23:32.362   511   511 E adsprpc : vendor/qcom/proprietary/adsprpc/src/adsp_default_listener.c:28:adsp_default_listener_start started
05-04 22:23:32.364   470   470 I SurfaceFlinger: SurfaceFlinger is starting
05-04 22:23:32.373   514   545 D DrmLibTime: QSEE Time Listener: dispatch
05-04 22:23:32.373   514   545 D DrmLibTime: before calling ioctl to read the next time_cmd
05-04 22:23:32.374   470   470 I SurfaceFlinger: SurfaceFlinger's main thread ready to run. Initializing graphics H/W...
05-04 22:23:32.375   514   514 D QSEECOMD: : Init fs_start ret = 0
05-04 22:23:32.375   514   514 D QSEECOMD: : file system services: Started (Listener ID = 10)
05-04 22:23:32.375   514   514 E QSEECOMD: : Listener: index = 5, hierarchy = 1
05-04 22:23:32.375   514   514 D QSEECOMD: : Init dlopen(libdrmfs.so, RTLD_NOW) succeeds
05-04 22:23:32.375   514   514 D QSEECOMD: : Init::Init dlsym(g_FSHandle gpfs_start) succeeds
05-04 22:23:32.375   514   514 D QSEECOMAPI: QSEECom_register_listener 28672 sb_length = 0x7e000
05-04 22:23:32.378   484   484 D QtiConnectivityAdapter: Successfully loaded libconnectivitycontroller
05-04 22:23:32.378   484   484 D         : initConnectivityController cons 
05-04 22:23:32.378   484   484 D ConnectivityController: QtiTetherCommand cons done
05-04 22:23:32.378   484   484 I libconnctrl: Creating a NetlinkRelay
05-04 22:23:32.378   484   484 I libconnctrl: NetlinkRelay constructor
05-04 22:23:32.378   484   484 D TetherController: Setting IP forward enable = 0
05-04 22:23:32.381   484   484 E         : Failed to open libdatactrl, some features may not be present.
05-04 22:23:32.388   470   470 D libEGL  : loaded /vendor/lib64/egl/libEGL_adreno.so
05-04 22:23:32.388   579   734 E         : E/open failed: /dev/mdm: No such file or directory
05-04 22:23:32.391   514   514 D QSEECOMD: : Init gpfs_start ret = 0
05-04 22:23:32.391   514   514 D QSEECOMD: : gpfile system services: Started (Listener ID = 28672)
05-04 22:23:32.391   514   514 E QSEECOMD: : Listener: index = 6, hierarchy = 1
05-04 22:23:32.397   470   470 E cutils-trace: Error opening trace file: No such file or directory (2)
05-04 22:23:32.398   470   470 W SDM     : HWDevice::GetHWPanelMaxBrightnessFromNode: Max brightness level = 255
05-04 22:23:32.398   470   470 W SDM     : HWDevice::GetHWPanelMaxBrightnessFromNode: Max brightness level = 255
05-04 22:23:32.398   470   470 W SDM     : HWDevice::GetHWPanelInfoByNode: Failed to open msm_fb_panel_info node device node 2
05-04 22:23:32.399   470   470 I SDM     : HWInfo::GetHWResourceInfo: SDE Version = 500, SDE Revision = 10070002, RGB = 4, VIG = 4, DMA = 2, Cursor = 2
05-04 22:23:32.399   470   470 I SDM     : HWInfo::GetHWResourceInfo: Upscale Ratio = 20, Downscale Ratio = 4, Blending Stages = 7
05-04 22:23:32.402   514   514 D QSEECOMD: : Init dlopen(libqisl.so, RTLD_NOW) succeeds
05-04 22:23:32.402   514   514 D QSEECOMD: : Init::Init dlsym(g_FSHandle qisl_start) succeeds
05-04 22:23:32.411   496   496 E QCNEA   : Cne Version 4.9
05-04 22:23:32.413   524   524 I perfprofd: starting Android Wide Profiling daemon
05-04 22:23:32.413   524   524 E perfprofd: unable to open configuration file /data/data/com.google.android.gms/files/perfprofd.conf
05-04 22:23:32.413   524   524 I perfprofd: random seed set to 2308430795
05-04 22:23:32.413   514   561 I QISL    : QSEE Interrupt Service Listener Thread is started
05-04 22:23:32.414   514   561 D QSEECOMAPI: QSEECom_register_listener 36864 sb_length = 0x1f4
05-04 22:23:32.419   514   561 I QISL    : QSEE Interrupt Service Listener was activated successfully
05-04 22:23:32.420   514   514 D QSEECOMD: : Init qisl_start ret = 0
05-04 22:23:32.420   514   514 D QSEECOMD: : interrupt services: Started (Listener ID = 36864)
05-04 22:23:32.420   514   514 E QSEECOMD: : Listener: index = 7, hierarchy = 1
05-04 22:23:32.429   514   514 D QSEECOMD: : Init dlopen(libGPreqcancel.so, RTLD_NOW) succeeds
05-04 22:23:32.429   514   514 D QSEECOMD: : Init::Init dlsym(g_FSHandle gp_reqcancel_start) succeeds
05-04 22:23:32.429   514   514 D QSEECOMAPI: QSEECom_register_listener 4352 sb_length = 0x5000
05-04 22:23:32.443   514   514 D QSEECOMD: : Init gp_reqcancel_start ret = 0
05-04 22:23:32.443   514   514 D QSEECOMD: : gp request cancellation services: Started (Listener ID = 4352)
05-04 22:23:32.454   514   514 D QSEECOMAPI: QSEECom_get_handle sb_length = 0x400
05-04 22:23:32.454   514   514 D QSEECOMAPI: App is not loaded in QSEE
05-04 22:23:32.454   514   514 E QSEECOMAPI: Error::Cannot open the file /firmware/image/keymaste.mdt errno = 2
05-04 22:23:32.455   514   514 E QSEECOMAPI: Error::Loading image failed with ret = -1
05-04 22:23:32.455   514   514 D QSEECOMAPI: QSEECom_get_handle sb_length = 0x400
05-04 22:23:32.455   514   514 D QSEECOMAPI: App is already loaded QSEE and app id = 4
05-04 22:23:32.474   512   512 E Diag_Lib: qpLogDiagInit <== result : 1
05-04 22:23:32.474   512   512 E Diag_Lib: QMID : gIsQXDMDisabled 0, gIsADBDisabled 1, gIsDebugDisabled 0, gIsIMSLogsDisabled 0
05-04 22:23:32.481   514   514 D QSEECOMD: : QSEECOM DAEMON RUNNING 
05-04 22:23:32.482   495   495 I keystore: Found keymaster1 module Keymaster QTI HAL, version 100
05-04 22:23:32.483   495   495 I SoftKeymaster: system/keymaster/soft_keymaster_device.cpp, Line 122: Creating device
05-04 22:23:32.483   495   495 D SoftKeymaster: system/keymaster/soft_keymaster_device.cpp, Line 123: Device address: 0x7fb4ea3000
05-04 22:23:32.484   495   495 D QSEECOMAPI: QSEECom_get_handle sb_length = 0xa000
05-04 22:23:32.484   495   495 D QSEECOMAPI: App is already loaded QSEE and app id = 4
05-04 22:23:32.507   510   510 I ThermalEngine: Thermal daemon started
05-04 22:23:32.514   510   510 I ThermalEngine: Using target config file '/system/etc/thermal-engine-8996.conf'
05-04 22:23:32.514   510   510 I ThermalEngine: devices_manager_init: Init
05-04 22:23:32.514   510   510 I ThermalEngine: Number of gpus :1
05-04 22:23:32.514   510   510 I Thermal-IOCTL: KTM IOCTL interface "/dev/msm_thermal_query" opened
05-04 22:23:32.514   510   510 E ThermalEngine: update_cpu_topology: Cluster Info[0]. Cluster Id: 0 cpu_bits:0x3 sync:1
05-04 22:23:32.514   510   510 E ThermalEngine: update_cpu_topology: Cluster Info[1]. Cluster Id: 1 cpu_bits:0xc sync:1
05-04 22:23:32.514   510   510 E ThermalEngine: adding voltage device 
05-04 22:23:32.515   510   510 I ThermalEngine: vdd_rstr_init: Init KTM VDD RSTR enabled: 0
05-04 22:23:32.516   510   510 I ThermalEngine: cpr_band_init: Could not read /sys/module/msm_thermal/cpr_band/curr_cpr_band
05-04 22:23:32.516   510   510 I ThermalEngine: sensors_manager_init: Init
05-04 22:23:32.521   470   470 D libEGL  : loaded /vendor/lib64/egl/libGLESv1_CM_adreno.so
05-04 22:23:32.522   542   542 D QC-time-services: Daemon:genoff_pre_init::Base = 0
05-04 22:23:32.522   542   542 D QC-time-services: Daemon:ats_rtc_init: Time read from RTC -- year = 117, month = 4,day = 4
05-04 22:23:32.526   577   577 I xtwifi-client: type=1400 audit(0.0:5): avc: denied { write } for name="property_service" dev="tmpfs" ino=7141 scontext=u:r:location:s0 tcontext=u:object_r:property_socket:s0 tclass=sock_file permissive=1
05-04 22:23:32.526   577   577 I xtwifi-client: type=1400 audit(0.0:6): avc: denied { connectto } for path="/dev/socket/property_service" scontext=u:r:location:s0 tcontext=u:r:init:s0 tclass=unix_stream_socket permissive=1
05-04 22:23:32.529   577   577 E XTCC-5.1.0.10: [CacheMgr] populateSavedBalacklistedAps: failed: 101
05-04 22:23:32.531   535   572 E QCALOG  : [MessageQ] ProcessNewMessage: [NOT_REGISTERED:577] unknown deliver target [OS-Agent]
05-04 22:23:32.533   470   470 D libEGL  : loaded /vendor/lib64/egl/libGLESv2_adreno.so
05-04 22:23:32.533   577   577 E XTCC-5.1.0.10: [FDAL_Manager] init: failed to retrieve WLAN_FDAL_ENABLEMENT_CONTROL, default true
05-04 22:23:32.537   495   495 E keymaster1_device: TA API Major Verion: 2
05-04 22:23:32.537   495   495 E keymaster1_device: TA API Minor Verion: 0
05-04 22:23:32.538   495   495 E keymaster1_device: TA Major Verion: 2
05-04 22:23:32.538   495   495 E keymaster1_device: TA Minor Verion: 17
05-04 22:23:32.538   495   495 D SoftKeymaster: system/keymaster/soft_keymaster_device.cpp, Line 173: Reinitializing SoftKeymasterDevice to use HW keymaster1
05-04 22:23:32.539   540   540 I fingerprintd: Starting fingerprintd
05-04 22:23:32.548   577   758 E         : E/open failed: /dev/mdm: No such file or directory
05-04 22:23:32.549   577   758 E Diag_Lib:  Diag_LSM_Init: Failed to open handle to diag driver, error = 13
05-04 22:23:32.554   542   542 D QC-time-services: Daemon:Value read from RTC seconds = 1493907812000
05-04 22:23:32.554   542   542 D QC-time-services: Daemon:genoff_init_config: ATS_RTC initialized with rc: 0
05-04 22:23:32.554   542   542 D QC-time-services: Daemon:genoff_pre_init::Base = 1
05-04 22:23:32.554   542   542 D QC-time-services: Daemon: Storage Name: ats_1 
05-04 22:23:32.554   542   542 D QC-time-services: Daemon:Opening File: /data/time/ats_1
05-04 22:23:32.554   542   542 D QC-time-services: Daemon:time_persistent_memory_opr:Genoff Read operation 
05-04 22:23:32.554   542   542 D QC-time-services: Daemon:Unable to open filefor read
05-04 22:23:32.554   542   542 D QC-time-services: Daemon:genoff_post_init:Error in accessing storage
05-04 22:23:32.554   542   542 D QC-time-services: Daemon:genoff_pre_init::Base = 2
05-04 22:23:32.554   542   542 D QC-time-services: Daemon: Storage Name: ats_2 
05-04 22:23:32.554   542   542 D QC-time-services: Daemon:Opening File: /data/time/ats_2
05-04 22:23:32.554   542   542 D QC-time-services: Daemon:time_persistent_memory_opr:Genoff Read operation 
05-04 22:23:32.554   542   542 D QC-time-services: Daemon:Unable to open filefor read
05-04 22:23:32.555   542   542 D QC-time-services: Daemon:genoff_post_init:Error in accessing storage
05-04 22:23:32.555   542   542 D QC-time-services: Daemon:genoff_pre_init::Base = 3
05-04 22:23:32.555   542   542 D QC-time-services: Daemon: Storage Name: ats_3 
05-04 22:23:32.555   542   542 D QC-time-services: Daemon:Opening File: /data/time/ats_3
05-04 22:23:32.555   542   542 D QC-time-services: Daemon:time_persistent_memory_opr:Genoff Read operation 
05-04 22:23:32.555   542   542 D QC-time-services: Daemon:Unable to open filefor read
05-04 22:23:32.555   542   542 D QC-time-services: Daemon:genoff_post_init:Error in accessing storage
05-04 22:23:32.555   542   542 D QC-time-services: Daemon:genoff_pre_init::Base = 4
05-04 22:23:32.555   542   542 D QC-time-services: Daemon: Storage Name: ats_4 
05-04 22:23:32.555   542   542 D QC-time-services: Daemon:Opening File: /data/time/ats_4
05-04 22:23:32.555   542   542 D QC-time-services: Daemon:time_persistent_memory_opr:Genoff Read operation 
05-04 22:23:32.555   542   542 D QC-time-services: Daemon:Unable to open filefor read
05-04 22:23:32.555   542   542 D QC-time-services: Daemon:genoff_post_init:Error in accessing storage
05-04 22:23:32.555   542   542 D QC-time-services: Daemon:genoff_pre_init::Base = 5
05-04 22:23:32.555   542   542 D QC-time-services: Daemon: Storage Name: ats_5 
05-04 22:23:32.555   542   542 D QC-time-services: Daemon:Opening File: /data/time/ats_5
05-04 22:23:32.555   542   542 D QC-time-services: Daemon:time_persistent_memory_opr:Genoff Read operation 
05-04 22:23:32.555   542   542 D QC-time-services: Daemon:Unable to open filefor read
05-04 22:23:32.555   542   542 D QC-time-services: Daemon:genoff_post_init:Error in accessing storage
05-04 22:23:32.555   542   542 D QC-time-services: Daemon:genoff_pre_init::Base = 6
05-04 22:23:32.555   542   542 D QC-time-services: Daemon: Storage Name: ats_6 
05-04 22:23:32.555   542   542 D QC-time-services: Daemon:Opening File: /data/time/ats_6
05-04 22:23:32.555   542   542 D QC-time-services: Daemon:time_persistent_memory_opr:Genoff Read operation 
05-04 22:23:32.555   542   542 D QC-time-services: Daemon:Unable to open filefor read
05-04 22:23:32.555   542   542 D QC-time-services: Daemon:genoff_post_init:Error in accessing storage
05-04 22:23:32.555   542   542 D QC-time-services: Daemon:genoff_pre_init::Base = 7
05-04 22:23:32.555   542   542 D QC-time-services: Daemon: Storage Name: ats_7 
05-04 22:23:32.556   542   542 D QC-time-services: Daemon:Opening File: /data/time/ats_7
05-04 22:23:32.556   542   542 D QC-time-services: Daemon:time_persistent_memory_opr:Genoff Read operation 
05-04 22:23:32.556   542   542 D QC-time-services: Daemon:Unable to open filefor read
05-04 22:23:32.556   542   542 D QC-time-services: Daemon:genoff_post_init:Error in accessing storage
05-04 22:23:32.556   542   542 D QC-time-services: Daemon:genoff_pre_init::Base = 8
05-04 22:23:32.556   542   542 D QC-time-services: Daemon: Storage Name: ats_8 
05-04 22:23:32.556   542   542 D QC-time-services: Daemon:Opening File: /data/time/ats_8
05-04 22:23:32.556   542   542 D QC-time-services: Daemon:time_persistent_memory_opr:Genoff Read operation 
05-04 22:23:32.556   542   542 D QC-time-services: Daemon:Unable to open filefor read
05-04 22:23:32.556   542   542 D QC-time-services: Daemon:genoff_post_init:Error in accessing storage
05-04 22:23:32.556   542   542 D QC-time-services: Daemon:genoff_pre_init::Base = 9
05-04 22:23:32.556   542   542 D QC-time-services: Daemon: Storage Name: ats_9 
05-04 22:23:32.556   542   542 D QC-time-services: Daemon:Opening File: /data/time/ats_9
05-04 22:23:32.556   542   542 D QC-time-services: Daemon:time_persistent_memory_opr:Genoff Read operation 
05-04 22:23:32.556   542   542 D QC-time-services: Daemon:Unable to open filefor read
05-04 22:23:32.556   542   542 D QC-time-services: Daemon:genoff_post_init:Error in accessing storage
05-04 22:23:32.556   542   542 D QC-time-services: Daemon:genoff_pre_init::Base = 10
05-04 22:23:32.556   542   542 D QC-time-services: Daemon: Storage Name: ats_10 
05-04 22:23:32.556   542   542 D QC-time-services: Daemon:Opening File: /data/time/ats_10
05-04 22:23:32.556   542   542 D QC-time-services: Daemon:time_persistent_memory_opr:Genoff Read operation 
05-04 22:23:32.556   542   542 D QC-time-services: Daemon:Unable to open filefor read
05-04 22:23:32.556   542   542 D QC-time-services: Daemon:genoff_post_init:Error in accessing storage
05-04 22:23:32.556   542   542 D QC-time-services: Daemon:genoff_pre_init::Base = 11
05-04 22:23:32.556   542   542 D QC-time-services: Daemon: Storage Name: ats_11 
05-04 22:23:32.556   542   542 D QC-time-services: Daemon:Opening File: /data/time/ats_11
05-04 22:23:32.556   542   542 D QC-time-services: Daemon:time_persistent_memory_opr:Genoff Read operation 
05-04 22:23:32.556   542   542 D QC-time-services: Daemon:Unable to open filefor read
05-04 22:23:32.556   542   542 D QC-time-services: Daemon:genoff_post_init:Error in accessing storage
05-04 22:23:32.557   542   542 D QC-time-services: Daemon:genoff_pre_init::Base = 12
05-04 22:23:32.557   542   542 D QC-time-services: Daemon: Storage Name: ats_12 
05-04 22:23:32.557   542   542 D QC-time-services: Daemon:Opening File: /data/time/ats_12
05-04 22:23:32.557   542   542 D QC-time-services: Daemon:time_persistent_memory_opr:Genoff Read operation 
05-04 22:23:32.557   542   542 D QC-time-services: Daemon:Unable to open filefor read
05-04 22:23:32.557   542   542 D QC-time-services: Daemon:genoff_post_init:Error in accessing storage
05-04 22:23:32.557   542   542 D QC-time-services: Daemon:genoff_pre_init::Base = 13
05-04 22:23:32.557   542   542 D QC-time-services: Daemon: Storage Name: ats_13 
05-04 22:23:32.557   542   542 D QC-time-services: Daemon:Opening File: /data/time/ats_13
05-04 22:23:32.557   542   542 D QC-time-services: Daemon:time_persistent_memory_opr:Genoff Read operation 
05-04 22:23:32.557   542   542 D QC-time-services: Daemon:Unable to open filefor read
05-04 22:23:32.557   542   542 D QC-time-services: Daemon:genoff_post_init:Error in accessing storage
05-04 22:23:32.557   542   542 D QC-time-services: Daemon:genoff_pre_init::Base = 14
05-04 22:23:32.557   542   542 D QC-time-services: Daemon: Storage Name: ats_14 
05-04 22:23:32.557   542   542 D QC-time-services: Daemon:Opening File: /data/time/ats_14
05-04 22:23:32.557   542   542 D QC-time-services: Daemon:time_persistent_memory_opr:Genoff Read operation 
05-04 22:23:32.557   542   542 D QC-time-services: Daemon:Unable to open filefor read
05-04 22:23:32.557   542   542 D QC-time-services: Daemon:genoff_post_init:Error in accessing storage
05-04 22:23:32.557   542   542 D QC-time-services: Daemon:genoff_init_config: Other bases initilized, exiting genoff_init
05-04 22:23:32.557   542   542 D QC-time-services: Daemon:rtc_get: Time read from RTC -- MM/DD/YY HH:MM:SS4/4/117 14:23:32
05-04 22:23:32.557   542   542 D QC-time-services: Daemon:Value read from RTC mseconds = 1493907812000
05-04 22:23:32.557   542   542 D QC-time-services: Daemon:Value read from QTimer mseconds = 10145
05-04 22:23:32.557   542   542 D QC-time-services: Daemon:genoff_opr: Base = 1, val = 547524939776, operation = 1
05-04 22:23:32.557   542   542 D QC-time-services: Daemon: genoff get for 1
05-04 22:23:32.557   542   542 D QC-time-services: Daemon:Value read from QTimer mseconds = 10145
05-04 22:23:32.557   542   542 D QC-time-services: Daemon:Value read from RTC mseconds on boot = 1493907812000
05-04 22:23:32.557   542   542 D QC-time-services: Daemon:Value read from QTimer mseconds = 10145
05-04 22:23:32.558   542   542 D QC-time-services: Daemon:Value read from generic offset = 0
05-04 22:23:32.558   542   542 D QC-time-services: Daemon:Delta read on boot mseconds = 1493907801855
05-04 22:23:32.558   542   542 D QC-time-services: Daemon:Final Time = 1493907812000
05-04 22:23:32.558   542   542 E QC-time-services: Daemon:genoff_boot_tod_init: Unable to open alarm device
05-04 22:23:32.558   542   542 E QC-time-services: Daemon:genoff_boot_tod_init: Updating system time to sec=1493907812, usec=0
05-04 22:23:32.618   553   741 D AudioDaemon: Opening sound card state : /proc/asound/card---/state
05-04 22:23:32.618   553   741 E AudioDaemon: Open /proc/asound/card---/state failed : No such file or directory
05-04 22:23:32.618   553   741 V AudioDaemon: bool android::AudioDaemon::getStateFDs(std::__1::vector<std::__1::pair<int, int> >&): 0 sound cards detected
05-04 22:23:32.619   553   741 E AudioDaemon: Sleeping for 100 ms
05-04 22:23:32.619   510   676 I ThermalEngine: handle_thresh_sig: SS Id SKIN-SS-GOLD-AND-SILVER, Read xo_therm_buf 43000mC
05-04 22:23:32.719   553   741 D AudioDaemon: Opening sound card state : /proc/asound/card---/state
05-04 22:23:32.719   553   741 E AudioDaemon: Open /proc/asound/card---/state failed : No such file or directory
05-04 22:23:32.719   553   741 V AudioDaemon: bool android::AudioDaemon::getStateFDs(std::__1::vector<std::__1::pair<int, int> >&): 0 sound cards detected
05-04 22:23:32.720   553   741 E AudioDaemon: Sleeping for 100 ms
05-04 22:23:32.772   476   513 E Sensors : sns_reg.c(459):sys.panel.vendor is not available, retry again
05-04 22:23:32.807   787   787 I qcom-bluetooth: /system/etc/init.qcom.bt.sh: Bluetooth stack is Bluedroid 
05-04 22:23:32.820   553   741 D AudioDaemon: Opening sound card state : /proc/asound/card---/state
05-04 22:23:32.820   553   741 E AudioDaemon: Open /proc/asound/card---/state failed : No such file or directory
05-04 22:23:32.820   553   741 V AudioDaemon: bool android::AudioDaemon::getStateFDs(std::__1::vector<std::__1::pair<int, int> >&): 0 sound cards detected
05-04 22:23:32.820   553   741 E AudioDaemon: Sleeping for 100 ms
05-04 22:23:32.853   497   497 D tftp_server: pid=497 tid=497 tftp-server : DBG :[tftp_os_wakelocks_la.c, 302] Wake-lock acquired successfully
05-04 22:23:32.854   497   497 D tftp_server: pid=497 tid=497 tftp-server : DBG :[tftp_server.c, 594] Server waiting for client-connection.
05-04 22:23:32.882   497   792 D tftp_server: pid=497 tid=792 tftp-server : DBG :[tftp_server_utils.c, 101] Normalized file [/readwrite/server_check.txt] to : [/system/rfs/msm/adsp/readwrite/server_chec
05-04 22:23:32.883   497   792 D tftp_server: pid=497 tid=792 tftp-server : DBG :[tftp_server.c, 718] Using temp file[/system/rfs/msm/adsp/readwrite/server_check.txt.rfs_tmp] for atomic put
05-04 22:23:32.883   497   792 E tftp_server: pid=497 tid=792 tftp-server : ERR :[tftp_protocol.c, 1143] sending error-pkt. Code = 2, Msg = Err=13 String=Permission denied
05-04 22:23:32.883   497   792 D tftp_server: pid=497 tid=792 tftp-server : DBG :[tftp_server.c, 1511] WRQ stats in us:
05-04 22:23:32.883   497   792 D tftp_server: pid=497 tid=792 tftp-server : DBG :[tftp_server.c, 1512] Total API = 1293
05-04 22:23:32.883   497   792 D tftp_server: pid=497 tid=792 tftp-server : DBG :[tftp_server.c, 1514] Total-TX = 103
05-04 22:23:32.917   497   497 D tftp_server: pid=497 tid=497 tftp-server : DBG :[tftp_os_wakelocks_la.c, 302] Wake-lock acquired successfully
05-04 22:23:32.917   497   497 D tftp_server: pid=497 tid=497 tftp-server : DBG :[tftp_server.c, 594] Server waiting for client-connection.
05-04 22:23:32.920   553   741 D AudioDaemon: Opening sound card state : /proc/asound/card---/state
05-04 22:23:32.920   553   741 E AudioDaemon: Open /proc/asound/card---/state failed : No such file or directory
05-04 22:23:32.921   553   741 V AudioDaemon: bool android::AudioDaemon::getStateFDs(std::__1::vector<std::__1::pair<int, int> >&): 0 sound cards detected
05-04 22:23:32.921   553   741 E AudioDaemon: Sleeping for 100 ms
05-04 22:23:32.931   497   794 D tftp_server: pid=497 tid=794 tftp-server : DBG :[tftp_server_utils.c, 101] Normalized file [/readwrite/server_check.txt] to : [/system/rfs/msm/adsp/readwrite/server_chec
05-04 22:23:32.932   497   794 D tftp_server: pid=497 tid=794 tftp-server : DBG :[tftp_server.c, 718] Using temp file[/system/rfs/msm/adsp/readwrite/server_check.txt.rfs_tmp] for atomic put
05-04 22:23:32.932   497   794 E tftp_server: pid=497 tid=794 tftp-server : ERR :[tftp_protocol.c, 1143] sending error-pkt. Code = 2, Msg = Err=13 String=Permission denied
05-04 22:23:32.932   497   794 D tftp_server: pid=497 tid=794 tftp-server : DBG :[tftp_server.c, 1511] WRQ stats in us:
05-04 22:23:32.932   497   794 D tftp_server: pid=497 tid=794 tftp-server : DBG :[tftp_server.c, 1512] Total API = 7322
05-04 22:23:32.932   497   794 D tftp_server: pid=497 tid=794 tftp-server : DBG :[tftp_server.c, 1514] Total-TX = 237
05-04 22:23:32.932   497   794 D tftp_server: pid=497 tid=794 tftp-server : DBG :[tftp_server.c, 1516] Total-RX = 0
05-04 22:23:32.933   497   794 D tftp_server: pid=497 tid=794 tftp-server : DBG :[tftp_server.c, 1518] Max-TX = 237
05-04 22:23:32.933   497   794 D tftp_server: pid=497 tid=794 tftp-server : DBG :[tftp_server.c, 1520] Max-RX = 0
05-04 22:23:32.933   497   794 D tftp_server: pid=497 tid=794 tftp-server : DBG :[tftp_server.c, 1522] Min-TX = 237
05-04 22:23:32.933   497   794 D tftp_server: pid=497 tid=794 tftp-server : DBG :[tftp_server.c, 1524] Min-RX = 4294967295
05-04 22:23:32.934   497   794 D tftp_server: pid=497 tid=794 tftp-server : DBG :[tftp_os_wakelocks_la.c, 332] Wake-lock released successfully
05-04 22:23:33.021   553   741 D AudioDaemon: Opening sound card state : /proc/asound/card---/state
05-04 22:23:33.021   553   741 E AudioDaemon: Open /proc/asound/card---/state failed : No such file or directory
05-04 22:23:33.021   553   741 V AudioDaemon: bool android::AudioDaemon::getStateFDs(std::__1::vector<std::__1::pair<int, int> >&): 0 sound cards detected
05-04 22:23:33.021   553   741 E AudioDaemon: Sleeping for 100 ms
05-04 22:23:33.057   493   493 V MediaUtils: physMem: 2808807424
05-04 22:23:33.057   493   493 V MediaUtils: requested limit: 1825724810
05-04 22:23:33.057   493   493 V MediaUtils: actual limit: 1825724810
05-04 22:23:33.057   493   493 V MediaUtils: original limits: 4294967295/4294967295
05-04 22:23:33.057   493   493 V MediaUtils: new limits: 1825724810/4294967295
05-04 22:23:33.066   751   790 D libEGL  : loaded /vendor/lib64/egl/libEGL_adreno.so
05-04 22:23:33.080   751   790 D libEGL  : loaded /vendor/lib64/egl/libGLESv1_CM_adreno.so
05-04 22:23:33.094   751   790 D libEGL  : loaded /vendor/lib64/egl/libGLESv2_adreno.so
05-04 22:23:33.095   493   493 I mediaserver: ServiceManager: 0xf66ce120
05-04 22:23:33.095   493   493 I AudioFlinger: Using 300 mSec as standby time.
05-04 22:23:33.097   493   493 E BatteryNotifier: batterystats service unavailable!
05-04 22:23:33.097   493   493 E BatteryNotifier: batterystats service unavailable!
05-04 22:23:33.097   493   493 I CameraService: CameraService started (pid=493)
05-04 22:23:33.097   493   493 I CameraService: CameraService process starting
05-04 22:23:33.098   493   493 E BatteryNotifier: batterystats service unavailable!
05-04 22:23:33.098   493   493 E BatteryNotifier: batterystats service unavailable!
05-04 22:23:33.116   751   790 I Adreno  : QUALCOMM build                   : 0a3bdfc, Ifb508eebcd
05-04 22:23:33.116   751   790 I Adreno  : Build Date                       : 08/04/16
05-04 22:23:33.116   751   790 I Adreno  : OpenGL ES Shader Compiler Version: XE031.09.00.03
05-04 22:23:33.116   751   790 I Adreno  : Local Branch                     : 
05-04 22:23:33.116   751   790 I Adreno  : Remote Branch                    : 
05-04 22:23:33.116   751   790 I Adreno  : Remote Branch                    : 
05-04 22:23:33.116   751   790 I Adreno  : Reconstruct Branch               : 
05-04 22:23:33.120   751   790 E cutils-trace: Error opening trace file: No such file or directory (2)
05-04 22:23:33.153   751   790 E BootAnimation: couldn't find audio_conf.txt
05-04 22:23:33.214   751   790 W BootAnimation: Audio service is not initiated.
05-04 22:23:33.222   553   741 D AudioDaemon: Opening sound card state : /proc/asound/card---/state
05-04 22:23:33.222   553   741 E AudioDaemon: Open /proc/asound/card---/state failed : No such file or directory
05-04 22:23:33.222   553   741 V AudioDaemon: bool android::AudioDaemon::getStateFDs(std::__1::vector<std::__1::pair<int, int> >&): 0 sound cards detected
05-04 22:23:33.222   553   741 E AudioDaemon: Sleeping for 100 ms
05-04 22:23:33.264   538   538 D com.qualcomm.qti.qseeproxy-daemon: Starting service: com.qualcomm.qti.qseeproxy
05-04 22:23:33.278   538   538 D com.qualcomm.qti.qseeproxy-daemon: QSEEConnector service is now ready
05-04 22:23:33.285   541   541 D QVOP    : main: App build date: Sep 21 2016 01:04:51
05-04 22:23:33.285   541   541 D QVOP    : main: voiceprint not enabled, suspending
05-04 22:23:33.323   553   741 D AudioDaemon: Opening sound card state : /proc/asound/card---/state
05-04 22:23:33.323   553   741 E AudioDaemon: Open /proc/asound/card---/state failed : No such file or directory
05-04 22:23:33.323   553   741 V AudioDaemon: bool android::AudioDaemon::getStateFDs(std::__1::vector<std::__1::pair<int, int> >&): 0 sound cards detected
05-04 22:23:33.323   553   741 E AudioDaemon: Sleeping for 100 ms
05-04 22:23:33.378   579   727 E slim_daemon: [NDK] bindNDKSensors: Sensor server is unavailable.
05-04 22:23:33.387   470   470 D SurfaceFlinger: shader cache generated - 24 shaders in 326.136292 ms
05-04 22:23:33.390   556   556 I Dpps    : static DppsServer *DppsServer::GetInstance(): DppsServer ref count increased to 1
05-04 22:23:33.391   556   556 I Dpps    : AbaContext():18 ABA context instantiation
05-04 22:23:33.391   556   556 I Dpps    : AmbientLightContext():17 AL context instantiation
05-04 22:23:33.405   470   470 D qdutils : DEBUG_CALC_FPS: 0
05-04 22:23:33.406   470   470 D qdutils : period: 10
05-04 22:23:33.406   470   470 D qdutils : ignorethresh_us: 500000
05-04 22:23:33.412   556   556 I Dpps    : InitFeatureContext():171 Initialize feature context
05-04 22:23:33.412   556   556 I Dpps    : InitFeatureContext():203 ABA context is not enabled
05-04 22:23:33.412   556   556 I Dpps    : InitContext():69 display_fd 5, panel 0, sensor type 2 display_type 0
05-04 22:23:33.412   556   556 I Dpps    : OpenCommonSysfsFds():341 lcd_bl_event_fd_ is 8
05-04 22:23:33.412   556   556 I Dpps    : OpenCommonSysfsFds():350 blank_event_fd_ is 9
05-04 22:23:33.412   556   556 I Dpps    : OpenCommonSysfsFds():358 lcd_brightness_fd_ is 11
05-04 22:23:33.412   556   556 I Dpps    : SelectLightSensor():468 sensor_type 2
05-04 22:23:33.412   556   556 I Dpps    : SelectLightSensor():471 sensor_type_ 2
05-04 22:23:33.412   556   556 I Dpps    : InitLightSensor():503 sensor_type_ 2
05-04 22:23:33.412   556   556 I Dpps    : InitLightSensor():524 light sensor initialization ret 0
05-04 22:23:33.412   556   556 I Dpps    : CreateAmbientLightThread():141 Create AL thread
05-04 22:23:33.412   556   556 I Dpps    : CreateAmbientLightThread():160 Create AL thread done ret 0
05-04 22:23:33.413   556   556 I Dpps    : InitFeatureContext():223 Initialize feature context done ret 0
05-04 22:23:33.423   553   741 D AudioDaemon: Opening sound card state : /proc/asound/card0/state
05-04 22:23:33.424   553   741 V AudioDaemon: bool android::AudioDaemon::getStateFDs(std::__1::vector<std::__1::pair<int, int> >&): 1 sound cards detected
05-04 22:23:33.424   556   814 I Dpps    : ProcessAmbientLightThread():98 AL thread execution started
05-04 22:23:33.424   553   741 V AudioDaemon: bool android::AudioDaemon::getDeviceEventFDs(): 0 audio device event detected
05-04 22:23:33.424   553   741 E AudioDaemon: No audio device events detected
