05-04 22:23:41.279   493   493 I sound_trigger_platform: platform_stdev_init: Enter
05-04 22:23:41.383   579   727 E slim_daemon: [NDK] bindNDKSensors: Sensor server is unavailable.
05-04 22:23:41.438   556   813 I ServiceManager: Waiting for service sensorservice...
05-04 22:23:41.862   493   493 I sound_trigger_platform: platform_stdev_init: acdb_init: msm8996-tasha-mtp-snd-card
05-04 22:23:41.862   493   493 D ACDB-LOADER: ACDB -> already initialized, exit
05-04 22:23:41.862   493   493 D sound_trigger_platform: platform_stdev_init Opening device /dev/snd/hwC0D1000
05-04 22:23:41.862   493   493 D sound_trigger_platform: get_codec_version: codec version WCD9335_2_0
05-04 22:23:41.863   493   493 I sound_trigger_hw: stdev_get_properties
05-04 22:23:41.863   493   493 I SoundTriggerHwService: loaded default module Sound Trigger HAL, handle 1
05-04 22:23:41.863   493   493 I RadioService: RadioService
05-04 22:23:41.864   493   493 I RadioService: onFirstRef
05-04 22:23:41.864   493   493 E RadioService: couldn't load radio module radio.primary (No such file or directory)
05-04 22:23:42.068   510   676 I ThermalEngine: algo_monitor: Thresh EVT
05-04 22:23:42.069   510   676 I ThermalEngine: handle_thresh_sig: SS Id SKIN-SS-CPUS-ALL, Read xo_therm_buf 45000mC
05-04 22:23:42.075   510   675 I ThermalEngine: handle_thresh_sig: TM Id SKIN-BATTERY-MONITOR Sensor xo_therm_buf Temp 45000
05-04 22:23:42.075   510   675 I ThermalEngine: TM Id 'SKIN-BATTERY-MONITOR' Sensor 'xo_therm_buf' - alarm  raised 2 at 45.0 degC
05-04 22:23:42.075   510   675 I ThermalEngine: j=0 i=1 TM Id SKIN-BATTERY-MONITOR Sensor xo_therm_buf: Action battery value 1
05-04 22:23:42.075   510   675 I ThermalEngine: ACTION: BATTERY - Setting battery charging mitigation to 1
05-04 22:23:42.075   510   675 I ThermalEngine: Mitigation:Battery:1
05-04 22:23:42.077   510   675 I ThermalEngine: handle_thresh_sig: TM Id GPU_management Sensor xo_therm_buf Temp 45000
05-04 22:23:42.077   510   675 I ThermalEngine: TM Id 'GPU_management' Sensor 'xo_therm_buf' - alarm  raised 3 at 45.0 degC
05-04 22:23:42.077   510   675 I ThermalEngine: j=0 i=2 TM Id GPU_management Sensor xo_therm_buf: Action gpu value 315000000
05-04 22:23:42.077   510   675 I ThermalEngine: ACTION: GPU - Setting GPU[0] to 315000000
05-04 22:23:42.326   510   676 I ThermalEngine: handle_thresh_sig: SS Id SKIN-SS-CPUS-ALL, Read xo_therm_buf 45000mC
05-04 22:23:42.383   579   727 E slim_daemon: [NDK] bindNDKSensors: Sensor server is unavailable.
05-04 22:23:42.395   870  1264 W dex2oat : Skipping class com.quicinc.tcmiface.DpmTcmIface from /system/framework/org.apache.http.legacy.boot.jar previously found in /system/framework/okhttp.jar
05-04 22:23:42.439   556   813 I ServiceManager: Waiting for service sensorservice...
05-04 22:23:42.530   535   572 E QCALOG  : [MessageQ] ProcessNewMessage: [XTWiFi-PE] unknown deliver target [OS-Agent]
05-04 22:23:42.581   870  1262 W dex2oat : Method processed more than once: void android.icu.text.NumberFormat.<clinit>()
05-04 22:23:42.632   577   772 W XTCC-5.1.0.10: [CS-RIL-LISTENER] timerCallback fired for ril update registering, re-register
05-04 22:23:42.632   535   572 E QCALOG  : [MessageQ] ProcessNewMessage: [XT-CS] unknown deliver target [OS-Agent]
05-04 22:23:42.632   535   572 E QCALOG  : [MessageQ] ProcessNewMessage: [XT-CS] unknown deliver target [OS-Agent]
05-04 22:23:42.728   825  1268 W dex2oat : Skipping class com.quicinc.tcmiface.DpmTcmIface from /system/framework/org.apache.http.legacy.boot.jar previously found in /system/framework/okhttp.jar
05-04 22:23:42.738   870  1262 W dex2oat : Method processed more than once: java.lang.String java.lang.AbstractStringBuilder.substring(int)
05-04 22:23:42.792   870  1262 W dex2oat : Method processed more than once: void java.util.Properties.load(java.io.Reader)
05-04 22:23:42.837   510   676 I ThermalEngine: handle_thresh_sig: SS Id SKIN-SS-CPUS-ALL, Read xo_therm_buf 45000mC
05-04 22:23:42.838   870  1262 W dex2oat : Method processed more than once: java.lang.String java.lang.IntegralToString.stringOf(char[])
05-04 22:23:42.876   825   825 W dex2oat : Method processed more than once: void android.icu.text.NumberFormat.<clinit>()
05-04 22:23:42.916   870  1262 W dex2oat : Method processed more than once: java.lang.String com.android.org.bouncycastle.util.Strings.toLowerCase(java.lang.String)
05-04 22:23:43.028   825   825 W dex2oat : Method processed more than once: java.lang.String java.lang.AbstractStringBuilder.substring(int)
05-04 22:23:43.080   825   825 W dex2oat : Method processed more than once: void java.util.Properties.load(java.io.Reader)
05-04 22:23:43.125   825   825 W dex2oat : Method processed more than once: java.lang.String java.lang.IntegralToString.stringOf(char[])
05-04 22:23:43.203   825   825 W dex2oat : Method processed more than once: java.lang.String com.android.org.bouncycastle.util.Strings.toLowerCase(java.lang.String)
05-04 22:23:43.348   510   676 I ThermalEngine: handle_thresh_sig: SS Id SKIN-SS-CPUS-ALL, Read xo_therm_buf 45000mC
05-04 22:23:43.384   579   727 E slim_daemon: [NDK] bindNDKSensors: Sensor server is unavailable.
05-04 22:23:43.632   577   774 W XTCC-5.1.0.10: [FDAL_ZPP_MGR] RequestNewZppFix: Getting ZPP
05-04 22:23:43.638   577   774 W XTCC-5.1.0.10: [FDAL_ZPP_MGR] RequestNewZppFix 0.000000 0.000000 0.000000: ZPP Return Flag 0x0
05-04 22:23:43.639   577   774 W XTCC-5.1.0.10: [FDAL_ZPP_MGR] RequestNewZppFix Expand the HEPE of previous ZPP fix. Not done
05-04 22:23:43.763   870   870 W dex2oat : Method processed more than once: java.lang.String com.android.dex.Mutf8.decode(com.android.dex.util.ByteInput, char[])
05-04 22:23:43.858   870   870 W dex2oat : Method processed more than once: void android.net.Uri.<clinit>()
05-04 22:23:43.859   510   676 I ThermalEngine: handle_thresh_sig: SS Id SKIN-SS-CPUS-ALL, Read xo_therm_buf 45000mC
05-04 22:23:44.041   825  1268 W dex2oat : Method processed more than once: java.lang.String com.android.dex.Mutf8.decode(com.android.dex.util.ByteInput, char[])
05-04 22:23:44.134   825  1268 W dex2oat : Method processed more than once: void android.net.Uri.<clinit>()
05-04 22:23:44.224   870   870 W dex2oat : Method processed more than once: void android.text.TextUtils.<clinit>()
05-04 22:23:44.370   510   676 I ThermalEngine: handle_thresh_sig: SS Id SKIN-SS-CPUS-ALL, Read xo_therm_buf 45000mC
05-04 22:23:44.386   579   727 E slim_daemon: [NDK] bindNDKSensors: Sensor server is unavailable.
05-04 22:23:44.419   870   870 W dex2oat : Skipping class com.quicinc.tcmiface.DpmTcmIface from /system/framework/org.apache.http.legacy.boot.jar previously found in /system/framework/okhttp.jar
05-04 22:23:44.440   556   813 I ServiceManager: Waiting for service sensorservice...
05-04 22:23:44.453   870   870 I dex2oat : Explicit concurrent mark sweep GC freed 43524(6MB) AllocSpace objects, 1(20KB) LOS objects, 23% free, 13MB/17MB, paused 119us total 25.355ms
05-04 22:23:44.501   825  1268 W dex2oat : Method processed more than once: void android.text.TextUtils.<clinit>()
05-04 22:23:44.717   825   825 W dex2oat : Skipping class com.quicinc.tcmiface.DpmTcmIface from /system/framework/org.apache.http.legacy.boot.jar previously found in /system/framework/okhttp.jar
05-04 22:23:44.781   825   825 I dex2oat : Explicit concurrent mark sweep GC freed 43515(10MB) AllocSpace objects, 1(20KB) LOS objects, 15% free, 22MB/26MB, paused 157us total 52.788ms
05-04 22:23:44.881   510   676 I ThermalEngine: handle_thresh_sig: SS Id SKIN-SS-CPUS-ALL, Read xo_therm_buf 45000mC
05-04 22:23:45.386   579   727 E slim_daemon: [NDK] bindNDKSensors: Sensor server is unavailable.
05-04 22:23:45.392   510   676 I ThermalEngine: handle_thresh_sig: SS Id SKIN-SS-CPUS-ALL, Read xo_therm_buf 45000mC
05-04 22:23:45.440   556   813 I ServiceManager: Waiting for service sensorservice...
05-04 22:23:45.903   510   676 I ThermalEngine: handle_thresh_sig: SS Id SKIN-SS-CPUS-ALL, Read xo_therm_buf 45000mC
05-04 22:23:46.387   579   727 E slim_daemon: [NDK] bindNDKSensors: Sensor server is unavailable.
05-04 22:23:46.414   510   676 I ThermalEngine: handle_thresh_sig: SS Id SKIN-SS-CPUS-ALL, Read xo_therm_buf 45000mC
05-04 22:23:46.441   556   813 I ServiceManager: Waiting for service sensorservice...
05-04 22:23:46.925   510   676 I ThermalEngine: handle_thresh_sig: SS Id SKIN-SS-CPUS-ALL, Read xo_therm_buf 45000mC
05-04 22:23:47.388   579   727 E slim_daemon: [NDK] bindNDKSensors: Sensor server is unavailable.
05-04 22:23:47.436   510   676 I ThermalEngine: handle_thresh_sig: SS Id SKIN-SS-CPUS-ALL, Read xo_therm_buf 45000mC
05-04 22:23:47.441   556   813 I ServiceManager: Waiting for service sensorservice...
05-04 22:23:47.530   535   572 E QCALOG  : [MessageQ] ProcessNewMessage: [XTWiFi-PE] unknown deliver target [OS-Agent]
05-04 22:23:47.633   577   772 W XTCC-5.1.0.10: [CS-RIL-LISTENER] timerCallback fired for ril update registering, re-register
05-04 22:23:47.634   535   572 E QCALOG  : [MessageQ] ProcessNewMessage: [XT-CS] unknown deliver target [OS-Agent]
05-04 22:23:47.634   535   572 E QCALOG  : [MessageQ] ProcessNewMessage: [XT-CS] unknown deliver target [OS-Agent]
05-04 22:23:47.947   510   676 I ThermalEngine: handle_thresh_sig: SS Id SKIN-SS-CPUS-ALL, Read xo_therm_buf 45000mC
05-04 22:23:48.389   579   727 E slim_daemon: [NDK] bindNDKSensors: Sensor server is unavailable.
05-04 22:23:48.442   556   813 I ServiceManager: Waiting for service sensorservice...
05-04 22:23:48.458   510   676 I ThermalEngine: handle_thresh_sig: SS Id SKIN-SS-CPUS-ALL, Read xo_therm_buf 45000mC
05-04 22:23:48.969   510   676 I ThermalEngine: handle_thresh_sig: SS Id SKIN-SS-CPUS-ALL, Read xo_therm_buf 45000mC
05-04 22:23:49.389   579   727 E slim_daemon: [NDK] bindNDKSensors: Sensor server is unavailable.
05-04 22:23:49.480   510   676 I ThermalEngine: handle_thresh_sig: SS Id SKIN-SS-CPUS-ALL, Read xo_therm_buf 45000mC
05-04 22:23:49.991   510   676 I ThermalEngine: handle_thresh_sig: SS Id SKIN-SS-CPUS-ALL, Read xo_therm_buf 45000mC
05-04 22:23:50.390   579   727 E slim_daemon: [NDK] bindNDKSensors: Sensor server is unavailable.
05-04 22:23:50.443   556   813 I ServiceManager: Waiting for service sensorservice...
05-04 22:23:50.502   510   676 I ThermalEngine: handle_thresh_sig: SS Id SKIN-SS-CPUS-ALL, Read xo_therm_buf 45000mC
05-04 22:23:51.013   510   676 I ThermalEngine: handle_thresh_sig: SS Id SKIN-SS-CPUS-ALL, Read xo_therm_buf 45000mC
05-04 22:23:51.391   579   727 E slim_daemon: [NDK] bindNDKSensors: Sensor server is unavailable.
05-04 22:23:51.443   556   813 I ServiceManager: Waiting for service sensorservice...
05-04 22:23:51.524   510   676 I ThermalEngine: handle_thresh_sig: SS Id SKIN-SS-CPUS-ALL, Read xo_therm_buf 45000mC
05-04 22:23:52.035   510   676 I ThermalEngine: handle_thresh_sig: SS Id SKIN-SS-CPUS-ALL, Read xo_therm_buf 45000mC
05-04 22:23:52.392   579   727 E slim_daemon: [NDK] bindNDKSensors: Sensor server is unavailable.
05-04 22:23:52.443   556   813 I ServiceManager: Waiting for service sensorservice...
05-04 22:23:52.530   535   572 E QCALOG  : [MessageQ] ProcessNewMessage: [XTWiFi-PE] unknown deliver target [OS-Agent]
05-04 22:23:52.545   510   676 I ThermalEngine: handle_thresh_sig: SS Id SKIN-SS-CPUS-ALL, Read xo_therm_buf 45000mC
05-04 22:23:52.634   577   772 W XTCC-5.1.0.10: [CS-RIL-LISTENER] timerCallback fired for ril update registering, re-register
05-04 22:23:52.634   535   572 E QCALOG  : [MessageQ] ProcessNewMessage: [XT-CS] unknown deliver target [OS-Agent]
05-04 22:23:52.634   535   572 E QCALOG  : [MessageQ] ProcessNewMessage: [XT-CS] unknown deliver target [OS-Agent]
05-04 22:23:52.968   825  1269 I dex2oat : Method exceeds compiler instruction limit: 25337 in void org.ccil.cowan.tagsoup.HTMLSchema.<init>()
05-04 22:23:53.042   870  1263 I dex2oat : Method exceeds compiler instruction limit: 25337 in void org.ccil.cowan.tagsoup.HTMLSchema.<init>()
05-04 22:23:53.056   510   676 I ThermalEngine: handle_thresh_sig: SS Id SKIN-SS-CPUS-ALL, Read xo_therm_buf 45000mC
05-04 22:23:53.392   579   727 E slim_daemon: [NDK] bindNDKSensors: Sensor server is unavailable.
05-04 22:23:53.444   556   813 I ServiceManager: Waiting for service sensorservice...
05-04 22:23:53.566   510   676 I ThermalEngine: handle_thresh_sig: SS Id SKIN-SS-CPUS-ALL, Read xo_therm_buf 45000mC
05-04 22:23:54.077   510   676 I ThermalEngine: handle_thresh_sig: SS Id SKIN-SS-CPUS-ALL, Read xo_therm_buf 45000mC
05-04 22:23:54.219   825  1269 W dex2oat : Compilation of boolean android.content.pm.IPackageManager$Stub.onTransact(int, android.os.Parcel, android.os.Parcel, int) took 108.117ms
05-04 22:23:54.285   870   870 W dex2oat : Compilation of boolean android.content.pm.IPackageManager$Stub.onTransact(int, android.os.Parcel, android.os.Parcel, int) took 117.764ms
05-04 22:23:54.393   579   727 E slim_daemon: [NDK] bindNDKSensors: Sensor server is unavailable.
05-04 22:23:54.444   556   813 I ServiceManager: Waiting for service sensorservice...
05-04 22:23:54.588   510   676 I ThermalEngine: handle_thresh_sig: SS Id SKIN-SS-CPUS-ALL, Read xo_therm_buf 45000mC
05-04 22:23:55.099   510   676 I ThermalEngine: handle_thresh_sig: SS Id SKIN-SS-CPUS-ALL, Read xo_therm_buf 45000mC
05-04 22:23:55.394   579   727 E slim_daemon: [NDK] bindNDKSensors: Sensor server is unavailable.
05-04 22:23:55.609   510   676 I ThermalEngine: handle_thresh_sig: SS Id SKIN-SS-CPUS-ALL, Read xo_therm_buf 45000mC
05-04 22:23:56.120   510   676 I ThermalEngine: handle_thresh_sig: SS Id SKIN-SS-CPUS-ALL, Read xo_therm_buf 45000mC
05-04 22:23:56.394   579   727 E slim_daemon: [NDK] bindNDKSensors: Sensor server is unavailable.
05-04 22:23:56.445   556   813 I ServiceManager: Waiting for service sensorservice...
05-04 22:23:56.631   510   676 I ThermalEngine: handle_thresh_sig: SS Id SKIN-SS-CPUS-ALL, Read xo_therm_buf 45000mC
05-04 22:23:57.142   510   676 I ThermalEngine: handle_thresh_sig: SS Id SKIN-SS-CPUS-ALL, Read xo_therm_buf 45000mC
05-04 22:23:57.395   579   727 E slim_daemon: [NDK] bindNDKSensors: Sensor server is unavailable.
05-04 22:23:57.446   556   813 I ServiceManager: Waiting for service sensorservice...
05-04 22:23:57.531   535   572 E QCALOG  : [MessageQ] ProcessNewMessage: [XTWiFi-PE] unknown deliver target [OS-Agent]
05-04 22:23:57.634   577   772 W XTCC-5.1.0.10: [CS-RIL-LISTENER] timerCallback fired for ril update registering, re-register
05-04 22:23:57.634   535   572 E QCALOG  : [MessageQ] ProcessNewMessage: [XT-CS] unknown deliver target [OS-Agent]
05-04 22:23:57.634   535   572 E QCALOG  : [MessageQ] ProcessNewMessage: [XT-CS] unknown deliver target [OS-Agent]
05-04 22:23:57.653   510   676 I ThermalEngine: handle_thresh_sig: SS Id SKIN-SS-CPUS-ALL, Read xo_therm_buf 45000mC
05-04 22:23:58.164   510   676 I ThermalEngine: handle_thresh_sig: SS Id SKIN-SS-CPUS-ALL, Read xo_therm_buf 45000mC
05-04 22:23:58.395   579   727 E slim_daemon: [NDK] bindNDKSensors: Sensor server is unavailable.
05-04 22:23:58.446   556   813 I ServiceManager: Waiting for service sensorservice...
05-04 22:23:58.674   510   676 I ThermalEngine: handle_thresh_sig: SS Id SKIN-SS-CPUS-ALL, Read xo_therm_buf 45000mC
05-04 22:23:58.731   825  1269 W dex2oat : Compilation of void android.os.BatteryStats.dumpLocked(android.content.Context, java.io.PrintWriter, java.lang.String, int, int, boolean) took 107.877ms
05-04 22:23:58.887   870  1264 W dex2oat : Compilation of void android.os.BatteryStats.dumpLocked(android.content.Context, java.io.PrintWriter, java.lang.String, int, int, boolean) took 115.375ms
05-04 22:23:59.185   510   676 I ThermalEngine: handle_thresh_sig: SS Id SKIN-SS-CPUS-ALL, Read xo_therm_buf 45000mC
05-04 22:23:59.396   579   727 E slim_daemon: [NDK] bindNDKSensors: Sensor server is unavailable.
05-04 22:23:59.447   556   813 I ServiceManager: Waiting for service sensorservice...
05-04 22:23:59.695   510   676 I ThermalEngine: handle_thresh_sig: SS Id SKIN-SS-CPUS-ALL, Read xo_therm_buf 45000mC
05-04 22:24:00.205   510   676 I ThermalEngine: handle_thresh_sig: SS Id SKIN-SS-CPUS-ALL, Read xo_therm_buf 45000mC
05-04 22:24:00.396   579   727 E slim_daemon: [NDK] bindNDKSensors: Sensor server is unavailable.
05-04 22:24:00.448   556   813 I ServiceManager: Waiting for service sensorservice...
05-04 22:24:00.716   510   676 I ThermalEngine: handle_thresh_sig: SS Id SKIN-SS-CPUS-ALL, Read xo_therm_buf 45000mC
05-04 22:24:01.226   510   676 I ThermalEngine: handle_thresh_sig: SS Id SKIN-SS-CPUS-ALL, Read xo_therm_buf 45000mC
05-04 22:24:01.397   579   727 E slim_daemon: [NDK] bindNDKSensors: Sensor server is unavailable.
05-04 22:24:01.737   510   676 I ThermalEngine: handle_thresh_sig: SS Id SKIN-SS-CPUS-ALL, Read xo_therm_buf 45000mC
05-04 22:24:01.873   825   825 W dex2oat : Compilation of boolean android.app.ActivityManagerNative.onTransact(int, android.os.Parcel, android.os.Parcel, int) took 157.116ms
05-04 22:24:01.986   870  1262 W dex2oat : Compilation of boolean android.app.ActivityManagerNative.onTransact(int, android.os.Parcel, android.os.Parcel, int) took 179.617ms
05-04 22:24:02.247   510   676 I ThermalEngine: handle_thresh_sig: SS Id SKIN-SS-CPUS-ALL, Read xo_therm_buf 45000mC
05-04 22:24:02.397   579   727 E slim_daemon: [NDK] bindNDKSensors: Sensor server is unavailable.
05-04 22:24:02.449   556   813 I ServiceManager: Waiting for service sensorservice...
05-04 22:24:02.531   535   572 E QCALOG  : [MessageQ] ProcessNewMessage: [XTWiFi-PE] unknown deliver target [OS-Agent]
05-04 22:24:02.634   535   572 E QCALOG  : [MessageQ] ProcessNewMessage: [XT-CS] unknown deliver target [OS-Agent]
05-04 22:24:02.634   577   772 W XTCC-5.1.0.10: [CS-RIL-LISTENER] timerCallback fired for ril update registering, re-register
05-04 22:24:02.635   535   572 E QCALOG  : [MessageQ] ProcessNewMessage: [XT-CS] unknown deliver target [OS-Agent]
05-04 22:24:02.757   510   676 I ThermalEngine: handle_thresh_sig: SS Id SKIN-SS-CPUS-ALL, Read xo_therm_buf 45000mC
05-04 22:24:03.097   825  1268 W dex2oat : Compilation of boolean android.app.admin.IDevicePolicyManager$Stub.onTransact(int, android.os.Parcel, android.os.Parcel, int) took 113.276ms
05-04 22:24:03.133   870  1262 W dex2oat : Compilation of boolean android.app.admin.IDevicePolicyManager$Stub.onTransact(int, android.os.Parcel, android.os.Parcel, int) took 114.615ms
05-04 22:24:03.269   510   676 I ThermalEngine: handle_thresh_sig: SS Id SKIN-SS-CPUS-ALL, Read xo_therm_buf 45000mC
05-04 22:24:03.398   579   727 E slim_daemon: [NDK] bindNDKSensors: Sensor server is unavailable.
05-04 22:24:03.449   556   813 I ServiceManager: Waiting for service sensorservice...
05-04 22:24:03.779   510   676 I ThermalEngine: handle_thresh_sig: SS Id SKIN-SS-CPUS-ALL, Read xo_therm_buf 45000mC
05-04 22:24:04.196   476   921 E Sensors : sns_smr_util.c(106):Unable to initialize service 287 with QCCI, timed out (30000 ms)
05-04 22:24:04.196   476   921 E Sensors : sns_acm_mr.c(543):Error getting info for service 31
05-04 22:24:04.197   476   900 E Sensors : sns_smr_util.c(106):Unable to initialize service 266 with QCCI, timed out (30000 ms)
05-04 22:24:04.197   476   900 E Sensors : sns_acm_mr.c(543):Error getting info for service 10
05-04 22:24:04.198   476   943 E Sensors : sns_smr_util.c(106):Unable to initialize service 309 with QCCI, timed out (30000 ms)
05-04 22:24:04.198   476   943 E Sensors : sns_acm_mr.c(543):Error getting info for service 53
05-04 22:24:04.204   476   945 E Sensors : sns_smr_util.c(106):Unable to initialize service 311 with QCCI, timed out (30000 ms)
05-04 22:24:04.205   476   945 E Sensors : sns_acm_mr.c(543):Error getting info for service 55
05-04 22:24:04.219   476   941 E Sensors : sns_smr_util.c(106):Unable to initialize service 307 with QCCI, timed out (30000 ms)
05-04 22:24:04.219   476   941 E Sensors : sns_acm_mr.c(543):Error getting info for service 51
05-04 22:24:04.289   510   676 I ThermalEngine: handle_thresh_sig: SS Id SKIN-SS-CPUS-ALL, Read xo_therm_buf 45000mC
05-04 22:24:04.398   579   727 E slim_daemon: [NDK] bindNDKSensors: Sensor server is unavailable.
05-04 22:24:04.450   556   813 I ServiceManager: Waiting for service sensorservice...
05-04 22:24:04.800   510   676 I ThermalEngine: handle_thresh_sig: SS Id SKIN-SS-CPUS-ALL, Read xo_therm_buf 45000mC
05-04 22:24:05.310   510   676 I ThermalEngine: handle_thresh_sig: SS Id SKIN-SS-CPUS-ALL, Read xo_therm_buf 45000mC
05-04 22:24:05.400   579   727 E slim_daemon: [NDK] bindNDKSensors: Sensor server is unavailable.
05-04 22:24:05.450   556   813 I ServiceManager: Waiting for service sensorservice...
05-04 22:24:05.821   510   676 I ThermalEngine: handle_thresh_sig: SS Id SKIN-SS-CPUS-ALL, Read xo_therm_buf 45000mC
05-04 22:24:06.332   510   676 I ThermalEngine: handle_thresh_sig: SS Id SKIN-SS-CPUS-ALL, Read xo_therm_buf 45000mC
05-04 22:24:06.401   579   727 E slim_daemon: [NDK] bindNDKSensors: Sensor server is unavailable.
05-04 22:24:06.451   556   813 I ServiceManager: Waiting for service sensorservice...
05-04 22:24:06.843   510   676 I ThermalEngine: handle_thresh_sig: SS Id SKIN-SS-CPUS-ALL, Read xo_therm_buf 45000mC
05-04 22:24:07.354   510   676 I ThermalEngine: handle_thresh_sig: SS Id SKIN-SS-CPUS-ALL, Read xo_therm_buf 45000mC
05-04 22:24:07.402   579   727 E slim_daemon: [NDK] bindNDKSensors: Sensor server is unavailable.
05-04 22:24:07.531   535   572 E QCALOG  : [MessageQ] ProcessNewMessage: [XTWiFi-PE] unknown deliver target [OS-Agent]
05-04 22:24:07.634   535   572 E QCALOG  : [MessageQ] ProcessNewMessage: [XT-CS] unknown deliver target [OS-Agent]
05-04 22:24:07.635   577   772 W XTCC-5.1.0.10: [CS-RIL-LISTENER] timerCallback fired for ril update registering, re-register
05-04 22:24:07.635   535   572 E QCALOG  : [MessageQ] ProcessNewMessage: [XT-CS] unknown deliver target [OS-Agent]
05-04 22:24:07.865   510   676 I ThermalEngine: handle_thresh_sig: SS Id SKIN-SS-CPUS-ALL, Read xo_therm_buf 45000mC
05-04 22:24:08.376   510   676 I ThermalEngine: handle_thresh_sig: SS Id SKIN-SS-CPUS-ALL, Read xo_therm_buf 45000mC
05-04 22:24:08.402   579   727 E slim_daemon: [NDK] bindNDKSensors: Sensor server is unavailable.
05-04 22:24:08.451   556   813 I ServiceManager: Waiting for service sensorservice...
05-04 22:24:08.888   510   676 I ThermalEngine: handle_thresh_sig: SS Id SKIN-SS-CPUS-ALL, Read xo_therm_buf 45000mC
05-04 22:24:09.137   825   825 W dex2oat : Compilation of void com.android.internal.telephony.uicc.SIMRecords.handleMessage(android.os.Message) took 111.559ms
05-04 22:24:09.399   510   676 I ThermalEngine: handle_thresh_sig: SS Id SKIN-SS-CPUS-ALL, Read xo_therm_buf 45000mC
05-04 22:24:09.403   579   727 E slim_daemon: [NDK] bindNDKSensors: Sensor server is unavailable.
05-04 22:24:09.452   556   813 I ServiceManager: Waiting for service sensorservice...
05-04 22:24:09.910   510   676 I ThermalEngine: handle_thresh_sig: SS Id SKIN-SS-CPUS-ALL, Read xo_therm_buf 45000mC
05-04 22:24:10.405   579   727 E slim_daemon: [NDK] bindNDKSensors: Sensor server is unavailable.
05-04 22:24:10.420   510   676 I ThermalEngine: handle_thresh_sig: SS Id SKIN-SS-CPUS-ALL, Read xo_therm_buf 45000mC
05-04 22:24:10.452   556   813 I ServiceManager: Waiting for service sensorservice...
05-04 22:24:10.851   825  1268 W dex2oat : Skipping class com.quicinc.tcmiface.DpmTcmIface from /system/framework/org.apache.http.legacy.boot.jar previously found in /system/framework/okhttp.jar
05-04 22:24:10.931   510   676 I ThermalEngine: handle_thresh_sig: SS Id SKIN-SS-CPUS-ALL, Read xo_therm_buf 45000mC
05-04 22:24:11.038   870   870 W dex2oat : Skipping class com.quicinc.tcmiface.DpmTcmIface from /system/framework/org.apache.http.legacy.boot.jar previously found in /system/framework/okhttp.jar
05-04 22:24:11.360   526   570 E QMI_FW  : QMUXD: WARNING qmi_qmux_if_pwr_up_init failed! rc=-1
05-04 22:24:11.360   526   570 E QMI_FW  : QMUXD: WARNING qmi_qmux_if_pwr_up_init failed! rc=-1
05-04 22:24:11.361   526   570 E QMI_FW  : QMUXD: WARNING qmi_qmux_if_pwr_up_init failed! rc=-1
05-04 22:24:11.406   579   727 E slim_daemon: [NDK] bindNDKSensors: Sensor server is unavailable.
05-04 22:24:11.441   510   676 I ThermalEngine: handle_thresh_sig: SS Id SKIN-SS-CPUS-ALL, Read xo_therm_buf 45000mC
05-04 22:24:11.453   556   813 I ServiceManager: Waiting for service sensorservice...
05-04 22:24:11.951   510   676 I ThermalEngine: handle_thresh_sig: SS Id SKIN-SS-CPUS-ALL, Read xo_therm_buf 45000mC
05-04 22:24:12.407   579   727 E slim_daemon: [NDK] bindNDKSensors: Sensor server is unavailable.
05-04 22:24:12.453   556   813 I ServiceManager: Waiting for service sensorservice...
05-04 22:24:12.463   510   676 I ThermalEngine: handle_thresh_sig: SS Id SKIN-SS-CPUS-ALL, Read xo_therm_buf 45000mC
05-04 22:24:12.532   535   572 E QCALOG  : [MessageQ] ProcessNewMessage: [XTWiFi-PE] unknown deliver target [OS-Agent]
05-04 22:24:12.636   577   772 W XTCC-5.1.0.10: [CS-RIL-LISTENER] timerCallback fired for ril update registering, re-register
05-04 22:24:12.637   535   572 E QCALOG  : [MessageQ] ProcessNewMessage: [XT-CS] unknown deliver target [OS-Agent]
05-04 22:24:12.637   535   572 E QCALOG  : [MessageQ] ProcessNewMessage: [XT-CS] unknown deliver target [OS-Agent]
05-04 22:24:12.975   510   676 I ThermalEngine: handle_thresh_sig: SS Id SKIN-SS-CPUS-ALL, Read xo_therm_buf 45000mC
05-04 22:24:13.310   825   825 I dex2oat : Explicit concurrent mark sweep GC freed 34480(14MB) AllocSpace objects, 0(0B) LOS objects, 26% free, 11MB/15MB, paused 146us total 23.571ms
05-04 22:24:13.409   579   727 E slim_daemon: [NDK] bindNDKSensors: Sensor server is unavailable.
05-04 22:24:13.424   870   870 I dex2oat : Explicit concurrent mark sweep GC freed 34492(8MB) AllocSpace objects, 0(0B) LOS objects, 32% free, 8MB/12MB, paused 112us total 21.798ms
05-04 22:24:13.487   510   676 I ThermalEngine: handle_thresh_sig: SS Id SKIN-SS-CPUS-ALL, Read xo_therm_buf 45000mC
05-04 22:24:13.999   510   676 I ThermalEngine: handle_thresh_sig: SS Id SKIN-SS-CPUS-ALL, Read xo_therm_buf 45000mC
05-04 22:24:14.410   579   727 E slim_daemon: [NDK] bindNDKSensors: Sensor server is unavailable.
05-04 22:24:14.454   556   813 I ServiceManager: Waiting for service sensorservice...
05-04 22:24:14.514   510   676 I ThermalEngine: handle_thresh_sig: SS Id SKIN-SS-CPUS-ALL, Read xo_therm_buf 45000mC
05-04 22:24:15.025   510   676 I ThermalEngine: handle_thresh_sig: SS Id SKIN-SS-CPUS-ALL, Read xo_therm_buf 45000mC
05-04 22:24:15.346   870   870 I dex2oat : dex2oat took 41.300s (threads: 4) arena alloc=4MB java alloc=8MB native alloc=76MB free=18MB
05-04 22:24:15.352   825   825 I dex2oat : dex2oat took 41.671s (threads: 4) arena alloc=2MB java alloc=11MB native alloc=92MB free=18MB
05-04 22:24:15.411   579   727 E slim_daemon: [NDK] bindNDKSensors: Sensor server is unavailable.
05-04 22:24:15.455   556   813 I ServiceManager: Waiting for service sensorservice...
05-04 22:24:15.470   521   521 D ICU     : No timezone override file found: /data/misc/zoneinfo/current/icu/icu_tzdata.dat
05-04 22:24:15.475   522   522 D ICU     : No timezone override file found: /data/misc/zoneinfo/current/icu/icu_tzdata.dat
05-04 22:24:15.510   521   521 I Radio-JNI: register_android_hardware_Radio DONE
05-04 22:24:15.515   521   521 I SamplingProfilerIntegration: Profiling disabled.
05-04 22:24:15.516   521   521 D Zygote  : begin preload
05-04 22:24:15.516   521   521 I Zygote  : Preloading classes...
05-04 22:24:15.524   522   522 I Radio-JNI: register_android_hardware_Radio DONE
05-04 22:24:15.530   522   522 I SamplingProfilerIntegration: Profiling disabled.
05-04 22:24:15.530   522   522 D Zygote  : begin preload
05-04 22:24:15.531   522   522 I Zygote  : Preloading classes...
05-04 22:24:15.537   510   676 I ThermalEngine: handle_thresh_sig: SS Id SKIN-SS-CPUS-ALL, Read xo_therm_buf 45000mC
05-04 22:24:15.564   521   521 D skia    : [SkFontConfigParser] /system/etc/fonts.xml:103:4: warning: 'DINPro' alias target not found
05-04 22:24:15.564   521   521 D skia    : [SkFontConfigParser] /system/etc/fonts.xml:104:4: warning: 'DINPro' alias target not found
05-04 22:24:15.564   521   521 D skia    : [SkFontConfigParser] /system/etc/fonts.xml:105:4: warning: 'DINPro' alias target not found
05-04 22:24:15.568   522   522 D skia    : [SkFontConfigParser] /system/etc/fonts.xml:103:4: warning: 'DINPro' alias target not found
05-04 22:24:15.568   522   522 D skia    : [SkFontConfigParser] /system/etc/fonts.xml:104:4: warning: 'DINPro' alias target not found
05-04 22:24:15.568   522   522 D skia    : [SkFontConfigParser] /system/etc/fonts.xml:105:4: warning: 'DINPro' alias target not found
05-04 22:24:15.763   521   521 E Minikin : addFont failed to create font /system/fonts/Padauk.ttf
05-04 22:24:15.763   522   522 E Minikin : addFont failed to create font /system/fonts/Padauk.ttf
05-04 22:24:15.776   522   522 E Minikin : addFont failed to create font /system/fonts/NanumGothic.ttf
05-04 22:24:15.777   522   522 E Minikin : addFont failed to create font /system/fonts/DroidSansFallback.ttf
05-04 22:24:15.777   522   522 E Minikin : addFont failed to create font /system/fonts/MTLmr3m.ttf
05-04 22:24:15.777   521   521 E Minikin : addFont failed to create font /system/fonts/NanumGothic.ttf
05-04 22:24:15.777   521   521 E Minikin : addFont failed to create font /system/fonts/DroidSansFallback.ttf
05-04 22:24:15.777   521   521 E Minikin : addFont failed to create font /system/fonts/MTLmr3m.ttf
05-04 22:24:15.852   521   521 V DngCreator_JNI: DngCreator_nativeClassInit:
05-04 22:24:15.857   522   522 V DngCreator_JNI: DngCreator_nativeClassInit:
05-04 22:24:15.952   521   521 I art     : Thread[1,tid=521,Native,Thread*=0x7faa43ba00,peer=0x12c2c100,"main"] recursive attempt to load library "/system/lib64/libmedia_jni.so"
05-04 22:24:15.952   521   521 D MtpDeviceJNI: register_android_mtp_MtpDevice
05-04 22:24:15.953   521   521 I art     : Thread[1,tid=521,Native,Thread*=0x7faa43ba00,peer=0x12c2c100,"main"] recursive attempt to load library "/system/lib64/libmedia_jni.so"
05-04 22:24:15.953   521   521 I art     : Thread[1,tid=521,Native,Thread*=0x7faa43ba00,peer=0x12c2c100,"main"] recursive attempt to load library "/system/lib64/libmedia_jni.so"
05-04 22:24:15.962   522   522 I art     : Thread[1,tid=522,Native,Thread*=0xf5436500,peer=0x12c35100,"main"] recursive attempt to load library "/system/lib/libmedia_jni.so"
05-04 22:24:15.963   522   522 D MtpDeviceJNI: register_android_mtp_MtpDevice
05-04 22:24:15.963   522   522 I art     : Thread[1,tid=522,Native,Thread*=0xf5436500,peer=0x12c35100,"main"] recursive attempt to load library "/system/lib/libmedia_jni.so"
05-04 22:24:15.963   522   522 I art     : Thread[1,tid=522,Native,Thread*=0xf5436500,peer=0x12c35100,"main"] recursive attempt to load library "/system/lib/libmedia_jni.so"
05-04 22:24:16.047   510   676 I ThermalEngine: handle_thresh_sig: SS Id SKIN-SS-CPUS-ALL, Read xo_therm_buf 45000mC
05-04 22:24:16.083  1600  1600 I dex2oat : /system/bin/dex2oat --dex-file=/system/framework/tcmclient.jar --oat-file=/data/dalvik-cache/arm64/system@framework@tcmclient.jar@classes.dex
05-04 22:24:16.083  1600  1600 E cutils-trace: Error opening trace file: No such file or directory (2)
05-04 22:24:16.107  1601  1601 I dex2oat : /system/bin/dex2oat --dex-file=/system/framework/tcmclient.jar --oat-file=/data/dalvik-cache/arm/system@framework@tcmclient.jar@classes.dex
05-04 22:24:16.107  1601  1601 E cutils-trace: Error opening trace file: No such file or directory (2)
05-04 22:24:16.120  1600  1600 I dex2oat : dex2oat took 38.253ms (threads: 4) arena alloc=393KB java alloc=38KB native alloc=1448KB free=1368KB
05-04 22:24:16.151  1601  1601 I dex2oat : dex2oat took 44.983ms (threads: 4) arena alloc=328KB java alloc=43KB native alloc=1438KB free=1377KB
05-04 22:24:16.194   521   521 I System  : Loaded time zone names for "" in 31ms (29ms in ICU)
05-04 22:24:16.216   521   521 I System  : Loaded time zone names for "en_US" in 21ms (19ms in ICU)
05-04 22:24:16.237   521   521 I System  : Loaded time zone names for "zh_CN" in 21ms (20ms in ICU)
05-04 22:24:16.245   522   522 I System  : Loaded time zone names for "" in 39ms (36ms in ICU)
05-04 22:24:16.252   521   521 I Zygote  : ...preloaded 3831 classes in 735ms.
05-04 22:24:16.252   521   521 I art     : VMRuntime.preloadDexCaches starting
05-04 22:24:16.272   522   522 I System  : Loaded time zone names for "en_US" in 27ms (26ms in ICU)
05-04 22:24:16.303   522   522 I System  : Loaded time zone names for "zh_CN" in 30ms (28ms in ICU)
05-04 22:24:16.315   522   522 I Zygote  : ...preloaded 3831 classes in 784ms.
05-04 22:24:16.315   522   522 I art     : VMRuntime.preloadDexCaches starting
05-04 22:24:16.330   521   521 I art     : VMRuntime.preloadDexCaches strings total=267616 before=46632 after=46632
05-04 22:24:16.330   521   521 I art     : VMRuntime.preloadDexCaches types total=21791 before=7425 after=7457
05-04 22:24:16.330   521   521 I art     : VMRuntime.preloadDexCaches fields total=112321 before=36568 after=36790
05-04 22:24:16.330   521   521 I art     : VMRuntime.preloadDexCaches methods total=180369 before=73777 after=74316
05-04 22:24:16.330   521   521 I art     : VMRuntime.preloadDexCaches finished
05-04 22:24:16.355  1610  1610 D idmap   : error: no read access to /vendor/overlay: No such file or directory
05-04 22:24:16.390   522   522 I art     : VMRuntime.preloadDexCaches strings total=267616 before=46632 after=46632
05-04 22:24:16.390   522   522 I art     : VMRuntime.preloadDexCaches types total=21791 before=7425 after=7457
05-04 22:24:16.390   522   522 I art     : VMRuntime.preloadDexCaches fields total=112321 before=36568 after=36790
05-04 22:24:16.390   522   522 I art     : VMRuntime.preloadDexCaches methods total=180369 before=73777 after=74316
05-04 22:24:16.390   522   522 I art     : VMRuntime.preloadDexCaches finished
05-04 22:24:16.397   521   521 I Zygote  : Preloading resources...
05-04 22:24:16.407   521   521 W Resources: Preloaded drawable resource #0x1080096 (android:drawable/toast_frame) that varies with configuration!!
05-04 22:24:16.412  1611  1611 D idmap   : error: no read access to /vendor/overlay: No such file or directory
05-04 22:24:16.413   579   727 E slim_daemon: [NDK] bindNDKSensors: Sensor server is unavailable.
05-04 22:24:16.421   522   522 I Zygote  : Preloading resources...
05-04 22:24:16.424   522   522 W Resources: Preloaded drawable resource #0x1080096 (android:drawable/toast_frame) that varies with configuration!!
05-04 22:24:16.455   556   813 I ServiceManager: Waiting for service sensorservice...
05-04 22:24:16.558   510   676 I ThermalEngine: handle_thresh_sig: SS Id SKIN-SS-CPUS-ALL, Read xo_therm_buf 45000mC
05-04 22:24:16.782   521   521 W Resources: Preloaded drawable resource #0x10806ef (android:drawable/text_select_handle_left_material) that varies with configuration!!
05-04 22:24:16.785   521   521 W Resources: Preloaded drawable resource #0x10806f5 (android:drawable/text_select_handle_right_material) that varies with configuration!!
05-04 22:24:16.786   521   521 I Zygote  : ...preloaded 342 resources in 389ms.
05-04 22:24:16.796   521   521 I Zygote  : ...preloaded 41 resources in 10ms.
05-04 22:24:16.804   521   521 D libEGL  : loaded /vendor/lib64/egl/libEGL_adreno.so
05-04 22:24:16.820   521   521 D libEGL  : loaded /vendor/lib64/egl/libGLESv1_CM_adreno.so
05-04 22:24:16.830   521   521 D libEGL  : loaded /vendor/lib64/egl/libGLESv2_adreno.so
05-04 22:24:16.843   521   521 I Zygote  : Preloading shared libraries...
05-04 22:24:16.853   521   521 D Zygote  : end preload
05-04 22:24:16.854   521   521 I art     : Starting a blocking GC Explicit
05-04 22:24:16.861   521   521 I art     : Explicit concurrent mark sweep GC freed 1012(45KB) AllocSpace objects, 0(0B) LOS objects, 40% free, 15MB/25MB, paused 122us total 7.162ms
05-04 22:24:16.861   521   521 I art     : Starting a blocking GC Explicit
05-04 22:24:16.863   522   522 W Resources: Preloaded drawable resource #0x10806ef (android:drawable/text_select_handle_left_material) that varies with configuration!!
05-04 22:24:16.866   522   522 W Resources: Preloaded drawable resource #0x10806f5 (android:drawable/text_select_handle_right_material) that varies with configuration!!
05-04 22:24:16.867   522   522 I Zygote  : ...preloaded 342 resources in 446ms.
05-04 22:24:16.870   521   521 I art     : Explicit concurrent mark sweep GC freed 99(3KB) AllocSpace objects, 0(0B) LOS objects, 40% free, 15MB/25MB, paused 100us total 8.205ms
05-04 22:24:16.870   521  1595 I art     : Starting a blocking GC HeapTrim
05-04 22:24:16.873   521   521 I art     : Starting a blocking GC Background
05-04 22:24:16.876   522   522 I Zygote  : ...preloaded 41 resources in 9ms.
05-04 22:24:16.883   522   522 D libEGL  : loaded /vendor/lib/egl/libEGL_adreno.so
05-04 22:24:16.908   521   521 I Zygote  : System server process 1612 has been created
05-04 22:24:16.912   521   521 I Zygote  : Accepting command socket connections
05-04 22:24:16.946   522   522 D libEGL  : loaded /vendor/lib/egl/libGLESv1_CM_adreno.so
05-04 22:24:16.957   522   522 D libEGL  : loaded /vendor/lib/egl/libGLESv2_adreno.so
05-04 22:24:16.978   522   522 I Zygote  : Preloading shared libraries...
05-04 22:24:16.987   522   522 D Zygote  : end preload
05-04 22:24:16.988   522   522 I art     : Starting a blocking GC Explicit
05-04 22:24:16.999   522   522 I art     : Explicit concurrent mark sweep GC freed 14005(660KB) AllocSpace objects, 2(72KB) LOS objects, 40% free, 15MB/25MB, paused 155us total 10.669ms
05-04 22:24:17.027   522   522 I art     : Starting a blocking GC Explicit
05-04 22:24:17.036   522   522 I art     : Explicit concurrent mark sweep GC freed 2370(112KB) AllocSpace objects, 0(0B) LOS objects, 39% free, 15MB/25MB, paused 150us total 8.887ms
05-04 22:24:17.036   522   522 I Zygote  : Accepting command socket connections
05-04 22:24:17.042  1612  1612 I Zygote  : Process: zygote socket opened, supported ABIS: armeabi-v7a,armeabi
05-04 22:24:17.044  1612  1612 I InstallerConnection: connecting...
05-04 22:24:17.044   494   494 I installd: new connection
05-04 22:24:17.069   510   676 I ThermalEngine: handle_thresh_sig: SS Id SKIN-SS-CPUS-ALL, Read xo_therm_buf 45000mC
05-04 22:24:17.093  1623  1623 I dex2oat : Starting dex2oat.
05-04 22:24:17.094  1623  1623 E cutils-trace: Error opening trace file: No such file or directory (2)
05-04 22:24:17.414   579   727 E slim_daemon: [NDK] bindNDKSensors: Sensor server is unavailable.
05-04 22:24:17.456   556   813 I ServiceManager: Waiting for service sensorservice...
05-04 22:24:17.532   535   572 E QCALOG  : [MessageQ] ProcessNewMessage: [XTWiFi-PE] unknown deliver target [OS-Agent]
05-04 22:24:17.581   510   676 I ThermalEngine: handle_thresh_sig: SS Id SKIN-SS-CPUS-ALL, Read xo_therm_buf 45000mC
05-04 22:24:17.636   577   772 W XTCC-5.1.0.10: [CS-RIL-LISTENER] timerCallback fired for ril update registering, re-register
05-04 22:24:17.637   535   572 E QCALOG  : [MessageQ] ProcessNewMessage: [XT-CS] unknown deliver target [OS-Agent]
05-04 22:24:17.637   535   572 E QCALOG  : [MessageQ] ProcessNewMessage: [XT-CS] unknown deliver target [OS-Agent]
05-04 22:24:18.092   510   676 I ThermalEngine: handle_thresh_sig: SS Id SKIN-SS-CPUS-ALL, Read xo_therm_buf 45000mC
05-04 22:24:18.199  1623  1623 I dex2oat : Verification error in void com.android.server.policy.PhoneWindowManager.init(android.content.Context, android.view.IWindowManager, android.view.WindowManagerPolicy$WindowManagerFuncs)
05-04 22:24:18.199  1623  1623 I dex2oat : void com.android.server.policy.PhoneWindowManager.init(android.content.Context, android.view.IWindowManager, android.view.WindowManagerPolicy$WindowManagerFuncs) failed to verify: void com.android.server.policy.PhoneWindowManager.init(android.content.Context, android.view.IWindowManager, android.view.WindowManagerPolicy$WindowManagerFuncs): [0x56E] copyRes1 v12<- result0 type=Conflict
05-04 22:24:18.204  1623  1623 I dex2oat : Verification error in int com.android.server.policy.PhoneWindowManager.interceptKeyBeforeQueueing(android.view.KeyEvent, int)
05-04 22:24:18.204  1623  1623 I dex2oat : int com.android.server.policy.PhoneWindowManager.interceptKeyBeforeQueueing(android.view.KeyEvent, int) failed to verify: int com.android.server.policy.PhoneWindowManager.interceptKeyBeforeQueueing(android.view.KeyEvent, int): [0x34D] register v15 has type Undefined but expected Integer
05-04 22:24:18.213  1623  1623 W dex2oat : Verification failed on class com.android.server.policy.PhoneWindowManager in services.jar because: Verifier rejected class com.android.server.policy.PhoneWindowManager due to bad method int com.android.server.policy.PhoneWindowManager.interceptKeyBeforeQueueing(android.view.KeyEvent, int)
05-04 22:24:18.415   579   727 E slim_daemon: [NDK] bindNDKSensors: Sensor server is unavailable.
05-04 22:24:18.456   556   813 I ServiceManager: Waiting for service sensorservice...
05-04 22:24:18.474  1623  1625 W dex2oat : No verified method for method calling String.<init>: java.lang.String java.io.ByteArrayOutputStream.toString()
05-04 22:24:18.603   510   676 I ThermalEngine: handle_thresh_sig: SS Id SKIN-SS-CPUS-ALL, Read xo_therm_buf 45000mC
05-04 22:24:18.652  1623  1627 W dex2oat : No verified method for method calling String.<init>: java.lang.String com.android.internal.widget.LockPatternUtils.patternStringToBaseZero(java.lang.String)
05-04 22:24:18.671  1623  1627 W dex2oat : No verified method for method calling String.<init>: java.lang.String com.android.internal.widget.LockPatternUtils.patternStringToBaseZero(java.lang.String)
05-04 22:24:18.720  1623  1626 W dex2oat : No verified method for method calling String.<init>: java.lang.String com.android.internal.widget.LockPatternUtils.patternStringToBaseZero(java.lang.String)
05-04 22:24:19.114   510   676 I ThermalEngine: handle_thresh_sig: SS Id SKIN-SS-CPUS-ALL, Read xo_therm_buf 45000mC
05-04 22:24:19.415   579   727 E slim_daemon: [NDK] bindNDKSensors: Sensor server is unavailable.
05-04 22:24:19.625   510   676 I ThermalEngine: handle_thresh_sig: SS Id SKIN-SS-CPUS-ALL, Read xo_therm_buf 45000mC
05-04 22:24:19.827  1623  1625 W dex2oat : No verified method for method calling String.<init>: java.util.List android.net.LinkProperties.getAllInterfaceNames()
05-04 22:24:19.838  1623  1627 W dex2oat : No verified method for method calling String.<init>: java.util.List android.net.LinkProperties.getAllInterfaceNames()
05-04 22:24:19.884  1623  1625 W dex2oat : No verified method for method calling String.<init>: java.util.List android.net.LinkProperties.getAllInterfaceNames()
05-04 22:24:20.135   510   676 I ThermalEngine: handle_thresh_sig: SS Id SKIN-SS-CPUS-ALL, Read xo_therm_buf 45000mC
05-04 22:24:20.416   579   727 E slim_daemon: [NDK] bindNDKSensors: Sensor server is unavailable.
05-04 22:24:20.457   556   813 I ServiceManager: Waiting for service sensorservice...
05-04 22:24:20.646   510   676 I ThermalEngine: handle_thresh_sig: SS Id SKIN-SS-CPUS-ALL, Read xo_therm_buf 45000mC
05-04 22:24:21.156   510   676 I ThermalEngine: handle_thresh_sig: SS Id SKIN-SS-CPUS-ALL, Read xo_therm_buf 45000mC
05-04 22:24:21.416   579   727 E slim_daemon: [NDK] bindNDKSensors: Sensor server is unavailable.
05-04 22:24:21.457   556   813 I ServiceManager: Waiting for service sensorservice...
05-04 22:24:21.667   510   676 I ThermalEngine: handle_thresh_sig: SS Id SKIN-SS-CPUS-ALL, Read xo_therm_buf 45000mC
05-04 22:24:22.178   510   676 I ThermalEngine: handle_thresh_sig: SS Id SKIN-SS-CPUS-ALL, Read xo_therm_buf 45000mC
05-04 22:24:22.334  1623  1623 I dex2oat : dex2oat took 5.241s (threads: 4) arena alloc=5MB java alloc=5MB native alloc=31MB free=4MB
05-04 22:24:22.393  1628  1628 I dex2oat : Starting dex2oat.
05-04 22:24:22.393  1628  1628 E cutils-trace: Error opening trace file: No such file or directory (2)
05-04 22:24:22.417   579   727 E slim_daemon: [NDK] bindNDKSensors: Sensor server is unavailable.
05-04 22:24:22.452  1628  1628 I dex2oat : dex2oat took 59.431ms (threads: 4) arena alloc=151KB java alloc=93KB native alloc=1616KB free=1711KB
05-04 22:24:22.458   556   813 I ServiceManager: Waiting for service sensorservice...
05-04 22:24:22.494  1633  1633 I dex2oat : Starting dex2oat.
05-04 22:24:22.494  1633  1633 E cutils-trace: Error opening trace file: No such file or directory (2)
05-04 22:24:22.533   535   572 E QCALOG  : [MessageQ] ProcessNewMessage: [XTWiFi-PE] unknown deliver target [OS-Agent]
05-04 22:24:22.637   577   772 W XTCC-5.1.0.10: [CS-RIL-LISTENER] timerCallback fired for ril update registering, re-register
05-04 22:24:22.637   535   572 E QCALOG  : [MessageQ] ProcessNewMessage: [XT-CS] unknown deliver target [OS-Agent]
05-04 22:24:22.638   535   572 E QCALOG  : [MessageQ] ProcessNewMessage: [XT-CS] unknown deliver target [OS-Agent]
05-04 22:24:22.689   510   676 I ThermalEngine: handle_thresh_sig: SS Id SKIN-SS-CPUS-ALL, Read xo_therm_buf 45000mC
05-04 22:24:23.200   510   676 I ThermalEngine: handle_thresh_sig: SS Id SKIN-SS-CPUS-ALL, Read xo_therm_buf 45000mC
05-04 22:24:23.418   579   727 E slim_daemon: [NDK] bindNDKSensors: Sensor server is unavailable.
05-04 22:24:23.458   556   813 I ServiceManager: Waiting for service sensorservice...
05-04 22:24:23.711   510   676 I ThermalEngine: handle_thresh_sig: SS Id SKIN-SS-CPUS-ALL, Read xo_therm_buf 45000mC
05-04 22:24:23.882  1633  1635 W dex2oat : No verified method for method calling String.<init>: java.lang.String java.io.ByteArrayOutputStream.toString()
05-04 22:24:23.988  1633  1637 W dex2oat : No verified method for method calling String.<init>: java.lang.String java.io.ByteArrayOutputStream.toString()
05-04 22:24:24.129  1633  1633 I dex2oat : dex2oat took 1.635s (threads: 4) arena alloc=2MB java alloc=2MB native alloc=11MB free=2MB
05-04 22:24:24.142  1612  1612 I InstallerConnection: disconnecting...
05-04 22:24:24.143   494   494 E installd: eof
05-04 22:24:24.143   494   494 E installd: failed to read size
05-04 22:24:24.143   494   494 I installd: closing connection
05-04 22:24:24.171  1612  1612 I SystemServer: Entered the Android system server!
05-04 22:24:24.222   510   676 I ThermalEngine: handle_thresh_sig: SS Id SKIN-SS-CPUS-ALL, Read xo_therm_buf 45000mC
05-04 22:24:24.232  1612  1612 I SystemServiceManager: Starting com.android.server.pm.Installer
05-04 22:24:24.232  1612  1612 I Installer: Waiting for installd to be ready.
05-04 22:24:24.232  1612  1612 I InstallerConnection: connecting...
05-04 22:24:24.233   494   494 I installd: new connection
05-04 22:24:24.233  1612  1612 I SystemServiceManager: Starting com.android.server.am.ActivityManagerService$Lifecycle
05-04 22:24:24.418   579   727 E slim_daemon: [NDK] bindNDKSensors: Sensor server is unavailable.
05-04 22:24:24.455  1612  1612 I XXXXXX  : choosing minFree values for 64 Bit
05-04 22:24:24.456  1612  1612 I XXXXXX  : choosing minFree values for 64 Bit
05-04 22:24:24.456  1612  1612 I XXXXXX  : choosing minFree values for 64 Bit
05-04 22:24:24.456  1612  1612 I XXXXXX  : choosing minFree values for 64 Bit
05-04 22:24:24.456  1612  1612 I XXXXXX  : choosing minFree values for 64 Bit
05-04 22:24:24.456  1612  1612 I XXXXXX  : choosing minFree values for 64 Bit
05-04 22:24:24.459   556   813 I ServiceManager: Waiting for service sensorservice...
05-04 22:24:24.461  1612  1612 I ActivityManager: Memory class: 384
05-04 22:24:24.463  1612  1641 I ServiceThread: Enabled StrictMode logging for ActivityManager looper.
05-04 22:24:24.466  1612  1642 I ServiceThread: Enabled StrictMode logging for android.ui looper.
05-04 22:24:24.479  1612  1612 D BatteryStatsImpl: Reading daily items from /data/system/batterystats-daily.xml
05-04 22:24:24.485  1612  1612 I AppOps  : No existing app ops /data/system/appops.xml; starting empty
05-04 22:24:24.565  1612  1612 I IntentFirewall: Read new rules (A:0 B:0 S:0)
05-04 22:24:24.572  1612  1646 I ServiceThread: Enabled StrictMode logging for android.display looper.
05-04 22:24:24.579  1612  1612 D AppOps  : AppOpsService published
05-04 22:24:24.580  1612  1612 I SystemServiceManager: Starting com.android.server.power.PowerManagerService
05-04 22:24:24.582  1612  1648 I ServiceThread: Enabled StrictMode logging for PowerManagerService looper.
05-04 22:24:24.590  1612  1612 I QCOM PowerHAL: QCOM power HAL initing.
05-04 22:24:24.591  1612  1612 W libsuspend: Error writing 'on' to /sys/power/state: Invalid argument
05-04 22:24:24.591  1612  1612 I libsuspend: Selected wakeup count
05-04 22:24:24.595  1612  1612 I SystemServiceManager: Starting com.android.server.lights.LightsService
05-04 22:24:24.599  1612  1612 I SystemServiceManager: Starting com.android.server.display.DisplayManagerService
05-04 22:24:24.603  1612  1612 I SystemServiceManager: Starting phase 100
05-04 22:24:24.619  1612  1646 I DisplayManagerService: Display device added: DisplayDeviceInfo{"": uniqueId="local:0", 1080 x 1920, modeId 1, defaultModeId 1, supportedModes [{id=1, width=1080, height=1920, fps=60.000004}], colorTransformId 1, defaultColorTransformId 1, supportedColorTransforms [{id=1, colorTransform=0}], density 480, 428.625 x 427.789 dpi, appVsyncOff 0, presDeadline 17666666, touch INTERNAL, rotation 0, type BUILT_IN, state UNKNOWN, FLAG_DEFAULT_DISPLAY, FLAG_ROTATES_WITH_CONTENT, FLAG_SECURE, FLAG_SUPPORTS_PROTECTED_BUFFERS}
05-04 22:24:24.620   470   470 D SurfaceFlinger: Set power mode=2, type=0 flinger=0x7f8e2c3c00
05-04 22:24:24.620   470   470 D SurfaceFlinger: Screen type=0 is already mode=2
05-04 22:24:24.621  1612  1646 I DisplayManagerService: Display device changed state: "", ON
05-04 22:24:24.621  1612  1612 I SystemServer: Package Manager
05-04 22:24:24.625  1612  1612 W SELinuxMMAC: Error opening /data/system/seapp_hash. Assuming first boot.
