05-04 22:23:35.007   488   764 D qmi_nv_api: XIAOMI_QMI_NV: NV Read with nv index 2824 index 0.
05-04 22:23:35.007   488   764 D qmi_nv_api: XIAOMI_QMI_NV: qmi_client_send_msg_async returned 0
05-04 22:23:35.016   488  1145 D qmi_nv_api: XIAOMI_QMI_NV: Read NV Response: 0, Length: 0
05-04 22:23:35.149   539  1094 D mm-camera: <MCT   >< INFO> 4122: mct_pipeline_stop_session_thread: Stop module name: sensor - X
05-04 22:23:35.150   539   539 D mm-camera: <MCT   >< INFO> 4446: mct_pipeline_stop_session: Modules left: 0
05-04 22:23:35.150   539   539 D mm-camera: <MCT   >< INFO> 4455: mct_pipeline_stop_session: Stopped session 2 successfully
05-04 22:23:35.150   539   539 D mm-camera: <MCT   >< INFO> 4742: mct_pipeline_destroy: E: session:2
05-04 22:23:35.150   539   539 D mm-camera: <MCT   >< INFO> 4808: mct_pipeline_destroy: X: Pipeline destroyed successfully session =2
05-04 22:23:35.150   539   539 D mm-camera: <MCT   >< INFO> 246: mct_controller_destroy: X Successfully closed mct_controller session 2
05-04 22:23:35.151   493   493 I QCamera : <HAL><INFO> static int qcamera::QCamera3HardwareInterface::getCamInfo(uint32_t, camera_info*): 7935: camera 0 resource cost is 100
05-04 22:23:35.152   493   493 I QCamera : <HAL><INFO> int qcamera::QCamera2Factory::getCameraInfo(int, camera_info*): 346: Camera id 1 API version 256
05-04 22:23:35.152   539   539 D mm-camera: < INFO> 395: void enable_memleak_trace(int): start memleak tracking.
05-04 22:23:35.158   539   539 D mm-camera: <MCT   >< INFO> 63: mct_controller_new: Creating new mct_controller with session-id 3
05-04 22:23:35.164   539  1176 D mm-camera: <MCT   >< INFO> 4309: mct_pipeline_start_session_thread: E sensor
05-04 22:23:35.165   539  1176 D mm-camera: <MCT   >< INFO> 4316: mct_pipeline_start_session_thread: Calling start_session on Module sensor
05-04 22:23:35.165   539  1178 D mm-camera: <MCT   >< INFO> 4309: mct_pipeline_start_session_thread: E iface
05-04 22:23:35.165   539  1178 D mm-camera: <MCT   >< INFO> 4316: mct_pipeline_start_session_thread: Calling start_session on Module iface
05-04 22:23:35.172   539  1180 D mm-camera: <MCT   >< INFO> 4309: mct_pipeline_start_session_thread: E isp
05-04 22:23:35.173   539  1180 D mm-camera: <MCT   >< INFO> 4316: mct_pipeline_start_session_thread: Calling start_session on Module isp
05-04 22:23:35.173   539  1180 D mm-camera: <ISP   >< INFO> 190: isp_module_start_session: session id 3
05-04 22:23:35.175   539  1178 D mm-camera: <MCT   >< INFO> 4319: mct_pipeline_start_session_thread: Module iface start_session rc = 1
05-04 22:23:35.175   539  1178 D mm-camera: <MCT   >< INFO> 4327: mct_pipeline_start_session_thread: started_num = 1, success = 1
05-04 22:23:35.175   539  1178 D mm-camera: <MCT   >< INFO> 4334: mct_pipeline_start_session_thread: X iface
05-04 22:23:35.176   539  1182 D mm-camera: <MCT   >< INFO> 4309: mct_pipeline_start_session_thread: E stats
05-04 22:23:35.177   539  1182 D mm-camera: <MCT   >< INFO> 4316: mct_pipeline_start_session_thread: Calling start_session on Module stats
05-04 22:23:35.178   539  1182 D mm-camera: <STATS_AIS >< INFO> 338: gyro_port_use_dsps_iface: Use DSPS interface as it supports
05-04 22:23:35.179   539  1182 D mm-camera: <MCT   >< INFO> 4319: mct_pipeline_start_session_thread: Module stats start_session rc = 1
05-04 22:23:35.179   539  1182 D mm-camera: <MCT   >< INFO> 4327: mct_pipeline_start_session_thread: started_num = 2, success = 2
05-04 22:23:35.179   539  1182 D mm-camera: <MCT   >< INFO> 4334: mct_pipeline_start_session_thread: X stats
05-04 22:23:35.181   539  1176 D mm-camera: <MCT   >< INFO> 4319: mct_pipeline_start_session_thread: Module sensor start_session rc = 1
05-04 22:23:35.181   539  1176 D mm-camera: <MCT   >< INFO> 4327: mct_pipeline_start_session_thread: started_num = 3, success = 3
05-04 22:23:35.181   539  1176 D mm-camera: <MCT   >< INFO> 4334: mct_pipeline_start_session_thread: X sensor
05-04 22:23:35.188   539  1185 D mm-camera: <MCT   >< INFO> 4309: mct_pipeline_start_session_thread: E pproc
05-04 22:23:35.188   539  1185 D mm-camera: <MCT   >< INFO> 4316: mct_pipeline_start_session_thread: Calling start_session on Module pproc
05-04 22:23:35.189   539  1180 D mm-camera: <MCT   >< INFO> 4319: mct_pipeline_start_session_thread: Module isp start_session rc = 1
05-04 22:23:35.189   539  1180 D mm-camera: <MCT   >< INFO> 4327: mct_pipeline_start_session_thread: started_num = 4, success = 4
05-04 22:23:35.189   539  1180 D mm-camera: <MCT   >< INFO> 4334: mct_pipeline_start_session_thread: X isp
05-04 22:23:35.189   539  1189 D mm-camera: <MCT   >< INFO> 4309: mct_pipeline_start_session_thread: E imglib
05-04 22:23:35.189   539  1189 D mm-camera: <MCT   >< INFO> 4316: mct_pipeline_start_session_thread: Calling start_session on Module imglib
05-04 22:23:35.189   539  1189 D mm-camera: <IMGLIB>< INFO> 1771: module_imglib_start_session: module_imglib_start_session:1771 ###Img_Loglevel 1, moduleMask 65535
05-04 22:23:35.190   539  1189 D mm-camera: <MCT   >< INFO> 4319: mct_pipeline_start_session_thread: Module imglib start_session rc = 1
05-04 22:23:35.190   539  1189 D mm-camera: <MCT   >< INFO> 4327: mct_pipeline_start_session_thread: started_num = 5, success = 5
05-04 22:23:35.190   539  1189 D mm-camera: <MCT   >< INFO> 4334: mct_pipeline_start_session_thread: X imglib
05-04 22:23:35.192   539  1185 D mm-camera: <MCT   >< INFO> 4319: mct_pipeline_start_session_thread: Module pproc start_session rc = 1
05-04 22:23:35.192   539  1185 D mm-camera: <MCT   >< INFO> 4327: mct_pipeline_start_session_thread: started_num = 6, success = 6
05-04 22:23:35.194   539  1185 D mm-camera: <MCT   >< INFO> 4334: mct_pipeline_start_session_thread: X pproc
05-04 22:23:35.199   539  1193 D mm-camera: <MCT   >< INFO> 4224: mct_pipeline_start_stream_internal: Adding session stream streamid= 0xf for session=3
05-04 22:23:35.199   539  1193 D mm-camera: <MCT   >< INFO> 4272: mct_pipeline_start_stream_internal: Linking session stream for session 3
05-04 22:23:35.200   539  1193 D mm-camera: <MCT   >< INFO> 463: mct_stream_start_link: Start linking Session-stream 0x3000f
05-04 22:23:35.200   539  1193 E mm-camera: <SENSOR><ERROR> 86: port_sensor_caps_reserve: session id doesn't match: 3 : 2
05-04 22:23:35.200   539  1193 E mm-camera: <SENSOR><ERROR> 86: port_sensor_caps_reserve: session id doesn't match: 3 : 2
05-04 22:23:35.200   539  1193 D mm-camera: <IFACE >< INFO> 333: iface_util_find_primary_cid: iface_util_find_primary_cid:333 error cannot find primary sensor format cids 1
05-04 22:23:35.200   539  1193 D mm-camera: <ISP   >< INFO> 822: isp_port_check_caps_reserve: port 0xf33da400 ide 3000f type 10 dim 0 0
05-04 22:23:35.201   539  1193 D mm-camera: <PPROC >< INFO> 446: pproc_port_add_modules_to_stream: stream 10 int_link = 0xf1e02c80
05-04 22:23:35.201   539  1193 D mm-camera: <PPROC >< INFO> 458: pproc_port_add_modules_to_stream: :LINK linking mods tmod and ppeiscore for identity 3000f
05-04 22:23:35.202   539  1193 D mm-camera: <PPROC >< INFO> 458: pproc_port_add_modules_to_stream: :LINK linking mods ppeiscore and c2d for identity 3000f
05-04 22:23:35.203   539  1193 D mm-camera: <PPROC >< INFO> 458: pproc_port_add_modules_to_stream: :LINK linking mods c2d and cpp for identity 3000f
05-04 22:23:35.203   539  1193 D mm-camera: <CPP   >< INFO> 2111: cpp_module_notify_add_stream: :width 0, height 0, stride 0, scanline 0, framelen 0
05-04 22:23:35.203   539  1193 E mm-camera: <CPP   ><ERROR> 2207: cpp_module_notify_add_stream: failed, CPP current version can not support rotation
05-04 22:23:35.203   539  1193 D mm-camera: <CPP   >< INFO> 2273: cpp_module_notify_add_stream: : stream 10, fmt 1, asf_mode 0, sharpness_level 0.000000,asf mask 0, denoise 0, denoise_mask 0, dsdn mask 0,dsdn enable 0, tnr mask 0, tnr enable 0, ds_mask 0
05-04 22:23:35.203   539  1193 D mm-camera: <PPROC >< INFO> 458: pproc_port_add_modules_to_stream: :LINK linking mods cpp and paaf for identity 3000f
05-04 22:23:35.208   539  1193 D mm-camera: <PPROC >< INFO> 458: pproc_port_add_modules_to_stream: :LINK linking mods paaf and llvd for identity 3000f
05-04 22:23:35.209   539  1193 D mm-camera: <MCT   >< INFO> 4281: mct_pipeline_start_stream_internal: Session stream linked successfully session 3
05-04 22:23:35.220   539  1194 E mm-camera: <SENSOR><ERROR> 2847: sensor_get_cur_chromatix_name_for_type: chromatix for res_idx = 0 special_mode_mask = 0     module = 4 chromatix_type = 0 is NULL
05-04 22:23:35.221   539  1194 D mm-camera: <IMGLIB>< INFO> 2059: module_faceproc_query_mod: Caps ROI 10 scene_mode_cnt 1 HW analysis supported 1
05-04 22:23:35.221   539  1194 D mm-camera: <MCT   >< INFO> 1587: mct_pipeline_append_fps_entry:  Added hal_table[0]: (7.000000, 30.000000)
05-04 22:23:35.221   539  1194 D mm-camera: <MCT   >< INFO> 1600: mct_pipeline_append_fps_entry:  Added hal_table[1]: (30.000000, 30.000000)
05-04 22:23:35.221   539  1194 D mm-camera: <MCT   >< INFO> 1587: mct_pipeline_append_fps_entry:  Added hal_table[2]: (8.000000, 30.000000)
05-04 22:23:35.221   539  1194 D mm-camera: <MCT   >< INFO> 2735: mct_pipeline_fill_dimensions_snapshot: Cam 1: FPS range selection complete. Publishing 3 ranges.
05-04 22:23:35.223   539   539 D mm-camera: <MCT   >< INFO> 189: mct_controller_destroy: Initiating destroy sequence for session = 3
05-04 22:23:35.223   539   539 D mm-camera: <MCT   >< INFO> 207: mct_controller_destroy: serv_thread closed
05-04 22:23:35.223   539   539 D mm-camera: <MCT   >< INFO> 222: mct_controller_destroy: bus_handler thread closed
05-04 22:23:35.224   539   539 D mm-camera: <MCT   >< INFO> 4393: mct_pipeline_stop_session: Initiating stop_session on session 3
05-04 22:23:35.224   539   539 D mm-camera: <MCT   >< INFO> 3389: mct_pipeline_process_set: command=800000b
05-04 22:23:35.224   539   539 D mm-camera: <MCT   >< INFO> 3607: mct_pipeline_process_set: Issuing DEL_STREAM on stream 0x3000f and stream type=10
05-04 22:23:35.224   539   539 D mm-camera: <IFACE >< INFO> 666: iface_unreserve_sink_port: stream_id f mode 0 
05-04 22:23:35.224   539   539 D mm-camera: <ISP   >< INFO> 911: isp_port_check_caps_unreserve: ide 3000f port 0xf33da400
05-04 22:23:35.226   539   539 D mm-camera: <MCT   >< INFO> 3618: mct_pipeline_process_set: Stream 0x3000f and stream type=10, successfully deleted
05-04 22:23:35.227   539  1204 D mm-camera: <MCT   >< INFO> 4114: mct_pipeline_stop_session_thread: Stop module name: sensor - E
05-04 22:23:35.231   539  1206 D mm-camera: <MCT   >< INFO> 4114: mct_pipeline_stop_session_thread: Stop module name: iface - E
05-04 22:23:35.237   539  1207 D mm-camera: <MCT   >< INFO> 4114: mct_pipeline_stop_session_thread: Stop module name: isp - E
05-04 22:23:35.237   539  1207 D mm-camera: <ISP   >< INFO> 476: isp_module_stop_session: session id 3
05-04 22:23:35.238   539  1206 D mm-camera: <MCT   >< INFO> 4122: mct_pipeline_stop_session_thread: Stop module name: iface - X
05-04 22:23:35.240   539  1204 D mm-camera: <MCT   >< INFO> 4122: mct_pipeline_stop_session_thread: Stop module name: sensor - X
05-04 22:23:35.252   539  1208 D mm-camera: <MCT   >< INFO> 4114: mct_pipeline_stop_session_thread: Stop module name: stats - E
05-04 22:23:35.253   539  1207 D mm-camera: <MCT   >< INFO> 4122: mct_pipeline_stop_session_thread: Stop module name: isp - X
05-04 22:23:35.256   539  1208 D mm-camera: <MCT   >< INFO> 4122: mct_pipeline_stop_session_thread: Stop module name: stats - X
05-04 22:23:35.259   539  1210 D mm-camera: <MCT   >< INFO> 4114: mct_pipeline_stop_session_thread: Stop module name: pproc - E
05-04 22:23:35.262   539  1210 D mm-camera: <MCT   >< INFO> 4122: mct_pipeline_stop_session_thread: Stop module name: pproc - X
05-04 22:23:35.268   539   539 D mm-camera: <MCT   >< INFO> 4446: mct_pipeline_stop_session: Modules left: 5
05-04 22:23:35.268   539   539 D mm-camera: <MCT   >< INFO> 4446: mct_pipeline_stop_session: Modules left: 4
05-04 22:23:35.268   539   539 D mm-camera: <MCT   >< INFO> 4446: mct_pipeline_stop_session: Modules left: 3
05-04 22:23:35.268   539   539 D mm-camera: <MCT   >< INFO> 4446: mct_pipeline_stop_session: Modules left: 2
05-04 22:23:35.268   539   539 D mm-camera: <MCT   >< INFO> 4446: mct_pipeline_stop_session: Modules left: 1
05-04 22:23:35.268   539  1212 D mm-camera: <MCT   >< INFO> 4114: mct_pipeline_stop_session_thread: Stop module name: imglib - E
05-04 22:23:35.271   539  1212 D mm-camera: <MCT   >< INFO> 4122: mct_pipeline_stop_session_thread: Stop module name: imglib - X
05-04 22:23:35.271   539   539 D mm-camera: <MCT   >< INFO> 4446: mct_pipeline_stop_session: Modules left: 0
05-04 22:23:35.271   539   539 D mm-camera: <MCT   >< INFO> 4455: mct_pipeline_stop_session: Stopped session 3 successfully
05-04 22:23:35.271   539   539 D mm-camera: <MCT   >< INFO> 4742: mct_pipeline_destroy: E: session:3
05-04 22:23:35.271   539   539 D mm-camera: <MCT   >< INFO> 4808: mct_pipeline_destroy: X: Pipeline destroyed successfully session =3
05-04 22:23:35.271   539   539 D mm-camera: <MCT   >< INFO> 246: mct_controller_destroy: X Successfully closed mct_controller session 3
05-04 22:23:35.272   493   493 I QCamera : <HAL><INFO> static int qcamera::QCamera3HardwareInterface::getCamInfo(uint32_t, camera_info*): 7935: camera 1 resource cost is 100
05-04 22:23:35.272   554   554 E QMI_FW  : QMUXD: WARNING qmi_qmux_if_pwr_up_init failed! rc=-6
05-04 22:23:35.272   493   493 I QCamera : <HAL><INFO> int qcamera::QCamera2Factory::getCameraInfo(int, camera_info*): 346: Camera id 0 API version 256
05-04 22:23:35.272   493   493 I QCamera : <HAL><INFO> static int qcamera::QCamera3HardwareInterface::getCamInfo(uint32_t, camera_info*): 7935: camera 0 resource cost is 100
05-04 22:23:35.272   493   493 I QCamera : <HAL><INFO> int qcamera::QCamera2Factory::getCameraInfo(int, camera_info*): 346: Camera id 1 API version 256
05-04 22:23:35.272   493   493 I QCamera : <HAL><INFO> static int qcamera::QCamera3HardwareInterface::getCamInfo(uint32_t, camera_info*): 7935: camera 1 resource cost is 100
05-04 22:23:35.273   493   493 I ServiceManager: Waiting for service media.camera.proxy...
05-04 22:23:35.276   554   554 I TLOC    : [ModemComm  ]"Open a connection successfully"
05-04 22:23:35.276   554   554 I TLOC    : [ModemComm  ]"ModemComm create successfully"
05-04 22:23:35.276   554   554 D TLOC    : [TLOCDaemon ]"Periodic location sampling is disabled"
05-04 22:23:35.276   554   554 I TLOC    : [TLOCDaemon ]"TLOC Daemon create successfully"
05-04 22:23:35.276   554   554 D TLOC    : [TLOCChannel] "TLOCChannel is already initialized"
05-04 22:23:35.276   554   554 D TLOC    : [TLOCDaemon ]"waiting for command"
05-04 22:23:35.276   554   554 D TLOC    : [TLOCChannel] "Going to receive message for TLOCD"
05-04 22:23:35.276   554   554 D TLOC    : [TLOCChannel] "wait for message for user TLOCD"
05-04 22:23:35.282   554  1216 D QSEECOMAPI: QSEECom_register_listener 32768 sb_length = 0x40c
05-04 22:23:35.283   554  1216 I TLOC    : [TZComm     ]"The listener was registered successfully"
05-04 22:23:35.284   554  1216 I TLOC    : [TZComm     ]"TZComm create successfully"
05-04 22:23:35.284   554  1216 D TLOC    : [TLOCChannel] "TLOCChannel is already initialized"
05-04 22:23:35.284   554  1216 D TLOC    : [Listener   ]"waiting for command from TZ..."
05-04 22:23:35.379   579   727 E slim_daemon: [NDK] bindNDKSensors: Sensor server is unavailable.
05-04 22:23:35.415   579   734 E QMI_FW  : QMUXD: WARNING qmi_qmux_if_pwr_up_init failed! rc=-6
05-04 22:23:35.435   556   813 I ServiceManager: Waiting for service permission...
05-04 22:23:35.551   577   758 E QMI_FW  : QMUXD: WARNING qmi_qmux_if_pwr_up_init failed! rc=-6
05-04 22:23:35.626   496   496 E QMI_FW  : QMUXD: WARNING qmi_qmux_if_pwr_up_init failed! rc=-6
05-04 22:23:36.273   493   493 I ServiceManager: Waiting for service media.camera.proxy...
05-04 22:23:36.380   579   727 E slim_daemon: [NDK] bindNDKSensors: Sensor server is unavailable.
05-04 22:23:36.436   556   813 I ServiceManager: Waiting for service permission...
05-04 22:23:36.591   484   484 V NatController: runCmd(/system/bin/iptables -w -F natctrl_FORWARD) res=0
05-04 22:23:36.611   484   484 V NatController: runCmd(/system/bin/iptables -w -A natctrl_FORWARD -j DROP) res=0
05-04 22:23:36.658   484   484 V NatController: runCmd(/system/bin/iptables -w -t nat -F natctrl_nat_POSTROUTING) res=0
05-04 22:23:36.675   484   484 V NatController: runCmd(/system/bin/iptables -w -F natctrl_tether_counters) res=1
05-04 22:23:36.698   484   484 V NatController: runCmd(/system/bin/iptables -w -X natctrl_tether_counters) res=1
05-04 22:23:36.714   484   484 V NatController: runCmd(/system/bin/iptables -w -N natctrl_tether_counters) res=0
05-04 22:23:36.728   484   484 V NatController: runCmd(/system/bin/iptables -w -t mangle -A natctrl_mangle_FORWARD -p tcp --tcp-flags SYN SYN -j TCPMSS --clamp-mss-to-pmtu) res=0
05-04 22:23:36.896   870   870 W dex2oat : Skipping class com.quicinc.tcmiface.DpmTcmIface from /system/framework/org.apache.http.legacy.boot.jar previously found in /system/framework/okhttp.jar
05-04 22:23:37.255   825   825 W dex2oat : Skipping class com.quicinc.tcmiface.DpmTcmIface from /system/framework/org.apache.http.legacy.boot.jar previously found in /system/framework/okhttp.jar
05-04 22:23:37.274   493   493 I ServiceManager: Waiting for service media.camera.proxy...
05-04 22:23:37.380   579   727 E slim_daemon: [NDK] bindNDKSensors: Sensor server is unavailable.
05-04 22:23:37.436   556   813 I ServiceManager: Waiting for service permission...
05-04 22:23:37.530   535   572 E QCALOG  : [MessageQ] ProcessNewMessage: [XTWiFi-PE] unknown deliver target [OS-Agent]
05-04 22:23:37.632   577   772 W XTCC-5.1.0.10: [CS-RIL-LISTENER] timerCallback fired for ril update registering, re-register
05-04 22:23:37.632   535   572 E QCALOG  : [MessageQ] ProcessNewMessage: [XT-CS] unknown deliver target [OS-Agent]
05-04 22:23:37.632   535   572 E QCALOG  : [MessageQ] ProcessNewMessage: [XT-CS] unknown deliver target [OS-Agent]
05-04 22:23:38.274   493   493 I ServiceManager: Waiting for service media.camera.proxy...
05-04 22:23:38.381   579   727 E slim_daemon: [NDK] bindNDKSensors: Sensor server is unavailable.
05-04 22:23:38.434   484   484 E Netd    : Unable to create netlink socket: Protocol not supported
05-04 22:23:38.434   484   484 E Netd    : Unable to open quota socket
05-04 22:23:38.435   484   484 D MDnsDS  : MDnsSdListener::Hander starting up
05-04 22:23:38.436   484  1424 D MDnsDS  : MDnsSdListener starting to monitor
05-04 22:23:38.436   484  1424 D MDnsDS  : Going to poll with pollCount 1
05-04 22:23:38.436   556   813 E Sensors : Cannot get permission service
05-04 22:23:38.437   556   813 I ServiceManager: Waiting for service sensorservice...
05-04 22:23:39.275   493   493 I ServiceManager: Waiting for service media.camera.proxy...
05-04 22:23:39.381   579   727 E slim_daemon: [NDK] bindNDKSensors: Sensor server is unavailable.
05-04 22:23:39.437   556   813 I ServiceManager: Waiting for service sensorservice...
05-04 22:23:39.798   500  1445 E QMI_FW  : QMUXD: WARNING qmi_qmux_if_pwr_up_init failed! rc=-6
05-04 22:23:40.276   493   493 I AudioPolicyService: AudioPolicyService CSTOR in new mode
05-04 22:23:40.288   493   493 W APM::Devices: DeviceVector::add device 80000040 already in
05-04 22:23:40.289   493   493 I APM::ConfigParsingUtils: loadAudioPolicyConfig() loaded /system/etc/audio_policy.conf
05-04 22:23:40.301   493   493 D audio_hw_primary: adev_open: enter
05-04 22:23:40.382   579   727 E slim_daemon: [NDK] bindNDKSensors: Sensor server is unavailable.
05-04 22:23:40.429   493   493 W hardware_info: update_hardware_info_8996: Not a 8996 device
05-04 22:23:40.429   493   493 D msm8974_platform: platform_init: Loading mixer file: /system/etc/mixer_paths_tasha.xml
05-04 22:23:40.438   556   813 I ServiceManager: Waiting for service sensorservice...
05-04 22:23:40.762   493   493 E audio_route: Control 'MultiMedia5 Mixer AUX_PCM_UL_TX' doesn't exist - skipping
05-04 22:23:40.762   493   493 E audio_route: Control 'MultiMedia4 Mixer MI2S_TX' doesn't exist - skipping
05-04 22:23:40.763   493   493 E audio_route: Control 'MultiMedia7 Mixer MI2S_TX' doesn't exist - skipping
05-04 22:23:40.763   493   493 E audio_route: Control 'MultiMedia10 Mixer MI2S_TX' doesn't exist - skipping
05-04 22:23:40.763   493   493 E audio_route: Control 'MultiMedia11 Mixer MI2S_TX' doesn't exist - skipping
05-04 22:23:40.763   493   493 E audio_route: Control 'MultiMedia12 Mixer MI2S_TX' doesn't exist - skipping
05-04 22:23:40.763   493   493 E audio_route: Control 'MultiMedia13 Mixer MI2S_TX' doesn't exist - skipping
05-04 22:23:40.763   493   493 E audio_route: Control 'MultiMedia14 Mixer MI2S_TX' doesn't exist - skipping
05-04 22:23:40.763   493   493 E audio_route: Control 'MultiMedia15 Mixer MI2S_TX' doesn't exist - skipping
05-04 22:23:40.764   493   493 E audio_route: Control 'MultiMedia16 Mixer MI2S_TX' doesn't exist - skipping
05-04 22:23:40.766   493   493 E audio_route: Control 'QUAT_MI2S_RX Audio Mixer MultiMedia9' doesn't exist - skipping
05-04 22:23:40.785   493   493 E audio_route: Control 'SpkrLeft COMP Switch' doesn't exist - skipping
05-04 22:23:40.785   493   493 E audio_route: Control 'SpkrRight COMP Switch' doesn't exist - skipping
05-04 22:23:40.786   493   493 E audio_route: Control 'SpkrLeft BOOST Switch' doesn't exist - skipping
05-04 22:23:40.786   493   493 E audio_route: Control 'SpkrRight BOOST Switch' doesn't exist - skipping
05-04 22:23:40.786   493   493 E audio_route: Control 'SpkrLeft VISENSE Switch' doesn't exist - skipping
05-04 22:23:40.786   493   493 E audio_route: Control 'SpkrRight VISENSE Switch' doesn't exist - skipping
05-04 22:23:40.786   493   493 E audio_route: Control 'SpkrLeft SWR DAC_Port Switch' doesn't exist - skipping
05-04 22:23:40.786   493   493 E audio_route: Control 'SpkrRight SWR DAC_Port Switch' doesn't exist - skipping
05-04 22:23:40.791   493   493 E audio_route: Control 'MultiMedia8 Mixer AUX_PCM_UL_TX' doesn't exist - skipping
05-04 22:23:40.792   493   493 E audio_route: Control 'SLIM_1 SampleRate' doesn't exist - skipping
05-04 22:23:40.793   493   493 E audio_route: Control 'SLIM_1 SampleRate' doesn't exist - skipping
05-04 22:23:40.794   493   493 E audio_route: Control 'SLIM_1 SampleRate' doesn't exist - skipping
05-04 22:23:40.818   493   493 E audio_route: Control 'SLIM_1 SampleRate' doesn't exist - skipping
05-04 22:23:40.818   493   493 E audio_route: Control 'SLIM_1 SampleRate' doesn't exist - skipping
05-04 22:23:40.819   493   493 E audio_route: Control 'SLIM_1 SampleRate' doesn't exist - skipping
05-04 22:23:40.820   493   493 E audio_route: Control 'SLIM_1 SampleRate' doesn't exist - skipping
05-04 22:23:40.821   493   493 E audio_route: Control 'SLIM_1 SampleRate' doesn't exist - skipping
05-04 22:23:40.824   493   493 E audio_route: Control 'SLIM_1 SampleRate' doesn't exist - skipping
05-04 22:23:40.825   493   493 E audio_route: Control 'SLIM_1 SampleRate' doesn't exist - skipping
05-04 22:23:40.826   493   493 E audio_route: Control 'SLIM_1 SampleRate' doesn't exist - skipping
05-04 22:23:40.826   493   493 E audio_route: Control 'SLIM_1 SampleRate' doesn't exist - skipping
05-04 22:23:40.827   493   493 E audio_route: Control 'MultiMedia8 Mixer AUX_PCM_UL_TX' doesn't exist - skipping
05-04 22:23:40.827   493   493 E audio_route: Control 'SLIM_1 SampleRate' doesn't exist - skipping
05-04 22:23:40.827   493   493 E audio_route: Control 'MultiMedia5 Mixer AUX_PCM_UL_TX' doesn't exist - skipping
05-04 22:23:40.839   493   493 E audio_route: Control 'SLIM_1 SampleRate' doesn't exist - skipping
05-04 22:23:40.864   493   493 E audio_route: Control 'AIF1_CAP Mixer SLIM TX7' already exists in path 'speaker-mic'
05-04 22:23:40.965   493   493 D msm8974_platform: platform_init: Opened sound card:0
05-04 22:23:40.989   493   493 D ACDB-LOADER: ACDB -> Load file: /etc/acdbdata/adsp_avs_config.acdb
05-04 22:23:40.989   493   493 D ACDB-LOADER: ACDB -> found 1 form factor & soundcard independant files
05-04 22:23:40.989   493   493 D ACDB-LOADER: ACDB -> Load file: /etc/acdbdata/Forte/Forte_Bluetooth_cal.acdb
05-04 22:23:40.989   493   493 D ACDB-LOADER: ACDB -> Load file: /etc/acdbdata/Forte/Forte_General_cal.acdb
05-04 22:23:40.990   493   493 D ACDB-LOADER: ACDB -> Load file: /etc/acdbdata/Forte/Forte_Global_cal.acdb
05-04 22:23:40.990   493   493 D ACDB-LOADER: ACDB -> Load file: /etc/acdbdata/Forte/Forte_Handset_cal.acdb
05-04 22:23:40.990   493   493 D ACDB-LOADER: ACDB -> Load file: /etc/acdbdata/Forte/Forte_Hdmi_cal.acdb
05-04 22:23:40.990   493   493 D ACDB-LOADER: ACDB -> Load file: /etc/acdbdata/Forte/Forte_Headset_cal.acdb
05-04 22:23:40.990   493   493 D ACDB-LOADER: ACDB -> Load file: /etc/acdbdata/Forte/Forte_Speaker_cal.acdb
05-04 22:23:40.990   493   493 I ACDB-LOADER: ACDB -> Info: Loaded ForteMedia ACDB!
05-04 22:23:40.990   493   493 D ACDB-LOADER: ACDB -> ACDB_CMD_INITIALIZE_V2
05-04 22:23:40.990   493   493 D         : [ACDB Command]->SW Minor/Major/Revision version info for /etc/acdbdata/adsp_avs_config.acdb
05-04 22:23:40.990   493   493 D         : [ACDB Command]->ACDB Sw Major = 8, ACDB Sw Minor = 0, ACDB Sw Revision = 1, ACDB Sw Cpl Number = 0
05-04 22:23:40.990   493   493 D         : [ACDB Command]->ACDB File Major = 0, ACDB File Minor = 0, ACDB File Revision = 0
05-04 22:23:40.993   493   493 D         : [ACDB Command]->SW Minor/Major/Revision version info for /etc/acdbdata/Forte/Forte_Bluetooth_cal.acdb
05-04 22:23:40.993   493   493 D         : [ACDB Command]->ACDB Sw Major = 8, ACDB Sw Minor = 0, ACDB Sw Revision = 1, ACDB Sw Cpl Number = 0
05-04 22:23:40.993   493   493 D         : [ACDB Command]->ACDB File Major = 7, ACDB File Minor = 0, ACDB File Revision = 4
05-04 22:23:40.995   493   493 D         : [ACDB Command]->SW Minor/Major/Revision version info for /etc/acdbdata/Forte/Forte_General_cal.acdb
05-04 22:23:40.995   493   493 D         : [ACDB Command]->ACDB Sw Major = 8, ACDB Sw Minor = 0, ACDB Sw Revision = 1, ACDB Sw Cpl Number = 0
05-04 22:23:40.995   493   493 D         : [ACDB Command]->ACDB File Major = 7, ACDB File Minor = 0, ACDB File Revision = 4
05-04 22:23:40.999   493   493 D         : [ACDB Command]->SW Minor/Major/Revision version info for /etc/acdbdata/Forte/Forte_Global_cal.acdb
05-04 22:23:40.999   493   493 D         : [ACDB Command]->ACDB Sw Major = 8, ACDB Sw Minor = 0, ACDB Sw Revision = 1, ACDB Sw Cpl Number = 0
05-04 22:23:40.999   493   493 D         : [ACDB Command]->ACDB File Major = 7, ACDB File Minor = 0, ACDB File Revision = 4
05-04 22:23:41.008   493   493 D         : [ACDB Command]->SW Minor/Major/Revision version info for /etc/acdbdata/Forte/Forte_Handset_cal.acdb
05-04 22:23:41.008   493   493 D         : [ACDB Command]->ACDB Sw Major = 8, ACDB Sw Minor = 0, ACDB Sw Revision = 1, ACDB Sw Cpl Number = 0
05-04 22:23:41.008   493   493 D         : [ACDB Command]->ACDB File Major = 7, ACDB File Minor = 0, ACDB File Revision = 4
05-04 22:23:41.009   493   493 D         : [ACDB Command]->SW Minor/Major/Revision version info for /etc/acdbdata/Forte/Forte_Hdmi_cal.acdb
05-04 22:23:41.009   493   493 D         : [ACDB Command]->ACDB Sw Major = 8, ACDB Sw Minor = 0, ACDB Sw Revision = 1, ACDB Sw Cpl Number = 0
05-04 22:23:41.009   493   493 D         : [ACDB Command]->ACDB File Major = 7, ACDB File Minor = 0, ACDB File Revision = 4
05-04 22:23:41.012   493   493 D         : [ACDB Command]->SW Minor/Major/Revision version info for /etc/acdbdata/Forte/Forte_Headset_cal.acdb
05-04 22:23:41.012   493   493 D         : [ACDB Command]->ACDB Sw Major = 8, ACDB Sw Minor = 0, ACDB Sw Revision = 1, ACDB Sw Cpl Number = 0
05-04 22:23:41.012   493   493 D         : [ACDB Command]->ACDB File Major = 7, ACDB File Minor = 0, ACDB File Revision = 4
05-04 22:23:41.015   493   493 D         : [ACDB Command]->SW Minor/Major/Revision version info for /etc/acdbdata/Forte/Forte_Speaker_cal.acdb
05-04 22:23:41.016   493   493 D         : [ACDB Command]->ACDB Sw Major = 8, ACDB Sw Minor = 0, ACDB Sw Revision = 1, ACDB Sw Cpl Number = 0
05-04 22:23:41.016   493   493 D         : [ACDB Command]->ACDB File Major = 7, ACDB File Minor = 0, ACDB File Revision = 4
05-04 22:23:41.016   493   493 D         : ACDBFILE_MGR:Read the devices count as zero, please check the acdb file
05-04 22:23:41.016   493   493 D ACDB-LOADER: ACDB -> ACPH INIT
05-04 22:23:41.016   493   493 D         : [ACPH]->Online service registered with ACPH
05-04 22:23:41.024   493   493 D         : [ACPH]->ACPH init success
05-04 22:23:41.025   493   493 D ACDB-LOADER: ACDB -> RTAC INIT
05-04 22:23:41.025   493   493 D         : [ACPH]->DSP RTC service registered with ACPH
05-04 22:23:41.025   493   493 D ACDB-LOADER: ACDB -> MCS, FTS INIT
05-04 22:23:41.025   493   493 E MCS-RT-CTL: Can't open the configuration file /system/etc/aanc_tuning_mixer.txt.
05-04 22:23:41.025   493   493 E ACDB-MCS: acdb_mcs_init: MCS routing control initialization failed.
05-04 22:23:41.025   493   493 D         : [ACPH]->FTS RTC service registered with ACPH
05-04 22:23:41.025   493   493 D ACDB-LOADER: ACDB -> ADIE RTAC INIT
05-04 22:23:41.025   493   493 D         : [ACPH]->ADIE RTC service registered with ACPH
05-04 22:23:41.025   493   493 D ACDB-LOADER: ACDB -> ACDB_CMD_GET_VOC_PROC_DYNAMIC_TABLE_SIZE
05-04 22:23:41.028   493   493 D ACDB-LOADER: ACDB -> send_meta_info, lic 0
05-04 22:23:41.029   493   493 D         : Couldnt find the key 00000000 
05-04 22:23:41.029   493   493 D         : Output from GetMetaInfoSize command : 0
05-04 22:23:41.121   493   493 D ACDB-LOADER: ACDB -> send_common_custom_topology
05-04 22:23:41.121   493   493 D ACDB-LOADER: ACDB -> ACDB_CMD_GET_AVCS_CUSTOM_TOPO_INFO
05-04 22:23:41.121   493   493 D ACDB-LOADER: ACDB -> ACDB_CMD_GET_AVCS_CUSTOM_TOPO_INFO: size:0x33c ret=0 
05-04 22:23:41.121   493   493 D ACDB-LOADER: ACDB -> CORE_CUSTOM_TOPOLOGIES
05-04 22:23:41.125   493   493 D ACDB-LOADER: ACDB -> acdb_loader_send_common_custom_topology: Common custom topology in use
05-04 22:23:41.125   493   493 D ACDB-LOADER: ACDB -> send_meta_info Enter
05-04 22:23:41.125   493   493 E ACDB-LOADER: Fail to allocate memory for metainfo
05-04 22:23:41.125   493   493 D ACDB-LOADER: ACDB -> send_meta_info failed
05-04 22:23:41.125   493   493 D ACDB-LOADER: ACDB -> init done!
05-04 22:23:41.125   493   493 D msm8974_platform: ACDB initialized
05-04 22:23:41.125   493   493 D msm8974_platform: hw_util_open Opening device /dev/snd/hwC0D1000
05-04 22:23:41.125   493   493 D msm8974_platform: hw_util_open success
05-04 22:23:41.125   493   493 D ACDB-LOADER: ACDB -> ACDB_CMD_GET_ANC_SETTING
05-04 22:23:41.125   493   493 D         : ACDBFILE_MGR:Read the devices count as zero, please check the acdb file
05-04 22:23:41.125   493   493 D anc_map : convert_anc_acdb_to_reg:enter, inut size  2
05-04 22:23:41.125   493   493 D anc_map : Setwcd9xxxANC_IIRCoeffs:enter
05-04 22:23:41.125   493   493 D anc_map : Setwcd9xxxANC_IIRCoeffs:leave
05-04 22:23:41.125   493   493 D anc_map : Setwcd9xxxANC_IIRCoeffs:enter
05-04 22:23:41.125   493   493 D anc_map : Setwcd9xxxANC_IIRCoeffs:leave
05-04 22:23:41.125   493   493 D anc_map : convert_anc_acdb_to_reg:leave
05-04 22:23:41.125   493   493 D ACDB-LOADER: ACDB -> ACDB_CMD_GET_ANC_SETTING
05-04 22:23:41.125   493   493 D         : ACDBFILE_MGR:Read the devices count as zero, please check the acdb file
05-04 22:23:41.125   493   493 D anc_map : convert_anc_acdb_to_reg:enter, inut size  2
05-04 22:23:41.126   493   493 D anc_map : Setwcd9xxxANC_IIRCoeffs:enter
05-04 22:23:41.126   493   493 D anc_map : Setwcd9xxxANC_IIRCoeffs:leave
05-04 22:23:41.126   493   493 D anc_map : Setwcd9xxxANC_IIRCoeffs:enter
05-04 22:23:41.126   493   493 D anc_map : Setwcd9xxxANC_IIRCoeffs:leave
05-04 22:23:41.126   493   493 D anc_map : convert_anc_acdb_to_reg:leave
05-04 22:23:41.126   493   493 D ACDB-LOADER: ACDB -> ACDB_CMD_GET_ANC_SETTING
05-04 22:23:41.126   493   493 D         : ACDBFILE_MGR:Read the devices count as zero, please check the acdb file
05-04 22:23:41.126   493   493 D anc_map : convert_anc_acdb_to_reg:enter, inut size  2
05-04 22:23:41.126   493   493 D anc_map : Setwcd9xxxANC_IIRCoeffs:enter
05-04 22:23:41.126   493   493 D anc_map : Setwcd9xxxANC_IIRCoeffs:leave
05-04 22:23:41.126   493   493 D anc_map : Setwcd9xxxANC_IIRCoeffs:enter
05-04 22:23:41.126   493   493 D anc_map : Setwcd9xxxANC_IIRCoeffs:leave
05-04 22:23:41.126   493   493 D anc_map : convert_anc_acdb_to_reg:leave
05-04 22:23:41.126   493   493 D ACDB-LOADER: ACDB -> ACDB_CMD_GET_ANC_SETTING
05-04 22:23:41.126   493   493 D         : ACDBFILE_MGR:Read the devices count as zero, please check the acdb file
05-04 22:23:41.126   493   493 D anc_map : convert_anc_acdb_to_reg:enter, inut size  2
05-04 22:23:41.126   493   493 D anc_map : Setwcd9xxxANC_IIRCoeffs:enter
05-04 22:23:41.126   493   493 D anc_map : Setwcd9xxxANC_IIRCoeffs:leave
05-04 22:23:41.126   493   493 D anc_map : Setwcd9xxxANC_IIRCoeffs:enter
05-04 22:23:41.126   493   493 D anc_map : Setwcd9xxxANC_IIRCoeffs:leave
05-04 22:23:41.126   493   493 D anc_map : convert_anc_acdb_to_reg:leave
05-04 22:23:41.126   493   493 D ACDB-LOADER: ACDB -> ACDB_CMD_GET_ANC_SETTING
05-04 22:23:41.126   493   493 D anc_map : convert_anc_acdb_to_reg:enter, inut size  2
05-04 22:23:41.126   493   493 D anc_map : Setwcd9xxxANC_IIRCoeffs:enter
05-04 22:23:41.126   493   493 D anc_map : Setwcd9xxxANC_IIRCoeffs:leave
05-04 22:23:41.126   493   493 D anc_map : Setwcd9xxxANC_IIRCoeffs:enter
05-04 22:23:41.126   493   493 D anc_map : Setwcd9xxxANC_IIRCoeffs:leave
05-04 22:23:41.126   493   493 D anc_map : convert_anc_acdb_to_reg:leave
05-04 22:23:41.127   493   493 D ACDB-LOADER: ACDB -> ACDB_CMD_GET_ANC_SETTING
05-04 22:23:41.127   493   493 D anc_map : convert_anc_acdb_to_reg:enter, inut size  2
05-04 22:23:41.127   493   493 D anc_map : Setwcd9xxxANC_IIRCoeffs:enter
05-04 22:23:41.127   493   493 D anc_map : Setwcd9xxxANC_IIRCoeffs:leave
05-04 22:23:41.127   493   493 D anc_map : Setwcd9xxxANC_IIRCoeffs:enter
05-04 22:23:41.127   493   493 D anc_map : Setwcd9xxxANC_IIRCoeffs:leave
05-04 22:23:41.127   493   493 D anc_map : convert_anc_acdb_to_reg:leave
05-04 22:23:41.127   493   493 D ACDB-LOADER: ACDB -> ACDB_CMD_GET_ANC_SETTING
05-04 22:23:41.127   493   493 D anc_map : convert_anc_acdb_to_reg:enter, inut size  2
05-04 22:23:41.127   493   493 D anc_map : Setwcd9xxxANC_IIRCoeffs:enter
05-04 22:23:41.127   493   493 D anc_map : Setwcd9xxxANC_IIRCoeffs:leave
05-04 22:23:41.127   493   493 D anc_map : Setwcd9xxxANC_IIRCoeffs:enter
05-04 22:23:41.127   493   493 D anc_map : Setwcd9xxxANC_IIRCoeffs:leave
05-04 22:23:41.127   493   493 D anc_map : convert_anc_acdb_to_reg:leave
05-04 22:23:41.127   493   493 D ACDB-LOADER: ACDB -> ACDB_CMD_GET_ANC_SETTING
05-04 22:23:41.127   493   493 D anc_map : convert_anc_acdb_to_reg:enter, inut size  2
05-04 22:23:41.127   493   493 D anc_map : Setwcd9xxxANC_IIRCoeffs:enter
05-04 22:23:41.127   493   493 D anc_map : Setwcd9xxxANC_IIRCoeffs:leave
05-04 22:23:41.127   493   493 D anc_map : Setwcd9xxxANC_IIRCoeffs:enter
05-04 22:23:41.127   493   493 D anc_map : Setwcd9xxxANC_IIRCoeffs:leave
05-04 22:23:41.127   493   493 D anc_map : convert_anc_acdb_to_reg:leave
05-04 22:23:41.127   493   493 D ACDB-LOADER: ACDB -> ACDB_CMD_GET_ANC_SETTING
05-04 22:23:41.127   493   493 D anc_map : convert_anc_acdb_to_reg:enter, inut size  2
05-04 22:23:41.127   493   493 D anc_map : Setwcd9xxxANC_IIRCoeffs:enter
05-04 22:23:41.127   493   493 D anc_map : Setwcd9xxxANC_IIRCoeffs:leave
05-04 22:23:41.127   493   493 D anc_map : Setwcd9xxxANC_IIRCoeffs:enter
05-04 22:23:41.127   493   493 D anc_map : Setwcd9xxxANC_IIRCoeffs:leave
05-04 22:23:41.128   493   493 D anc_map : convert_anc_acdb_to_reg:leave
05-04 22:23:41.128   493   493 D msm8974_platform: send_codec_cal: anc_cal cal sent successfully
05-04 22:23:41.128   493   493 D ACDB-LOADER: send mbhc data
05-04 22:23:41.128   493   493 D ACDB-LOADER: ACDB -> MBHC ACDB_PID_GENERAL_CONFIG
05-04 22:23:41.128   493   493 D ACDB-LOADER: ACDB -> MBHC ACDB_PID_PLUG_REMOVAL_DETECTION
05-04 22:23:41.128   493   493 D ACDB-LOADER: ACDB -> MBHC ACDB_PID_PLUG_TYPE_DETECTION
05-04 22:23:41.128   493   493 D ACDB-LOADER: ACDB -> MBHC ACDB_PID_BUTTON_PRESS_DETECTION
05-04 22:23:41.128   493   493 D ACDB-LOADER: ACDB -> MBHC ACDB_PID_IMPEDANCE_DETECTION
05-04 22:23:41.128   493   493 D msm8974_platform: send_codec_cal: mbhc_cal cal sent successfully
05-04 22:23:41.128   493   493 D ACDB-LOADER: send vbat data
05-04 22:23:41.128   493   493 D ACDB-LOADER: ACDB -> VBAT ACDB_PID_ADC_CAL
05-04 22:23:41.128   493   493 D         : Couldnt find the mid 000131D1 and pid 000131D2 
05-04 22:23:41.128   493   493 E ACDB-LOADER: Error reading VBAT ADC CAL returned = ffffffed
05-04 22:23:41.128   493   493 E msm8974_platform: send_codec_cal: vbat_cal Failed to call ioctl, err=14
05-04 22:23:41.131   493   493 D msm8974_platform: platform_set_native_support: na_props.platform_na_prop_enabled: 1
05-04 22:23:41.131   493   493 D msm8974_platform: platform_set_snd_device_backend: backend_tag_table[headphones]: old = headphones new = headphones
05-04 22:23:41.131   493   493 D msm8974_platform: platform_set_snd_device_backend: hw_interface_table[8] = SLIMBUS_6_RX
05-04 22:23:41.131   493   493 D msm8974_platform: platform_set_snd_device_backend: backend_tag_table[anc-headphones]: old = null new = anc-headphones
05-04 22:23:41.131   493   493 D msm8974_platform: platform_set_snd_device_backend: hw_interface_table[31] = SLIMBUS_6_RX
05-04 22:23:41.132   493   493 D msm8974_platform: platform_set_snd_device_backend: backend_tag_table[line]: old = null new = headphones
05-04 22:23:41.132   493   493 D msm8974_platform: platform_set_snd_device_backend: hw_interface_table[7] = SLIMBUS_6_RX
05-04 22:23:41.132   493   493 D msm8974_platform: platform_set_snd_device_backend: backend_tag_table[speaker]: old = null new = speaker
05-04 22:23:41.132   493   493 D msm8974_platform: platform_set_snd_device_backend: backend_tag_table[speaker-protected]: old = null new = speaker-protected
05-04 22:23:41.132   493   493 D msm8974_platform: platform_set_snd_device_backend: backend_tag_table[voice-speaker]: old = null new = speaker
05-04 22:23:41.132   493   493 D msm8974_platform: platform_set_snd_device_backend: backend_tag_table[speaker-and-headphones]: old = null new = speaker-and-headphones
05-04 22:23:41.132   493   493 D msm8974_platform: platform_set_snd_device_backend: hw_interface_table[10] = QUAT_MI2S_RX-and-SLIMBUS_6_RX
05-04 22:23:41.132   493   493 D msm8974_platform: platform_set_snd_device_backend: backend_tag_table[speaker-and-anc-headphones]: old = null new = speaker-and-anc-headphones
05-04 22:23:41.132   493   493 D msm8974_platform: platform_set_snd_device_backend: hw_interface_table[35] = QUAT_MI2S_RX-and-SLIMBUS_6_RX
05-04 22:23:41.132   493   493 D msm8974_platform: platform_set_snd_device_backend: backend_tag_table[speaker-and-line]: old = null new = speaker-and-headphones
05-04 22:23:41.132   493   493 D msm8974_platform: platform_set_snd_device_backend: hw_interface_table[11] = QUAT_MI2S_RX-and-SLIMBUS_6_RX
05-04 22:23:41.132   493   493 D msm8974_platform: platform_set_snd_device_backend: backend_tag_table[voice-headphones]: old = null new = headphones
05-04 22:23:41.132   493   493 D msm8974_platform: platform_set_snd_device_backend: hw_interface_table[17] = SLIMBUS_6_RX
05-04 22:23:41.132   493   493 D msm8974_platform: platform_set_snd_device_backend: backend_tag_table[voice-anc-headphones]: old = null new = voice-anc-headphones
05-04 22:23:41.132   493   493 D msm8974_platform: platform_set_snd_device_backend: hw_interface_table[33] = SLIMBUS_6_RX
05-04 22:23:41.132   493   493 D msm8974_platform: platform_set_snd_device_backend: backend_tag_table[voice-line]: old = null new = headphones
05-04 22:23:41.132   493   493 D msm8974_platform: platform_set_snd_device_backend: hw_interface_table[18] = SLIMBUS_6_RX
05-04 22:23:41.132   493   493 D msm8974_platform: platform_set_snd_device_backend: backend_tag_table[voice-tty-full-headphones]: old = null new = headphones
05-04 22:23:41.132   493   493 D msm8974_platform: platform_set_snd_device_backend: hw_interface_table[23] = SLIMBUS_6_RX
05-04 22:23:41.132   493   493 D msm8974_platform: platform_set_snd_device_backend: backend_tag_table[voice-tty-vco-headphones]: old = null new = headphones
05-04 22:23:41.132   493   493 D msm8974_platform: platform_set_snd_device_backend: hw_interface_table[24] = SLIMBUS_6_RX
05-04 22:23:41.133   493   493 D audio_hw_spkr_prot: audio_extn_spkr_prot_init: Initialize speaker protection module
05-04 22:23:41.133   493   493 D audio_hw_spkr_prot: audio_extn_spkr_prot_init: Speaker protection disabled
05-04 22:23:41.149   493   493 I soundtrigger: audio_extn_sound_trigger_init: Enter
05-04 22:23:41.151   493   493 I soundtrigger: audio_extn_sound_trigger_init: DLOPEN successful for /system/vendor/lib/hw/sound_trigger.primary.msm8996.so
05-04 22:23:41.151   493  1572 D aud_dev_arbi: runSocketThread: entered
05-04 22:23:41.159   493   493 E audio_hw_primary: Amplifier initialization failed
05-04 22:23:41.161   493   493 E audio_hw_extn: audio_extn_perf_lock_init: Perf lock handles Success 
05-04 22:23:41.161   493   493 I AudioFlinger: loadHwModule() Loaded primary audio interface from QCOM Audio HAL (audio) handle 1
05-04 22:23:41.161   493   493 I AudioFlinger: openOutput(), module 1 Device 2, SamplingRate 48000, Format 0x000001, Channels 3, flags 6
05-04 22:23:41.161   493   493 D audio_hw_primary: adev_open_output_stream: enter: sample_rate(48000) channel_mask(0x3) devices(0x2) flags(0x6)        stream_handle(0xf253c380)
05-04 22:23:41.161   493   493 D audio_hw_primary: adev_open_output_stream: Stream (0xf253c380) picks up usecase (low-latency-playback)
05-04 22:23:41.161   493   493 I AudioFlinger: AudioStreamOut::open(), mHalFormatIsLinearPcm = 1
05-04 22:23:41.161   493   493 I AudioFlinger: HAL output buffer size 192 frames, normal sink buffer size 960 frames
05-04 22:23:41.222   493   493 W EffectsFactory: Error querying effect 7d1580bd-297f-4683-9239-e475b6d1d69f on lib offload_bundle
05-04 22:23:41.222   493   493 D volume_listener: init_once Called 
05-04 22:23:41.223   493   493 I EffectDiracSound: DiracSoundLib_GetDescriptor() start
05-04 22:23:41.223   493   493 I BufferProvider: found effect "Multichannel Downmix To Stereo" from The Android Open Source Project
05-04 22:23:41.223   493   493 E MonoPipe: Failed to fetch local time frequency when constructing a MonoPipe (res = -32).  getNextWriteTimestamp calls will be non-functional
05-04 22:23:41.224   493   493 I AudioFlinger: Using module 1 has the primary audio interface
05-04 22:23:41.226   493  1574 I AudioFlinger: AudioFlinger's thread 0xf1900000 ready to run
05-04 22:23:41.226   493  1574 D audio_hw_primary: out_set_parameters: enter: usecase(1: low-latency-playback) kvpairs: routing=2
05-04 22:23:41.226   493  1574 D audio_hw_extn: audio_extn_set_anc_parameters: anc_enabled:0
05-04 22:23:41.226   493  1574 D audio_hw_spkr_prot: audio_extn_fbsp_set_parameters: Speaker protection disabled
05-04 22:23:41.226   493  1574 D audio_hw_primary: out_standby: enter: stream (0xf253c380) usecase(1: low-latency-playback)
05-04 22:23:41.228   493   493 I AudioFlinger: openOutput(), module 1 Device 2, SamplingRate 48000, Format 0x000001, Channels 3, flags 104
05-04 22:23:41.228   493   493 D audio_hw_primary: adev_open_output_stream: enter: sample_rate(48000) channel_mask(0x3) devices(0x2) flags(0x104)        stream_handle(0xf253c500)
05-04 22:23:41.228   493   493 D audio_hw_primary: adev_open_output_stream: Stream (0xf253c500) picks up usecase (audio-ull-playback)
05-04 22:23:41.228   493   493 I AudioFlinger: AudioStreamOut::open(), mHalFormatIsLinearPcm = 1
05-04 22:23:41.228   493   493 I AudioFlinger: HAL output buffer size 192 frames, normal sink buffer size 960 frames
05-04 22:23:41.228   493  1574 E AudioFlinger: no wake lock to update!
05-04 22:23:41.228   493  1576 I AudioFlinger: AudioFlinger's thread 0xf14c0000 ready to run
05-04 22:23:41.229   493  1576 D audio_hw_primary: out_set_parameters: enter: usecase(12: audio-ull-playback) kvpairs: routing=2
05-04 22:23:41.229   493  1576 D audio_hw_primary: out_standby: enter: stream (0xf253c500) usecase(12: audio-ull-playback)
05-04 22:23:41.230   493   493 I AudioFlinger: openOutput(), module 1 Device 2, SamplingRate 48000, Format 0x000001, Channels 3, flags 8
05-04 22:23:41.230   493   493 D audio_hw_primary: adev_open_output_stream: enter: sample_rate(48000) channel_mask(0x3) devices(0x2) flags(0x8)        stream_handle(0xf253c680)
05-04 22:23:41.230   493   493 D audio_hw_primary: adev_open_output_stream: Stream (0xf253c680) picks up usecase (deep-buffer-playback)
05-04 22:23:41.230   493   493 I AudioFlinger: AudioStreamOut::open(), mHalFormatIsLinearPcm = 1
05-04 22:23:41.230   493   493 I AudioFlinger: HAL output buffer size 1920 frames, normal sink buffer size 1920 frames
05-04 22:23:41.238   493  1576 E AudioFlinger: no wake lock to update!
05-04 22:23:41.238   493  1577 I AudioFlinger: AudioFlinger's thread 0xf11c0000 ready to run
05-04 22:23:41.238   493  1577 D audio_hw_primary: out_set_parameters: enter: usecase(0: deep-buffer-playback) kvpairs: routing=2
05-04 22:23:41.238   493  1577 D audio_hw_primary: out_standby: enter: stream (0xf253c680) usecase(0: deep-buffer-playback)
05-04 22:23:41.239   493   493 I AudioFlinger: openOutput(), module 1 Device 10000, SamplingRate 48000, Format 0x000001, Channels 3, flags 0
05-04 22:23:41.239   493   493 D audio_hw_primary: adev_open_output_stream: enter: sample_rate(48000) channel_mask(0x3) devices(0x10000) flags(0)        stream_handle(0xf253c800)
05-04 22:23:41.239   493   493 D audio_hw_primary: adev_open_output_stream: Stream (0xf253c800) picks up usecase (afe-proxy-playback)
05-04 22:23:41.239   493   493 I AudioFlinger: AudioStreamOut::open(), mHalFormatIsLinearPcm = 1
05-04 22:23:41.239   493   493 I AudioFlinger: HAL output buffer size 768 frames, normal sink buffer size 1152 frames
05-04 22:23:41.240   493  1577 E AudioFlinger: no wake lock to update!
05-04 22:23:41.240   493  1579 I AudioFlinger: AudioFlinger's thread 0xf1000000 ready to run
05-04 22:23:41.240   493  1579 D audio_hw_primary: out_set_parameters: enter: usecase(38: afe-proxy-playback) kvpairs: routing=65536
05-04 22:23:41.240   493  1579 D audio_hw_primary: out_standby: enter: stream (0xf253c800) usecase(38: afe-proxy-playback)
05-04 22:23:41.241   493  1579 E AudioFlinger: no wake lock to update!
05-04 22:23:41.241   493   493 D audio_hw_primary: adev_open_input_stream: enter: sample_rate(48000) channel_mask(0xc) devices(0x80000040)        stream_handle(0xf24e5fc0) io_handle(10) source(1)
05-04 22:23:41.241   493   493 D audio_hw_primary: adev_open_input_stream: enter: sample_rate(48000) channel_mask(0xc) devices(0x80000040)        stream_handle(0xf24e5fc0) io_handle(10) source(1)
05-04 22:23:41.241   493   493 W APM::AudioPolicyManager: Cannot open input stream for device 80000040 on hw module primary
05-04 22:23:41.241   493   493 D audio_hw_primary: adev_open_input_stream: enter: sample_rate(48000) channel_mask(0xfc) devices(0x80000004)        stream_handle(0xf24e5fc0) io_handle(11) source(1)
05-04 22:23:41.253   493  1580 I AudioFlinger: AudioFlinger's thread 0xf0c80000 ready to run
05-04 22:23:41.253   493   493 D audio_hw_primary: adev_close_input_stream: enter:stream_handle(0xf24e5fc0)
05-04 22:23:41.253   493   493 D audio_hw_primary: in_standby: enter: stream (0xf24e5fc0) usecase(16: audio-record)
05-04 22:23:41.253   493   493 D audio_hw_primary: adev_open_input_stream: enter: sample_rate(48000) channel_mask(0xc) devices(0x80000040)        stream_handle(0xf24e5fc0) io_handle(12) source(1)
05-04 22:23:41.253   493   493 D audio_hw_primary: adev_open_input_stream: enter: sample_rate(48000) channel_mask(0xc) devices(0x80000040)        stream_handle(0xf24e5fc0) io_handle(12) source(1)
05-04 22:23:41.253   493   493 W APM::AudioPolicyManager: Cannot open input stream for device 80000040 on hw module primary
05-04 22:23:41.257   493   493 I bt_a2dp_hw: adev_open:  adev_open in A2dp_hw module
05-04 22:23:41.257   493   493 I AudioFlinger: loadHwModule() Loaded a2dp audio interface from A2DP Audio HW HAL (audio) handle 13
05-04 22:23:41.261   493   493 I AudioFlinger: loadHwModule() Loaded usb audio interface from USB audio HW HAL (audio) handle 14
05-04 22:23:41.266   493   493 I r_submix: adev_open(name=audio_hw_if)
05-04 22:23:41.266   493   493 I r_submix: adev_init_check()
05-04 22:23:41.266   493   493 I AudioFlinger: loadHwModule() Loaded r_submix audio interface from Wifi Display audio HAL (audio) handle 15
05-04 22:23:41.266   493   493 D r_submix: adev_open_input_stream(addr=0)
05-04 22:23:41.266   493   493 D r_submix: submix_audio_device_create_pipe_l(addr=0, idx=9)
05-04 22:23:41.267   493   493 D r_submix:   now using address 0 for route 9
05-04 22:23:41.277   493  1581 I AudioFlinger: AudioFlinger's thread 0xf0c80000 ready to run
05-04 22:23:41.277   493   493 D r_submix: adev_close_input_stream()
05-04 22:23:41.277   493   493 D r_submix: submix_audio_device_release_pipe_l(idx=9) addr=0
05-04 22:23:41.277   493   493 D r_submix: submix_audio_device_destroy_pipe_l(): pipe destroyed
05-04 22:23:41.277   493   493 W APM::AudioPolicyManager: Input device 80000040 unreachable
05-04 22:23:41.277   493   493 W APM::AudioPolicyManager: Input device 80002000 unreachable
05-04 22:23:41.278   493   493 I AudioPolicyManagerCustom: removing AUDIO_CHANNEL_IN_5POINT1 from input profile as SSR(surround sound record) is not supported on this chipset variant
05-04 22:23:41.279   493   493 D sound_trigger_hw: stdev_open: Enter
