05-04 22:25:34.342  2475  2475 E NativeLibraryHelper: Failed to load assets verifier: 0
05-04 22:25:34.346  2475  2475 W PackageParser: Ignoring duplicate uses-permissions/uses-permissions-sdk-m: android.permission.READ_LOGS in package: com.meizu.logreport at: Binary XML file line #18
05-04 22:25:34.347  2475  2475 W PackageParser: No actions in intent filter at /system/priv-app/LogReport/LogReport.apk Binary XML file line #59
05-04 22:25:34.347  2475  2475 W PackageParser: No actions in intent filter at /system/priv-app/LogReport/LogReport.apk Binary XML file line #68
05-04 22:25:34.347  2475  2475 W PackageParser: No actions in intent filter at /system/priv-app/LogReport/LogReport.apk Binary XML file line #77
05-04 22:25:34.347  2475  2475 W PackageParser: No actions in intent filter at /system/priv-app/LogReport/LogReport.apk Binary XML file line #86
05-04 22:25:34.349  2475  2475 I PackageManager: SELinux relabeling of com.meizu.logreport issued.
05-04 22:25:34.356  2475  2475 E NativeLibraryHelper: Failed to load assets verifier: 0
05-04 22:25:34.363  2475  2475 I PackageManager: SELinux relabeling of com.android.managedprovisioning issued.
05-04 22:25:34.369  2475  2475 E NativeLibraryHelper: Failed to load assets verifier: 0
05-04 22:25:34.376  2475  2475 I PackageManager: SELinux relabeling of com.android.providers.media issued.
05-04 22:25:34.379  2475  2475 E NativeLibraryHelper: Failed to load assets verifier: 0
05-04 22:25:34.382  2475  2475 W PackageManager: Permission com.meizu.permission.mtp.LOCK from package com.android.providers.media in an unknown group android.permission-group.SYSTEM_TOOLS
05-04 22:25:34.403  2475  2475 I PackageManager: SELinux relabeling of com.android.mms issued.
05-04 22:25:34.410  2475  2475 E NativeLibraryHelper: Failed to load assets verifier: 0
05-04 22:25:34.410  2475  2475 E PackageManager: Package: Package{53d64eb com.android.mms} has multiple bundled libs, but is not multiarch.
05-04 22:25:34.416  2475  2475 I PackageManager: SELinux relabeling of com.android.mms.service issued.
05-04 22:25:34.418  2475  2475 E NativeLibraryHelper: Failed to load assets verifier: 0
05-04 22:25:34.431  2475  2475 I PackageManager: SELinux relabeling of com.meizu.media.music issued.
05-04 22:25:34.445  2475  2475 I PackageManager: SELinux relabeling of com.android.musicfx issued.
05-04 22:25:34.448  2475  2475 E NativeLibraryHelper: Failed to load assets verifier: 0
05-04 22:25:34.455  2475  2475 W PackageParser: Unknown element under <manifest>: receiver at /system/priv-app/MzAccountPlugin/MzAccountPlugin.apk Binary XML file line #54
05-04 22:25:34.457  2475  2475 I PackageManager: SELinux relabeling of com.meizu.gamecenter.service issued.
05-04 22:25:34.471  2475  2475 I PackageManager: SELinux relabeling of com.meizu.backup issued.
05-04 22:25:34.476  2475  2475 E NativeLibraryHelper: Failed to load assets verifier: 0
05-04 22:25:34.485  2475  2475 I PackageManager: SELinux relabeling of com.meizu.callsetting issued.
05-04 22:25:34.489  2475  2475 E NativeLibraryHelper: Failed to load assets verifier: 0
05-04 22:25:34.491   579   727 E slim_daemon: [NDK] bindNDKSensors: Sensor server is unavailable.
05-04 22:25:34.497  2475  2475 W PackageParser: Unknown element under <manifest>: receiver at /system/priv-app/MzInput/MzInput.apk Binary XML file line #64
05-04 22:25:34.499  2475  2475 I PackageManager: SELinux relabeling of com.meizu.flyme.input issued.
05-04 22:25:34.505  2475  2475 E NativeLibraryHelper: Failed to load assets verifier: 0
05-04 22:25:34.515  2475  2475 I PackageManager: SELinux relabeling of com.meizu.netcontactservice issued.
05-04 22:25:34.521  2475  2475 E NativeLibraryHelper: Failed to load assets verifier: 0
05-04 22:25:34.525  2475  2475 I PackageManager: SELinux relabeling of com.android.onetimeinitializer issued.
05-04 22:25:34.527  2475  2475 E NativeLibraryHelper: Failed to load assets verifier: 0
05-04 22:25:34.533  2475  2475 W PackageParser: Ignoring duplicate uses-permissions/uses-permissions-sdk-m: android.permission.WRITE_SECURE_SETTINGS in package: com.android.packageinstaller at: Binary XML file line #22
05-04 22:25:34.533  2475  2475 W PackageParser: Ignoring duplicate uses-permissions/uses-permissions-sdk-m: com.meizu.flyme.appcenter.permission.action.perform in package: com.android.packageinstaller at: Binary XML file line #36
05-04 22:25:34.534  2475  2475 W PackageParser: Ignoring duplicate uses-permissions/uses-permissions-sdk-m: android.permission.GET_TASKS in package: com.android.packageinstaller at: Binary XML file line #37
05-04 22:25:34.534  2475  2475 W PackageParser: Ignoring duplicate uses-permissions/uses-permissions-sdk-m: android.permission.GET_ACCOUNTS in package: com.android.packageinstaller at: Binary XML file line #38
05-04 22:25:34.534  2475  2475 W PackageParser: Ignoring duplicate uses-permissions/uses-permissions-sdk-m: android.permission.GET_PACKAGE_SIZE in package: com.android.packageinstaller at: Binary XML file line #39
05-04 22:25:34.534  2475  2475 W PackageParser: Ignoring duplicate uses-permissions/uses-permissions-sdk-m: com.meizu.flyme.appcenter.permission.EXTERNAL_INSTALL in package: com.android.packageinstaller at: Binary XML file line #40
05-04 22:25:34.534  2475  2475 W PackageParser: Ignoring duplicate uses-permissions/uses-permissions-sdk-m: com.meizu.mstore.permission.CHECK_UPDATE in package: com.android.packageinstaller at: Binary XML file line #41
05-04 22:25:34.535  2475  2475 I PackageManager: SELinux relabeling of com.android.packageinstaller issued.
05-04 22:25:34.540  2475  2475 E NativeLibraryHelper: Failed to load assets verifier: 0
05-04 22:25:34.547  2475  2475 I PackageManager: SELinux relabeling of com.meizu.perfui issued.
05-04 22:25:34.551  2475  2475 E NativeLibraryHelper: Failed to load assets verifier: 0
05-04 22:25:34.557  2475  2475 I PackageManager: SELinux relabeling of com.meizu.powersave issued.
05-04 22:25:34.561  2475  2475 E NativeLibraryHelper: Failed to load assets verifier: 0
05-04 22:25:34.564  2475  2475 I PackageManager: SELinux relabeling of com.android.proxyhandler issued.
05-04 22:25:34.567  2475  2475 E NativeLibraryHelper: Failed to load assets verifier: 0
05-04 22:25:34.570  2475  2475 W PackageParser: Ignoring duplicate uses-permissions/uses-permissions-sdk-m: android.permission.READ_PHONE_STATE in package: com.meizu.sceneinfo at: Binary XML file line #16
05-04 22:25:34.572  2475  2475 I PackageManager: SELinux relabeling of com.meizu.sceneinfo issued.
05-04 22:25:34.574  2475  2475 E NativeLibraryHelper: Failed to load assets verifier: 0
05-04 22:25:34.575  2475  2475 E PackageManager: Package: Package{183d265 com.meizu.sceneinfo} has multiple bundled libs, but is not multiarch.
05-04 22:25:34.578   510   676 I ThermalEngine: handle_thresh_sig: SS Id SKIN-SS-CPUS-ALL, Read xo_therm_buf 45000mC
05-04 22:25:34.586  2475  2475 W PackageParser: Ignoring duplicate uses-permissions/uses-permissions-sdk-m: android.permission.RECEIVE_BOOT_COMPLETED in package: com.android.settings at: Binary XML file line #62
05-04 22:25:34.608  2475  2475 I PackageManager: SELinux relabeling of com.android.settings issued.
05-04 22:25:34.616  2475  2475 E NativeLibraryHelper: Failed to load assets verifier: 0
05-04 22:25:34.622  2475  2475 I PackageManager: SELinux relabeling of com.android.providers.settings issued.
05-04 22:25:34.627  2475  2475 E NativeLibraryHelper: Failed to load assets verifier: 0
05-04 22:25:34.631  2475  2475 I PackageManager: SELinux relabeling of com.android.sharedstoragebackup issued.
05-04 22:25:34.633  2475  2475 E NativeLibraryHelper: Failed to load assets verifier: 0
05-04 22:25:34.638  2475  2475 W PackageParser: Ignoring duplicate uses-permissions/uses-permissions-sdk-m: android.permission.INSTALL_GRANT_RUNTIME_PERMISSIONS in package: com.android.shell at: Binary XML file line #101
05-04 22:25:34.639  2475  2475 I PackageManager: SELinux relabeling of com.android.shell issued.
05-04 22:25:34.642  2475  2475 E NativeLibraryHelper: Failed to load assets verifier: 0
05-04 22:25:34.650  2475  2475 I PackageManager: SELinux relabeling of com.android.soundrecorder issued.
05-04 22:25:34.655  2475  2475 E NativeLibraryHelper: Failed to load assets verifier: 0
05-04 22:25:34.659  2475  2475 I PackageManager: SELinux relabeling of com.android.statementservice issued.
05-04 22:25:34.663  2475  2475 E NativeLibraryHelper: Failed to load assets verifier: 0
05-04 22:25:34.674  2475  2475 W PackageParser: No actions in intent filter at /system/priv-app/SystemUI/SystemUI.apk Binary XML file line #184
05-04 22:25:34.675  2475  2475 I PackageManager: SELinux relabeling of com.android.systemui issued.
05-04 22:25:34.681  2475  2475 E NativeLibraryHelper: Failed to load assets verifier: 0
05-04 22:25:34.682  2475  2475 E PackageManager: Package: Package{f60c491 com.android.systemui} has multiple bundled libs, but is not multiarch.
05-04 22:25:34.689  2475  2475 I PackageManager: SELinux relabeling of com.flyme.systemuitools issued.
05-04 22:25:34.694  2475  2475 E NativeLibraryHelper: Failed to load assets verifier: 0
05-04 22:25:34.695  2475  2475 E PackageManager: Package: Package{1aec883 com.flyme.systemuitools} has multiple bundled libs, but is not multiarch.
05-04 22:25:34.699  2475  2475 I PackageManager: SELinux relabeling of com.android.apps.tag issued.
05-04 22:25:34.702  2475  2475 E NativeLibraryHelper: Failed to load assets verifier: 0
05-04 22:25:34.710  2475  2475 W PackageParser: Ignoring duplicate uses-permissions/uses-permissions-sdk-m: android.permission.READ_PRIVILEGED_PHONE_STATE in package: com.android.phone at: Binary XML file line #59
05-04 22:25:34.717  2475  2475 I PackageManager: SELinux relabeling of com.android.phone issued.
05-04 22:25:34.723  2475  2475 E NativeLibraryHelper: Failed to load assets verifier: 0
05-04 22:25:34.732  2475  2475 I PackageManager: SELinux relabeling of com.android.server.telecom issued.
05-04 22:25:34.738  2475  2475 E NativeLibraryHelper: Failed to load assets verifier: 0
05-04 22:25:34.743  2475  2475 I PackageManager: SELinux relabeling of com.android.providers.telephony issued.
05-04 22:25:34.746  2475  2475 E NativeLibraryHelper: Failed to load assets verifier: 0
05-04 22:25:34.754  2475  2475 W PackageParser: Ignoring duplicate uses-permissions/uses-permissions-sdk-m: android.permission.WRITE_EXTERNAL_STORAGE in package: com.meizu.media.video at: Binary XML file line #69
05-04 22:25:34.760  2475  2475 I PackageManager: SELinux relabeling of com.meizu.media.video issued.
05-04 22:25:34.777  2475  2475 I PackageManager: SELinux relabeling of com.meizu.voiceassistant issued.
05-04 22:25:34.783  2475  2475 E NativeLibraryHelper: Failed to load assets verifier: 0
05-04 22:25:34.783  2475  2475 E PackageManager: Package: Package{6089e0d com.meizu.voiceassistant} has multiple bundled libs, but is not multiarch.
05-04 22:25:34.789  2475  2475 I PackageManager: SELinux relabeling of com.android.vpndialogs issued.
05-04 22:25:34.793  2475  2475 E NativeLibraryHelper: Failed to load assets verifier: 0
05-04 22:25:34.806  2475  2475 I PackageManager: SELinux relabeling of com.meizu.flyme.wallet issued.
05-04 22:25:34.811  2475  2475 E NativeLibraryHelper: Failed to load assets verifier: 0
05-04 22:25:34.817  2475  2475 I PackageManager: SELinux relabeling of com.android.wallpapercropper issued.
05-04 22:25:34.819  2475  2475 E NativeLibraryHelper: Failed to load assets verifier: 0
05-04 22:25:34.825  2475  2475 W PackageParser: Ignoring duplicate uses-permissions/uses-permissions-sdk-m: android.permission.READ_EXTERNAL_STORAGE in package: com.meizu.yellowpage at: Binary XML file line #55
05-04 22:25:34.828  2475  2475 I PackageManager: SELinux relabeling of com.meizu.yellowpage issued.
05-04 22:25:34.833  2475  2475 E NativeLibraryHelper: Failed to load assets verifier: 0
05-04 22:25:34.844  2475  2475 I PackageManager: SELinux relabeling of com.android.alarmclock issued.
05-04 22:25:34.849  2475  2475 E NativeLibraryHelper: Failed to load assets verifier: 0
05-04 22:25:34.861  2475  2475 I PackageManager: SELinux relabeling of com.meizu.mstore issued.
05-04 22:25:34.867  2475  2475 E NativeLibraryHelper: Failed to load assets verifier: 0
05-04 22:25:34.874  2475  2475 W PackageParser: Ignoring duplicate uses-permissions/uses-permissions-sdk-m: android.permission.READ_CONTACTS in package: com.android.bluetooth at: Binary XML file line #64
05-04 22:25:34.876  2475  2475 W PackageParser: No actions in intent filter at /system/app/Bluetooth/Bluetooth.apk Binary XML file line #235
05-04 22:25:34.877  2475  2475 I PackageManager: SELinux relabeling of com.android.bluetooth issued.
05-04 22:25:34.881  2475  2475 E NativeLibraryHelper: Failed to load assets verifier: 0
05-04 22:25:34.886  2475  2475 W PackageParser: Unknown element under <application>: uses-feature at /system/app/BluetoothExt/BluetoothExt.apk Binary XML file line #57
05-04 22:25:34.886  2475  2475 W PackageParser: No actions in intent filter at /system/app/BluetoothExt/BluetoothExt.apk Binary XML file line #137
05-04 22:25:34.886  2475  2475 W PackageParser: No actions in intent filter at /system/app/BluetoothExt/BluetoothExt.apk Binary XML file line #161
05-04 22:25:34.887  2475  2475 I PackageManager: SELinux relabeling of org.codeaurora.bluetooth issued.
05-04 22:25:34.890  2475  2475 E NativeLibraryHelper: Failed to load assets verifier: 0
05-04 22:25:34.894  2475  2475 I PackageManager: SELinux relabeling of com.android.bluetoothmidiservice issued.
05-04 22:25:34.898  2475  2475 E NativeLibraryHelper: Failed to load assets verifier: 0
05-04 22:25:34.901  2475  2475 I PackageManager: SELinux relabeling of com.android.flyme.bridge.softsim issued.
05-04 22:25:34.904  2475  2475 E NativeLibraryHelper: Failed to load assets verifier: 0
05-04 22:25:34.910  2475  2475 W PackageParser: Ignoring duplicate uses-permissions/uses-permissions-sdk-m: android.permission.READ_EXTERNAL_STORAGE in package: com.meizu.flyme.calculator at: Binary XML file line #48
05-04 22:25:34.912  2475  2475 I PackageManager: SELinux relabeling of com.meizu.flyme.calculator issued.
05-04 22:25:34.918  2475  2475 E NativeLibraryHelper: Failed to load assets verifier: 0
05-04 22:25:34.925  2311  2311 E Netd    : netlink response contains error (File exists)
05-04 22:25:34.926  2311  2311 E Netd    : Can't add IPv4 default route to dummy0: File exists
05-04 22:25:34.929  2311  2311 E Netd    : Unable to create netlink socket: Protocol not supported
05-04 22:25:34.929  2311  2311 E Netd    : Unable to open quota socket
05-04 22:25:34.931  2311  2659 D MDnsDS  : MDnsSdListener starting to monitor
05-04 22:25:34.931  2311  2659 D MDnsDS  : Going to poll with pollCount 1
05-04 22:25:34.931  2311  2311 D MDnsDS  : MDnsSdListener::Hander starting up
05-04 22:25:34.933  2475  2475 I PackageManager: SELinux relabeling of com.android.calendar issued.
05-04 22:25:34.939  2475  2475 E NativeLibraryHelper: Failed to load assets verifier: 0
05-04 22:25:34.952  2475  2475 I PackageManager: SELinux relabeling of com.meizu.media.camera issued.
05-04 22:25:34.959  2475  2475 E NativeLibraryHelper: Failed to load assets verifier: 0
05-04 22:25:34.964  2475  2475 I PackageManager: SELinux relabeling of com.android.captiveportallogin issued.
05-04 22:25:34.967  2475  2475 E NativeLibraryHelper: Failed to load assets verifier: 0
05-04 22:25:34.973  2475  2475 I PackageManager: SELinux relabeling of com.android.certinstaller issued.
05-04 22:25:34.979  2475  2475 E NativeLibraryHelper: Failed to load assets verifier: 0
05-04 22:25:34.993  2475  2475 I PackageManager: SELinux relabeling of com.meizu.connectivitysettings issued.
05-04 22:25:35.001  2475  2475 E NativeLibraryHelper: Failed to load assets verifier: 0
05-04 22:25:35.009  2475  2475 I PackageManager: SELinux relabeling of com.flyme.virtual.softsim issued.
05-04 22:25:35.013  2475  2475 E NativeLibraryHelper: Failed to load assets verifier: 0
05-04 22:25:35.014  2475  2475 E PackageManager: Package: Package{25ea125 com.flyme.virtual.softsim} has multiple bundled libs, but is not multiarch.
05-04 22:25:35.022  2475  2475 I PackageManager: SELinux relabeling of com.meizu.desktopbackup issued.
05-04 22:25:35.028  2475  2475 E NativeLibraryHelper: Failed to load assets verifier: 0
05-04 22:25:35.031  2475  2475 W PackageManager: Permission com.meizu.desktopbackup.permission.READ_WRITE_SYNC_INFO from package com.meizu.desktopbackup in an unknown group android.permission-group.PERSONAL_INFO
05-04 22:25:35.037  2475  2475 I PackageManager: SELinux relabeling of com.meizu.documentsui issued.
05-04 22:25:35.043  2475  2475 E NativeLibraryHelper: Failed to load assets verifier: 0
05-04 22:25:35.053  2475  2475 I PackageManager: SELinux relabeling of com.android.providers.downloads.ui issued.
05-04 22:25:35.059  2475  2475 E NativeLibraryHelper: Failed to load assets verifier: 0
05-04 22:25:35.070  2475  2475 W PackageParser: No actions in intent filter at /system/app/FileManager/FileManager.apk Binary XML file line #258
05-04 22:25:35.074  2475  2475 I PackageManager: SELinux relabeling of com.meizu.filemanager issued.
05-04 22:25:35.082  2475  2475 E NativeLibraryHelper: Failed to load assets verifier: 0
05-04 22:25:35.090   510   676 I ThermalEngine: handle_thresh_sig: SS Id SKIN-SS-CPUS-ALL, Read xo_therm_buf 45000mC
05-04 22:25:35.093  2475  2475 W PackageParser: Unknown element under <manifest>: meta-data at /system/app/GameCenter/GameCenter.apk Binary XML file line #60
05-04 22:25:35.099  2475  2475 I PackageManager: SELinux relabeling of com.meizu.flyme.gamecenter issued.
05-04 22:25:35.107  2475  2475 E NativeLibraryHelper: Failed to load assets verifier: 0
05-04 22:25:35.115  2475  2475 I PackageManager: SELinux relabeling of com.android.htmlviewer issued.
05-04 22:25:35.119  2475  2475 E NativeLibraryHelper: Failed to load assets verifier: 0
05-04 22:25:35.126  2475  2475 I PackageManager: SELinux relabeling of com.iflytek.speechsuite issued.
05-04 22:25:35.131  2475  2475 E NativeLibraryHelper: Failed to load assets verifier: 0
05-04 22:25:35.137  2475  2475 I PackageManager: SELinux relabeling of com.android.keychain issued.
05-04 22:25:35.141  2475  2475 E NativeLibraryHelper: Failed to load assets verifier: 0
05-04 22:25:35.158  2475  2475 I PackageManager: SELinux relabeling of com.meizu.media.life issued.
05-04 22:25:35.163  2301  2301 I ServiceManager: Waiting for service media.camera.proxy...
05-04 22:25:35.173  2475  2475 I PackageManager: SELinux relabeling of com.ibimuyu.lockscreen issued.
05-04 22:25:35.177  2475  2475 E NativeLibraryHelper: Failed to load assets verifier: 0
05-04 22:25:35.185  2475  2475 W PackageParser: Ignoring duplicate uses-permissions/uses-permissions-sdk-m: android.permission.MANAGE_ACCOUNTS in package: com.meizu.flyme.mall at: Binary XML file line #18
05-04 22:25:35.185  2475  2475 W PackageParser: Ignoring duplicate uses-permissions/uses-permissions-sdk-m: android.permission.USE_CREDENTIALS in package: com.meizu.flyme.mall at: Binary XML file line #19
05-04 22:25:35.191  2475  2475 I PackageManager: SELinux relabeling of com.meizu.flyme.mall issued.
05-04 22:25:35.197  2475  2475 E NativeLibraryHelper: Failed to load assets verifier: 0
05-04 22:25:35.212  2475  2475 I PackageManager: SELinux relabeling of com.meizu.net.map issued.
05-04 22:25:35.240  2475  2475 I PackageManager: SELinux relabeling of com.meizu.account issued.
05-04 22:25:35.247  2475  2475 E NativeLibraryHelper: Failed to load assets verifier: 0
05-04 22:25:35.248  2475  2475 E PackageManager: Package: Package{2132c80 com.meizu.account} has multiple bundled libs, but is not multiarch.
05-04 22:25:35.257  2475  2475 W PackageParser: Ignoring duplicate uses-permissions/uses-permissions-sdk-m: android.permission.READ_EXTERNAL_STORAGE in package: com.meizu.battery at: Binary XML file line #76
05-04 22:25:35.258  2475  2475 W PackageParser: No actions in intent filter at /system/app/MzBatteryManager/MzBatteryManager.apk Binary XML file line #184
05-04 22:25:35.260  2475  2475 I PackageManager: SELinux relabeling of com.meizu.battery issued.
05-04 22:25:35.265  2300  2329 I ServiceManager: Waiting for service permission...
05-04 22:25:35.267  2475  2475 E NativeLibraryHelper: Failed to load assets verifier: 0
05-04 22:25:35.275  2475  2475 I PackageManager: SELinux relabeling of com.meizu.cloud issued.
05-04 22:25:35.280  2475  2475 E NativeLibraryHelper: Failed to load assets verifier: 0
05-04 22:25:35.296  2475  2475 I PackageManager: SELinux relabeling of com.meizu.compaign issued.
05-04 22:25:35.304  2475  2475 E NativeLibraryHelper: Failed to load assets verifier: 0
05-04 22:25:35.310  2475  2475 I PackageManager: SELinux relabeling of com.meizu.mzcountservice issued.
05-04 22:25:35.314  2475  2475 E NativeLibraryHelper: Failed to load assets verifier: 0
05-04 22:25:35.322  2475  2475 W PackageParser: Ignoring duplicate uses-permissions/uses-permissions-sdk-m: android.permission.READ_EXTERNAL_STORAGE in package: com.meizu.account.pay at: Binary XML file line #39
05-04 22:25:35.327  2475  2475 I PackageManager: SELinux relabeling of com.meizu.account.pay issued.
05-04 22:25:35.335  2475  2475 E NativeLibraryHelper: Failed to load assets verifier: 0
05-04 22:25:35.347  2475  2475 I PackageManager: SELinux relabeling of com.meizu.flyme.service.find issued.
05-04 22:25:35.355  2475  2475 E NativeLibraryHelper: Failed to load assets verifier: 0
05-04 22:25:35.376  2475  2475 I PackageManager: SELinux relabeling of com.meizu.safe issued.
05-04 22:25:35.384  2475  2475 E NativeLibraryHelper: Failed to load assets verifier: 0
05-04 22:25:35.384  2475  2475 E PackageManager: Package: Package{c45771c com.meizu.safe} has multiple bundled libs, but is not multiarch.
05-04 22:25:35.394  2475  2475 I PackageManager: SELinux relabeling of com.meizu.setup issued.
05-04 22:25:35.399  2475  2475 E NativeLibraryHelper: Failed to load assets verifier: 0
05-04 22:25:35.400  2475  2475 E PackageManager: Package: Package{b559fdc com.meizu.setup} has multiple bundled libs, but is not multiarch.
05-04 22:25:35.415  2475  2475 I PackageManager: SELinux relabeling of com.meizu.share issued.
05-04 22:25:35.421  2475  2475 E NativeLibraryHelper: Failed to load assets verifier: 0
05-04 22:25:35.430  2475  2475 I PackageManager: SELinux relabeling of com.meizu.mzsimcontacts issued.
05-04 22:25:35.436  2475  2475 E NativeLibraryHelper: Failed to load assets verifier: 0
05-04 22:25:35.446  2475  2475 W PackageParser: No actions in intent filter at /system/app/MzSyncService/MzSyncService.apk Binary XML file line #345
05-04 22:25:35.448  2475  2475 I PackageManager: SELinux relabeling of com.meizu.mzsyncservice issued.
05-04 22:25:35.455  2475  2475 E NativeLibraryHelper: Failed to load assets verifier: 0
05-04 22:25:35.457  2475  2475 W PackageManager: Permission com.meizu.mzsyncservice.permission.READ_WRITE_SYNC_INFO from package com.meizu.mzsyncservice in an unknown group android.permission-group.PERSONAL_INFO
05-04 22:25:35.467  2475  2475 I PackageManager: SELinux relabeling of com.meizu.flyme.update issued.
05-04 22:25:35.473  2475  2475 E NativeLibraryHelper: Failed to load assets verifier: 0
05-04 22:25:35.473  2475  2475 E PackageManager: Package: Package{1e99c82 com.meizu.flyme.update} has multiple bundled libs, but is not multiarch.
05-04 22:25:35.483  2475  2475 I PackageManager: SELinux relabeling of com.flyme.netadmin issued.
05-04 22:25:35.489  2475  2475 E NativeLibraryHelper: Failed to load assets verifier: 0
05-04 22:25:35.490  2475  2475 E PackageManager: Package: Package{b86b539 com.flyme.netadmin} has multiple bundled libs, but is not multiarch.
05-04 22:25:35.492   579   727 E slim_daemon: [NDK] bindNDKSensors: Sensor server is unavailable.
05-04 22:25:35.499  2475  2475 W PackageParser: Unknown element under <manifest>: meta-data at /system/app/NotePaper/NotePaper.apk Binary XML file line #13
05-04 22:25:35.505  2475  2475 I PackageManager: SELinux relabeling of com.meizu.notepaper issued.
05-04 22:25:35.512  2475  2475 E NativeLibraryHelper: Failed to load assets verifier: 0
05-04 22:25:35.517  2475  2475 I PackageManager: SELinux relabeling of com.android.pacprocessor issued.
05-04 22:25:35.521  2475  2475 E NativeLibraryHelper: Failed to load assets verifier: 0
05-04 22:25:35.522  2475  2475 E PackageManager: Package: Package{abaa98c com.android.pacprocessor} has multiple bundled libs, but is not multiarch.
05-04 22:25:35.531  2475  2475 W PackageParser: No actions in intent filter at /system/app/Pedometer/Pedometer.apk Binary XML file line #187
05-04 22:25:35.534  2475  2475 I PackageManager: SELinux relabeling of com.meizu.net.pedometer issued.
05-04 22:25:35.545  2475  2475 E NativeLibraryHelper: Failed to load assets verifier: 0
05-04 22:25:35.556  2475  2475 I PackageManager: SELinux relabeling of com.svox.pico issued.
05-04 22:25:35.561  2475  2475 E NativeLibraryHelper: Failed to load assets verifier: 0
05-04 22:25:35.567  2475  2475 I PackageManager: SELinux relabeling of com.android.printspooler issued.
05-04 22:25:35.572  2475  2475 E NativeLibraryHelper: Failed to load assets verifier: 0
05-04 22:25:35.579  2475  2475 I PackageManager: SELinux relabeling of com.meizu.privacy issued.
05-04 22:25:35.583  2475  2475 E NativeLibraryHelper: Failed to load assets verifier: 0
05-04 22:25:35.597  2475  2475 I PackageManager: SELinux relabeling of com.meizu.media.reader issued.
05-04 22:25:35.602   510   676 I ThermalEngine: handle_thresh_sig: SS Id SKIN-SS-CPUS-ALL, Read xo_therm_buf 45000mC
05-04 22:25:35.613  2475  2475 I PackageManager: SELinux relabeling of com.flyme.roamingpay issued.
05-04 22:25:35.618  2475  2475 E NativeLibraryHelper: Failed to load assets verifier: 0
05-04 22:25:35.627  2475  2475 W PackageParser: No actions in intent filter at /system/app/Search/Search.apk Binary XML file line #231
05-04 22:25:35.629  2475  2475 I PackageManager: SELinux relabeling of com.meizu.net.search issued.
05-04 22:25:35.641  2475  2475 I PackageManager: SELinux relabeling of com.android.stk issued.
05-04 22:25:35.644  2475  2475 E NativeLibraryHelper: Failed to load assets verifier: 0
05-04 22:25:35.652  2475  2475 I PackageManager: SELinux relabeling of com.meizu.systemwallpaper issued.
05-04 22:25:35.658  2475  2475 E NativeLibraryHelper: Failed to load assets verifier: 0
05-04 22:25:35.659  2475  2475 E PackageManager: Package: Package{6d10d4b com.meizu.systemwallpaper} has multiple bundled libs, but is not multiarch.
05-04 22:25:35.669  2475  2475 I PackageManager: SELinux relabeling of com.meizu.flyme.toolbox issued.
05-04 22:25:35.675  2475  2475 E NativeLibraryHelper: Failed to load assets verifier: 0
05-04 22:25:35.680  2475  2475 I PackageManager: SELinux relabeling of com.android.providers.userdictionary issued.
05-04 22:25:35.684  2475  2475 E NativeLibraryHelper: Failed to load assets verifier: 0
05-04 22:25:35.688  2475  2475 I PackageManager: SELinux relabeling of com.android.smspush issued.
05-04 22:25:35.692  2475  2475 E NativeLibraryHelper: Failed to load assets verifier: 0
05-04 22:25:35.703  2475  2475 W PackageParser: Unknown element under <application>: uses-permission at /system/app/Weather/Weather.apk Binary XML file line #371
05-04 22:25:35.703  2475  2475 W PackageParser: Unknown element under <application>: uses-permission at /system/app/Weather/Weather.apk Binary XML file line #372
05-04 22:25:35.703  2475  2475 W PackageParser: Unknown element under <application>: uses-permission at /system/app/Weather/Weather.apk Binary XML file line #373
05-04 22:25:35.703  2475  2475 W PackageParser: Unknown element under <application>: uses-permission at /system/app/Weather/Weather.apk Binary XML file line #374
05-04 22:25:35.703  2475  2475 W PackageParser: Unknown element under <application>: uses-permission at /system/app/Weather/Weather.apk Binary XML file line #375
05-04 22:25:35.703  2475  2475 W PackageParser: Unknown element under <application>: uses-permission at /system/app/Weather/Weather.apk Binary XML file line #376
05-04 22:25:35.703  2475  2475 W PackageParser: Unknown element under <application>: uses-permission at /system/app/Weather/Weather.apk Binary XML file line #377
05-04 22:25:35.704  2475  2475 W PackageParser: Unknown element under <application>: uses-permission at /system/app/Weather/Weather.apk Binary XML file line #378
05-04 22:25:35.705  2475  2475 I PackageManager: SELinux relabeling of com.meizu.flyme.weather issued.
05-04 22:25:35.712  2475  2475 E NativeLibraryHelper: Failed to load assets verifier: 0
05-04 22:25:35.719  2475  2475 I PackageManager: SELinux relabeling of com.vlife.mxlock.wallpaper issued.
05-04 22:25:35.725  2475  2475 E NativeLibraryHelper: Failed to load assets verifier: 0
05-04 22:25:35.730  2475  2475 I PackageManager: SELinux relabeling of com.android.webview issued.
05-04 22:25:35.734  2475  2475 E NativeLibraryHelper: Failed to load assets verifier: 0
05-04 22:25:35.734  2475  2475 E NativeLibraryHelper: Failed to load assets verifier: 0
05-04 22:25:35.742  2475  2475 W PackageParser: Ignoring duplicate uses-permissions/uses-permissions-sdk-m: android.permission.CHANGE_WIFI_STATE in package: com.android.nfc at: Binary XML file line #47
05-04 22:25:35.742  2475  2475 W PackageParser: Ignoring duplicate uses-permissions/uses-permissions-sdk-m: android.permission.ACCESS_WIFI_STATE in package: com.android.nfc at: Binary XML file line #48
05-04 22:25:35.744  2475  2475 I PackageManager: SELinux relabeling of com.android.nfc issued.
05-04 22:25:35.748  2475  2475 E NativeLibraryHelper: Failed to load assets verifier: 0
05-04 22:25:35.752  2475  2475 I PackageManager: SELinux relabeling of com.qti.service.colorservice issued.
05-04 22:25:35.756  2475  2475 E NativeLibraryHelper: Failed to load assets verifier: 0
05-04 22:25:35.757  2475  2475 W PackageManager: Permission com.qti.snapdragon.sdk.permission.DISPLAY_SETTINGS from package com.qti.service.colorservice in an unknown group android.permission-group.SYSTEM_TOOLS
05-04 22:25:35.758  2475  2475 W PackageManager: Failed to parse /system/vendor/app/ims: Missing base APK in /system/vendor/app/ims
05-04 22:25:35.758  2475  2475 D PackageManager: No files in app dir /oem/app
05-04 22:25:35.760  2475  2475 D PackageManager: No files in app dir /data/app
05-04 22:25:35.760  2475  2475 D PackageManager: No files in app dir /data/app-private
05-04 22:25:35.760  2475  2475 W PackageManager: Package com.meizu.flyme.wallet desires unavailable shared library org.simalliance.openmobileapi; ignoring!
05-04 22:25:35.761  2475  2475 W PackageManager: Package org.codeaurora.bluetooth desires unavailable shared library com.quicinc.wbc; ignoring!
05-04 22:25:35.761  2475  2475 W PackageManager: Package com.meizu.media.gallery desires unavailable shared library com.google.android.media.effects; ignoring!
05-04 22:25:35.761  2475  2475 E PackageManager: updateAllSharedLibrariesLPw failed: Package com.android.systemui requires unavailable shared library com.meizu.camera; failing!
05-04 22:25:35.761  2475  2475 I PackageManager: Adjusting ABI for : com.meizu.netcontactservice to armeabi
05-04 22:25:35.764  2475  2475 I PackageManager: Adjusting ABI for : flyme to arm64-v8a
05-04 22:25:35.764   494   494 E installd: invalid apk path '/system/framework/flyme-res' (bad prefix)
05-04 22:25:35.765  2475  2475 I PackageManager: Adjusting ABI for : com.meizu.flyme.childrenlauncher to arm64-v8a
05-04 22:25:35.765  2475  2475 I PackageManager: Adjusting ABI for : com.meizu.mzcountservice to arm64-v8a
05-04 22:25:35.765  2475  2475 I PackageManager: Adjusting ABI for : com.android.inputdevices to arm64-v8a
05-04 22:25:35.765  2475  2475 I PackageManager: Adjusting ABI for : com.android.keychain to arm64-v8a
05-04 22:25:35.766  2475  2475 I PackageManager: Adjusting ABI for : com.meizu.documentsui to arm64-v8a
05-04 22:25:35.766  2475  2475 I PackageManager: Adjusting ABI for : com.meizu.flyme.easylauncher to arm64-v8a
05-04 22:25:35.766  2475  2475 I PackageManager: Adjusting ABI for : com.android.packageinstaller to arm64-v8a
05-04 22:25:35.767  2475  2475 I PackageManager: Adjusting ABI for : com.meizu.alphame to arm64-v8a
05-04 22:25:35.767  2475  2475 I PackageManager: Adjusting ABI for : com.android.server.telecom to arm64-v8a
05-04 22:25:35.767  2475  2475 I PackageManager: Adjusting ABI for : com.qti.service.colorservice to arm64-v8a
05-04 22:25:35.767   494   494 E installd: invalid apk path '/system/vendor/app/colorservice' (bad prefix)
05-04 22:25:35.767  2475  2475 I PackageManager: Adjusting ABI for : com.android.settings to arm64-v8a
05-04 22:25:35.768  2475  2475 I PackageManager: Adjusting ABI for : com.meizu.experiencedatasync to arm64-v8a
05-04 22:25:35.768  2475  2475 I PackageManager: Adjusting ABI for : com.android.providers.settings to arm64-v8a
05-04 22:25:35.768  2475  2475 I PackageManager: Adjusting ABI for : com.meizu.perfui to arm64-v8a
05-04 22:25:35.769  2475  2475 I PackageManager: Adjusting ABI for : com.android.location.fused to arm64-v8a
05-04 22:25:35.769  2475  2475 I PackageManager: Adjusting ABI for : com.meizu.connectivitysettings to arm64-v8a
05-04 22:25:35.770  2475  2475 I PackageManager: Adjusting ABI for : com.meizu.logreport to arm64-v8a
05-04 22:25:35.770  2475  2475 I PackageManager: Adjusting ABI for : com.meizu.battery to arm64-v8a
05-04 22:25:35.770  2475  2475 I PackageManager: Adjusting ABI for : com.android.phone to arm64-v8a
05-04 22:25:35.771  2475  2475 I PackageManager: Adjusting ABI for : com.android.stk to arm64-v8a
05-04 22:25:35.771  2475  2475 I PackageManager: Adjusting ABI for : com.android.flyme.bridge.softsim to arm64-v8a
05-04 22:25:35.771  2475  2475 I PackageManager: Adjusting ABI for : com.android.providers.telephony to arm64-v8a
05-04 22:25:35.772  2475  2475 I PackageManager: Adjusting ABI for : com.android.mms.service to arm64-v8a
05-04 22:25:35.773  2475  2475 I PackageManager: Time to scan packages: 1.919 seconds
05-04 22:25:35.774  2475  2475 W PackageManager: Unknown permission android.permission.ROOT_RECOVERY_STATE in package com.flyme.roamingpay
05-04 22:25:35.774  2475  2475 W PackageManager: Unknown permission com.redteamobile.virtual.permission.USE_SOFTSIM in package com.flyme.roamingpay
05-04 22:25:35.774  2475  2475 W PackageManager: Unknown permission com.meizu.flyme.push.permission.RECEIVE in package com.flyme.roamingpay
05-04 22:25:35.774  2475  2475 W PackageManager: Unknown permission com.android.launcher.permission.READ_SETTINGS in package com.meizu.net.pedometer
05-04 22:25:35.775  2475  2475 W PackageManager: Unknown permission com.meizu.flyme.push.permission.RECEIVE in package com.meizu.net.pedometer
05-04 22:25:35.775  2475  2475 W PackageManager: Unknown permission android.permission.ROOT_RECOVERY_STATE in package com.meizu.net.pedometer
05-04 22:25:35.775  2475  2475 W PackageManager: Unknown permission com.google.android.googleapps.permission.GOOGLE_AUTH in package com.android.providers.calendar
05-04 22:25:35.775  2475  2475 W PackageManager: Unknown permission com.google.android.googleapps.permission.GOOGLE_AUTH.cl in package com.android.providers.calendar
05-04 22:25:35.777  2475  2475 W PackageManager: Not granting permission android.permission.INTERACT_ACROSS_USERS_FULL to package com.android.providers.calendar (protectionLevel=258 flags=0x38083e45)
05-04 22:25:35.777  2475  2475 W PackageManager: Unknown permission android.permission.ROOT_RECOVERY_STATE in package com.android.providers.media
05-04 22:25:35.777  2475  2475 W PackageManager: Unknown permission com.android.launcher.permission.READ_SETTINGS in package com.meizu.flyme.launcher
05-04 22:25:35.777  2475  2475 W PackageManager: Unknown permission com.android.launcher.permission.WRITE_SETTINGS in package com.meizu.flyme.launcher
05-04 22:25:35.777  2475  2475 W PackageManager: Not granting permission com.android.permission.WHITELIST_BLUETOOTH_DEVICE to package com.meizu.flyme.launcher (protectionLevel=2 flags=0x3808be45)
05-04 22:25:35.777  2475  2475 W PackageManager: Unknown permission com.meizu.flyme.push.permission.RECEIVE in package com.meizu.flyme.launcher
05-04 22:25:35.777  2475  2475 W PackageManager: Not granting permission android.permission.START_ANY_ACTIVITY to package com.meizu.flyme.launcher (protectionLevel=2 flags=0x3808be45)
05-04 22:25:35.777  2475  2475 W PackageManager: Not granting permission android.permission.INTERACT_ACROSS_USERS_FULL to package com.meizu.flyme.launcher (protectionLevel=258 flags=0x3808be45)
05-04 22:25:35.778  2475  2475 W PackageManager: Unknown permission android.permission.ROOT_RECOVERY_STATE in package com.meizu.flyme.launcher
05-04 22:25:35.778  2475  2475 W PackageManager: Unknown permission android.permission.READ_OWNER_DATA in package com.meizu.desktopbackup
05-04 22:25:35.778  2475  2475 W PackageManager: Unknown permission android.permission.WRITE_OWNER_DATA in package com.meizu.desktopbackup
05-04 22:25:35.778  2475  2475 W PackageManager: Unknown permission com.android.voicemail.permission.READ_WRITE_ALL_VOICEMAIL in package com.meizu.desktopbackup
05-04 22:25:35.778  2475  2475 W PackageManager: Unknown permission android.permission.BACKUP_ACCOUNTS in package com.meizu.desktopbackup
05-04 22:25:35.778  2475  2475 W PackageManager: Unknown permission android.permission.MEIZU_BACKUP_AND_RESTORE in package com.meizu.desktopbackup
05-04 22:25:35.778  2475  2475 W PackageManager: Unknown permission com.meizu.flyme.push.permission.RECEIVE in package com.meizu.desktopbackup
05-04 22:25:35.778  2475  2475 W PackageManager: Unknown permission com.meizu.c2dm.permission.RECEIVE in package com.meizu.desktopbackup
05-04 22:25:35.778  2475  2475 W PackageManager: Unknown permission android.permission.ROOT_RECOVERY_STATE in package com.meizu.desktopbackup
05-04 22:25:35.778  2475  2475 W PackageManager: Unknown permission android.permission.ROOT_RECOVERY_STATE in package com.meizu.account.pay
05-04 22:25:35.778  2475  2475 W PackageManager: Unknown permission org.simalliance.openmobileapi.SMARTCARD in package com.meizu.account.pay
05-04 22:25:35.778  2475  2475 W PackageManager: Unknown permission com.meizu.flyme.push.permission.RECEIVE in package com.android.alarmclock
05-04 22:25:35.778  2475  2475 W PackageManager: Unknown permission android.permission.ROOT_RECOVERY_STATE in package com.android.alarmclock
05-04 22:25:35.779  2475  2475 W PackageManager: Not granting permission android.permission.MOUNT_UNMOUNT_FILESYSTEMS to package com.iflytek.speechsuite (protectionLevel=18 flags=0x38083e45)
05-04 22:25:35.779  2475  2475 W PackageManager: Not granting permission android.permission.READ_LOGS to package com.iflytek.speechsuite (protectionLevel=50 flags=0x38083e45)
05-04 22:25:35.779  2475  2475 W PackageManager: Not granting permission android.permission.LOCAL_MAC_ADDRESS to package com.iflytek.speechsuite (protectionLevel=18 flags=0x38083e45)
05-04 22:25:35.779  2475  2475 W PackageManager: Not granting permission android.permission.READ_PRIVILEGED_PHONE_STATE to package com.iflytek.speechsuite (protectionLevel=18 flags=0x38083e45)
05-04 22:25:35.779  2475  2475 W PackageManager: Not granting permission android.permission.REAL_GET_TASKS to package com.iflytek.speechsuite (protectionLevel=18 flags=0x38083e45)
05-04 22:25:35.779  2475  2475 W PackageManager: Not granting permission android.permission.INTERACT_ACROSS_USERS_FULL to package com.iflytek.speechsuite (protectionLevel=258 flags=0x38083e45)
05-04 22:25:35.779  2475  2475 W PackageManager: Not granting permission android.permission.WRITE_MEDIA_STORAGE to package com.iflytek.speechsuite (protectionLevel=18 flags=0x38083e45)
05-04 22:25:35.779  2475  2475 W PackageManager: Unknown permission android.permission.RECEIVE_SMS_SUPER in package com.android.mms.service
05-04 22:25:35.779  2475  2475 W PackageManager: Unknown permission android.permission.ROOT_RECOVERY_STATE in package com.android.providers.downloads
05-04 22:25:35.779  2475  2475 W PackageManager: Not granting permission android.permission.INTERACT_ACROSS_USERS_FULL to package com.android.providers.downloads (protectionLevel=258 flags=0x3808be45)
05-04 22:25:35.779  2475  2475 W PackageManager: Unknown permission android.permission.READ_SMS_SUPER in package com.meizu.filemanager
05-04 22:25:35.779  2475  2475 W PackageManager: Unknown permission com.meizu.flyme.push.permission.RECEIVE in package com.meizu.filemanager
05-04 22:25:35.780  2475  2475 W PackageManager: Unknown permission android.permission.ROOT_RECOVERY_STATE in package com.meizu.filemanager
05-04 22:25:35.780  2475  2475 W PackageManager: Not granting permission android.permission.SEND_DOWNLOAD_COMPLETED_INTENTS to package com.android.browser (protectionLevel=2 flags=0x3849be45)
05-04 22:25:35.780  2475  2475 W PackageManager: Not granting permission android.permission.DEVICE_POWER to package com.android.browser (protectionLevel=2 flags=0x3849be45)
05-04 22:25:35.780  2475  2475 W PackageManager: Unknown permission android.permission.PERFORM_DEXOPT in package com.android.browser
05-04 22:25:35.780  2475  2475 W PackageManager: Unknown permission android.hardware.sensor.accelerometer in package com.android.browser
05-04 22:25:35.780  2475  2475 W PackageManager: Unknown permission android.permission.ROOT_RECOVERY_STATE in package com.android.browser
05-04 22:25:35.780  2475  2475 W PackageManager: Not granting permission android.permission.START_ANY_ACTIVITY to package com.android.browser (protectionLevel=2 flags=0x3849be45)
05-04 22:25:35.780  2475  2475 W PackageManager: Not granting permission android.permission.PEERS_MAC_ADDRESS to package com.android.browser (protectionLevel=2 flags=0x3849be45)
05-04 22:25:35.780  2475  2475 W PackageManager: Not granting permission android.permission.ACCESS_ALL_DOWNLOADS to package com.android.browser (protectionLevel=2 flags=0x3849be45)
05-04 22:25:35.780  2475  2475 W PackageManager: Not granting permission android.permission.INTERACT_ACROSS_USERS_FULL to package com.android.browser (protectionLevel=258 flags=0x3849be45)
05-04 22:25:35.780  2475  2475 W PackageManager: Unknown permission com.android.launcher.permission.READ_SETTINGS in package com.android.browser
05-04 22:25:35.780  2475  2475 W PackageManager: Unknown permission android.permission.READ_SETTINGS in package com.android.browser
05-04 22:25:35.780  2475  2475 W PackageManager: Unknown permission org.simalliance.openmobileapi.SMARTCARD in package com.android.browser
05-04 22:25:35.780  2475  2475 W PackageManager: Unknown permission com.meizu.flyme.push.permission.RECEIVE in package com.meizu.compaign
05-04 22:25:35.780  2475  2475 W PackageManager: Unknown permission com.meizu.c2dm.permission.RECEIVE in package com.meizu.compaign
05-04 22:25:35.781  2475  2475 W PackageManager: Unknown permission com.meizu.compaign.permission.READ_SDK_INFO in package com.meizu.compaign
05-04 22:25:35.781  2475  2475 W PackageManager: Unknown permission com.meizu.compaign.permission.SEND_NOTIFICATION in package com.meizu.compaign
05-04 22:25:35.781  2475  2475 W PackageManager: Unknown permission android.permission.ROOT_RECOVERY_STATE in package com.meizu.compaign
05-04 22:25:35.781  2475  2475 W PackageManager: Unknown permission android.webkit.permission.PLUGIN in package com.meizu.compaign
05-04 22:25:35.781  2475  2475 W PackageManager: Unknown permission com.android.voicemail.permission.READ_WRITE_ALL_VOICEMAIL in package com.android.soundrecorder
05-04 22:25:35.781  2475  2475 W PackageManager: Not granting permission com.android.permission.WHITELIST_BLUETOOTH_DEVICE to package com.android.soundrecorder (protectionLevel=2 flags=0x38483e45)
05-04 22:25:35.781  2475  2475 W PackageManager: Unknown permission com.android.usagestats.permission.READ_USAGESTATS in package com.android.soundrecorder
05-04 22:25:35.781  2475  2475 W PackageManager: Unknown permission com.android.usagestats.permission.WRITE_USAGESTATS in package com.android.soundrecorder
05-04 22:25:35.781  2475  2475 W PackageManager: Not granting permission android.permission.START_ANY_ACTIVITY to package com.android.soundrecorder (protectionLevel=2 flags=0x38483e45)
05-04 22:25:35.781  2475  2475 W PackageManager: Not granting permission android.permission.INTERACT_ACROSS_USERS_FULL to package com.android.soundrecorder (protectionLevel=258 flags=0x38483e45)
05-04 22:25:35.781  2475  2475 W PackageManager: Unknown permission android.permission.ROOT_RECOVERY_STATE in package com.android.soundrecorder
05-04 22:25:35.782  2475  2475 W PackageManager: Unknown permission com.meizu.flyme.push.permission.RECEIVE in package com.meizu.backup
05-04 22:25:35.782  2475  2475 W PackageManager: Unknown permission android.permission.ROOT_RECOVERY_STATE in package com.meizu.backup
05-04 22:25:35.782  2475  2475 I PackageManager: Un-granting permission android.permission.REAL_GET_TASKS from package com.android.providers.downloads.ui (protectionLevel=18 flags=0x38483e45)
05-04 22:25:35.782  2475  2475 W PackageManager: Not granting permission android.permission.INTERACT_ACROSS_USERS_FULL to package com.android.providers.downloads.ui (protectionLevel=258 flags=0x38483e45)
05-04 22:25:35.782  2475  2475 W PackageManager: Not granting permission android.permission.START_ANY_ACTIVITY to package com.android.providers.downloads.ui (protectionLevel=2 flags=0x38483e45)
05-04 22:25:35.782  2475  2475 W PackageManager: Unknown permission com.taobao.permission.USE_CREDENTIALS in package com.aliyun.ams.tyid
05-04 22:25:35.782  2475  2475 W PackageManager: Unknown permission com.taobao.permission.UPDATE_CREDENTIALS in package com.aliyun.ams.tyid
05-04 22:25:35.782  2475  2475 W PackageManager: Unknown permission android.permission.ACCESS_GET_TASKS in package com.aliyun.ams.tyid
05-04 22:25:35.782  2475  2475 W PackageManager: Unknown permission android.permission.ROOT_RECOVERY_STATE in package com.meizu.flyme.update
05-04 22:25:35.782  2475  2475 W PackageManager: Unknown permission com.meizu.flyme.push.permission.RECEIVE in package com.meizu.flyme.update
05-04 22:25:35.782  2475  2475 W PackageManager: Not granting permission android.permission.MOUNT_UNMOUNT_FILESYSTEMS to package com.meizu.net.map (protectionLevel=18 flags=0x38483e45)
05-04 22:25:35.782  2475  2475 W PackageManager: Not granting permission android.permission.READ_LOGS to package com.meizu.net.map (protectionLevel=50 flags=0x38483e45)
05-04 22:25:35.783  2475  2475 W PackageManager: Not granting permission android.permission.CHANGE_CONFIGURATION to package com.meizu.net.map (protectionLevel=50 flags=0x38483e45)
05-04 22:25:35.783  2475  2475 W PackageManager: Not granting permission android.permission.INSTALL_PACKAGES to package com.meizu.net.map (protectionLevel=18 flags=0x38483e45)
05-04 22:25:35.783  2475  2475 W PackageManager: Not granting permission android.permission.ACCESS_DOWNLOAD_MANAGER to package com.meizu.net.map (protectionLevel=18 flags=0x38483e45)
05-04 22:25:35.783  2475  2475 W PackageManager: Unknown permission com.android.launcher.permission.READ_SETTINGS in package com.meizu.net.map
05-04 22:25:35.783  2475  2475 W PackageManager: Not granting permission com.meizu.flyme.permission.UPDATE to package com.meizu.net.map (protectionLevel=18 flags=0x38483e45)
05-04 22:25:35.783  2475  2475 W PackageManager: Not granting permission android.permission.WRITE_SECURE_SETTINGS to package com.meizu.net.map (protectionLevel=50 flags=0x38483e45)
05-04 22:25:35.783  2475  2475 W PackageManager: Not granting permission android.permission.REAL_GET_TASKS to package com.meizu.net.map (protectionLevel=18 flags=0x38483e45)
05-04 22:25:35.783  2475  2475 W PackageManager: Not granting permission android.permission.START_ANY_ACTIVITY to package com.meizu.net.map (protectionLevel=2 flags=0x38483e45)
05-04 22:25:35.783  2475  2475 W PackageManager: Not granting permission android.permission.PEERS_MAC_ADDRESS to package com.meizu.net.map (protectionLevel=2 flags=0x38483e45)
05-04 22:25:35.783  2475  2475 W PackageManager: Not granting permission android.permission.WRITE_MEDIA_STORAGE to package com.meizu.net.map (protectionLevel=18 flags=0x38483e45)
05-04 22:25:35.783  2475  2475 W PackageManager: Not granting permission android.permission.STATUS_BAR to package com.meizu.net.map (protectionLevel=18 flags=0x38483e45)
05-04 22:25:35.783  2475  2475 W PackageManager: Not granting permission android.permission.INTERACT_ACROSS_USERS_FULL to package com.meizu.net.map (protectionLevel=258 flags=0x38483e45)
05-04 22:25:35.783  2475  2475 W PackageManager: Not granting permission android.permission.INTERACT_ACROSS_USERS to package com.meizu.net.map (protectionLevel=50 flags=0x38483e45)
05-04 22:25:35.783  2475  2475 W PackageManager: Not granting permission android.permission.READ_PRIVILEGED_PHONE_STATE to package com.meizu.net.map (protectionLevel=18 flags=0x38483e45)
05-04 22:25:35.783  2475  2475 W PackageManager: Not granting permission com.meizu.stats.permission.READ_USAGESTATS to package com.meizu.net.map (protectionLevel=18 flags=0x38483e45)
05-04 22:25:35.784  2475  2475 W PackageManager: Unknown permission android.permission.ROOT_RECOVERY_STATE in package com.meizu.net.map
05-04 22:25:35.784  2475  2475 W PackageManager: Not granting permission android.permission.LOCAL_MAC_ADDRESS to package com.meizu.net.map (protectionLevel=18 flags=0x38483e45)
05-04 22:25:35.784  2475  2475 W PackageManager: Unknown permission org.simalliance.openmobileapi.SMARTCARD in package com.meizu.flyme.wallet
05-04 22:25:35.784  2475  2475 W PackageManager: Unknown permission com.meizu.flyme.push.permission.RECEIVE in package com.meizu.flyme.wallet
05-04 22:25:35.784  2475  2475 W PackageManager: Unknown permission com.meizu.c2dm.permission.RECEIVE in package com.meizu.flyme.wallet
