05-05 22:21:29.632  2006  2006 W PackageManager: Unknown permission com.android.usagestats.permission.READ_USAGESTATS in package com.meizu.media.music
05-05 22:21:29.632  2006  2006 W PackageManager: Unknown permission com.android.usagestats.permission.WRITE_USAGESTATS in package com.meizu.media.music
05-05 22:21:29.632  2006  2006 W PackageManager: Unknown permission com.meizu.c2dm.permission.RECEIVE in package com.meizu.media.music
05-05 22:21:29.632  2006  2006 W PackageManager: Unknown permission com.meizu.flyme.push.permission.RECEIVE in package com.meizu.media.music
05-05 22:21:29.632  2006  2006 W PackageManager: Unknown permission android.permission.ROOT_RECOVERY_STATE in package com.meizu.media.music
05-05 22:21:29.632  2006  2006 W PackageManager: Not granting permission android.permission.DEVICE_POWER to package com.meizu.media.music (protectionLevel=2 flags=0x38483e45)
05-05 22:21:29.632  2006  2006 W PackageManager: Not granting permission android.permission.INTERNAL_SYSTEM_WINDOW to package com.meizu.media.music (protectionLevel=2 flags=0x38483e45)
05-05 22:21:29.632  2006  2006 W PackageManager: Unknown permission com.meizu.compaign.permission.READ_SDK_INFO in package com.meizu.media.music
05-05 22:21:29.632  2006  2006 W PackageManager: Unknown permission com.meizu.compaign.permission.SEND_NOTIFICATION in package com.meizu.media.music
05-05 22:21:29.633  2006  2006 W PackageManager: Unknown permission android.webkit.permission.PLUGIN in package com.meizu.media.music
05-05 22:21:29.633  2006  2006 W PackageManager: Not granting permission android.permission.ACCESS_ALL_DOWNLOADS to package com.meizu.media.video (protectionLevel=2 flags=0x38083e45)
05-05 22:21:29.633  2006  2006 W PackageManager: Not granting permission com.android.permission.WHITELIST_BLUETOOTH_DEVICE to package com.meizu.media.video (protectionLevel=2 flags=0x38083e45)
05-05 22:21:29.633  2006  2006 W PackageManager: Unknown permission com.android.usagestats.permission.READ_USAGESTATS in package com.meizu.media.video
05-05 22:21:29.633  2006  2006 W PackageManager: Unknown permission com.android.usagestats.permission.WRITE_USAGESTATS in package com.meizu.media.video
05-05 22:21:29.633  2006  2006 W PackageManager: Unknown permission android.permission.TYPE_PHONE in package com.meizu.media.video
05-05 22:21:29.633  2006  2006 W PackageManager: Not granting permission android.permission.INTERNAL_SYSTEM_WINDOW to package com.meizu.media.video (protectionLevel=2 flags=0x38083e45)
05-05 22:21:29.633  2006  2006 W PackageManager: Unknown permission com.meizu.flyme.push.permission.RECEIVE in package com.meizu.media.video
05-05 22:21:29.633  2006  2006 W PackageManager: Unknown permission com.meizu.c2dm.permission.RECEIVE in package com.meizu.media.video
05-05 22:21:29.633  2006  2006 W PackageManager: Unknown permission android.permission.ROOT_RECOVERY_STATE in package com.meizu.media.video
05-05 22:21:29.633  2006  2006 W PackageManager: Unknown permission com.meizu.compaign.permission.READ_SDK_INFO in package com.meizu.media.video
05-05 22:21:29.633  2006  2006 W PackageManager: Unknown permission com.meizu.compaign.permission.SEND_NOTIFICATION in package com.meizu.media.video
05-05 22:21:29.634  2006  2006 W PackageManager: Not granting permission android.permission.DELETE_PACKAGES to package com.svox.pico (protectionLevel=18 flags=0x3808be45)
05-05 22:21:29.634  2006  2006 W PackageManager: Not granting permission com.android.permission.WHITELIST_BLUETOOTH_DEVICE to package com.meizu.media.gallery (protectionLevel=2 flags=0x3858be45)
05-05 22:21:29.634  2006  2006 W PackageManager: Not granting permission android.permission.INTERACT_ACROSS_USERS_FULL to package com.meizu.media.gallery (protectionLevel=258 flags=0x3858be45)
05-05 22:21:29.634  2006  2006 W PackageManager: Not granting permission android.permission.ACCESS_ALL_DOWNLOADS to package com.meizu.media.gallery (protectionLevel=2 flags=0x3858be45)
05-05 22:21:29.634  2006  2006 W PackageManager: Unknown permission com.android.usagestats.permission.WRITE_USAGESTATS in package com.meizu.media.gallery
05-05 22:21:29.634  2006  2006 W PackageManager: Unknown permission com.android.usagestats.permission.READ_USAGESTATS in package com.meizu.media.gallery
05-05 22:21:29.634  2006  2006 W PackageManager: Not granting permission android.permission.ACCESS_SURFACE_FLINGER to package com.meizu.media.gallery (protectionLevel=2 flags=0x3858be45)
05-05 22:21:29.634  2006  2006 W PackageManager: Unknown permission android.Manifest.permission.RECEIVE_BOOT_COMPLETED in package com.meizu.media.gallery
05-05 22:21:29.634  2006  2006 W PackageManager: Unknown permission com.meizu.flyme.push.permission.RECEIVE in package com.meizu.media.gallery
05-05 22:21:29.634  2006  2006 W PackageManager: Unknown permission com.meizu.c2dm.permission.RECEIVE in package com.meizu.media.gallery
05-05 22:21:29.634  2006  2006 W PackageManager: Unknown permission com.meizu.flyme.wlauncher.permission.BIND_WATCHSERVISE in package com.meizu.media.gallery
05-05 22:21:29.634  2006  2006 W PackageManager: Unknown permission android.permission.ROOT_RECOVERY_STATE in package com.meizu.media.gallery
05-05 22:21:29.634  2006  2006 W PackageManager: Unknown permission com.meizu.compaign.permission.READ_SDK_INFO in package com.meizu.media.gallery
05-05 22:21:29.634  2006  2006 W PackageManager: Unknown permission com.meizu.compaign.permission.SEND_NOTIFICATION in package com.meizu.media.gallery
05-05 22:21:29.634  2006  2006 W PackageManager: Unknown permission android.webkit.permission.PLUGIN in package com.meizu.media.gallery
05-05 22:21:29.634  2006  2006 W PackageManager: Unknown permission android.permission.WRITE_OWNER_DATA in package com.meizu.logreport
05-05 22:21:29.634  2006  2006 W PackageManager: Unknown permission android.permission.MOUNT_UNMOUNT_FILESYSTEM in package com.meizu.logreport
05-05 22:21:29.635  2006  2006 W PackageManager: Unknown permission android.permission.ROOT_RECOVERY_STATE in package com.meizu.logreport
05-05 22:21:29.635  2006  2006 W PackageManager: Unknown permission com.meizu.flyme.push.permission.RECEIVE in package com.flyme.netadmin
05-05 22:21:29.635  2006  2006 W PackageManager: Unknown permission android.permission.ROOT_RECOVERY_STATE in package com.flyme.netadmin
05-05 22:21:29.635  2006  2006 W PackageManager: Unknown permission com.meizu.flyme.push.permission.RECEIVE in package com.meizu.flyme.mall
05-05 22:21:29.635  2006  2006 W PackageManager: Unknown permission android.permission.ROOT_RECOVERY_STATE in package com.meizu.flyme.mall
05-05 22:21:29.635  2006  2006 W PackageManager: Unknown permission com.meizu.flyme.push.permission.RECEIVE in package com.meizu.voiceassistant
05-05 22:21:29.635  2006  2006 W PackageManager: Unknown permission android.permission.ROOT_RECOVERY_STATE in package com.meizu.voiceassistant
05-05 22:21:29.635  2006  2006 W PackageManager: Unknown permission com.meizu.flymecommunication.permission.CLOUD_PROVIDER_WRITE in package com.meizu.cloud
05-05 22:21:29.635  2006  2006 W PackageManager: Unknown permission com.meizu.flyme.push.permission.RECEIVE in package com.meizu.cloud
05-05 22:21:29.636  2006  2006 W PackageManager: Unknown permission com.meizu.cloud.permission.CLOUD_PROVIDER_WRITE in package com.meizu.cloud
05-05 22:21:29.636  2006  2006 W PackageManager: Unknown permission android.permission.ROOT_RECOVERY_STATE in package com.meizu.cloud
05-05 22:21:29.636  2006  2006 W PackageManager: Unknown permission android.permission.READ_SMS_SUPER in package com.meizu.setup
05-05 22:21:29.636  2006  2006 W PackageManager: Unknown permission android.provider.Telephony.SMS_RECEIVED in package com.meizu.setup
05-05 22:21:29.636  2006  2006 W PackageManager: Unknown permission android.permission.ROOT_RECOVERY_STATE in package com.meizu.setup
05-05 22:21:29.636  2006  2006 W PackageManager: Unknown permission com.google.android.gallery3d.permission.GALLERY_PROVIDER in package com.meizu.share
05-05 22:21:29.636  2006  2006 W PackageManager: Unknown permission com.android.gallery3d.permission.GALLERY_PROVIDER in package com.meizu.share
05-05 22:21:29.636  2006  2006 W PackageManager: Unknown permission com.google.android.gm.permission.READ_GMAIL in package com.meizu.share
05-05 22:21:29.636  2006  2006 W PackageManager: Unknown permission com.meizu.flyme.push.permission.RECEIVE in package com.meizu.share
05-05 22:21:29.636  2006  2006 W PackageManager: Unknown permission android.permission.ROOT_RECOVERY_STATE in package com.meizu.share
05-05 22:21:29.636  2006  2006 W PackageManager: Unknown permission com.android.launcher.permission.READ_SETTINGS in package com.meizu.flyme.easylauncher
05-05 22:21:29.636  2006  2006 W PackageManager: Unknown permission com.android.launcher.permission.WRITE_SETTINGS in package com.meizu.flyme.easylauncher
05-05 22:21:29.636  2006  2006 W PackageManager: Unknown permission android.permission.ROOT_RECOVERY_STATE in package com.meizu.flyme.easylauncher
05-05 22:21:29.637  2006  2006 W PackageManager: Unknown permission com.android.vendors.bridge.permission.USE_SOFTSIM in package com.flyme.virtual.softsim
05-05 22:21:29.637  2006  2006 W PackageManager: Unknown permission android.permission.ROOT_RECOVERY_STATE in package com.flyme.virtual.softsim
05-05 22:21:29.639  2006  2006 W PackageManager: Unknown permission com.google.android.googleapps.permission.GOOGLE_AUTH in package com.android.settings
05-05 22:21:29.639  2006  2006 W PackageManager: Unknown permission com.android.launcher.permission.READ_SETTINGS in package com.android.settings
05-05 22:21:29.639  2006  2006 W PackageManager: Unknown permission com.android.launcher.permission.WRITE_SETTINGS in package com.android.settings
05-05 22:21:29.640  2006  2006 W PackageManager: Unknown permission android.permission.ROOT_RECOVERY_STATE in package com.meizu.battery
05-05 22:21:29.640  2006  2006 W PackageManager: Unknown permission android.permission.READ_OWNER_DATA in package com.meizu.mzsyncservice
05-05 22:21:29.640  2006  2006 W PackageManager: Unknown permission android.permission.WRITE_OWNER_DATA in package com.meizu.mzsyncservice
05-05 22:21:29.640  2006  2006 W PackageManager: Unknown permission android.permission.READ_CONTACTS_SUPER in package com.meizu.mzsyncservice
05-05 22:21:29.640  2006  2006 W PackageManager: Unknown permission android.permission.WRITE_CONTACTS_SUPER in package com.meizu.mzsyncservice
05-05 22:21:29.640  2006  2006 W PackageManager: Unknown permission android.permission.READ_SMS_SUPER in package com.meizu.mzsyncservice
05-05 22:21:29.640  2006  2006 W PackageManager: Unknown permission android.permission.WRITE_SMS_SUPER in package com.meizu.mzsyncservice
05-05 22:21:29.640  2006  2006 W PackageManager: Unknown permission com.android.voicemail.permission.READ_WRITE_ALL_VOICEMAIL in package com.meizu.mzsyncservice
05-05 22:21:29.640  2006  2006 W PackageManager: Unknown permission android.permission.BACKUP_ACCOUNTS in package com.meizu.mzsyncservice
05-05 22:21:29.640  2006  2006 W PackageManager: Unknown permission android.permission.MEIZU_BACKUP_AND_RESTORE in package com.meizu.mzsyncservice
05-05 22:21:29.640  2006  2006 W PackageManager: Unknown permission com.meizu.flyme.push.permission.RECEIVE in package com.meizu.mzsyncservice
05-05 22:21:29.640  2006  2006 W PackageManager: Unknown permission com.meizu.c2dm.permission.RECEIVE in package com.meizu.mzsyncservice
05-05 22:21:29.640  2006  2006 W PackageManager: Unknown permission android.permission.ROOT_RECOVERY_STATE in package com.meizu.mzsyncservice
05-05 22:21:29.641  2006  2006 W PackageManager: Not granting permission android.permission.BATTERY_STATS to package com.vlife.mxlock.wallpaper (protectionLevel=50 flags=0x18083e45)
05-05 22:21:29.641  2006  2006 W PackageManager: Unknown permission com.meizu.flyme.push.permission.RECEIVE in package com.meizu.flyme.input
05-05 22:21:29.641  2006  2006 W PackageManager: Unknown permission com.meizu.flyme.wlauncher.permission.GLINT_EVENT in package com.meizu.flyme.input
05-05 22:21:29.641  2006  2006 W PackageManager: Not granting permission android.permission.START_ANY_ACTIVITY to package com.meizu.flyme.input (protectionLevel=2 flags=0x38483e45)
05-05 22:21:29.641  2006  2006 W PackageManager: Not granting permission android.permission.INTERACT_ACROSS_USERS_FULL to package com.meizu.flyme.input (protectionLevel=258 flags=0x38483e45)
05-05 22:21:29.641  2006  2006 W PackageManager: Unknown permission android.permission.ROOT_RECOVERY_STATE in package com.meizu.flyme.input
05-05 22:21:29.641  2006  2006 W PackageManager: Unknown permission android.permission.ROOT_RECOVERY_STATE in package com.android.email
05-05 22:21:29.641  2006  2006 W PackageManager: Unknown permission com.meizu.flyme.push.permission.RECEIVE in package com.android.email
05-05 22:21:29.641  2006  2006 W PackageManager: Unknown permission android.permission.send.MEIZU_FINDPHONE_CHANGED in package com.meizu.flyme.service.find
05-05 22:21:29.641  2006  2006 W PackageManager: Unknown permission android.permission.ROOT_RECOVERY_STATE in package com.meizu.flyme.service.find
05-05 22:21:29.642  2006  2006 W PackageManager: Unknown permission meizu.permission.FLYME_TELECOM in package com.android.phone
05-05 22:21:29.642  2006  2006 W PackageManager: Unknown permission meizu.permission.CALLBACK_OPEN in package com.android.phone
05-05 22:21:29.642  2006  2006 W PackageManager: Unknown permission meizu.permission.FLYME_TELECOM_PROVIDER_READ in package com.android.phone
05-05 22:21:29.642  2006  2006 W PackageManager: Unknown permission android.permission.ROOT_RECOVERY_STATE in package com.meizu.customizecenter
05-05 22:21:29.642  2006  2006 W PackageManager: Unknown permission android.webkit.permission.PLUGIN in package com.meizu.customizecenter
05-05 22:21:29.642  2006  2006 W PackageManager: Unknown permission android.permission.ROOT_RECOVERY_STATE in package com.meizu.flyme.gamecenter
05-05 22:21:29.642  2006  2006 W PackageManager: Unknown permission com.meizu.flyme.push.permission.RECEIVE in package com.meizu.flyme.gamecenter
05-05 22:21:29.642  2006  2006 W PackageManager: Unknown permission com.meizu.c2dm.permission.RECEIVE in package com.meizu.flyme.gamecenter
05-05 22:21:29.642  2006  2006 W PackageManager: Unknown permission com.meizu.compaign.permission.READ_SDK_INFO in package com.meizu.flyme.gamecenter
05-05 22:21:29.642  2006  2006 W PackageManager: Unknown permission com.meizu.compaign.permission.SEND_NOTIFICATION in package com.meizu.flyme.gamecenter
05-05 22:21:29.643  2006  2006 W PackageManager: Unknown permission android.permission.ACCESS_ALL_EXTERNAL_STORAGE in package com.android.systemui
05-05 22:21:29.643  2006  2006 W PackageManager: Unknown permission android.permission.ROOT_RECOVERY_STATE in package com.android.systemui
05-05 22:21:29.643  2006  2006 W PackageManager: Unknown permission android.Manifest.permission.READ_PRIVILEGED_PHONE_STATE in package com.android.systemui
05-05 22:21:29.643  2006  2006 W PackageManager: Unknown permission com.android.usagestats.permission.READ_USAGESTATS in package com.meizu.experiencedatasync
05-05 22:21:29.643  2006  2006 W PackageManager: Unknown permission com.android.usagestats.permission.WRITE_USAGESTATS in package com.meizu.experiencedatasync
05-05 22:21:29.643  2006  2006 W PackageManager: Unknown permission android.permission.ROOT_RECOVERY_STATE in package com.meizu.experiencedatasync
05-05 22:21:29.643  2006  2006 W PackageManager: Unknown permission com.android.voicemail.permission.READ_WRITE_ALL_VOICEMAIL in package com.meizu.callsetting
05-05 22:21:29.643  2006  2006 W PackageManager: Unknown permission com.android.usagestats.permission.READ_USAGESTATS in package com.meizu.callsetting
05-05 22:21:29.643  2006  2006 W PackageManager: Unknown permission com.android.usagestats.permission.WRITE_USAGESTATS in package com.meizu.callsetting
05-05 22:21:29.645  2006  2006 W PackageManager: Unknown permission meizu.permission.FLYME_TELECOM in package com.meizu.callsetting
05-05 22:21:29.645  2006  2006 W PackageManager: Unknown permission meizu.permission.FLYME_TELECOM_PROVIDER_READ in package com.meizu.callsetting
05-05 22:21:29.646  2006  2006 W PackageManager: Unknown permission android.permission.ROOT_RECOVERY_STATE in package com.meizu.callsetting
05-05 22:21:29.646  2006  2006 W PackageManager: Unknown permission com.meizu.flyme.push.permission.RECEIVE in package com.meizu.netcontactservice
05-05 22:21:29.646  2006  2006 W PackageManager: Unknown permission meizu.permission.FLYME_TELECOM in package com.meizu.netcontactservice
05-05 22:21:29.646  2006  2006 W PackageManager: Unknown permission android.permission.ROOT_RECOVERY_STATE in package com.meizu.netcontactservice
05-05 22:21:29.646  2006  2006 W PackageManager: Unknown permission com.google.android.gallery3d.permission.GALLERY_PROVIDER in package com.android.bluetooth
05-05 22:21:29.646  2006  2006 W PackageManager: Unknown permission com.android.gallery3d.permission.GALLERY_PROVIDER in package com.android.bluetooth
05-05 22:21:29.646  2006  2006 W PackageManager: Unknown permission android.permission.ROOT_RECOVERY_STATE in package com.meizu.media.life
05-05 22:21:29.646  2006  2006 W PackageManager: Not granting permission android.permission.CHANGE_CONFIGURATION to package com.meizu.media.life (protectionLevel=50 flags=0x38483e45)
05-05 22:21:29.646  2006  2006 W PackageManager: Not granting permission com.meizu.flyme.permission.UPDATE to package com.meizu.media.life (protectionLevel=18 flags=0x38483e45)
05-05 22:21:29.646  2006  2006 W PackageManager: Unknown permission com.meizu.flyme.push.permission.RECEIVE in package com.meizu.media.life
05-05 22:21:29.646  2006  2006 W PackageManager: Not granting permission android.permission.INSTALL_PACKAGES to package com.meizu.media.life (protectionLevel=18 flags=0x38483e45)
05-05 22:21:29.646  2006  2006 W PackageManager: Not granting permission android.permission.WRITE_SECURE_SETTINGS to package com.meizu.media.life (protectionLevel=50 flags=0x38483e45)
05-05 22:21:29.647  2006  2006 W PackageManager: Not granting permission android.permission.START_ANY_ACTIVITY to package com.meizu.media.life (protectionLevel=2 flags=0x38483e45)
05-05 22:21:29.647  2006  2006 W PackageManager: Not granting permission android.permission.PEERS_MAC_ADDRESS to package com.meizu.media.life (protectionLevel=2 flags=0x38483e45)
05-05 22:21:29.647  2006  2006 W PackageManager: Not granting permission android.permission.READ_PRIVILEGED_PHONE_STATE to package com.meizu.media.life (protectionLevel=18 flags=0x38483e45)
05-05 22:21:29.647  2006  2006 W PackageManager: Not granting permission android.permission.STATUS_BAR to package com.meizu.media.life (protectionLevel=18 flags=0x38483e45)
05-05 22:21:29.647  2006  2006 W PackageManager: Not granting permission android.permission.REAL_GET_TASKS to package com.meizu.media.life (protectionLevel=18 flags=0x38483e45)
05-05 22:21:29.647  2006  2006 W PackageManager: Not granting permission android.permission.INTERACT_ACROSS_USERS_FULL to package com.meizu.media.life (protectionLevel=258 flags=0x38483e45)
05-05 22:21:29.647  2006  2006 W PackageManager: Not granting permission android.permission.WRITE_MEDIA_STORAGE to package com.meizu.media.life (protectionLevel=18 flags=0x38483e45)
05-05 22:21:29.647  2006  2006 W PackageManager: Unknown permission android.webkit.permission.PLUGIN in package com.meizu.media.life
05-05 22:21:29.647  2006  2006 W PackageManager: Not granting permission android.permission.ACCESS_DOWNLOAD_MANAGER to package com.meizu.media.life (protectionLevel=18 flags=0x38483e45)
05-05 22:21:29.647  2006  2006 W PackageManager: Not granting permission com.meizu.stats.permission.READ_USAGESTATS to package com.meizu.media.life (protectionLevel=18 flags=0x38483e45)
05-05 22:21:29.647  2006  2006 W PackageManager: Not granting permission android.permission.LOCAL_MAC_ADDRESS to package com.meizu.media.life (protectionLevel=18 flags=0x38483e45)
05-05 22:21:29.648  2006  2006 W PackageManager: Unknown permission android.permission.ROOT_RECOVERY_STATE in package com.meizu.flyme.weather
05-05 22:21:29.727  2006  2006 E PackageDefaultOp: PackageDefaultOpService
05-05 22:21:29.728  2006  2006 E PackageDefaultOp: readList
05-05 22:21:29.728  2006  2006 E PackageDefaultOp: /data/system/testlist not exist
05-05 22:21:29.737  2006  2006 I art     : Starting a blocking GC Explicit
05-05 22:21:29.780  2006  2006 I art     : Explicit concurrent mark sweep GC freed 68293(4MB) AllocSpace objects, 4(80KB) LOS objects, 33% free, 20MB/30MB, paused 376us total 42.055ms
05-05 22:21:29.782  2006  2006 I SystemServer: User Service
05-05 22:21:29.793  2006  2006 E Shrinker: java.lang.NoSuchMethodException: readExtraMemInfo []
05-05 22:21:29.797   471   471 I lowmemorykiller: ActivityManager connected
05-05 22:21:29.835  2006  2195 I         : System server: starting sensor init.
05-05 22:21:29.835  2006  2006 I SystemServiceManager: Starting com.android.server.BatteryService
05-05 22:21:29.835  2006  2195 D SensorService: nuSensorService starting...
05-05 22:21:29.843  2006  2006 I SystemServiceManager: Starting com.android.server.usage.UsageStatsService
05-05 22:21:29.865  2006  2006 I UsageStatsService: User[0] Rollover scheduled @ 2017-05-06 08:00:00(1494028800000)
05-05 22:21:29.865  2006  2006 I SystemServiceManager: Starting com.android.server.webkit.WebViewUpdateService
05-05 22:21:29.868  2006  2006 I SystemServer: Reading configuration...
05-05 22:21:29.868  2006  2006 I SystemServer: Scheduling Policy
05-05 22:21:29.870  2006  2006 I SystemServiceManager: Starting com.android.server.telecom.TelecomLoaderService
05-05 22:21:29.872  2006  2006 I SystemServer: Telephony Registry
05-05 22:21:29.875  2006  2198 E qti_sensors_hal: processSingleSensorInfoResp: either handle is -1 or error is true or mSensors[handle] is NULL!
05-05 22:21:29.875  2006  2198 E qti_sensors_hal: processSingleSensorInfoResp: either handle_wakeup is -1 or error is true or mSensors[handle_wakeup] is NULL!
05-05 22:21:29.875  2006  2006 I SystemServer: Entropy Mixer
05-05 22:21:29.878  2006  2006 I EntropyMixer: Writing entropy...
05-05 22:21:29.886  2006  2006 I SystemServer: Camera Service
05-05 22:21:29.887  2006  2006 I SystemServiceManager: Starting com.android.server.camera.CameraService
05-05 22:21:29.888  2006  2215 I ServiceThread: Enabled StrictMode logging for CameraService_proxy looper.
05-05 22:21:29.890  2006  2006 I SystemServer: Account Manager
05-05 22:21:29.893  2006  2006 I SystemServer: Content Manager
05-05 22:21:29.895  2006  2006 I SystemServer: System Content Providers
05-05 22:21:29.921  2006  2195 W qti_sensors_hal: addSensor : Not supported sensor with handle 64!
05-05 22:21:29.948   522   691 I ThermalEngine: ACTION: CLUSTER - Setting CLUSTER[1] to voltage 860 freq = 1708800
05-05 22:21:29.948   522   691 I ThermalEngine: Mitigation:CLUSTER[1]: 860 mV freq = 1708800 kHz
05-05 22:21:29.961  2006  2195 W qti_sensors_hal: addSensor : Not supported sensor with handle 36!
05-05 22:21:30.046  2006  2195 I MultiHal: Loaded library from sensors.ssc.so
05-05 22:21:30.050  2006  2195 W qti_sensors_hal: sensors_get_sensors_list: handle 56 is not registered!
05-05 22:21:30.051  2006  2195 W qti_sensors_hal: sensors_get_sensors_list: handle 57 is not registered!
05-05 22:21:30.051  2006  2195 W qti_sensors_hal: sensors_get_sensors_list: handle 9 is not registered!
05-05 22:21:30.051  2006  2195 W qti_sensors_hal: sensors_get_sensors_list: handle 15 is not registered!
05-05 22:21:30.051  2006  2195 W qti_sensors_hal: sensors_get_sensors_list: handle 77 is not registered!
05-05 22:21:30.052  2006  2195 W qti_sensors_hal: sensors_get_sensors_list: handle 78 is not registered!
05-05 22:21:30.052  2006  2195 W qti_sensors_hal: sensors_get_sensors_list: handle 29 is not registered!
05-05 22:21:30.052  2006  2195 W qti_sensors_hal: sensors_get_sensors_list: handle 32 is not registered!
05-05 22:21:30.052  2006  2006 W System  : ClassLoader referenced unknown path: /system/priv-app/SettingsProvider/lib/arm64
05-05 22:21:30.052  2006  2195 W qti_sensors_hal: sensors_get_sensors_list: handle 61 is not registered!
05-05 22:21:30.052  2006  2195 W qti_sensors_hal: sensors_get_sensors_list: handle 62 is not registered!
05-05 22:21:30.052  2006  2195 W qti_sensors_hal: sensors_get_sensors_list: handle 64 is not registered!
05-05 22:21:30.053  2006  2195 W qti_sensors_hal: sensors_get_sensors_list: handle 79 is not registered!
05-05 22:21:30.053  2006  2195 W qti_sensors_hal: sensors_get_sensors_list: handle 80 is not registered!
05-05 22:21:30.053  2006  2195 W qti_sensors_hal: sensors_get_sensors_list: handle 81 is not registered!
05-05 22:21:30.053  2006  2195 W qti_sensors_hal: sensors_get_sensors_list: handle 4 is not registered!
05-05 22:21:30.053  2006  2195 W qti_sensors_hal: sensors_get_sensors_list: handle 5 is not registered!
05-05 22:21:30.054  2006  2195 W qti_sensors_hal: sensors_get_sensors_list: handle 6 is not registered!
05-05 22:21:30.054  2006  2195 W qti_sensors_hal: sensors_get_sensors_list: handle 7 is not registered!
05-05 22:21:30.054  2006  2195 W qti_sensors_hal: sensors_get_sensors_list: handle 25 is not registered!
05-05 22:21:30.054  2006  2195 W qti_sensors_hal: sensors_get_sensors_list: handle 26 is not registered!
05-05 22:21:30.054  2006  2195 W qti_sensors_hal: sensors_get_sensors_list: handle 27 is not registered!
05-05 22:21:30.054  2006  2195 W qti_sensors_hal: sensors_get_sensors_list: handle 36 is not registered!
05-05 22:21:30.054  2006  2195 W qti_sensors_hal: sensors_get_sensors_list: handle 37 is not registered!
05-05 22:21:30.055  2006  2195 W qti_sensors_hal: sensors_get_sensors_list: handle 40 is not registered!
05-05 22:21:30.055  2006  2195 W qti_sensors_hal: sensors_get_sensors_list: handle 43 is not registered!
05-05 22:21:30.055  2006  2195 W qti_sensors_hal: sensors_get_sensors_list: handle 45 is not registered!
05-05 22:21:30.055  2006  2195 W qti_sensors_hal: sensors_get_sensors_list: handle 46 is not registered!
05-05 22:21:30.055  2006  2195 W qti_sensors_hal: sensors_get_sensors_list: handle 50 is not registered!
05-05 22:21:30.055  2006  2195 W qti_sensors_hal: sensors_get_sensors_list: handle 12 is not registered!
05-05 22:21:30.055  2006  2195 W qti_sensors_hal: sensors_get_sensors_list: handle 13 is not registered!
05-05 22:21:30.055  2006  2195 W qti_sensors_hal: sensors_get_sensors_list: handle 14 is not registered!
05-05 22:21:30.056  2006  2195 W qti_sensors_hal: sensors_get_sensors_list: handle 16 is not registered!
05-05 22:21:30.056  2006  2195 W qti_sensors_hal: sensors_get_sensors_list: handle 63 is not registered!
05-05 22:21:30.056  2006  2195 W qti_sensors_hal: sensors_get_sensors_list: handle 17 is not registered!
05-05 22:21:30.056  2006  2195 W qti_sensors_hal: sensors_get_sensors_list: handle 18 is not registered!
05-05 22:21:30.056  2006  2195 W qti_sensors_hal: sensors_get_sensors_list: handle 19 is not registered!
05-05 22:21:30.056  2006  2195 W qti_sensors_hal: sensors_get_sensors_list: handle 65 is not registered!
05-05 22:21:30.056  2006  2195 W qti_sensors_hal: sensors_get_sensors_list: handle 66 is not registered!
05-05 22:21:30.056  2006  2195 W qti_sensors_hal: sensors_get_sensors_list: handle 67 is not registered!
05-05 22:21:30.058  2006  2195 E         : Sensor maxDelay overflow error Step Counter 3640888832
05-05 22:21:30.058  2006  2195 E         : Sensor maxDelay overflow error Step Counter -Wakeup Secondary 3640888832
05-05 22:21:30.058  2006  2195 E         : Sensor maxDelay overflow error AMD 9223372036854775807
05-05 22:21:30.058  2006  2195 E         : Sensor maxDelay overflow error RMD 9223372036854775807
05-05 22:21:30.058  2006  2195 E         : Sensor maxDelay overflow error Basic Gestures 9223372036854775807
05-05 22:21:30.059  2006  2195 E         : Sensor maxDelay overflow error Facing 9223372036854775807
05-05 22:21:30.059  2006  2195 E         : Sensor maxDelay overflow error Pedometer 3640888832
05-05 22:21:30.059  2006  2195 E         : Sensor maxDelay overflow error Coarse Motion Classifier 9223372036854775807
05-05 22:21:30.065  2006  2266 D SensorService: new thread SensorEventAckReceiver
05-05 22:21:30.067  2006  2267 D SensorService: nuSensorService thread starting...
05-05 22:21:30.067  2006  2195 I         : System server: sensor init done.
05-05 22:21:30.079  2006  2006 W System  : ClassLoader referenced unknown path: /system/priv-app/Telecom/lib/arm64
05-05 22:21:30.090  2006  2006 I SystemServer: Vibrator Service
05-05 22:21:30.095  2006  2006 I SystemServer: Consumer IR Service
05-05 22:21:30.098  2006  2006 I SystemServiceManager: Starting com.android.server.AlarmManagerService
05-05 22:21:30.101  2006  2006 D AlarmManagerService: Kernel timezone updated to -480 minutes west of GMT
05-05 22:21:30.105  2006  2006 I SystemServer: Init Watchdog
05-05 22:21:30.106  2006  2006 I SystemServer: Input Manager
05-05 22:21:30.106  2006  2006 I InputManager: Initializing input manager, mUseDevInputEventForAudioJack=true
05-05 22:21:30.108  2006  2006 I SystemServer: Window Manager
05-05 22:21:30.114  2006  2059 E AndroidRuntime: *** FATAL EXCEPTION IN SYSTEM PROCESS: android.display
05-05 22:21:30.114  2006  2059 E AndroidRuntime: java.lang.VerifyError: Rejecting class com.android.server.policy.PhoneWindowManager because it failed compile-time verification (declaration of 'com.android.server.policy.PhoneWindowManager' appears in /system/framework/services.jar)
05-05 22:21:30.114  2006  2059 E AndroidRuntime: 	at com.android.server.wm.WindowManagerService.<init>(WindowManagerService.java:344)
05-05 22:21:30.114  2006  2059 E AndroidRuntime: 	at com.android.server.wm.FlymeExtWindowManagerService.<init>(FlymeExtWindowManagerService.java:17)
05-05 22:21:30.114  2006  2059 E AndroidRuntime: 	at com.android.server.wm.WindowManagerService$3.run(WindowManagerService.java:874)
05-05 22:21:30.114  2006  2059 E AndroidRuntime: 	at android.os.Handler$BlockingRunnable.run(Handler.java:759)
05-05 22:21:30.114  2006  2059 E AndroidRuntime: 	at android.os.Handler.handleCallback(Handler.java:739)
05-05 22:21:30.114  2006  2059 E AndroidRuntime: 	at android.os.Handler.dispatchMessage(Handler.java:95)
05-05 22:21:30.114  2006  2059 E AndroidRuntime: 	at android.os.Looper.loop(Looper.java:148)
05-05 22:21:30.114  2006  2059 E AndroidRuntime: 	at android.os.HandlerThread.run(HandlerThread.java:61)
05-05 22:21:30.114  2006  2059 E AndroidRuntime: 	at com.android.server.ServiceThread.run(ServiceThread.java:46)
05-05 22:21:30.114  2006  2006 E System  : ******************************************
05-05 22:21:30.114  2006  2006 E System  : ************ Failure starting core service
05-05 22:21:30.114  2006  2006 E System  : java.lang.SecurityException
05-05 22:21:30.114  2006  2006 E System  : 	at android.os.BinderProxy.transactNative(Native Method)
05-05 22:21:30.114  2006  2006 E System  : 	at android.os.BinderProxy.transact(Binder.java:503)
05-05 22:21:30.114  2006  2006 E System  : 	at android.os.ServiceManagerProxy.addService(ServiceManagerNative.java:150)
05-05 22:21:30.114  2006  2006 E System  : 	at android.os.ServiceManager.addService(ServiceManager.java:72)
05-05 22:21:30.114  2006  2006 E System  : 	at com.android.server.SystemServer.startOtherServices(SystemServer.java:513)
05-05 22:21:30.114  2006  2006 E System  : 	at com.android.server.SystemServer.run(SystemServer.java:273)
05-05 22:21:30.114  2006  2006 E System  : 	at com.android.server.SystemServer.main(SystemServer.java:171)
05-05 22:21:30.114  2006  2006 E System  : 	at java.lang.reflect.Method.invoke(Native Method)
05-05 22:21:30.114  2006  2006 E System  : 	at com.android.internal.os.ZygoteInit$MethodAndArgsCaller.run(ZygoteInit.java:726)
05-05 22:21:30.114  2006  2006 E System  : 	at com.android.internal.os.ZygoteInit.main(ZygoteInit.java:616)
05-05 22:21:30.114  2006  2006 I SystemServer: Input Method Service
05-05 22:21:30.115  2006  2059 I Process : Sending signal. PID: 2006 SIG: 9
05-05 22:21:30.137   499   499 E installd: eof
05-05 22:21:30.137   499   499 E installd: failed to read size
05-05 22:21:30.137   499   499 I installd: closing connection
05-05 22:21:30.137   471   471 I lowmemorykiller: ActivityManager disconnected
05-05 22:21:30.137   471   471 I lowmemorykiller: Closing Activity Manager data connection
05-05 22:21:30.139  1833  1833 E Zygote  : Exit zygote because system server (2006) has terminated
05-05 22:21:30.139   472   472 I ServiceManager: service 'package' died
05-05 22:21:30.140   472   472 I ServiceManager: service 'user' died
05-05 22:21:30.140   472   472 I ServiceManager: service 'activity' died
05-05 22:21:30.140   472   472 I ServiceManager: service 'procstats' died
05-05 22:21:30.140   472   472 I ServiceManager: service 'meminfo' died
05-05 22:21:30.140   472   472 I ServiceManager: service 'gfxinfo' died
05-05 22:21:30.140   472   472 I ServiceManager: service 'dbinfo' died
05-05 22:21:30.140   472   472 I ServiceManager: service 'cpuinfo' died
05-05 22:21:30.140   472   472 I ServiceManager: service 'permission' died
05-05 22:21:30.140   472   472 I ServiceManager: service 'processinfo' died
05-05 22:21:30.140   472   472 I ServiceManager: service 'sensorservice' died
05-05 22:21:30.140   472   472 I ServiceManager: service 'battery' died
05-05 22:21:30.140   472   472 I ServiceManager: service 'usagestats' died
05-05 22:21:30.140   472   472 I ServiceManager: service 'webviewupdate' died
05-05 22:21:30.140   472   472 I ServiceManager: service 'scheduling_policy' died
05-05 22:21:30.140   472   472 I ServiceManager: service 'telephony.registry' died
05-05 22:21:30.140   472   472 I ServiceManager: service 'media.camera.proxy' died
05-05 22:21:30.140   472   472 I ServiceManager: service 'account' died
05-05 22:21:30.140   472   472 I ServiceManager: service 'content' died
05-05 22:21:30.140   472   472 I ServiceManager: service 'vibrator' died
05-05 22:21:30.140   472   472 I ServiceManager: service 'consumer_ir' died
05-05 22:21:30.140   472   472 I ServiceManager: service 'alarm' died
05-05 22:21:30.140   472   472 I ServiceManager: service 'batterystats' died
05-05 22:21:30.141   472   472 I ServiceManager: service 'appops' died
05-05 22:21:30.141   472   472 I ServiceManager: service 'power' died
05-05 22:21:30.141   472   472 I ServiceManager: service 'display' died
05-05 22:21:30.187   472   472 I ServiceManager: service 'DisplayFeatureControl' died
05-05 22:21:30.192   472   472 I ServiceManager: service 'media.audio_flinger' died
05-05 22:21:30.192   472   472 I ServiceManager: service 'media.player' died
05-05 22:21:30.192   472   472 I ServiceManager: service 'media.resource_manager' died
05-05 22:21:30.200   601   727 E slim_daemon: [NDK] bindNDKSensors: Sensor server is unavailable.
05-05 22:21:30.457   522   691 I ThermalEngine: handle_thresh_sig: SS Id SKIN-SS-GOLD-AND-SILVER, Read xo_therm_buf 43000mC
05-05 22:21:30.967   522   691 I ThermalEngine: handle_thresh_sig: SS Id SKIN-SS-GOLD-AND-SILVER, Read xo_therm_buf 43000mC
05-05 22:21:31.202   601   727 E slim_daemon: [NDK] bindNDKSensors: Sensor server is unavailable.
05-05 22:21:31.245  2300  2300 D DisplayFeatureService: supported id: 1
05-05 22:21:31.245  2300  2300 D DisplayFeatureService: supported id: 2
05-05 22:21:31.245  2300  2300 D DisplayFeatureService: supported id: 3
05-05 22:21:31.245  2300  2300 D DisplayFeatureService: supported id: 4
05-05 22:21:31.246  2300  2300 D DisplayFeatureService: supported id: 5
05-05 22:21:31.246  2300  2300 D DisplayFeatureService: supported id: 6
05-05 22:21:31.247  2300  2300 I displayfeature: ServiceManager: 0x7fa4ae10c0
05-05 22:21:31.248  2300  2300 I DisplayFeatureService: add DisplayFeatureControl into ServiceManager
05-05 22:21:31.265  2297  2297 I Netd    : Netd 1.0 starting
05-05 22:21:31.266  2297  2297 D QtiConnectivityAdapter: Successfully loaded libconnectivitycontroller
05-05 22:21:31.266  2297  2297 D         : initConnectivityController cons 
05-05 22:21:31.266  2297  2297 D ConnectivityController: QtiTetherCommand cons done
05-05 22:21:31.266  2297  2297 I libconnctrl: Creating a NetlinkRelay
05-05 22:21:31.266  2297  2297 I libconnctrl: NetlinkRelay constructor
05-05 22:21:31.267  2297  2297 D TetherController: Setting IP forward enable = 0
05-05 22:21:31.272  2297  2297 E         : Failed to open libdatactrl, some features may not be present.
05-05 22:21:31.475   522   691 I ThermalEngine: ACTION: CLUSTER - Setting CLUSTER[0] to voltage 840 freq = 1363200
05-05 22:21:31.475   522   691 I ThermalEngine: Mitigation:CLUSTER[0]: 840 mV freq = 1363200 kHz
05-05 22:21:31.477   522   691 I ThermalEngine: handle_thresh_sig: SS Id SKIN-SS-GOLD-AND-SILVER, Read xo_therm_buf 43000mC
05-05 22:21:31.482  2301  2301 I Dpps    : static DppsServer *DppsServer::GetInstance(): DppsServer ref count increased to 1
05-05 22:21:31.483  2301  2301 I Dpps    : AbaContext():18 ABA context instantiation
05-05 22:21:31.483  2301  2301 I Dpps    : AmbientLightContext():17 AL context instantiation
05-05 22:21:31.483  2301  2301 I Dpps    : InitFeatureContext():171 Initialize feature context
05-05 22:21:31.484  2301  2301 I Dpps    : InitFeatureContext():203 ABA context is not enabled
05-05 22:21:31.484  2301  2301 I Dpps    : InitContext():69 display_fd 5, panel 0, sensor type 2 display_type 0
05-05 22:21:31.484  2301  2301 I Dpps    : OpenCommonSysfsFds():341 lcd_bl_event_fd_ is 8
05-05 22:21:31.484  2301  2301 I Dpps    : OpenCommonSysfsFds():350 blank_event_fd_ is 9
05-05 22:21:31.484  2301  2301 I Dpps    : OpenCommonSysfsFds():358 lcd_brightness_fd_ is 11
05-05 22:21:31.484  2301  2301 I Dpps    : SelectLightSensor():468 sensor_type 2
05-05 22:21:31.485  2301  2301 I Dpps    : SelectLightSensor():471 sensor_type_ 2
05-05 22:21:31.485  2301  2301 I Dpps    : InitLightSensor():503 sensor_type_ 2
05-05 22:21:31.485  2301  2301 I Dpps    : InitLightSensor():524 light sensor initialization ret 0
05-05 22:21:31.485  2301  2301 I Dpps    : CreateAmbientLightThread():141 Create AL thread
05-05 22:21:31.485  2301  2301 I Dpps    : CreateAmbientLightThread():160 Create AL thread done ret 0
05-05 22:21:31.485  2301  2301 I Dpps    : InitFeatureContext():223 Initialize feature context done ret 0
05-05 22:21:31.485  2301  2316 I Dpps    : ProcessAmbientLightThread():98 AL thread execution started
05-05 22:21:31.485  2301  2315 I Dpps    : PollThreadLoop():111 Getting manager and light sensor instance
05-05 22:21:31.486  2301  2315 I ServiceManager: Waiting for service permission...
05-05 22:21:31.486  2298  2298 V MediaUtils: physMem: 2846552064
05-05 22:21:31.486  2298  2298 V MediaUtils: requested limit: 1850258800
05-05 22:21:31.486  2298  2298 V MediaUtils: actual limit: 1850258800
05-05 22:21:31.486  2298  2298 V MediaUtils: original limits: 4294967295/4294967295
05-05 22:21:31.486  2298  2298 V MediaUtils: new limits: 1850258800/4294967295
05-05 22:21:31.487  2298  2298 I mediaserver: ServiceManager: 0xf614e120
05-05 22:21:31.488  2298  2298 I AudioFlinger: Using 300 mSec as standby time.
05-05 22:21:31.489  2298  2298 E BatteryNotifier: batterystats service unavailable!
05-05 22:21:31.489  2298  2298 E BatteryNotifier: batterystats service unavailable!
05-05 22:21:31.490  2298  2298 I CameraService: CameraService started (pid=2298)
05-05 22:21:31.490  2298  2298 I CameraService: CameraService process starting
05-05 22:21:31.490  2298  2298 E BatteryNotifier: batterystats service unavailable!
05-05 22:21:31.491  2298  2298 E BatteryNotifier: batterystats service unavailable!
05-05 22:21:31.571  2299  2299 D AndroidRuntime: >>>>>> START com.android.internal.os.ZygoteInit uid 0 <<<<<<
05-05 22:21:31.575  2299  2299 D AndroidRuntime: CheckJNI is OFF
05-05 22:21:31.575  2299  2299 E cutils-trace: Error opening trace file: No such file or directory (2)
05-05 22:21:31.576  2299  2299 I art     : option[0]=-Xzygote
05-05 22:21:31.576  2299  2299 I art     : option[1]=-Xstacktracefile:/data/anr/traces.txt
05-05 22:21:31.576  2299  2299 I art     : option[2]=exit
05-05 22:21:31.576  2299  2299 I art     : option[3]=vfprintf
05-05 22:21:31.576  2299  2299 I art     : option[4]=sensitiveThread
05-05 22:21:31.576  2299  2299 I art     : option[5]=-verbose:gc
05-05 22:21:31.576  2299  2299 I art     : option[6]=-Xms8m
05-05 22:21:31.576  2299  2299 I art     : option[7]=-Xmx1024m
05-05 22:21:31.576  2299  2299 I art     : option[8]=-XX:HeapGrowthLimit=384m
05-05 22:21:31.576  2299  2299 I art     : option[9]=-XX:HeapMinFree=512k
05-05 22:21:31.576  2299  2299 I art     : option[10]=-XX:HeapMaxFree=8m
05-05 22:21:31.576  2299  2299 I art     : option[11]=-XX:HeapTargetUtilization=0.75
05-05 22:21:31.576  2299  2299 I art     : option[12]=-agentlib:jdwp=transport=dt_android_adb,suspend=n,server=y
05-05 22:21:31.576  2299  2299 I art     : option[13]=-Xlockprofthreshold:500
05-05 22:21:31.576  2299  2299 I art     : option[14]=-Ximage-compiler-option
05-05 22:21:31.576  2299  2299 I art     : option[15]=--runtime-arg
05-05 22:21:31.576  2299  2299 I art     : option[16]=-Ximage-compiler-option
05-05 22:21:31.576  2299  2299 I art     : option[17]=-Xms64m
05-05 22:21:31.576  2299  2299 I art     : option[18]=-Ximage-compiler-option
05-05 22:21:31.576  2299  2299 I art     : option[19]=--runtime-arg
05-05 22:21:31.576  2299  2299 I art     : option[20]=-Ximage-compiler-option
05-05 22:21:31.576  2299  2299 I art     : option[21]=-Xmx64m
05-05 22:21:31.576  2299  2299 I art     : option[22]=-Ximage-compiler-option
05-05 22:21:31.576  2299  2299 I art     : option[23]=--image-classes=/system/etc/preloaded-classes
05-05 22:21:31.576  2299  2299 I art     : option[24]=-Xcompiler-option
05-05 22:21:31.576  2299  2299 I art     : option[25]=--runtime-arg
05-05 22:21:31.576  2299  2299 I art     : option[26]=-Xcompiler-option
05-05 22:21:31.576  2299  2299 I art     : option[27]=-Xms64m
05-05 22:21:31.577  2299  2299 I art     : option[28]=-Xcompiler-option
05-05 22:21:31.577  2299  2299 I art     : option[29]=--runtime-arg
05-05 22:21:31.577  2299  2299 I art     : option[30]=-Xcompiler-option
05-05 22:21:31.577  2299  2299 I art     : option[31]=-Xmx512m
05-05 22:21:31.577  2299  2299 I art     : option[32]=-Ximage-compiler-option
05-05 22:21:31.577  2299  2299 I art     : option[33]=--instruction-set-variant=kryo
05-05 22:21:31.577  2299  2299 I art     : option[34]=-Xcompiler-option
05-05 22:21:31.577  2299  2299 I art     : option[35]=--instruction-set-variant=kryo
05-05 22:21:31.577  2299  2299 I art     : option[36]=-Ximage-compiler-option
05-05 22:21:31.577  2299  2299 I art     : option[37]=--instruction-set-features=default
05-05 22:21:31.577  2299  2299 I art     : option[38]=-Xcompiler-option
05-05 22:21:31.577  2299  2299 I art     : option[39]=--instruction-set-features=default
05-05 22:21:31.577  2299  2299 I art     : option[40]=-Duser.locale=zh-CN
05-05 22:21:31.577  2299  2299 I art     : option[41]=--cpu-abilist=arm64-v8a
05-05 22:21:31.577  2299  2299 I art     : option[42]=-Xfingerprint:Xiaomi/gemini/gemini:6.0.1/MXB48T/V8.0.2.0.MAAMIDG:user/release-keys
05-05 22:21:31.621  2299  2299 D ICU     : No timezone override file found: /data/misc/zoneinfo/current/icu/icu_tzdata.dat
05-05 22:21:31.647  2299  2299 I Radio-JNI: register_android_hardware_Radio DONE
05-05 22:21:31.651  2299  2299 I SamplingProfilerIntegration: Profiling disabled.
05-05 22:21:31.651  2299  2299 D Zygote  : begin preload
05-05 22:21:31.651  2299  2299 I Zygote  : Preloading classes...
05-05 22:21:31.679  2299  2299 D skia    : [SkFontConfigParser] /system/etc/fonts.xml:103:4: warning: 'DINPro' alias target not found
05-05 22:21:31.679  2299  2299 D skia    : [SkFontConfigParser] /system/etc/fonts.xml:104:4: warning: 'DINPro' alias target not found
05-05 22:21:31.679  2299  2299 D skia    : [SkFontConfigParser] /system/etc/fonts.xml:105:4: warning: 'DINPro' alias target not found
05-05 22:21:31.702  2299  2299 E Minikin : addFont failed to create font /system/fonts/Padauk.ttf
05-05 22:21:31.713  2299  2299 E Minikin : addFont failed to create font /system/fonts/NanumGothic.ttf
05-05 22:21:31.714  2299  2299 E Minikin : addFont failed to create font /system/fonts/DroidSansFallback.ttf
05-05 22:21:31.714  2299  2299 E Minikin : addFont failed to create font /system/fonts/MTLmr3m.ttf
05-05 22:21:31.759  2299  2299 V DngCreator_JNI: DngCreator_nativeClassInit:
05-05 22:21:31.821  2299  2299 I art     : Thread[1,tid=2299,Native,Thread*=0x7fa093ba00,peer=0x12c2c100,"main"] recursive attempt to load library "/system/lib64/libmedia_jni.so"
05-05 22:21:31.822  2299  2299 D MtpDeviceJNI: register_android_mtp_MtpDevice
05-05 22:21:31.822  2299  2299 I art     : Thread[1,tid=2299,Native,Thread*=0x7fa093ba00,peer=0x12c2c100,"main"] recursive attempt to load library "/system/lib64/libmedia_jni.so"
05-05 22:21:31.822  2299  2299 I art     : Thread[1,tid=2299,Native,Thread*=0x7fa093ba00,peer=0x12c2c100,"main"] recursive attempt to load library "/system/lib64/libmedia_jni.so"
05-05 22:21:31.917  2298  2298 E cutils-trace: Error opening trace file: No such file or directory (2)
05-05 22:21:31.917  2298  2298 I QCamera : <MCI><INFO> get_num_of_cameras: 1852: dev_info[id=0,name='video2']
05-05 22:21:31.918  2298  2298 I QCamera : <MCI><INFO> get_num_of_cameras: 1852: dev_info[id=1,name='video3']
05-05 22:21:31.918  2298  2298 I QCamera : <MCI><INFO> sort_camera_info: 1707: Camera id: 0 facing: 0, type: 1 is_yuv: 0
05-05 22:21:31.918  2298  2298 I QCamera : <MCI><INFO> sort_camera_info: 1707: Camera id: 1 facing: 1, type: 0 is_yuv: 0
05-05 22:21:31.918  2298  2298 I QCamera : <MCI><INFO> sort_camera_info: 1710: Number of cameras 2 sorted 2
05-05 22:21:31.918  2298  2298 I QCamera : <MCI><INFO> get_num_of_cameras: 1870: num_cameras=2
05-05 22:21:31.918  2298  2298 I CameraService: Loaded "QCamera Module" camera module
05-05 22:21:31.918  2298  2298 I QCamera : <HAL><INFO> int qcamera::QCamera2Factory::getCameraInfo(int, camera_info*): 346: Camera id 0 API version 256
05-05 22:21:31.918   539   539 D mm-camera: < INFO> 395: void enable_memleak_trace(int): start memleak tracking.
05-05 22:21:31.926   539   539 D mm-camera: <MCT   >< INFO> 63: mct_controller_new: Creating new mct_controller with session-id 2
05-05 22:21:31.926   539  2363 D mm-camera: <MCT   >< INFO> 4309: mct_pipeline_start_session_thread: E sensor
05-05 22:21:31.926   539  2363 D mm-camera: <MCT   >< INFO> 4316: mct_pipeline_start_session_thread: Calling start_session on Module sensor
05-05 22:21:31.930   539  2365 D mm-camera: <MCT   >< INFO> 4309: mct_pipeline_start_session_thread: E iface
05-05 22:21:31.930   539  2365 D mm-camera: <MCT   >< INFO> 4316: mct_pipeline_start_session_thread: Calling start_session on Module iface
05-05 22:21:31.931   539  2366 D mm-camera: <MCT   >< INFO> 4309: mct_pipeline_start_session_thread: E isp
05-05 22:21:31.931   539  2366 D mm-camera: <MCT   >< INFO> 4316: mct_pipeline_start_session_thread: Calling start_session on Module isp
05-05 22:21:31.931   539  2366 D mm-camera: <ISP   >< INFO> 190: isp_module_start_session: session id 2
05-05 22:21:31.933   539  2365 D mm-camera: <MCT   >< INFO> 4319: mct_pipeline_start_session_thread: Module iface start_session rc = 1
05-05 22:21:31.933   539  2365 D mm-camera: <MCT   >< INFO> 4327: mct_pipeline_start_session_thread: started_num = 1, success = 1
05-05 22:21:31.933   539  2365 D mm-camera: <MCT   >< INFO> 4334: mct_pipeline_start_session_thread: X iface
05-05 22:21:31.932   539  2368 D mm-camera: <MCT   >< INFO> 4309: mct_pipeline_start_session_thread: E stats
05-05 22:21:31.933   539  2368 D mm-camera: <MCT   >< INFO> 4316: mct_pipeline_start_session_thread: Calling start_session on Module stats
05-05 22:21:31.934   539  2371 D mm-camera: <MCT   >< INFO> 4309: mct_pipeline_start_session_thread: E pproc
05-05 22:21:31.935   539  2371 D mm-camera: <MCT   >< INFO> 4316: mct_pipeline_start_session_thread: Calling start_session on Module pproc
05-05 22:21:31.936   539  2373 D mm-camera: <MCT   >< INFO> 4309: mct_pipeline_start_session_thread: E imglib
05-05 22:21:31.936   539  2373 D mm-camera: <MCT   >< INFO> 4316: mct_pipeline_start_session_thread: Calling start_session on Module imglib
05-05 22:21:31.936   539  2373 D mm-camera: <IMGLIB>< INFO> 1771: module_imglib_start_session: module_imglib_start_session:1771 ###Img_Loglevel 1, moduleMask 65535
05-05 22:21:31.937   539  2363 D mm-camera: <MCT   >< INFO> 4319: mct_pipeline_start_session_thread: Module sensor start_session rc = 1
05-05 22:21:31.937   539  2363 D mm-camera: <MCT   >< INFO> 4327: mct_pipeline_start_session_thread: started_num = 2, success = 2
05-05 22:21:31.937   539  2363 D mm-camera: <MCT   >< INFO> 4334: mct_pipeline_start_session_thread: X sensor
05-05 22:21:31.937   539  2373 D mm-camera: <MCT   >< INFO> 4319: mct_pipeline_start_session_thread: Module imglib start_session rc = 1
05-05 22:21:31.937   539  2373 D mm-camera: <MCT   >< INFO> 4327: mct_pipeline_start_session_thread: started_num = 3, success = 3
05-05 22:21:31.937   539  2373 D mm-camera: <MCT   >< INFO> 4334: mct_pipeline_start_session_thread: X imglib
05-05 22:21:31.938   539  2366 D mm-camera: <MCT   >< INFO> 4319: mct_pipeline_start_session_thread: Module isp start_session rc = 1
05-05 22:21:31.938   539  2366 D mm-camera: <MCT   >< INFO> 4327: mct_pipeline_start_session_thread: started_num = 4, success = 4
05-05 22:21:31.938   539  2366 D mm-camera: <MCT   >< INFO> 4334: mct_pipeline_start_session_thread: X isp
05-05 22:21:31.941  2299  2299 I System  : Loaded time zone names for "" in 30ms (30ms in ICU)
05-05 22:21:31.944   539  2371 D mm-camera: <MCT   >< INFO> 4319: mct_pipeline_start_session_thread: Module pproc start_session rc = 1
