05-05 22:20:56.484   498   498 I AudioFlinger: Using module 1 has the primary audio interface
05-05 22:20:56.490   498  1602 I AudioFlinger: AudioFlinger's thread 0xf1600000 ready to run
05-05 22:20:56.490   498  1602 D audio_hw_primary: out_set_parameters: enter: usecase(1: low-latency-playback) kvpairs: routing=2
05-05 22:20:56.490   498  1602 D audio_hw_extn: audio_extn_set_anc_parameters: anc_enabled:0
05-05 22:20:56.490   498  1602 D audio_hw_spkr_prot: audio_extn_fbsp_set_parameters: Speaker protection disabled
05-05 22:20:56.491   498  1602 D audio_hw_primary: out_standby: enter: stream (0xf223c380) usecase(1: low-latency-playback)
05-05 22:20:56.491   498  1602 E AudioFlinger: no wake lock to update!
05-05 22:20:56.492   498   498 I AudioFlinger: openOutput(), module 1 Device 2, SamplingRate 48000, Format 0x000001, Channels 3, flags 104
05-05 22:20:56.492   498   498 D audio_hw_primary: adev_open_output_stream: enter: sample_rate(48000) channel_mask(0x3) devices(0x2) flags(0x104)        stream_handle(0xf223c500)
05-05 22:20:56.492   498   498 D audio_hw_primary: adev_open_output_stream: Stream (0xf223c500) picks up usecase (audio-ull-playback)
05-05 22:20:56.492   498   498 I AudioFlinger: AudioStreamOut::open(), mHalFormatIsLinearPcm = 1
05-05 22:20:56.492   498   498 I AudioFlinger: HAL output buffer size 192 frames, normal sink buffer size 960 frames
05-05 22:20:56.499   498  1604 I AudioFlinger: AudioFlinger's thread 0xf11c0000 ready to run
05-05 22:20:56.499   498  1604 D audio_hw_primary: out_set_parameters: enter: usecase(12: audio-ull-playback) kvpairs: routing=2
05-05 22:20:56.499   498  1604 D audio_hw_primary: out_standby: enter: stream (0xf223c500) usecase(12: audio-ull-playback)
05-05 22:20:56.499   498  1604 E AudioFlinger: no wake lock to update!
05-05 22:20:56.500   498   498 I AudioFlinger: openOutput(), module 1 Device 2, SamplingRate 48000, Format 0x000001, Channels 3, flags 8
05-05 22:20:56.500   498   498 D audio_hw_primary: adev_open_output_stream: enter: sample_rate(48000) channel_mask(0x3) devices(0x2) flags(0x8)        stream_handle(0xf223c680)
05-05 22:20:56.500   498   498 D audio_hw_primary: adev_open_output_stream: Stream (0xf223c680) picks up usecase (deep-buffer-playback)
05-05 22:20:56.500   498   498 I AudioFlinger: AudioStreamOut::open(), mHalFormatIsLinearPcm = 1
05-05 22:20:56.500   498   498 I AudioFlinger: HAL output buffer size 1920 frames, normal sink buffer size 1920 frames
05-05 22:20:56.507   498  1605 I AudioFlinger: AudioFlinger's thread 0xf0ec0000 ready to run
05-05 22:20:56.507   498  1605 D audio_hw_primary: out_set_parameters: enter: usecase(0: deep-buffer-playback) kvpairs: routing=2
05-05 22:20:56.507   498  1605 D audio_hw_primary: out_standby: enter: stream (0xf223c680) usecase(0: deep-buffer-playback)
05-05 22:20:56.507   498  1605 E AudioFlinger: no wake lock to update!
05-05 22:20:56.508   498   498 I AudioFlinger: openOutput(), module 1 Device 10000, SamplingRate 48000, Format 0x000001, Channels 3, flags 0
05-05 22:20:56.508   498   498 D audio_hw_primary: adev_open_output_stream: enter: sample_rate(48000) channel_mask(0x3) devices(0x10000) flags(0)        stream_handle(0xf223c800)
05-05 22:20:56.508   498   498 D audio_hw_primary: adev_open_output_stream: Stream (0xf223c800) picks up usecase (afe-proxy-playback)
05-05 22:20:56.508   498   498 I AudioFlinger: AudioStreamOut::open(), mHalFormatIsLinearPcm = 1
05-05 22:20:56.508   498   498 I AudioFlinger: HAL output buffer size 768 frames, normal sink buffer size 1152 frames
05-05 22:20:56.513   498  1607 I AudioFlinger: AudioFlinger's thread 0xf0d00000 ready to run
05-05 22:20:56.514   498  1607 D audio_hw_primary: out_set_parameters: enter: usecase(38: afe-proxy-playback) kvpairs: routing=65536
05-05 22:20:56.514   498  1607 D audio_hw_primary: out_standby: enter: stream (0xf223c800) usecase(38: afe-proxy-playback)
05-05 22:20:56.514   498  1607 E AudioFlinger: no wake lock to update!
05-05 22:20:56.516   498   498 D audio_hw_primary: adev_open_input_stream: enter: sample_rate(48000) channel_mask(0xc) devices(0x80000040)        stream_handle(0xf21e5fc0) io_handle(10) source(1)
05-05 22:20:56.516   498   498 D audio_hw_primary: adev_open_input_stream: enter: sample_rate(48000) channel_mask(0xc) devices(0x80000040)        stream_handle(0xf21e5fc0) io_handle(10) source(1)
05-05 22:20:56.516   498   498 W APM::AudioPolicyManager: Cannot open input stream for device 80000040 on hw module primary
05-05 22:20:56.516   498   498 D audio_hw_primary: adev_open_input_stream: enter: sample_rate(48000) channel_mask(0xfc) devices(0x80000004)        stream_handle(0xf21e5fc0) io_handle(11) source(1)
05-05 22:20:56.526   498  1608 I AudioFlinger: AudioFlinger's thread 0xf09c0000 ready to run
05-05 22:20:56.526   498   498 D audio_hw_primary: adev_close_input_stream: enter:stream_handle(0xf21e5fc0)
05-05 22:20:56.526   498   498 D audio_hw_primary: in_standby: enter: stream (0xf21e5fc0) usecase(16: audio-record)
05-05 22:20:56.526   498   498 D audio_hw_primary: adev_open_input_stream: enter: sample_rate(48000) channel_mask(0xc) devices(0x80000040)        stream_handle(0xf21e5fc0) io_handle(12) source(1)
05-05 22:20:56.526   498   498 D audio_hw_primary: adev_open_input_stream: enter: sample_rate(48000) channel_mask(0xc) devices(0x80000040)        stream_handle(0xf21e5fc0) io_handle(12) source(1)
05-05 22:20:56.527   498   498 W APM::AudioPolicyManager: Cannot open input stream for device 80000040 on hw module primary
05-05 22:20:56.532   498   498 I bt_a2dp_hw: adev_open:  adev_open in A2dp_hw module
05-05 22:20:56.532   498   498 I AudioFlinger: loadHwModule() Loaded a2dp audio interface from A2DP Audio HW HAL (audio) handle 13
05-05 22:20:56.535   498   498 I AudioFlinger: loadHwModule() Loaded usb audio interface from USB audio HW HAL (audio) handle 14
05-05 22:20:56.537   498   498 I r_submix: adev_open(name=audio_hw_if)
05-05 22:20:56.538   498   498 I r_submix: adev_init_check()
05-05 22:20:56.538   498   498 I AudioFlinger: loadHwModule() Loaded r_submix audio interface from Wifi Display audio HAL (audio) handle 15
05-05 22:20:56.538   498   498 D r_submix: adev_open_input_stream(addr=0)
05-05 22:20:56.538   498   498 D r_submix: submix_audio_device_create_pipe_l(addr=0, idx=9)
05-05 22:20:56.538   498   498 D r_submix:   now using address 0 for route 9
05-05 22:20:56.538   498  1609 I AudioFlinger: AudioFlinger's thread 0xf09c0000 ready to run
05-05 22:20:56.538   498   498 D r_submix: adev_close_input_stream()
05-05 22:20:56.538   498   498 D r_submix: submix_audio_device_release_pipe_l(idx=9) addr=0
05-05 22:20:56.538   498   498 D r_submix: submix_audio_device_destroy_pipe_l(): pipe destroyed
05-05 22:20:56.539   498   498 W APM::AudioPolicyManager: Input device 80000040 unreachable
05-05 22:20:56.539   498   498 W APM::AudioPolicyManager: Input device 80002000 unreachable
05-05 22:20:56.539   498   498 I AudioPolicyManagerCustom: removing AUDIO_CHANNEL_IN_5POINT1 from input profile as SSR(surround sound record) is not supported on this chipset variant
05-05 22:20:56.540   498   498 D sound_trigger_hw: stdev_open: Enter
05-05 22:20:56.540   498   498 I sound_trigger_platform: platform_stdev_init: Enter
05-05 22:20:56.743  1591  1591 I dex2oat : dex2oat took 2.006s (threads: 4) arena alloc=3MB java alloc=7MB native alloc=14MB free=2MB
05-05 22:20:56.756  1278  1278 I PackageManager: Adjusting ABI for : com.meizu.connectivitysettings to arm64-v8a
05-05 22:20:56.757  1278  1278 I PackageManager.DexOptimizer: Running dexopt (dex2oat) on: /system/app/ConnectivitySettings/ConnectivitySettings.apk pkg=com.meizu.connectivitysettings isa=arm64 vmSafeMode=false debuggable=false oatDir = null bootComplete=false
05-05 22:20:56.759   498   498 I sound_trigger_platform: platform_stdev_init: acdb_init: msm8996-tasha-mtp-snd-card
05-05 22:20:56.759   498   498 D ACDB-LOADER: ACDB -> already initialized, exit
05-05 22:20:56.759   498   498 D sound_trigger_platform: platform_stdev_init Opening device /dev/snd/hwC0D1000
05-05 22:20:56.759   498   498 D sound_trigger_platform: get_codec_version: codec version WCD9335_2_0
05-05 22:20:56.759   498   498 I sound_trigger_hw: stdev_get_properties
05-05 22:20:56.759   498   498 I SoundTriggerHwService: loaded default module Sound Trigger HAL, handle 1
05-05 22:20:56.760   498   498 I RadioService: RadioService
05-05 22:20:56.760   498   498 I RadioService: onFirstRef
05-05 22:20:56.760   498   498 E RadioService: couldn't load radio module radio.primary (No such file or directory)
05-05 22:20:56.781  1610  1610 I dex2oat : Starting dex2oat.
05-05 22:20:56.781  1610  1610 E cutils-trace: Error opening trace file: No such file or directory (2)
05-05 22:20:56.940   552   801 I ServiceManager: Waiting for service sensorservice...
05-05 22:20:56.962  1610  1615 W dex2oat : Before Android 4.1, method int android.support.v7.widget.ListViewCompat.lookForSelectablePosition(int, boolean) would have incorrectly overridden the package-private method in android.widget.ListView
05-05 22:20:56.976  1610  1616 W dex2oat : Before Android 4.1, method void com.meizu.common.preference.SwitchPreference.syncSummaryView(android.view.View) would have incorrectly overridden the package-private method in android.preference.TwoStatePreference
05-05 22:20:57.182   601   727 E slim_daemon: [NDK] bindNDKSensors: Sensor server is unavailable.
05-05 22:20:57.735  1610  1610 W dex2oat : No verified method for method calling String.<init>: java.lang.String android.text.SpannableStringBuilder.toString()
05-05 22:20:57.941   552   801 I ServiceManager: Waiting for service sensorservice...
05-05 22:20:57.974   522   691 I ThermalEngine: algo_monitor: Thresh EVT
05-05 22:20:57.976   522   691 I ThermalEngine: handle_thresh_sig: SS Id SKIN-SS-GOLD-AND-SILVER, Read xo_therm_buf 43000mC
05-05 22:20:57.980   522   685 I ThermalEngine: handle_thresh_sig: TM Id SKIN-BATTERY-MONITOR Sensor xo_therm_buf Temp 43000
05-05 22:20:57.980   522   685 I ThermalEngine: TM Id 'SKIN-BATTERY-MONITOR' Sensor 'xo_therm_buf' - alarm  raised 1 at 43.0 degC
05-05 22:20:57.980   522   685 I ThermalEngine: j=0 i=0 TM Id SKIN-BATTERY-MONITOR Sensor xo_therm_buf: Action battery value 0
05-05 22:20:57.982   522   685 I ThermalEngine: handle_thresh_sig: TM Id GPU_management Sensor xo_therm_buf Temp 43000
05-05 22:20:57.982   522   685 I ThermalEngine: TM Id 'GPU_management' Sensor 'xo_therm_buf' - alarm  raised 2 at 43.0 degC
05-05 22:20:57.982   522   685 I ThermalEngine: j=0 i=1 TM Id GPU_management Sensor xo_therm_buf: Action gpu value 401800000
05-05 22:20:57.982   522   685 I ThermalEngine: ACTION: GPU - Setting GPU[0] to 401800000
05-05 22:20:58.183   601   727 E slim_daemon: [NDK] bindNDKSensors: Sensor server is unavailable.
05-05 22:20:58.232   522   691 I ThermalEngine: handle_thresh_sig: SS Id SKIN-SS-GOLD-AND-SILVER, Read xo_therm_buf 43000mC
05-05 22:20:58.409   535   566 E QCALOG  : [MessageQ] ProcessNewMessage: [XTWiFi-PE] unknown deliver target [OS-Agent]
05-05 22:20:58.487   568   778 W XTCC-5.1.0.10: [CS-RIL-LISTENER] timerCallback fired for ril update registering, re-register
05-05 22:20:58.487   535   566 E QCALOG  : [MessageQ] ProcessNewMessage: [XT-CS] unknown deliver target [OS-Agent]
05-05 22:20:58.487   535   566 E QCALOG  : [MessageQ] ProcessNewMessage: [XT-CS] unknown deliver target [OS-Agent]
05-05 22:20:58.740   522   691 I ThermalEngine: handle_thresh_sig: SS Id SKIN-SS-GOLD-AND-SILVER, Read xo_therm_buf 43000mC
05-05 22:20:58.873  1610  1610 I dex2oat : dex2oat took 2.093s (threads: 4) arena alloc=3MB java alloc=8MB native alloc=16MB free=2MB
05-05 22:20:58.886  1278  1278 I PackageManager: Adjusting ABI for : com.android.location.fused to arm64-v8a
05-05 22:20:58.887  1278  1278 I PackageManager.DexOptimizer: Running dexopt (dex2oat) on: /system/priv-app/FusedLocation/FusedLocation.apk pkg=com.android.location.fused isa=arm64 vmSafeMode=false debuggable=false oatDir = null bootComplete=false
05-05 22:20:58.913  1620  1620 I dex2oat : Starting dex2oat.
05-05 22:20:58.913  1620  1620 E cutils-trace: Error opening trace file: No such file or directory (2)
05-05 22:20:58.952  1620  1620 I dex2oat : dex2oat took 39.516ms (threads: 4) arena alloc=55KB java alloc=57KB native alloc=1606KB free=1465KB
05-05 22:20:58.957  1278  1278 I PackageManager: Adjusting ABI for : com.meizu.documentsui to arm64-v8a
05-05 22:20:58.957  1278  1278 I PackageManager.DexOptimizer: Running dexopt (dex2oat) on: /system/app/DocumentsUI/DocumentsUI.apk pkg=com.meizu.documentsui isa=arm64 vmSafeMode=false debuggable=false oatDir = null bootComplete=false
05-05 22:20:58.981  1625  1625 I dex2oat : Starting dex2oat.
05-05 22:20:58.981  1625  1625 E cutils-trace: Error opening trace file: No such file or directory (2)
05-05 22:20:59.184   601   727 E slim_daemon: [NDK] bindNDKSensors: Sensor server is unavailable.
05-05 22:20:59.246   522   691 I ThermalEngine: ACTION: CLUSTER - Setting CLUSTER[0] to voltage 840 freq = 1363200
05-05 22:20:59.246   522   691 I ThermalEngine: Mitigation:CLUSTER[0]: 840 mV freq = 1363200 kHz
05-05 22:20:59.247   522   691 I ThermalEngine: handle_thresh_sig: SS Id SKIN-SS-GOLD-AND-SILVER, Read xo_therm_buf 43000mC
05-05 22:20:59.272  1625  1625 W dex2oat : Before Android 4.1, method int android.support.v7.widget.ListViewCompat.lookForSelectablePosition(int, boolean) would have incorrectly overridden the package-private method in android.widget.ListView
05-05 22:20:59.344  1625  1627 W dex2oat : Before Android 4.1, method void com.meizu.common.preference.SwitchPreference.syncSummaryView(android.view.View) would have incorrectly overridden the package-private method in android.preference.TwoStatePreference
05-05 22:20:59.487   568   780 W XTCC-5.1.0.10: [FDAL_ZPP_MGR] RequestNewZppFix: Getting ZPP
05-05 22:20:59.491   568   780 W XTCC-5.1.0.10: [FDAL_ZPP_MGR] RequestNewZppFix 0.000000 0.000000 0.000000: ZPP Return Flag 0x0
05-05 22:20:59.491   568   780 W XTCC-5.1.0.10: [FDAL_ZPP_MGR] RequestNewZppFix Expand the HEPE of previous ZPP fix. Not done
05-05 22:20:59.756   522   691 I ThermalEngine: handle_thresh_sig: SS Id SKIN-SS-GOLD-AND-SILVER, Read xo_therm_buf 43000mC
05-05 22:20:59.942   552   801 I ServiceManager: Waiting for service sensorservice...
05-05 22:21:00.184   601   727 E slim_daemon: [NDK] bindNDKSensors: Sensor server is unavailable.
05-05 22:21:00.263   522   691 I ThermalEngine: handle_thresh_sig: SS Id SKIN-SS-GOLD-AND-SILVER, Read xo_therm_buf 43000mC
05-05 22:21:00.516   522   691 I ThermalEngine: ACTION: CLUSTER - Setting CLUSTER[1] to voltage 885 freq = 1785600
05-05 22:21:00.516   522   691 I ThermalEngine: Mitigation:CLUSTER[1]: 885 mV freq = 1785600 kHz
05-05 22:21:00.770   522   691 I ThermalEngine: handle_thresh_sig: SS Id SKIN-SS-GOLD-AND-SILVER, Read xo_therm_buf 43000mC
05-05 22:21:00.942   552   801 I ServiceManager: Waiting for service sensorservice...
05-05 22:21:01.184   601   727 E slim_daemon: [NDK] bindNDKSensors: Sensor server is unavailable.
05-05 22:21:01.279   522   691 I ThermalEngine: handle_thresh_sig: SS Id SKIN-SS-GOLD-AND-SILVER, Read xo_therm_buf 43000mC
05-05 22:21:01.786   522   691 I ThermalEngine: handle_thresh_sig: SS Id SKIN-SS-GOLD-AND-SILVER, Read xo_therm_buf 43000mC
05-05 22:21:01.943   552   801 I ServiceManager: Waiting for service sensorservice...
05-05 22:21:02.039   522   691 I ThermalEngine: ACTION: CLUSTER - Setting CLUSTER[0] to voltage 840 freq = 1363200
05-05 22:21:02.039   522   691 I ThermalEngine: Mitigation:CLUSTER[0]: 840 mV freq = 1363200 kHz
05-05 22:21:02.185   601   727 E slim_daemon: [NDK] bindNDKSensors: Sensor server is unavailable.
05-05 22:21:02.294   522   691 I ThermalEngine: handle_thresh_sig: SS Id SKIN-SS-GOLD-AND-SILVER, Read xo_therm_buf 43000mC
05-05 22:21:02.666  1625  1625 I dex2oat : dex2oat took 3.685s (threads: 4) arena alloc=2MB java alloc=11MB native alloc=25MB free=3MB
05-05 22:21:02.686  1278  1278 I PackageManager: Adjusting ABI for : com.android.server.telecom to arm64-v8a
05-05 22:21:02.687  1278  1278 I PackageManager.DexOptimizer: Running dexopt (dex2oat) on: /system/priv-app/Telecom/Telecom.apk pkg=com.android.server.telecom isa=arm64 vmSafeMode=false debuggable=false oatDir = null bootComplete=false
05-05 22:21:02.719  1632  1632 I dex2oat : Starting dex2oat.
05-05 22:21:02.719  1632  1632 E cutils-trace: Error opening trace file: No such file or directory (2)
05-05 22:21:02.803   522   691 I ThermalEngine: handle_thresh_sig: SS Id SKIN-SS-GOLD-AND-SILVER, Read xo_therm_buf 43000mC
05-05 22:21:02.943   552   801 I ServiceManager: Waiting for service sensorservice...
05-05 22:21:03.185   601   727 E slim_daemon: [NDK] bindNDKSensors: Sensor server is unavailable.
05-05 22:21:03.309   522   691 I ThermalEngine: ACTION: CLUSTER - Setting CLUSTER[1] to voltage 890 freq = 1804800
05-05 22:21:03.309   522   691 I ThermalEngine: Mitigation:CLUSTER[1]: 890 mV freq = 1804800 kHz
05-05 22:21:03.311   522   691 I ThermalEngine: handle_thresh_sig: SS Id SKIN-SS-GOLD-AND-SILVER, Read xo_therm_buf 43000mC
05-05 22:21:03.409   535   566 E QCALOG  : [MessageQ] ProcessNewMessage: [XTWiFi-PE] unknown deliver target [OS-Agent]
05-05 22:21:03.475  1632  1632 I dex2oat : dex2oat took 756.670ms (threads: 4) arena alloc=1836KB java alloc=2023KB native alloc=7MB free=1929KB
05-05 22:21:03.485  1278  1278 I PackageManager: Adjusting ABI for : com.meizu.flyme.childrenlauncher to arm64-v8a
05-05 22:21:03.485  1278  1278 I PackageManager.DexOptimizer: Running dexopt (dex2oat) on: /system/priv-app/ChildrenLauncher/ChildrenLauncher.apk pkg=com.meizu.flyme.childrenlauncher isa=arm64 vmSafeMode=false debuggable=false oatDir = null bootComplete=false
05-05 22:21:03.487   568   778 W XTCC-5.1.0.10: [CS-RIL-LISTENER] timerCallback fired for ril update registering, re-register
05-05 22:21:03.487   535   566 E QCALOG  : [MessageQ] ProcessNewMessage: [XT-CS] unknown deliver target [OS-Agent]
05-05 22:21:03.488   535   566 E QCALOG  : [MessageQ] ProcessNewMessage: [XT-CS] unknown deliver target [OS-Agent]
05-05 22:21:03.513  1638  1638 I dex2oat : Starting dex2oat.
05-05 22:21:03.513  1638  1638 E cutils-trace: Error opening trace file: No such file or directory (2)
05-05 22:21:03.819   522   691 I ThermalEngine: handle_thresh_sig: SS Id SKIN-SS-GOLD-AND-SILVER, Read xo_therm_buf 43000mC
05-05 22:21:03.943   552   801 I ServiceManager: Waiting for service sensorservice...
05-05 22:21:04.186   601   727 E slim_daemon: [NDK] bindNDKSensors: Sensor server is unavailable.
05-05 22:21:04.326   522   691 I ThermalEngine: handle_thresh_sig: SS Id SKIN-SS-GOLD-AND-SILVER, Read xo_therm_buf 43000mC
05-05 22:21:04.488  1638  1642 W dex2oat : No verified method for method calling String.<init>: java.lang.String java.io.ByteArrayOutputStream.toString()
05-05 22:21:04.832   522   691 I ThermalEngine: ACTION: CLUSTER - Setting CLUSTER[0] to voltage 840 freq = 1363200
05-05 22:21:04.833   522   691 I ThermalEngine: Mitigation:CLUSTER[0]: 840 mV freq = 1363200 kHz
05-05 22:21:04.835   522   691 I ThermalEngine: handle_thresh_sig: SS Id SKIN-SS-GOLD-AND-SILVER, Read xo_therm_buf 43000mC
05-05 22:21:05.062  1638  1638 I dex2oat : dex2oat took 1.550s (threads: 4) arena alloc=3MB java alloc=3MB native alloc=13MB free=2MB
05-05 22:21:05.092  1278  1278 I PackageManager: Adjusting ABI for : com.android.settings to arm64-v8a
05-05 22:21:05.093  1278  1278 I PackageManager.DexOptimizer: Running dexopt (dex2oat) on: /system/priv-app/Settings/Settings.apk pkg=com.android.settings isa=arm64 vmSafeMode=false debuggable=false oatDir = null bootComplete=false
05-05 22:21:05.131  1643  1643 I dex2oat : Starting dex2oat.
05-05 22:21:05.131  1643  1643 E cutils-trace: Error opening trace file: No such file or directory (2)
05-05 22:21:05.186   601   727 E slim_daemon: [NDK] bindNDKSensors: Sensor server is unavailable.
05-05 22:21:05.343   522   691 I ThermalEngine: handle_thresh_sig: SS Id SKIN-SS-GOLD-AND-SILVER, Read xo_therm_buf 43000mC
05-05 22:21:05.469  1643  1647 W dex2oat : Before Android 4.1, method int android.support.v7.widget.ListViewCompat.lookForSelectablePosition(int, boolean) would have incorrectly overridden the package-private method in android.widget.ListView
05-05 22:21:05.530  1643  1645 W dex2oat : Before Android 4.1, method void com.meizu.common.preference.SwitchPreference.syncSummaryView(android.view.View) would have incorrectly overridden the package-private method in android.preference.TwoStatePreference
05-05 22:21:05.852   522   691 I ThermalEngine: handle_thresh_sig: SS Id SKIN-SS-GOLD-AND-SILVER, Read xo_therm_buf 43000mC
05-05 22:21:05.944   552   801 I ServiceManager: Waiting for service sensorservice...
05-05 22:21:06.105   522   691 I ThermalEngine: ACTION: CLUSTER - Setting CLUSTER[1] to voltage 885 freq = 1785600
05-05 22:21:06.105   522   691 I ThermalEngine: Mitigation:CLUSTER[1]: 885 mV freq = 1785600 kHz
05-05 22:21:06.187   601   727 E slim_daemon: [NDK] bindNDKSensors: Sensor server is unavailable.
05-05 22:21:06.360   522   691 I ThermalEngine: handle_thresh_sig: SS Id SKIN-SS-GOLD-AND-SILVER, Read xo_therm_buf 43000mC
05-05 22:21:06.714  1643  1645 W dex2oat : No verified method for method calling String.<init>: java.lang.String com.android.internal.widget.LockPatternUtils.patternToString(java.util.List)
05-05 22:21:06.729  1643  1643 W dex2oat : No verified method for method calling String.<init>: java.lang.String com.android.internal.widget.LockPatternUtils.patternToString(java.util.List)
05-05 22:21:06.868   522   691 I ThermalEngine: handle_thresh_sig: SS Id SKIN-SS-GOLD-AND-SILVER, Read xo_therm_buf 43000mC
05-05 22:21:06.944   552   801 I ServiceManager: Waiting for service sensorservice...
05-05 22:21:07.187   601   727 E slim_daemon: [NDK] bindNDKSensors: Sensor server is unavailable.
05-05 22:21:07.376   522   691 I ThermalEngine: handle_thresh_sig: SS Id SKIN-SS-GOLD-AND-SILVER, Read xo_therm_buf 43000mC
05-05 22:21:07.628   522   691 I ThermalEngine: ACTION: CLUSTER - Setting CLUSTER[0] to voltage 840 freq = 1363200
05-05 22:21:07.629   522   691 I ThermalEngine: Mitigation:CLUSTER[0]: 840 mV freq = 1363200 kHz
05-05 22:21:07.883   522   691 I ThermalEngine: handle_thresh_sig: SS Id SKIN-SS-GOLD-AND-SILVER, Read xo_therm_buf 43000mC
05-05 22:21:07.945   552   801 I ServiceManager: Waiting for service sensorservice...
05-05 22:21:08.188   601   727 E slim_daemon: [NDK] bindNDKSensors: Sensor server is unavailable.
05-05 22:21:08.391   522   691 I ThermalEngine: handle_thresh_sig: SS Id SKIN-SS-GOLD-AND-SILVER, Read xo_therm_buf 43000mC
05-05 22:21:08.410   535   566 E QCALOG  : [MessageQ] ProcessNewMessage: [XTWiFi-PE] unknown deliver target [OS-Agent]
05-05 22:21:08.445  1643  1643 W dex2oat : No verified method for method calling String.<init>: java.lang.String java.io.ByteArrayOutputStream.toString()
05-05 22:21:08.487   535   566 E QCALOG  : [MessageQ] ProcessNewMessage: [XT-CS] unknown deliver target [OS-Agent]
05-05 22:21:08.488   568   778 W XTCC-5.1.0.10: [CS-RIL-LISTENER] timerCallback fired for ril update registering, re-register
05-05 22:21:08.488   535   566 E QCALOG  : [MessageQ] ProcessNewMessage: [XT-CS] unknown deliver target [OS-Agent]
05-05 22:21:08.897   522   691 I ThermalEngine: ACTION: CLUSTER - Setting CLUSTER[1] to voltage 860 freq = 1708800
05-05 22:21:08.897   522   691 I ThermalEngine: Mitigation:CLUSTER[1]: 860 mV freq = 1708800 kHz
05-05 22:21:08.945   552   801 I ServiceManager: Waiting for service sensorservice...
05-05 22:21:09.189   601   727 E slim_daemon: [NDK] bindNDKSensors: Sensor server is unavailable.
05-05 22:21:09.425  1643  1643 I dex2oat : dex2oat took 4.294s (threads: 4) arena alloc=3MB java alloc=15MB native alloc=26MB free=3MB
05-05 22:21:09.450  1278  1278 I PackageManager: Adjusting ABI for : com.android.keychain to arm64-v8a
05-05 22:21:09.450  1278  1278 I PackageManager.DexOptimizer: Running dexopt (dex2oat) on: /system/app/KeyChain/KeyChain.apk pkg=com.android.keychain isa=arm64 vmSafeMode=false debuggable=false oatDir = null bootComplete=false
05-05 22:21:09.495  1648  1648 I dex2oat : Starting dex2oat.
05-05 22:21:09.495  1648  1648 E cutils-trace: Error opening trace file: No such file or directory (2)
05-05 22:21:09.564  1648  1648 I dex2oat : dex2oat took 70.098ms (threads: 4) arena alloc=132KB java alloc=150KB native alloc=1715KB free=1612KB
05-05 22:21:09.569  1278  1278 I PackageManager: Adjusting ABI for : com.qti.service.colorservice to arm64-v8a
05-05 22:21:09.570  1278  1278 I PackageManager.DexOptimizer: Running dexopt (dex2oat) on: /system/vendor/app/colorservice/colorservice.apk pkg=com.qti.service.colorservice isa=arm64 vmSafeMode=false debuggable=false oatDir = null bootComplete=false
05-05 22:21:09.608  1653  1653 I dex2oat : Starting dex2oat.
05-05 22:21:09.608  1653  1653 E cutils-trace: Error opening trace file: No such file or directory (2)
05-05 22:21:09.688  1653  1653 I dex2oat : dex2oat took 80.413ms (threads: 4) arena alloc=193KB java alloc=49KB native alloc=1499KB free=1316KB
05-05 22:21:09.694   499   499 E installd: invalid apk path '/system/vendor/app/colorservice' (bad prefix)
05-05 22:21:09.695  1278  1278 I PackageManager: Adjusting ABI for : com.android.providers.settings to arm64-v8a
05-05 22:21:09.696  1278  1278 I PackageManager.DexOptimizer: Running dexopt (dex2oat) on: /system/priv-app/SettingsProvider/SettingsProvider.apk pkg=com.android.providers.settings isa=arm64 vmSafeMode=false debuggable=false oatDir = null bootComplete=false
05-05 22:21:09.730  1658  1658 I dex2oat : Starting dex2oat.
05-05 22:21:09.730  1658  1658 E cutils-trace: Error opening trace file: No such file or directory (2)
05-05 22:21:09.901  1658  1658 I dex2oat : dex2oat took 171.941ms (threads: 4) arena alloc=3MB java alloc=162KB native alloc=4MB free=4MB
05-05 22:21:09.907  1278  1278 I PackageManager: Adjusting ABI for : com.meizu.flyme.easylauncher to arm64-v8a
05-05 22:21:09.909  1278  1278 I PackageManager.DexOptimizer: Running dexopt (dex2oat) on: /system/priv-app/EasyLauncher/EasyLauncher.apk pkg=com.meizu.flyme.easylauncher isa=arm64 vmSafeMode=false debuggable=false oatDir = null bootComplete=false
05-05 22:21:09.944  1663  1663 I dex2oat : Starting dex2oat.
05-05 22:21:09.944  1663  1663 E cutils-trace: Error opening trace file: No such file or directory (2)
05-05 22:21:09.945   552   801 I ServiceManager: Waiting for service sensorservice...
05-05 22:21:10.189   601   727 E slim_daemon: [NDK] bindNDKSensors: Sensor server is unavailable.
05-05 22:21:11.190   601   727 E slim_daemon: [NDK] bindNDKSensors: Sensor server is unavailable.
05-05 22:21:11.428   522   691 I ThermalEngine: ACTION: CLUSTER - Setting CLUSTER[0] to voltage 840 freq = 1363200
05-05 22:21:11.428   522   691 I ThermalEngine: Mitigation:CLUSTER[0]: 840 mV freq = 1363200 kHz
05-05 22:21:11.557  1663  1667 W dex2oat : No verified method for method calling String.<init>: java.lang.String java.io.ByteArrayOutputStream.toString()
05-05 22:21:11.936   522   691 I ThermalEngine: handle_thresh_sig: SS Id SKIN-SS-GOLD-AND-SILVER, Read xo_therm_buf 43000mC
05-05 22:21:11.946   552   801 I ServiceManager: Waiting for service sensorservice...
05-05 22:21:12.190   601   727 E slim_daemon: [NDK] bindNDKSensors: Sensor server is unavailable.
05-05 22:21:12.200  1663  1663 I dex2oat : dex2oat took 2.256s (threads: 4) arena alloc=3MB java alloc=6MB native alloc=14MB free=2MB
05-05 22:21:12.228  1278  1278 I PackageManager: Adjusting ABI for : com.meizu.logreport to arm64-v8a
05-05 22:21:12.229  1278  1278 I PackageManager.DexOptimizer: Running dexopt (dex2oat) on: /system/priv-app/LogReport/LogReport.apk pkg=com.meizu.logreport isa=arm64 vmSafeMode=false debuggable=false oatDir = null bootComplete=false
05-05 22:21:12.266  1668  1668 I dex2oat : Starting dex2oat.
05-05 22:21:12.266  1668  1668 E cutils-trace: Error opening trace file: No such file or directory (2)
05-05 22:21:12.421  1668  1668 W dex2oat : Before Android 4.1, method void com.meizu.common.preference.SwitchPreference.syncSummaryView(android.view.View) would have incorrectly overridden the package-private method in android.preference.TwoStatePreference
05-05 22:21:12.444   522   691 I ThermalEngine: handle_thresh_sig: SS Id SKIN-SS-GOLD-AND-SILVER, Read xo_therm_buf 43000mC
05-05 22:21:12.697   522   691 I ThermalEngine: ACTION: CLUSTER - Setting CLUSTER[1] to voltage 885 freq = 1785600
05-05 22:21:12.697   522   691 I ThermalEngine: Mitigation:CLUSTER[1]: 885 mV freq = 1785600 kHz
05-05 22:21:12.946   552   801 I ServiceManager: Waiting for service sensorservice...
05-05 22:21:12.951   522   691 I ThermalEngine: handle_thresh_sig: SS Id SKIN-SS-GOLD-AND-SILVER, Read xo_therm_buf 43000mC
05-05 22:21:13.191   601   727 E slim_daemon: [NDK] bindNDKSensors: Sensor server is unavailable.
05-05 22:21:13.410   535   566 E QCALOG  : [MessageQ] ProcessNewMessage: [XTWiFi-PE] unknown deliver target [OS-Agent]
05-05 22:21:13.459   522   691 I ThermalEngine: handle_thresh_sig: SS Id SKIN-SS-GOLD-AND-SILVER, Read xo_therm_buf 43000mC
05-05 22:21:13.488   535   566 E QCALOG  : [MessageQ] ProcessNewMessage: [XT-CS] unknown deliver target [OS-Agent]
05-05 22:21:13.488   568   778 W XTCC-5.1.0.10: [CS-RIL-LISTENER] timerCallback fired for ril update registering, re-register
05-05 22:21:13.488   535   566 E QCALOG  : [MessageQ] ProcessNewMessage: [XT-CS] unknown deliver target [OS-Agent]
05-05 22:21:13.509  1668  1672 W dex2oat : No verified method for method calling String.<init>: java.lang.String java.io.ByteArrayOutputStream.toString()
05-05 22:21:13.650  1668  1668 W dex2oat : No verified method for method calling String.<init>: java.lang.String java.io.ByteArrayOutputStream.toString()
05-05 22:21:13.947   552   801 I ServiceManager: Waiting for service sensorservice...
05-05 22:21:13.967   522   691 I ThermalEngine: handle_thresh_sig: SS Id SKIN-SS-GOLD-AND-SILVER, Read xo_therm_buf 43000mC
05-05 22:21:14.009  1668  1668 I dex2oat : dex2oat took 1.743s (threads: 4) arena alloc=2MB java alloc=6MB native alloc=12MB free=2MB
05-05 22:21:14.041  1278  1278 I PackageManager: Adjusting ABI for : com.meizu.alphame to arm64-v8a
05-05 22:21:14.041  1278  1278 I PackageManager.DexOptimizer: Running dexopt (dex2oat) on: /system/priv-app/AlphaMe/AlphaMe.apk pkg=com.meizu.alphame isa=arm64 vmSafeMode=false debuggable=false oatDir = null bootComplete=false
05-05 22:21:14.076  1673  1673 I dex2oat : Starting dex2oat.
05-05 22:21:14.081  1673  1673 E cutils-trace: Error opening trace file: No such file or directory (2)
05-05 22:21:14.191   601   727 E slim_daemon: [NDK] bindNDKSensors: Sensor server is unavailable.
05-05 22:21:14.220   522   691 I ThermalEngine: ACTION: CLUSTER - Setting CLUSTER[0] to voltage 840 freq = 1363200
05-05 22:21:14.220   522   691 I ThermalEngine: Mitigation:CLUSTER[0]: 840 mV freq = 1363200 kHz
05-05 22:21:14.259  1673  1673 I dex2oat : dex2oat took 184.042ms (threads: 4) arena alloc=304KB java alloc=322KB native alloc=2MB free=1826KB
05-05 22:21:14.264  1278  1278 I PackageManager: Adjusting ABI for : com.meizu.battery to arm64-v8a
05-05 22:21:14.265  1278  1278 I PackageManager.DexOptimizer: Running dexopt (dex2oat) on: /system/app/MzBatteryManager/MzBatteryManager.apk pkg=com.meizu.battery isa=arm64 vmSafeMode=false debuggable=false oatDir = null bootComplete=false
05-05 22:21:14.295  1678  1678 I dex2oat : Starting dex2oat.
05-05 22:21:14.296  1678  1678 E cutils-trace: Error opening trace file: No such file or directory (2)
05-05 22:21:14.476   522   691 I ThermalEngine: handle_thresh_sig: SS Id SKIN-SS-GOLD-AND-SILVER, Read xo_therm_buf 43000mC
05-05 22:21:14.516  1678  1681 W dex2oat : Before Android 4.1, method android.graphics.PorterDuffColorFilter android.support.graphics.drawable.VectorDrawableCompat.updateTintFilter(android.graphics.PorterDuffColorFilter, android.content.res.ColorStateList, android.graphics.PorterDuff$Mode) would have incorrectly overridden the package-private method in android.graphics.drawable.Drawable
05-05 22:21:14.593  1678  1681 W dex2oat : Before Android 4.1, method int android.support.v7.widget.ListViewCompat.lookForSelectablePosition(int, boolean) would have incorrectly overridden the package-private method in android.widget.ListView
05-05 22:21:14.947   552   801 I ServiceManager: Waiting for service sensorservice...
05-05 22:21:14.985   522   691 I ThermalEngine: handle_thresh_sig: SS Id SKIN-SS-GOLD-AND-SILVER, Read xo_therm_buf 43000mC
05-05 22:21:15.192   601   727 E slim_daemon: [NDK] bindNDKSensors: Sensor server is unavailable.
05-05 22:21:15.491   522   691 I ThermalEngine: ACTION: CLUSTER - Setting CLUSTER[1] to voltage 890 freq = 1804800
05-05 22:21:15.491   522   691 I ThermalEngine: Mitigation:CLUSTER[1]: 890 mV freq = 1804800 kHz
05-05 22:21:15.493   522   691 I ThermalEngine: handle_thresh_sig: SS Id SKIN-SS-GOLD-AND-SILVER, Read xo_therm_buf 43000mC
05-05 22:21:15.948   552   801 I ServiceManager: Waiting for service sensorservice...
05-05 22:21:16.002   522   691 I ThermalEngine: handle_thresh_sig: SS Id SKIN-SS-GOLD-AND-SILVER, Read xo_therm_buf 43000mC
05-05 22:21:16.192   601   727 E slim_daemon: [NDK] bindNDKSensors: Sensor server is unavailable.
05-05 22:21:16.269  1678  1678 W dex2oat : No verified method for method calling String.<init>: java.lang.String java.io.ByteArrayOutputStream.toString()
05-05 22:21:16.510   522   691 I ThermalEngine: handle_thresh_sig: SS Id SKIN-SS-GOLD-AND-SILVER, Read xo_therm_buf 43000mC
05-05 22:21:17.016   522   691 I ThermalEngine: ACTION: CLUSTER - Setting CLUSTER[0] to voltage 840 freq = 1363200
05-05 22:21:17.016   522   691 I ThermalEngine: Mitigation:CLUSTER[0]: 840 mV freq = 1363200 kHz
05-05 22:21:17.193   601   727 E slim_daemon: [NDK] bindNDKSensors: Sensor server is unavailable.
05-05 22:21:17.456  1678  1678 I dex2oat : dex2oat took 3.161s (threads: 4) arena alloc=1607KB java alloc=8MB native alloc=20MB free=4MB
05-05 22:21:17.477  1278  1278 I PackageManager: Adjusting ABI for : com.android.inputdevices to arm64-v8a
05-05 22:21:17.478  1278  1278 I PackageManager.DexOptimizer: Running dexopt (dex2oat) on: /system/priv-app/InputDevices/InputDevices.apk pkg=com.android.inputdevices isa=arm64 vmSafeMode=false debuggable=false oatDir = null bootComplete=false
05-05 22:21:17.514  1683  1683 I dex2oat : Starting dex2oat.
05-05 22:21:17.514  1683  1683 E cutils-trace: Error opening trace file: No such file or directory (2)
05-05 22:21:17.548  1683  1683 I dex2oat : dex2oat took 36.101ms (threads: 4) arena alloc=6KB java alloc=17KB native alloc=914KB free=877KB
05-05 22:21:17.553  1278  1278 I PackageManager: Adjusting ABI for : flyme to arm64-v8a
05-05 22:21:17.554   499   499 E installd: invalid apk path '/system/framework/flyme-res' (bad prefix)
05-05 22:21:17.554  1278  1278 I PackageManager: Adjusting ABI for : com.meizu.perfui to arm64-v8a
05-05 22:21:17.557  1278  1278 I PackageManager.DexOptimizer: Running dexopt (dex2oat) on: /system/priv-app/PerfUI/PerfUI.apk pkg=com.meizu.perfui isa=arm64 vmSafeMode=false debuggable=false oatDir = null bootComplete=false
05-05 22:21:17.589  1688  1688 I dex2oat : Starting dex2oat.
05-05 22:21:17.589  1688  1688 E cutils-trace: Error opening trace file: No such file or directory (2)
05-05 22:21:17.756  1688  1688 W dex2oat : Before Android 4.1, method int android.support.v7.widget.ListViewCompat.lookForSelectablePosition(int, boolean) would have incorrectly overridden the package-private method in android.widget.ListView
05-05 22:21:17.766  1688  1688 W dex2oat : Before Android 4.1, method void com.meizu.common.preference.SwitchPreference.syncSummaryView(android.view.View) would have incorrectly overridden the package-private method in android.preference.TwoStatePreference
05-05 22:21:17.948   552   801 I ServiceManager: Waiting for service sensorservice...
05-05 22:21:18.193   601   727 E slim_daemon: [NDK] bindNDKSensors: Sensor server is unavailable.
05-05 22:21:18.410   535   566 E QCALOG  : [MessageQ] ProcessNewMessage: [XTWiFi-PE] unknown deliver target [OS-Agent]
05-05 22:21:18.488   535   566 E QCALOG  : [MessageQ] ProcessNewMessage: [XT-CS] unknown deliver target [OS-Agent]
05-05 22:21:18.488   568   778 W XTCC-5.1.0.10: [CS-RIL-LISTENER] timerCallback fired for ril update registering, re-register
05-05 22:21:18.488   535   566 E QCALOG  : [MessageQ] ProcessNewMessage: [XT-CS] unknown deliver target [OS-Agent]
05-05 22:21:18.949   552   801 I ServiceManager: Waiting for service sensorservice...
05-05 22:21:19.194   601   727 E slim_daemon: [NDK] bindNDKSensors: Sensor server is unavailable.
05-05 22:21:19.314  1688  1688 I dex2oat : dex2oat took 1.725s (threads: 4) arena alloc=3MB java alloc=6MB native alloc=11MB free=2MB
05-05 22:21:19.328  1278  1278 I PackageManager: Adjusting ABI for : com.meizu.experiencedatasync to arm64-v8a
05-05 22:21:19.331  1278  1278 I PackageManager.DexOptimizer: Running dexopt (dex2oat) on: /system/priv-app/ExperienceDataSync/ExperienceDataSync.apk pkg=com.meizu.experiencedatasync isa=arm64 vmSafeMode=false debuggable=false oatDir = null bootComplete=false
05-05 22:21:19.367  1693  1693 I dex2oat : Starting dex2oat.
05-05 22:21:19.367  1693  1693 E cutils-trace: Error opening trace file: No such file or directory (2)
05-05 22:21:19.502  1693  1696 W dex2oat : No verified method for method calling String.<init>: java.lang.String java.io.ByteArrayOutputStream.toString()
05-05 22:21:19.689  1693  1693 I dex2oat : dex2oat took 323.103ms (threads: 4) arena alloc=965KB java alloc=630KB native alloc=3MB free=2MB
05-05 22:21:19.698  1278  1278 I PackageManager: Adjusting ABI for : com.meizu.mzcountservice to arm64-v8a
05-05 22:21:19.699  1278  1278 I PackageManager.DexOptimizer: Running dexopt (dex2oat) on: /system/app/MzCountService/MzCountService.apk pkg=com.meizu.mzcountservice isa=arm64 vmSafeMode=false debuggable=false oatDir = null bootComplete=false
05-05 22:21:19.731  1698  1698 I dex2oat : Starting dex2oat.
05-05 22:21:19.731  1698  1698 E cutils-trace: Error opening trace file: No such file or directory (2)
05-05 22:21:19.895  1698  1698 I dex2oat : dex2oat took 165.158ms (threads: 4) arena alloc=661KB java alloc=411KB native alloc=2MB free=2MB
05-05 22:21:19.902  1278  1278 I PackageManager: Adjusting ABI for : com.android.flyme.bridge.softsim to arm64-v8a
05-05 22:21:19.902  1278  1278 I PackageManager.DexOptimizer: Running dexopt (dex2oat) on: /system/app/Bridge/Bridge.apk pkg=com.android.flyme.bridge.softsim isa=arm64 vmSafeMode=false debuggable=false oatDir = null bootComplete=false
05-05 22:21:19.933  1704  1704 I dex2oat : Starting dex2oat.
05-05 22:21:19.933  1704  1704 E cutils-trace: Error opening trace file: No such file or directory (2)
05-05 22:21:19.950   552   801 I ServiceManager: Waiting for service sensorservice...
05-05 22:21:19.989  1704  1704 I dex2oat : dex2oat took 56.885ms (threads: 4) arena alloc=483KB java alloc=96KB native alloc=1900KB free=1939KB
05-05 22:21:19.995  1278  1278 I PackageManager: Adjusting ABI for : com.android.stk to arm64-v8a
05-05 22:21:19.996  1278  1278 I PackageManager.DexOptimizer: Running dexopt (dex2oat) on: /system/app/Stk/Stk.apk pkg=com.android.stk isa=arm64 vmSafeMode=false debuggable=false oatDir = null bootComplete=false
05-05 22:21:20.025  1709  1709 I dex2oat : Starting dex2oat.
05-05 22:21:20.025  1709  1709 E cutils-trace: Error opening trace file: No such file or directory (2)
05-05 22:21:20.047   478   914 E Sensors : sns_smr_util.c(106):Unable to initialize service 266 with QCCI, timed out (30000 ms)
05-05 22:21:20.047   478   914 E Sensors : sns_acm_mr.c(543):Error getting info for service 10
05-05 22:21:20.047   478   937 E Sensors : sns_smr_util.c(106):Unable to initialize service 287 with QCCI, timed out (30000 ms)
05-05 22:21:20.047   478   937 E Sensors : sns_acm_mr.c(543):Error getting info for service 31
05-05 22:21:20.064   478   961 E Sensors : sns_smr_util.c(106):Unable to initialize service 309 with QCCI, timed out (30000 ms)
05-05 22:21:20.064   478   961 E Sensors : sns_acm_mr.c(543):Error getting info for service 53
05-05 22:21:20.065   478   963 E Sensors : sns_smr_util.c(106):Unable to initialize service 311 with QCCI, timed out (30000 ms)
05-05 22:21:20.065   478   963 E Sensors : sns_acm_mr.c(543):Error getting info for service 55
05-05 22:21:20.067   478   959 E Sensors : sns_smr_util.c(106):Unable to initialize service 307 with QCCI, timed out (30000 ms)
05-05 22:21:20.067   478   959 E Sensors : sns_acm_mr.c(543):Error getting info for service 51
05-05 22:21:20.170  1709  1709 I dex2oat : dex2oat took 145.456ms (threads: 4) arena alloc=1581KB java alloc=269KB native alloc=2MB free=3MB
05-05 22:21:20.176  1278  1278 I PackageManager: Adjusting ABI for : com.android.phone to arm64-v8a
05-05 22:21:20.178  1278  1278 I PackageManager.DexOptimizer: Running dexopt (dex2oat) on: /system/priv-app/TeleService/TeleService.apk pkg=com.android.phone isa=arm64 vmSafeMode=false debuggable=false oatDir = null bootComplete=false
05-05 22:21:20.194   601   727 E slim_daemon: [NDK] bindNDKSensors: Sensor server is unavailable.
05-05 22:21:20.206  1714  1714 I dex2oat : Starting dex2oat.
05-05 22:21:20.206  1714  1714 E cutils-trace: Error opening trace file: No such file or directory (2)
05-05 22:21:20.785  1714  1716 W dex2oat : Before Android 4.1, method int android.support.v7.widget.ListViewCompat.lookForSelectablePosition(int, boolean) would have incorrectly overridden the package-private method in android.widget.ListView
05-05 22:21:20.792  1714  1716 W dex2oat : Before Android 4.1, method void com.meizu.common.preference.SwitchPreference.syncSummaryView(android.view.View) would have incorrectly overridden the package-private method in android.preference.TwoStatePreference
05-05 22:21:20.951   552   801 I ServiceManager: Waiting for service sensorservice...
05-05 22:21:21.065   522   691 I ThermalEngine: ACTION: CLUSTER - Setting CLUSTER[1] to voltage 835 freq = 1632000
05-05 22:21:21.065   522   691 I ThermalEngine: Mitigation:CLUSTER[1]: 835 mV freq = 1632000 kHz
05-05 22:21:21.195   601   727 E slim_daemon: [NDK] bindNDKSensors: Sensor server is unavailable.
05-05 22:21:21.826   522   691 I ThermalEngine: handle_thresh_sig: SS Id SKIN-SS-GOLD-AND-SILVER, Read xo_therm_buf 43000mC
05-05 22:21:21.951   552   801 I ServiceManager: Waiting for service sensorservice...
05-05 22:21:22.195   601   727 E slim_daemon: [NDK] bindNDKSensors: Sensor server is unavailable.
05-05 22:21:22.334   522   691 I ThermalEngine: handle_thresh_sig: SS Id SKIN-SS-GOLD-AND-SILVER, Read xo_therm_buf 43000mC
05-05 22:21:22.587   522   691 I ThermalEngine: ACTION: CLUSTER - Setting CLUSTER[0] to voltage 840 freq = 1363200
05-05 22:21:22.587   522   691 I ThermalEngine: Mitigation:CLUSTER[0]: 840 mV freq = 1363200 kHz
05-05 22:21:22.842   522   691 I ThermalEngine: handle_thresh_sig: SS Id SKIN-SS-GOLD-AND-SILVER, Read xo_therm_buf 43000mC
05-05 22:21:23.041  1714  1714 I dex2oat : Skipping compilation of java.util.List com.google.common.collect.Ordering.leastOf(java.util.Iterator, int): it contains a non natural loop
05-05 22:21:23.196   601   727 E slim_daemon: [NDK] bindNDKSensors: Sensor server is unavailable.
05-05 22:21:23.349   522   691 I ThermalEngine: handle_thresh_sig: SS Id SKIN-SS-GOLD-AND-SILVER, Read xo_therm_buf 43000mC
05-05 22:21:23.410   535   566 E QCALOG  : [MessageQ] ProcessNewMessage: [XTWiFi-PE] unknown deliver target [OS-Agent]
05-05 22:21:23.488   535   566 E QCALOG  : [MessageQ] ProcessNewMessage: [XT-CS] unknown deliver target [OS-Agent]
05-05 22:21:23.488   568   778 W XTCC-5.1.0.10: [CS-RIL-LISTENER] timerCallback fired for ril update registering, re-register
05-05 22:21:23.488   535   566 E QCALOG  : [MessageQ] ProcessNewMessage: [XT-CS] unknown deliver target [OS-Agent]
05-05 22:21:23.855   522   691 I ThermalEngine: ACTION: CLUSTER - Setting CLUSTER[1] to voltage 890 freq = 1804800
05-05 22:21:23.856   522   691 I ThermalEngine: Mitigation:CLUSTER[1]: 890 mV freq = 1804800 kHz
05-05 22:21:23.857   522   691 I ThermalEngine: handle_thresh_sig: SS Id SKIN-SS-GOLD-AND-SILVER, Read xo_therm_buf 43000mC
05-05 22:21:23.952   552   801 I ServiceManager: Waiting for service sensorservice...
05-05 22:21:24.102  1714  1718 W dex2oat : No verified method for method calling String.<init>: java.lang.String java.io.ByteArrayOutputStream.toString()
05-05 22:21:24.197   601   727 E slim_daemon: [NDK] bindNDKSensors: Sensor server is unavailable.
05-05 22:21:24.364   522   691 I ThermalEngine: handle_thresh_sig: SS Id SKIN-SS-GOLD-AND-SILVER, Read xo_therm_buf 43000mC
05-05 22:21:24.872   522   691 I ThermalEngine: handle_thresh_sig: SS Id SKIN-SS-GOLD-AND-SILVER, Read xo_therm_buf 43000mC
05-05 22:21:24.952   552   801 I ServiceManager: Waiting for service sensorservice...
05-05 22:21:25.059  1714  1714 I dex2oat : dex2oat took 4.854s (threads: 4) arena alloc=2MB java alloc=14MB native alloc=30MB free=3MB
05-05 22:21:25.082  1278  1278 I PackageManager: Adjusting ABI for : com.android.mms.service to arm64-v8a
05-05 22:21:25.083  1278  1278 I PackageManager.DexOptimizer: Running dexopt (dex2oat) on: /system/priv-app/MmsService/MmsService.apk pkg=com.android.mms.service isa=arm64 vmSafeMode=false debuggable=false oatDir = null bootComplete=false
05-05 22:21:25.111  1719  1719 I dex2oat : Starting dex2oat.
05-05 22:21:25.111  1719  1719 E cutils-trace: Error opening trace file: No such file or directory (2)
05-05 22:21:25.197   601   727 E slim_daemon: [NDK] bindNDKSensors: Sensor server is unavailable.
05-05 22:21:25.207  1719  1719 I dex2oat : dex2oat took 97.262ms (threads: 4) arena alloc=575KB java alloc=208KB native alloc=1945KB free=2MB
05-05 22:21:25.212  1278  1278 I PackageManager: Adjusting ABI for : com.android.providers.telephony to arm64-v8a
05-05 22:21:25.213  1278  1278 I PackageManager.DexOptimizer: Running dexopt (dex2oat) on: /system/priv-app/TelephonyProvider/TelephonyProvider.apk pkg=com.android.providers.telephony isa=arm64 vmSafeMode=false debuggable=false oatDir = null bootComplete=false
05-05 22:21:25.238  1724  1724 I dex2oat : Starting dex2oat.
05-05 22:21:25.238  1724  1724 E cutils-trace: Error opening trace file: No such file or directory (2)
05-05 22:21:25.379   522   691 I ThermalEngine: ACTION: CLUSTER - Setting CLUSTER[0] to voltage 840 freq = 1363200
05-05 22:21:25.379   522   691 I ThermalEngine: Mitigation:CLUSTER[0]: 840 mV freq = 1363200 kHz
05-05 22:21:25.380   522   691 I ThermalEngine: handle_thresh_sig: SS Id SKIN-SS-GOLD-AND-SILVER, Read xo_therm_buf 43000mC
05-05 22:21:25.423  1724  1724 I dex2oat : dex2oat took 185.999ms (threads: 4) arena alloc=2MB java alloc=222KB native alloc=3MB free=3MB
05-05 22:21:25.429  1278  1278 I PackageManager: Time to scan packages: 33.36 seconds
05-05 22:21:25.430  1278  1278 W PackageManager: Unknown permission android.permission.ROOT_RECOVERY_STATE in package com.flyme.roamingpay
05-05 22:21:25.430  1278  1278 W PackageManager: Unknown permission com.redteamobile.virtual.permission.USE_SOFTSIM in package com.flyme.roamingpay
05-05 22:21:25.430  1278  1278 W PackageManager: Unknown permission com.meizu.flyme.push.permission.RECEIVE in package com.flyme.roamingpay
05-05 22:21:25.431  1278  1278 W PackageManager: Unknown permission com.android.launcher.permission.READ_SETTINGS in package com.meizu.net.pedometer
05-05 22:21:25.431  1278  1278 W PackageManager: Unknown permission com.meizu.flyme.push.permission.RECEIVE in package com.meizu.net.pedometer
05-05 22:21:25.431  1278  1278 W PackageManager: Unknown permission android.permission.ROOT_RECOVERY_STATE in package com.meizu.net.pedometer
05-05 22:21:25.432  1278  1278 W PackageManager: Unknown permission com.google.android.googleapps.permission.GOOGLE_AUTH in package com.android.providers.calendar
05-05 22:21:25.432  1278  1278 W PackageManager: Unknown permission com.google.android.googleapps.permission.GOOGLE_AUTH.cl in package com.android.providers.calendar
05-05 22:21:25.434  1278  1278 W PackageManager: Not granting permission android.permission.INTERACT_ACROSS_USERS_FULL to package com.android.providers.calendar (protectionLevel=258 flags=0x38083e45)
05-05 22:21:25.434  1278  1278 W PackageManager: Unknown permission android.permission.ROOT_RECOVERY_STATE in package com.android.providers.media
05-05 22:21:25.434  1278  1278 W PackageManager: Unknown permission com.android.launcher.permission.READ_SETTINGS in package com.meizu.flyme.launcher
05-05 22:21:25.434  1278  1278 W PackageManager: Unknown permission com.android.launcher.permission.WRITE_SETTINGS in package com.meizu.flyme.launcher
05-05 22:21:25.434  1278  1278 W PackageManager: Not granting permission com.android.permission.WHITELIST_BLUETOOTH_DEVICE to package com.meizu.flyme.launcher (protectionLevel=2 flags=0x3808be45)
05-05 22:21:25.434  1278  1278 W PackageManager: Unknown permission com.meizu.flyme.push.permission.RECEIVE in package com.meizu.flyme.launcher
05-05 22:21:25.435  1278  1278 W PackageManager: Not granting permission android.permission.START_ANY_ACTIVITY to package com.meizu.flyme.launcher (protectionLevel=2 flags=0x3808be45)
05-05 22:21:25.435  1278  1278 W PackageManager: Not granting permission android.permission.INTERACT_ACROSS_USERS_FULL to package com.meizu.flyme.launcher (protectionLevel=258 flags=0x3808be45)
05-05 22:21:25.435  1278  1278 W PackageManager: Unknown permission android.permission.ROOT_RECOVERY_STATE in package com.meizu.flyme.launcher
05-05 22:21:25.435  1278  1278 W PackageManager: Unknown permission android.permission.READ_OWNER_DATA in package com.meizu.desktopbackup
05-05 22:21:25.435  1278  1278 W PackageManager: Unknown permission android.permission.WRITE_OWNER_DATA in package com.meizu.desktopbackup
