05-05 22:20:53.165  1278  1278 E NativeLibraryHelper: Failed to load assets verifier: 0
05-05 22:20:53.170  1278  1278 W PackageParser: Ignoring duplicate uses-permissions/uses-permissions-sdk-m: android.permission.READ_PHONE_STATE in package: com.meizu.sceneinfo at: Binary XML file line #16
05-05 22:20:53.171  1278  1278 I PackageManager: SELinux relabeling of com.meizu.sceneinfo issued.
05-05 22:20:53.174  1278  1278 E NativeLibraryHelper: Failed to load assets verifier: 0
05-05 22:20:53.175  1278  1278 E PackageManager: Package: Package{f864790 com.meizu.sceneinfo} has multiple bundled libs, but is not multiarch.
05-05 22:20:53.180   601   727 E slim_daemon: [NDK] bindNDKSensors: Sensor server is unavailable.
05-05 22:20:53.205  1278  1278 W PackageParser: Ignoring duplicate uses-permissions/uses-permissions-sdk-m: android.permission.RECEIVE_BOOT_COMPLETED in package: com.android.settings at: Binary XML file line #62
05-05 22:20:53.233  1278  1278 I PackageManager: SELinux relabeling of com.android.settings issued.
05-05 22:20:53.241  1278  1278 E NativeLibraryHelper: Failed to load assets verifier: 0
05-05 22:20:53.249  1278  1278 I PackageManager: SELinux relabeling of com.android.providers.settings issued.
05-05 22:20:53.252  1278  1278 E NativeLibraryHelper: Failed to load assets verifier: 0
05-05 22:20:53.256  1278  1278 I PackageManager: SELinux relabeling of com.android.sharedstoragebackup issued.
05-05 22:20:53.258  1278  1278 E NativeLibraryHelper: Failed to load assets verifier: 0
05-05 22:20:53.263  1278  1278 W PackageParser: Ignoring duplicate uses-permissions/uses-permissions-sdk-m: android.permission.INSTALL_GRANT_RUNTIME_PERMISSIONS in package: com.android.shell at: Binary XML file line #101
05-05 22:20:53.264  1278  1278 I PackageManager: SELinux relabeling of com.android.shell issued.
05-05 22:20:53.268  1278  1278 E NativeLibraryHelper: Failed to load assets verifier: 0
05-05 22:20:53.285  1278  1278 I PackageManager: SELinux relabeling of com.android.soundrecorder issued.
05-05 22:20:53.289  1278  1278 E NativeLibraryHelper: Failed to load assets verifier: 0
05-05 22:20:53.294  1278  1278 I PackageManager: SELinux relabeling of com.android.statementservice issued.
05-05 22:20:53.296  1278  1278 E NativeLibraryHelper: Failed to load assets verifier: 0
05-05 22:20:53.319  1278  1278 W PackageParser: No actions in intent filter at /system/priv-app/SystemUI/SystemUI.apk Binary XML file line #184
05-05 22:20:53.320  1278  1278 I PackageManager: SELinux relabeling of com.android.systemui issued.
05-05 22:20:53.325  1278  1278 E NativeLibraryHelper: Failed to load assets verifier: 0
05-05 22:20:53.326  1278  1278 E PackageManager: Package: Package{1e17f8a com.android.systemui} has multiple bundled libs, but is not multiarch.
05-05 22:20:53.344  1278  1278 I PackageManager: SELinux relabeling of com.flyme.systemuitools issued.
05-05 22:20:53.347  1278  1278 E NativeLibraryHelper: Failed to load assets verifier: 0
05-05 22:20:53.348  1278  1278 E PackageManager: Package: Package{4cf1f4 com.flyme.systemuitools} has multiple bundled libs, but is not multiarch.
05-05 22:20:53.354  1278  1278 I PackageManager: SELinux relabeling of com.android.apps.tag issued.
05-05 22:20:53.356  1278  1278 E NativeLibraryHelper: Failed to load assets verifier: 0
05-05 22:20:53.378  1278  1278 W PackageParser: Ignoring duplicate uses-permissions/uses-permissions-sdk-m: android.permission.READ_PRIVILEGED_PHONE_STATE in package: com.android.phone at: Binary XML file line #59
05-05 22:20:53.387  1278  1278 I PackageManager: SELinux relabeling of com.android.phone issued.
05-05 22:20:53.393  1278  1278 E NativeLibraryHelper: Failed to load assets verifier: 0
05-05 22:20:53.408  1278  1278 I PackageManager: SELinux relabeling of com.android.server.telecom issued.
05-05 22:20:53.409   535   566 E QCALOG  : [MessageQ] ProcessNewMessage: [XTWiFi-PE] unknown deliver target [OS-Agent]
05-05 22:20:53.411  1278  1278 E NativeLibraryHelper: Failed to load assets verifier: 0
05-05 22:20:53.417  1278  1278 I PackageManager: SELinux relabeling of com.android.providers.telephony issued.
05-05 22:20:53.419  1278  1278 E NativeLibraryHelper: Failed to load assets verifier: 0
05-05 22:20:53.441  1278  1278 W PackageParser: Ignoring duplicate uses-permissions/uses-permissions-sdk-m: android.permission.WRITE_EXTERNAL_STORAGE in package: com.meizu.media.video at: Binary XML file line #69
05-05 22:20:53.445  1278  1278 I PackageManager: SELinux relabeling of com.meizu.media.video issued.
05-05 22:20:53.471  1278  1278 I PackageManager: SELinux relabeling of com.meizu.voiceassistant issued.
05-05 22:20:53.476  1278  1278 E NativeLibraryHelper: Failed to load assets verifier: 0
05-05 22:20:53.476  1278  1278 E PackageManager: Package: Package{5a7c3ed com.meizu.voiceassistant} has multiple bundled libs, but is not multiarch.
05-05 22:20:53.486  1278  1278 I PackageManager: SELinux relabeling of com.android.vpndialogs issued.
05-05 22:20:53.487   568   778 W XTCC-5.1.0.10: [CS-RIL-LISTENER] timerCallback fired for ril update registering, re-register
05-05 22:20:53.487   535   566 E QCALOG  : [MessageQ] ProcessNewMessage: [XT-CS] unknown deliver target [OS-Agent]
05-05 22:20:53.487   535   566 E QCALOG  : [MessageQ] ProcessNewMessage: [XT-CS] unknown deliver target [OS-Agent]
05-05 22:20:53.491  1278  1278 E NativeLibraryHelper: Failed to load assets verifier: 0
05-05 22:20:53.514  1278  1278 I PackageManager: SELinux relabeling of com.meizu.flyme.wallet issued.
05-05 22:20:53.520  1278  1278 E NativeLibraryHelper: Failed to load assets verifier: 0
05-05 22:20:53.527  1278  1278 I PackageManager: SELinux relabeling of com.android.wallpapercropper issued.
05-05 22:20:53.529  1278  1278 E NativeLibraryHelper: Failed to load assets verifier: 0
05-05 22:20:53.541  1278  1278 W PackageParser: Ignoring duplicate uses-permissions/uses-permissions-sdk-m: android.permission.READ_EXTERNAL_STORAGE in package: com.meizu.yellowpage at: Binary XML file line #55
05-05 22:20:53.544  1278  1278 I PackageManager: SELinux relabeling of com.meizu.yellowpage issued.
05-05 22:20:53.548  1278  1278 E NativeLibraryHelper: Failed to load assets verifier: 0
05-05 22:20:53.570  1278  1278 I PackageManager: SELinux relabeling of com.android.alarmclock issued.
05-05 22:20:53.574  1278  1278 E NativeLibraryHelper: Failed to load assets verifier: 0
05-05 22:20:53.601  1278  1278 I PackageManager: SELinux relabeling of com.meizu.mstore issued.
05-05 22:20:53.605  1278  1278 E NativeLibraryHelper: Failed to load assets verifier: 0
05-05 22:20:53.617  1278  1278 W PackageParser: Ignoring duplicate uses-permissions/uses-permissions-sdk-m: android.permission.READ_CONTACTS in package: com.android.bluetooth at: Binary XML file line #64
05-05 22:20:53.618  1278  1278 W PackageParser: No actions in intent filter at /system/app/Bluetooth/Bluetooth.apk Binary XML file line #235
05-05 22:20:53.620  1278  1278 I PackageManager: SELinux relabeling of com.android.bluetooth issued.
05-05 22:20:53.623  1278  1278 E NativeLibraryHelper: Failed to load assets verifier: 0
05-05 22:20:53.628  1278  1278 W PackageParser: Unknown element under <application>: uses-feature at /system/app/BluetoothExt/BluetoothExt.apk Binary XML file line #57
05-05 22:20:53.629  1278  1278 W PackageParser: No actions in intent filter at /system/app/BluetoothExt/BluetoothExt.apk Binary XML file line #137
05-05 22:20:53.629  1278  1278 W PackageParser: No actions in intent filter at /system/app/BluetoothExt/BluetoothExt.apk Binary XML file line #161
05-05 22:20:53.629  1278  1278 I PackageManager: SELinux relabeling of org.codeaurora.bluetooth issued.
05-05 22:20:53.632  1278  1278 E NativeLibraryHelper: Failed to load assets verifier: 0
05-05 22:20:53.636  1278  1278 I PackageManager: SELinux relabeling of com.android.bluetoothmidiservice issued.
05-05 22:20:53.639  1278  1278 E NativeLibraryHelper: Failed to load assets verifier: 0
05-05 22:20:53.644  1278  1278 I PackageManager: SELinux relabeling of com.android.flyme.bridge.softsim issued.
05-05 22:20:53.646  1278  1278 E NativeLibraryHelper: Failed to load assets verifier: 0
05-05 22:20:53.659   505  1468 E QMI_FW  : QMUXD: WARNING qmi_qmux_if_pwr_up_init failed! rc=-6
05-05 22:20:53.662  1278  1278 W PackageParser: Ignoring duplicate uses-permissions/uses-permissions-sdk-m: android.permission.READ_EXTERNAL_STORAGE in package: com.meizu.flyme.calculator at: Binary XML file line #48
05-05 22:20:53.664  1278  1278 I PackageManager: SELinux relabeling of com.meizu.flyme.calculator issued.
05-05 22:20:53.669  1278  1278 E NativeLibraryHelper: Failed to load assets verifier: 0
05-05 22:20:53.693  1278  1278 I PackageManager: SELinux relabeling of com.android.calendar issued.
05-05 22:20:53.698  1278  1278 E NativeLibraryHelper: Failed to load assets verifier: 0
05-05 22:20:53.722  1278  1278 I PackageManager: SELinux relabeling of com.meizu.media.camera issued.
05-05 22:20:53.727  1278  1278 E NativeLibraryHelper: Failed to load assets verifier: 0
05-05 22:20:53.734  1278  1278 I PackageManager: SELinux relabeling of com.android.captiveportallogin issued.
05-05 22:20:53.737  1278  1278 E NativeLibraryHelper: Failed to load assets verifier: 0
05-05 22:20:53.747  1278  1278 I PackageManager: SELinux relabeling of com.android.certinstaller issued.
05-05 22:20:53.752  1278  1278 E NativeLibraryHelper: Failed to load assets verifier: 0
05-05 22:20:53.784  1278  1278 I PackageManager: SELinux relabeling of com.meizu.connectivitysettings issued.
05-05 22:20:53.790  1278  1278 E NativeLibraryHelper: Failed to load assets verifier: 0
05-05 22:20:53.801  1278  1278 I PackageManager: SELinux relabeling of com.flyme.virtual.softsim issued.
05-05 22:20:53.803  1278  1278 E NativeLibraryHelper: Failed to load assets verifier: 0
05-05 22:20:53.804  1278  1278 E PackageManager: Package: Package{2bd258b com.flyme.virtual.softsim} has multiple bundled libs, but is not multiarch.
05-05 22:20:53.823  1278  1278 I PackageManager: SELinux relabeling of com.meizu.desktopbackup issued.
05-05 22:20:53.828  1278  1278 E NativeLibraryHelper: Failed to load assets verifier: 0
05-05 22:20:53.829  1278  1278 W PackageManager: Permission com.meizu.desktopbackup.permission.READ_WRITE_SYNC_INFO from package com.meizu.desktopbackup in an unknown group android.permission-group.PERSONAL_INFO
05-05 22:20:53.842  1278  1278 I PackageManager: SELinux relabeling of com.meizu.documentsui issued.
05-05 22:20:53.846  1278  1278 E NativeLibraryHelper: Failed to load assets verifier: 0
05-05 22:20:53.861  1278  1278 I PackageManager: SELinux relabeling of com.android.providers.downloads.ui issued.
05-05 22:20:53.865  1278  1278 E NativeLibraryHelper: Failed to load assets verifier: 0
05-05 22:20:53.884  1278  1278 W PackageParser: No actions in intent filter at /system/app/FileManager/FileManager.apk Binary XML file line #258
05-05 22:20:53.886  1278  1278 I PackageManager: SELinux relabeling of com.meizu.filemanager issued.
05-05 22:20:53.891  1278  1278 E NativeLibraryHelper: Failed to load assets verifier: 0
05-05 22:20:53.912   498   498 I ServiceManager: Waiting for service media.camera.proxy...
05-05 22:20:53.913  1278  1278 W PackageParser: Unknown element under <manifest>: meta-data at /system/app/GameCenter/GameCenter.apk Binary XML file line #60
05-05 22:20:53.917  1278  1278 I PackageManager: SELinux relabeling of com.meizu.flyme.gamecenter issued.
05-05 22:20:53.922  1278  1278 E NativeLibraryHelper: Failed to load assets verifier: 0
05-05 22:20:53.928  1278  1278 I PackageManager: SELinux relabeling of com.android.htmlviewer issued.
05-05 22:20:53.930  1278  1278 E NativeLibraryHelper: Failed to load assets verifier: 0
05-05 22:20:53.939   552   801 E Sensors : Cannot get permission service
05-05 22:20:53.939   552   801 I ServiceManager: Waiting for service sensorservice...
05-05 22:20:53.942  1278  1278 I PackageManager: SELinux relabeling of com.iflytek.speechsuite issued.
05-05 22:20:53.945  1278  1278 E NativeLibraryHelper: Failed to load assets verifier: 0
05-05 22:20:53.951  1278  1278 I PackageManager: SELinux relabeling of com.android.keychain issued.
05-05 22:20:53.953  1278  1278 E NativeLibraryHelper: Failed to load assets verifier: 0
05-05 22:20:53.977  1278  1278 I PackageManager: SELinux relabeling of com.meizu.media.life issued.
05-05 22:20:53.991  1278  1278 I PackageManager: SELinux relabeling of com.ibimuyu.lockscreen issued.
05-05 22:20:53.993  1278  1278 E NativeLibraryHelper: Failed to load assets verifier: 0
05-05 22:20:54.009  1278  1278 W PackageParser: Ignoring duplicate uses-permissions/uses-permissions-sdk-m: android.permission.MANAGE_ACCOUNTS in package: com.meizu.flyme.mall at: Binary XML file line #18
05-05 22:20:54.009  1278  1278 W PackageParser: Ignoring duplicate uses-permissions/uses-permissions-sdk-m: android.permission.USE_CREDENTIALS in package: com.meizu.flyme.mall at: Binary XML file line #19
05-05 22:20:54.014  1278  1278 I PackageManager: SELinux relabeling of com.meizu.flyme.mall issued.
05-05 22:20:54.018  1278  1278 E NativeLibraryHelper: Failed to load assets verifier: 0
05-05 22:20:54.045  1278  1278 I PackageManager: SELinux relabeling of com.meizu.net.map issued.
05-05 22:20:54.075  1278  1278 I PackageManager: SELinux relabeling of com.meizu.account issued.
05-05 22:20:54.079  1278  1278 E NativeLibraryHelper: Failed to load assets verifier: 0
05-05 22:20:54.080  1278  1278 E PackageManager: Package: Package{e74260c com.meizu.account} has multiple bundled libs, but is not multiarch.
05-05 22:20:54.098  1278  1278 W PackageParser: Ignoring duplicate uses-permissions/uses-permissions-sdk-m: android.permission.READ_EXTERNAL_STORAGE in package: com.meizu.battery at: Binary XML file line #76
05-05 22:20:54.099  1278  1278 W PackageParser: No actions in intent filter at /system/app/MzBatteryManager/MzBatteryManager.apk Binary XML file line #184
05-05 22:20:54.100  1278  1278 I PackageManager: SELinux relabeling of com.meizu.battery issued.
05-05 22:20:54.104  1278  1278 E NativeLibraryHelper: Failed to load assets verifier: 0
05-05 22:20:54.113  1278  1278 I PackageManager: SELinux relabeling of com.meizu.cloud issued.
05-05 22:20:54.116  1278  1278 E NativeLibraryHelper: Failed to load assets verifier: 0
05-05 22:20:54.140  1278  1278 I PackageManager: SELinux relabeling of com.meizu.compaign issued.
05-05 22:20:54.146  1278  1278 E NativeLibraryHelper: Failed to load assets verifier: 0
05-05 22:20:54.155  1278  1278 I PackageManager: SELinux relabeling of com.meizu.mzcountservice issued.
05-05 22:20:54.158  1278  1278 E NativeLibraryHelper: Failed to load assets verifier: 0
05-05 22:20:54.173  1278  1278 W PackageParser: Ignoring duplicate uses-permissions/uses-permissions-sdk-m: android.permission.READ_EXTERNAL_STORAGE in package: com.meizu.account.pay at: Binary XML file line #39
05-05 22:20:54.176  1278  1278 I PackageManager: SELinux relabeling of com.meizu.account.pay issued.
05-05 22:20:54.181   601   727 E slim_daemon: [NDK] bindNDKSensors: Sensor server is unavailable.
05-05 22:20:54.182  1278  1278 E NativeLibraryHelper: Failed to load assets verifier: 0
05-05 22:20:54.202  1278  1278 I PackageManager: SELinux relabeling of com.meizu.flyme.service.find issued.
05-05 22:20:54.206  1278  1278 E NativeLibraryHelper: Failed to load assets verifier: 0
05-05 22:20:54.239  1278  1278 I PackageManager: SELinux relabeling of com.meizu.safe issued.
05-05 22:20:54.244  1278  1278 E NativeLibraryHelper: Failed to load assets verifier: 0
05-05 22:20:54.245  1278  1278 E PackageManager: Package: Package{2e7dd26 com.meizu.safe} has multiple bundled libs, but is not multiarch.
05-05 22:20:54.267  1278  1278 I PackageManager: SELinux relabeling of com.meizu.setup issued.
05-05 22:20:54.271  1278  1278 E NativeLibraryHelper: Failed to load assets verifier: 0
05-05 22:20:54.272  1278  1278 E PackageManager: Package: Package{9d21fe6 com.meizu.setup} has multiple bundled libs, but is not multiarch.
05-05 22:20:54.291  1278  1278 I PackageManager: SELinux relabeling of com.meizu.share issued.
05-05 22:20:54.295  1278  1278 E NativeLibraryHelper: Failed to load assets verifier: 0
05-05 22:20:54.310  1278  1278 I PackageManager: SELinux relabeling of com.meizu.mzsimcontacts issued.
05-05 22:20:54.314  1278  1278 E NativeLibraryHelper: Failed to load assets verifier: 0
05-05 22:20:54.332  1278  1278 W PackageParser: No actions in intent filter at /system/app/MzSyncService/MzSyncService.apk Binary XML file line #345
05-05 22:20:54.333  1278  1278 I PackageManager: SELinux relabeling of com.meizu.mzsyncservice issued.
05-05 22:20:54.338  1278  1278 E NativeLibraryHelper: Failed to load assets verifier: 0
05-05 22:20:54.340  1278  1278 W PackageManager: Permission com.meizu.mzsyncservice.permission.READ_WRITE_SYNC_INFO from package com.meizu.mzsyncservice in an unknown group android.permission-group.PERSONAL_INFO
05-05 22:20:54.357  1278  1278 I PackageManager: SELinux relabeling of com.meizu.flyme.update issued.
05-05 22:20:54.361  1278  1278 E NativeLibraryHelper: Failed to load assets verifier: 0
05-05 22:20:54.361  1278  1278 E PackageManager: Package: Package{816425c com.meizu.flyme.update} has multiple bundled libs, but is not multiarch.
05-05 22:20:54.379  1278  1278 I PackageManager: SELinux relabeling of com.flyme.netadmin issued.
05-05 22:20:54.384  1278  1278 E NativeLibraryHelper: Failed to load assets verifier: 0
05-05 22:20:54.384  1278  1278 E PackageManager: Package: Package{7dc1cdb com.flyme.netadmin} has multiple bundled libs, but is not multiarch.
05-05 22:20:54.398  1278  1278 W PackageParser: Unknown element under <manifest>: meta-data at /system/app/NotePaper/NotePaper.apk Binary XML file line #13
05-05 22:20:54.406  1278  1278 I PackageManager: SELinux relabeling of com.meizu.notepaper issued.
05-05 22:20:54.410  1278  1278 E NativeLibraryHelper: Failed to load assets verifier: 0
05-05 22:20:54.415  1278  1278 I PackageManager: SELinux relabeling of com.android.pacprocessor issued.
05-05 22:20:54.418  1278  1278 E NativeLibraryHelper: Failed to load assets verifier: 0
05-05 22:20:54.418  1278  1278 E PackageManager: Package: Package{e8b7416 com.android.pacprocessor} has multiple bundled libs, but is not multiarch.
05-05 22:20:54.438  1278  1278 W PackageParser: No actions in intent filter at /system/app/Pedometer/Pedometer.apk Binary XML file line #187
05-05 22:20:54.440  1278  1278 I PackageManager: SELinux relabeling of com.meizu.net.pedometer issued.
05-05 22:20:54.445  1278  1278 E NativeLibraryHelper: Failed to load assets verifier: 0
05-05 22:20:54.452  1278  1278 I PackageManager: SELinux relabeling of com.svox.pico issued.
05-05 22:20:54.454  1278  1278 E NativeLibraryHelper: Failed to load assets verifier: 0
05-05 22:20:54.462  1278  1278 I PackageManager: SELinux relabeling of com.android.printspooler issued.
05-05 22:20:54.464  1278  1278 E NativeLibraryHelper: Failed to load assets verifier: 0
05-05 22:20:54.470  1278  1278 I PackageManager: SELinux relabeling of com.meizu.privacy issued.
05-05 22:20:54.473  1278  1278 E NativeLibraryHelper: Failed to load assets verifier: 0
05-05 22:20:54.495  1278  1278 I PackageManager: SELinux relabeling of com.meizu.media.reader issued.
05-05 22:20:54.521  1278  1278 I PackageManager: SELinux relabeling of com.flyme.roamingpay issued.
05-05 22:20:54.524  1278  1278 E NativeLibraryHelper: Failed to load assets verifier: 0
05-05 22:20:54.542  1278  1278 W PackageParser: No actions in intent filter at /system/app/Search/Search.apk Binary XML file line #231
05-05 22:20:54.544  1278  1278 I PackageManager: SELinux relabeling of com.meizu.net.search issued.
05-05 22:20:54.556  1278  1278 I PackageManager: SELinux relabeling of com.android.stk issued.
05-05 22:20:54.559  1278  1278 E NativeLibraryHelper: Failed to load assets verifier: 0
05-05 22:20:54.574  1278  1278 I PackageManager: SELinux relabeling of com.meizu.systemwallpaper issued.
05-05 22:20:54.578  1278  1278 E NativeLibraryHelper: Failed to load assets verifier: 0
05-05 22:20:54.579  1278  1278 E PackageManager: Package: Package{ca2aed2 com.meizu.systemwallpaper} has multiple bundled libs, but is not multiarch.
05-05 22:20:54.596  1278  1278 I PackageManager: SELinux relabeling of com.meizu.flyme.toolbox issued.
05-05 22:20:54.602  1278  1278 E NativeLibraryHelper: Failed to load assets verifier: 0
05-05 22:20:54.608  1278  1278 I PackageManager: SELinux relabeling of com.android.providers.userdictionary issued.
05-05 22:20:54.611  1278  1278 E NativeLibraryHelper: Failed to load assets verifier: 0
05-05 22:20:54.614  1278  1278 I PackageManager: SELinux relabeling of com.android.smspush issued.
05-05 22:20:54.616  1278  1278 E NativeLibraryHelper: Failed to load assets verifier: 0
05-05 22:20:54.636  1278  1278 W PackageParser: Unknown element under <application>: uses-permission at /system/app/Weather/Weather.apk Binary XML file line #371
05-05 22:20:54.636  1278  1278 W PackageParser: Unknown element under <application>: uses-permission at /system/app/Weather/Weather.apk Binary XML file line #372
05-05 22:20:54.636  1278  1278 W PackageParser: Unknown element under <application>: uses-permission at /system/app/Weather/Weather.apk Binary XML file line #373
05-05 22:20:54.636  1278  1278 W PackageParser: Unknown element under <application>: uses-permission at /system/app/Weather/Weather.apk Binary XML file line #374
05-05 22:20:54.636  1278  1278 W PackageParser: Unknown element under <application>: uses-permission at /system/app/Weather/Weather.apk Binary XML file line #375
05-05 22:20:54.636  1278  1278 W PackageParser: Unknown element under <application>: uses-permission at /system/app/Weather/Weather.apk Binary XML file line #376
05-05 22:20:54.636  1278  1278 W PackageParser: Unknown element under <application>: uses-permission at /system/app/Weather/Weather.apk Binary XML file line #377
05-05 22:20:54.636  1278  1278 W PackageParser: Unknown element under <application>: uses-permission at /system/app/Weather/Weather.apk Binary XML file line #378
05-05 22:20:54.637  1278  1278 I PackageManager: SELinux relabeling of com.meizu.flyme.weather issued.
05-05 22:20:54.641  1278  1278 E NativeLibraryHelper: Failed to load assets verifier: 0
05-05 22:20:54.649  1278  1278 I PackageManager: SELinux relabeling of com.vlife.mxlock.wallpaper issued.
05-05 22:20:54.652  1278  1278 E NativeLibraryHelper: Failed to load assets verifier: 0
05-05 22:20:54.661  1278  1278 I PackageManager: SELinux relabeling of com.android.webview issued.
05-05 22:20:54.664  1278  1278 E NativeLibraryHelper: Failed to load assets verifier: 0
05-05 22:20:54.664  1278  1278 E NativeLibraryHelper: Failed to load assets verifier: 0
05-05 22:20:54.672  1278  1278 W PackageParser: Ignoring duplicate uses-permissions/uses-permissions-sdk-m: android.permission.CHANGE_WIFI_STATE in package: com.android.nfc at: Binary XML file line #47
05-05 22:20:54.673  1278  1278 W PackageParser: Ignoring duplicate uses-permissions/uses-permissions-sdk-m: android.permission.ACCESS_WIFI_STATE in package: com.android.nfc at: Binary XML file line #48
05-05 22:20:54.674  1278  1278 I PackageManager: SELinux relabeling of com.android.nfc issued.
05-05 22:20:54.677  1278  1278 E NativeLibraryHelper: Failed to load assets verifier: 0
05-05 22:20:54.681  1278  1278 I PackageManager: SELinux relabeling of com.qti.service.colorservice issued.
05-05 22:20:54.683  1278  1278 E NativeLibraryHelper: Failed to load assets verifier: 0
05-05 22:20:54.683  1278  1278 W PackageManager: Permission com.qti.snapdragon.sdk.permission.DISPLAY_SETTINGS from package com.qti.service.colorservice in an unknown group android.permission-group.SYSTEM_TOOLS
05-05 22:20:54.684  1278  1278 W PackageManager: Failed to parse /system/vendor/app/ims: Missing base APK in /system/vendor/app/ims
05-05 22:20:54.684  1278  1278 D PackageManager: No files in app dir /oem/app
05-05 22:20:54.685  1278  1278 D PackageManager: No files in app dir /data/app
05-05 22:20:54.685  1278  1278 D PackageManager: No files in app dir /data/app-private
05-05 22:20:54.686  1278  1278 W PackageManager: Package com.meizu.flyme.wallet desires unavailable shared library org.simalliance.openmobileapi; ignoring!
05-05 22:20:54.686  1278  1278 W PackageManager: Package org.codeaurora.bluetooth desires unavailable shared library com.quicinc.wbc; ignoring!
05-05 22:20:54.686  1278  1278 W PackageManager: Package com.meizu.media.gallery desires unavailable shared library com.google.android.media.effects; ignoring!
05-05 22:20:54.686  1278  1278 E PackageManager: updateAllSharedLibrariesLPw failed: Package com.android.systemui requires unavailable shared library com.meizu.camera; failing!
05-05 22:20:54.686  1278  1278 I PackageManager: Adjusting ABI for : com.meizu.netcontactservice to armeabi-v7a
05-05 22:20:54.696  1278  1278 I PackageManager: Adjusting ABI for : com.android.packageinstaller to arm64-v8a
05-05 22:20:54.697  1278  1278 I PackageManager.DexOptimizer: Running dexopt (dex2oat) on: /system/priv-app/PackageInstaller/PackageInstaller.apk pkg=com.android.packageinstaller isa=arm64 vmSafeMode=false debuggable=false oatDir = null bootComplete=false
05-05 22:20:54.737  1591  1591 I dex2oat : Starting dex2oat.
05-05 22:20:54.737  1591  1591 E cutils-trace: Error opening trace file: No such file or directory (2)
05-05 22:20:54.912   498   498 I ServiceManager: Waiting for service media.camera.proxy...
05-05 22:20:54.919  1591  1593 W dex2oat : Before Android 4.1, method int android.support.v7.widget.ListViewCompat.lookForSelectablePosition(int, boolean) would have incorrectly overridden the package-private method in android.widget.ListView
05-05 22:20:54.932  1591  1593 W dex2oat : Before Android 4.1, method void com.meizu.common.preference.SwitchPreference.syncSummaryView(android.view.View) would have incorrectly overridden the package-private method in android.preference.TwoStatePreference
05-05 22:20:54.940   552   801 I ServiceManager: Waiting for service sensorservice...
05-05 22:20:55.182   601   727 E slim_daemon: [NDK] bindNDKSensors: Sensor server is unavailable.
05-05 22:20:55.913   498   498 I AudioPolicyService: AudioPolicyService CSTOR in new mode
05-05 22:20:55.917   498   498 W APM::Devices: DeviceVector::add device 80000040 already in
05-05 22:20:55.917   498   498 I APM::ConfigParsingUtils: loadAudioPolicyConfig() loaded /system/etc/audio_policy.conf
05-05 22:20:55.925   498   498 D audio_hw_primary: adev_open: enter
05-05 22:20:55.940   552   801 I ServiceManager: Waiting for service sensorservice...
05-05 22:20:56.032   498   498 W hardware_info: update_hardware_info_8996: Not a 8996 device
05-05 22:20:56.032   498   498 D msm8974_platform: platform_init: Loading mixer file: /system/etc/mixer_paths_tasha.xml
05-05 22:20:56.182   601   727 E slim_daemon: [NDK] bindNDKSensors: Sensor server is unavailable.
05-05 22:20:56.228   498   498 E audio_route: Control 'MultiMedia5 Mixer AUX_PCM_UL_TX' doesn't exist - skipping
05-05 22:20:56.228   498   498 E audio_route: Control 'MultiMedia4 Mixer MI2S_TX' doesn't exist - skipping
05-05 22:20:56.229   498   498 E audio_route: Control 'MultiMedia7 Mixer MI2S_TX' doesn't exist - skipping
05-05 22:20:56.229   498   498 E audio_route: Control 'MultiMedia10 Mixer MI2S_TX' doesn't exist - skipping
05-05 22:20:56.229   498   498 E audio_route: Control 'MultiMedia11 Mixer MI2S_TX' doesn't exist - skipping
05-05 22:20:56.229   498   498 E audio_route: Control 'MultiMedia12 Mixer MI2S_TX' doesn't exist - skipping
05-05 22:20:56.229   498   498 E audio_route: Control 'MultiMedia13 Mixer MI2S_TX' doesn't exist - skipping
05-05 22:20:56.229   498   498 E audio_route: Control 'MultiMedia14 Mixer MI2S_TX' doesn't exist - skipping
05-05 22:20:56.229   498   498 E audio_route: Control 'MultiMedia15 Mixer MI2S_TX' doesn't exist - skipping
05-05 22:20:56.229   498   498 E audio_route: Control 'MultiMedia16 Mixer MI2S_TX' doesn't exist - skipping
05-05 22:20:56.231   498   498 E audio_route: Control 'QUAT_MI2S_RX Audio Mixer MultiMedia9' doesn't exist - skipping
05-05 22:20:56.241   498   498 E audio_route: Control 'SpkrLeft COMP Switch' doesn't exist - skipping
05-05 22:20:56.241   498   498 E audio_route: Control 'SpkrRight COMP Switch' doesn't exist - skipping
05-05 22:20:56.241   498   498 E audio_route: Control 'SpkrLeft BOOST Switch' doesn't exist - skipping
05-05 22:20:56.241   498   498 E audio_route: Control 'SpkrRight BOOST Switch' doesn't exist - skipping
05-05 22:20:56.241   498   498 E audio_route: Control 'SpkrLeft VISENSE Switch' doesn't exist - skipping
05-05 22:20:56.241   498   498 E audio_route: Control 'SpkrRight VISENSE Switch' doesn't exist - skipping
05-05 22:20:56.241   498   498 E audio_route: Control 'SpkrLeft SWR DAC_Port Switch' doesn't exist - skipping
05-05 22:20:56.241   498   498 E audio_route: Control 'SpkrRight SWR DAC_Port Switch' doesn't exist - skipping
05-05 22:20:56.244   498   498 E audio_route: Control 'MultiMedia8 Mixer AUX_PCM_UL_TX' doesn't exist - skipping
05-05 22:20:56.245   498   498 E audio_route: Control 'SLIM_1 SampleRate' doesn't exist - skipping
05-05 22:20:56.246   498   498 E audio_route: Control 'SLIM_1 SampleRate' doesn't exist - skipping
05-05 22:20:56.246   498   498 E audio_route: Control 'SLIM_1 SampleRate' doesn't exist - skipping
05-05 22:20:56.247   498   498 E audio_route: Control 'SLIM_1 SampleRate' doesn't exist - skipping
05-05 22:20:56.248   498   498 E audio_route: Control 'SLIM_1 SampleRate' doesn't exist - skipping
05-05 22:20:56.248   498   498 E audio_route: Control 'SLIM_1 SampleRate' doesn't exist - skipping
05-05 22:20:56.249   498   498 E audio_route: Control 'SLIM_1 SampleRate' doesn't exist - skipping
05-05 22:20:56.250   498   498 E audio_route: Control 'SLIM_1 SampleRate' doesn't exist - skipping
05-05 22:20:56.251   498   498 E audio_route: Control 'SLIM_1 SampleRate' doesn't exist - skipping
05-05 22:20:56.251   498   498 E audio_route: Control 'SLIM_1 SampleRate' doesn't exist - skipping
05-05 22:20:56.252   498   498 E audio_route: Control 'SLIM_1 SampleRate' doesn't exist - skipping
05-05 22:20:56.253   498   498 E audio_route: Control 'SLIM_1 SampleRate' doesn't exist - skipping
05-05 22:20:56.253   498   498 E audio_route: Control 'MultiMedia8 Mixer AUX_PCM_UL_TX' doesn't exist - skipping
05-05 22:20:56.253   498   498 E audio_route: Control 'SLIM_1 SampleRate' doesn't exist - skipping
05-05 22:20:56.253   498   498 E audio_route: Control 'MultiMedia5 Mixer AUX_PCM_UL_TX' doesn't exist - skipping
05-05 22:20:56.256   498   498 E audio_route: Control 'SLIM_1 SampleRate' doesn't exist - skipping
05-05 22:20:56.260   498   498 E audio_route: Control 'AIF1_CAP Mixer SLIM TX7' already exists in path 'speaker-mic'
05-05 22:20:56.311   498   498 D msm8974_platform: platform_init: Opened sound card:0
05-05 22:20:56.329   498   498 D ACDB-LOADER: ACDB -> Load file: /etc/acdbdata/adsp_avs_config.acdb
05-05 22:20:56.329   498   498 D ACDB-LOADER: ACDB -> found 1 form factor & soundcard independant files
05-05 22:20:56.330   498   498 D ACDB-LOADER: ACDB -> Load file: /etc/acdbdata/Forte/Forte_Bluetooth_cal.acdb
05-05 22:20:56.330   498   498 D ACDB-LOADER: ACDB -> Load file: /etc/acdbdata/Forte/Forte_General_cal.acdb
05-05 22:20:56.330   498   498 D ACDB-LOADER: ACDB -> Load file: /etc/acdbdata/Forte/Forte_Global_cal.acdb
05-05 22:20:56.330   498   498 D ACDB-LOADER: ACDB -> Load file: /etc/acdbdata/Forte/Forte_Handset_cal.acdb
05-05 22:20:56.330   498   498 D ACDB-LOADER: ACDB -> Load file: /etc/acdbdata/Forte/Forte_Hdmi_cal.acdb
05-05 22:20:56.330   498   498 D ACDB-LOADER: ACDB -> Load file: /etc/acdbdata/Forte/Forte_Headset_cal.acdb
05-05 22:20:56.330   498   498 D ACDB-LOADER: ACDB -> Load file: /etc/acdbdata/Forte/Forte_Speaker_cal.acdb
05-05 22:20:56.331   498   498 I ACDB-LOADER: ACDB -> Info: Loaded ForteMedia ACDB!
05-05 22:20:56.331   498   498 D ACDB-LOADER: ACDB -> ACDB_CMD_INITIALIZE_V2
05-05 22:20:56.331   498   498 D         : [ACDB Command]->SW Minor/Major/Revision version info for /etc/acdbdata/adsp_avs_config.acdb
05-05 22:20:56.331   498   498 D         : [ACDB Command]->ACDB Sw Major = 8, ACDB Sw Minor = 0, ACDB Sw Revision = 1, ACDB Sw Cpl Number = 0
05-05 22:20:56.331   498   498 D         : [ACDB Command]->ACDB File Major = 0, ACDB File Minor = 0, ACDB File Revision = 0
05-05 22:20:56.333   498   498 D         : [ACDB Command]->SW Minor/Major/Revision version info for /etc/acdbdata/Forte/Forte_Bluetooth_cal.acdb
05-05 22:20:56.334   498   498 D         : [ACDB Command]->ACDB Sw Major = 8, ACDB Sw Minor = 0, ACDB Sw Revision = 1, ACDB Sw Cpl Number = 0
05-05 22:20:56.334   498   498 D         : [ACDB Command]->ACDB File Major = 7, ACDB File Minor = 0, ACDB File Revision = 4
05-05 22:20:56.335   498   498 D         : [ACDB Command]->SW Minor/Major/Revision version info for /etc/acdbdata/Forte/Forte_General_cal.acdb
05-05 22:20:56.335   498   498 D         : [ACDB Command]->ACDB Sw Major = 8, ACDB Sw Minor = 0, ACDB Sw Revision = 1, ACDB Sw Cpl Number = 0
05-05 22:20:56.335   498   498 D         : [ACDB Command]->ACDB File Major = 7, ACDB File Minor = 0, ACDB File Revision = 4
05-05 22:20:56.336   498   498 D         : [ACDB Command]->SW Minor/Major/Revision version info for /etc/acdbdata/Forte/Forte_Global_cal.acdb
05-05 22:20:56.336   498   498 D         : [ACDB Command]->ACDB Sw Major = 8, ACDB Sw Minor = 0, ACDB Sw Revision = 1, ACDB Sw Cpl Number = 0
05-05 22:20:56.336   498   498 D         : [ACDB Command]->ACDB File Major = 7, ACDB File Minor = 0, ACDB File Revision = 4
05-05 22:20:56.337  1591  1593 W dex2oat : No verified method for method calling String.<init>: java.lang.String java.io.ByteArrayOutputStream.toString()
05-05 22:20:56.339   498   498 D         : [ACDB Command]->SW Minor/Major/Revision version info for /etc/acdbdata/Forte/Forte_Handset_cal.acdb
05-05 22:20:56.339   498   498 D         : [ACDB Command]->ACDB Sw Major = 8, ACDB Sw Minor = 0, ACDB Sw Revision = 1, ACDB Sw Cpl Number = 0
05-05 22:20:56.339   498   498 D         : [ACDB Command]->ACDB File Major = 7, ACDB File Minor = 0, ACDB File Revision = 4
05-05 22:20:56.340   498   498 D         : [ACDB Command]->SW Minor/Major/Revision version info for /etc/acdbdata/Forte/Forte_Hdmi_cal.acdb
05-05 22:20:56.340   498   498 D         : [ACDB Command]->ACDB Sw Major = 8, ACDB Sw Minor = 0, ACDB Sw Revision = 1, ACDB Sw Cpl Number = 0
05-05 22:20:56.340   498   498 D         : [ACDB Command]->ACDB File Major = 7, ACDB File Minor = 0, ACDB File Revision = 4
05-05 22:20:56.343   498   498 D         : [ACDB Command]->SW Minor/Major/Revision version info for /etc/acdbdata/Forte/Forte_Headset_cal.acdb
05-05 22:20:56.343   498   498 D         : [ACDB Command]->ACDB Sw Major = 8, ACDB Sw Minor = 0, ACDB Sw Revision = 1, ACDB Sw Cpl Number = 0
05-05 22:20:56.343   498   498 D         : [ACDB Command]->ACDB File Major = 7, ACDB File Minor = 0, ACDB File Revision = 4
05-05 22:20:56.347   498   498 D         : [ACDB Command]->SW Minor/Major/Revision version info for /etc/acdbdata/Forte/Forte_Speaker_cal.acdb
05-05 22:20:56.347   498   498 D         : [ACDB Command]->ACDB Sw Major = 8, ACDB Sw Minor = 0, ACDB Sw Revision = 1, ACDB Sw Cpl Number = 0
05-05 22:20:56.347   498   498 D         : [ACDB Command]->ACDB File Major = 7, ACDB File Minor = 0, ACDB File Revision = 4
05-05 22:20:56.347   498   498 D         : ACDBFILE_MGR:Read the devices count as zero, please check the acdb file
05-05 22:20:56.347   498   498 D ACDB-LOADER: ACDB -> ACPH INIT
05-05 22:20:56.347   498   498 D         : [ACPH]->Online service registered with ACPH
05-05 22:20:56.350   498   498 D         : [ACPH]->ACPH init success
05-05 22:20:56.350   498   498 D ACDB-LOADER: ACDB -> RTAC INIT
05-05 22:20:56.350   498   498 D         : [ACPH]->DSP RTC service registered with ACPH
05-05 22:20:56.350   498   498 D ACDB-LOADER: ACDB -> MCS, FTS INIT
05-05 22:20:56.350   498   498 E MCS-RT-CTL: Can't open the configuration file /system/etc/aanc_tuning_mixer.txt.
05-05 22:20:56.351   498   498 E ACDB-MCS: acdb_mcs_init: MCS routing control initialization failed.
05-05 22:20:56.351   498   498 D         : [ACPH]->FTS RTC service registered with ACPH
05-05 22:20:56.351   498   498 D ACDB-LOADER: ACDB -> ADIE RTAC INIT
05-05 22:20:56.351   498   498 D         : [ACPH]->ADIE RTC service registered with ACPH
05-05 22:20:56.351   498   498 D ACDB-LOADER: ACDB -> ACDB_CMD_GET_VOC_PROC_DYNAMIC_TABLE_SIZE
05-05 22:20:56.352   498   498 D ACDB-LOADER: ACDB -> send_meta_info, lic 0
05-05 22:20:56.352   498   498 D         : Couldnt find the key 00000000 
05-05 22:20:56.352   498   498 D         : Output from GetMetaInfoSize command : 0
05-05 22:20:56.407   498   498 D ACDB-LOADER: ACDB -> send_common_custom_topology
05-05 22:20:56.407   498   498 D ACDB-LOADER: ACDB -> ACDB_CMD_GET_AVCS_CUSTOM_TOPO_INFO
05-05 22:20:56.407   498   498 D ACDB-LOADER: ACDB -> ACDB_CMD_GET_AVCS_CUSTOM_TOPO_INFO: size:0x33c ret=0 
05-05 22:20:56.407   498   498 D ACDB-LOADER: ACDB -> CORE_CUSTOM_TOPOLOGIES
05-05 22:20:56.410   498   498 D ACDB-LOADER: ACDB -> acdb_loader_send_common_custom_topology: Common custom topology in use
05-05 22:20:56.410   498   498 D ACDB-LOADER: ACDB -> send_meta_info Enter
05-05 22:20:56.410   498   498 E ACDB-LOADER: Fail to allocate memory for metainfo
05-05 22:20:56.411   498   498 D ACDB-LOADER: ACDB -> send_meta_info failed
05-05 22:20:56.411   498   498 D ACDB-LOADER: ACDB -> init done!
05-05 22:20:56.411   498   498 D msm8974_platform: ACDB initialized
05-05 22:20:56.411   498   498 D msm8974_platform: hw_util_open Opening device /dev/snd/hwC0D1000
05-05 22:20:56.411   498   498 D msm8974_platform: hw_util_open success
05-05 22:20:56.411   498   498 D ACDB-LOADER: ACDB -> ACDB_CMD_GET_ANC_SETTING
05-05 22:20:56.411   498   498 D         : ACDBFILE_MGR:Read the devices count as zero, please check the acdb file
05-05 22:20:56.411   498   498 D anc_map : convert_anc_acdb_to_reg:enter, inut size  2
05-05 22:20:56.411   498   498 D anc_map : Setwcd9xxxANC_IIRCoeffs:enter
05-05 22:20:56.411   498   498 D anc_map : Setwcd9xxxANC_IIRCoeffs:leave
05-05 22:20:56.411   498   498 D anc_map : Setwcd9xxxANC_IIRCoeffs:enter
05-05 22:20:56.411   498   498 D anc_map : Setwcd9xxxANC_IIRCoeffs:leave
05-05 22:20:56.411   498   498 D anc_map : convert_anc_acdb_to_reg:leave
05-05 22:20:56.411   498   498 D ACDB-LOADER: ACDB -> ACDB_CMD_GET_ANC_SETTING
05-05 22:20:56.411   498   498 D         : ACDBFILE_MGR:Read the devices count as zero, please check the acdb file
05-05 22:20:56.411   498   498 D anc_map : convert_anc_acdb_to_reg:enter, inut size  2
05-05 22:20:56.411   498   498 D anc_map : Setwcd9xxxANC_IIRCoeffs:enter
05-05 22:20:56.411   498   498 D anc_map : Setwcd9xxxANC_IIRCoeffs:leave
05-05 22:20:56.411   498   498 D anc_map : Setwcd9xxxANC_IIRCoeffs:enter
05-05 22:20:56.412   498   498 D anc_map : Setwcd9xxxANC_IIRCoeffs:leave
05-05 22:20:56.412   498   498 D anc_map : convert_anc_acdb_to_reg:leave
05-05 22:20:56.412   498   498 D ACDB-LOADER: ACDB -> ACDB_CMD_GET_ANC_SETTING
05-05 22:20:56.412   498   498 D         : ACDBFILE_MGR:Read the devices count as zero, please check the acdb file
05-05 22:20:56.412   498   498 D anc_map : convert_anc_acdb_to_reg:enter, inut size  2
05-05 22:20:56.412   498   498 D anc_map : Setwcd9xxxANC_IIRCoeffs:enter
05-05 22:20:56.412   498   498 D anc_map : Setwcd9xxxANC_IIRCoeffs:leave
05-05 22:20:56.412   498   498 D anc_map : Setwcd9xxxANC_IIRCoeffs:enter
05-05 22:20:56.412   498   498 D anc_map : Setwcd9xxxANC_IIRCoeffs:leave
05-05 22:20:56.412   498   498 D anc_map : convert_anc_acdb_to_reg:leave
05-05 22:20:56.412   498   498 D ACDB-LOADER: ACDB -> ACDB_CMD_GET_ANC_SETTING
05-05 22:20:56.412   498   498 D         : ACDBFILE_MGR:Read the devices count as zero, please check the acdb file
05-05 22:20:56.412   498   498 D anc_map : convert_anc_acdb_to_reg:enter, inut size  2
05-05 22:20:56.412   498   498 D anc_map : Setwcd9xxxANC_IIRCoeffs:enter
05-05 22:20:56.412   498   498 D anc_map : Setwcd9xxxANC_IIRCoeffs:leave
05-05 22:20:56.412   498   498 D anc_map : Setwcd9xxxANC_IIRCoeffs:enter
05-05 22:20:56.412   498   498 D anc_map : Setwcd9xxxANC_IIRCoeffs:leave
05-05 22:20:56.412   498   498 D anc_map : convert_anc_acdb_to_reg:leave
05-05 22:20:56.412   498   498 D ACDB-LOADER: ACDB -> ACDB_CMD_GET_ANC_SETTING
05-05 22:20:56.412   498   498 D anc_map : convert_anc_acdb_to_reg:enter, inut size  2
05-05 22:20:56.412   498   498 D anc_map : Setwcd9xxxANC_IIRCoeffs:enter
05-05 22:20:56.412   498   498 D anc_map : Setwcd9xxxANC_IIRCoeffs:leave
05-05 22:20:56.412   498   498 D anc_map : Setwcd9xxxANC_IIRCoeffs:enter
05-05 22:20:56.412   498   498 D anc_map : Setwcd9xxxANC_IIRCoeffs:leave
05-05 22:20:56.413   498   498 D anc_map : convert_anc_acdb_to_reg:leave
05-05 22:20:56.413   498   498 D ACDB-LOADER: ACDB -> ACDB_CMD_GET_ANC_SETTING
05-05 22:20:56.413   498   498 D anc_map : convert_anc_acdb_to_reg:enter, inut size  2
05-05 22:20:56.413   498   498 D anc_map : Setwcd9xxxANC_IIRCoeffs:enter
05-05 22:20:56.413   498   498 D anc_map : Setwcd9xxxANC_IIRCoeffs:leave
05-05 22:20:56.413   498   498 D anc_map : Setwcd9xxxANC_IIRCoeffs:enter
05-05 22:20:56.413   498   498 D anc_map : Setwcd9xxxANC_IIRCoeffs:leave
05-05 22:20:56.413   498   498 D anc_map : convert_anc_acdb_to_reg:leave
05-05 22:20:56.413   498   498 D ACDB-LOADER: ACDB -> ACDB_CMD_GET_ANC_SETTING
05-05 22:20:56.413   498   498 D anc_map : convert_anc_acdb_to_reg:enter, inut size  2
05-05 22:20:56.413   498   498 D anc_map : Setwcd9xxxANC_IIRCoeffs:enter
05-05 22:20:56.413   498   498 D anc_map : Setwcd9xxxANC_IIRCoeffs:leave
05-05 22:20:56.413   498   498 D anc_map : Setwcd9xxxANC_IIRCoeffs:enter
05-05 22:20:56.413   498   498 D anc_map : Setwcd9xxxANC_IIRCoeffs:leave
05-05 22:20:56.413   498   498 D anc_map : convert_anc_acdb_to_reg:leave
05-05 22:20:56.413   498   498 D ACDB-LOADER: ACDB -> ACDB_CMD_GET_ANC_SETTING
05-05 22:20:56.413   498   498 D anc_map : convert_anc_acdb_to_reg:enter, inut size  2
05-05 22:20:56.413   498   498 D anc_map : Setwcd9xxxANC_IIRCoeffs:enter
05-05 22:20:56.413   498   498 D anc_map : Setwcd9xxxANC_IIRCoeffs:leave
05-05 22:20:56.413   498   498 D anc_map : Setwcd9xxxANC_IIRCoeffs:enter
05-05 22:20:56.413   498   498 D anc_map : Setwcd9xxxANC_IIRCoeffs:leave
05-05 22:20:56.413   498   498 D anc_map : convert_anc_acdb_to_reg:leave
05-05 22:20:56.413   498   498 D ACDB-LOADER: ACDB -> ACDB_CMD_GET_ANC_SETTING
05-05 22:20:56.414   498   498 D anc_map : convert_anc_acdb_to_reg:enter, inut size  2
05-05 22:20:56.414   498   498 D anc_map : Setwcd9xxxANC_IIRCoeffs:enter
05-05 22:20:56.414   498   498 D anc_map : Setwcd9xxxANC_IIRCoeffs:leave
05-05 22:20:56.414   498   498 D anc_map : Setwcd9xxxANC_IIRCoeffs:enter
05-05 22:20:56.414   498   498 D anc_map : Setwcd9xxxANC_IIRCoeffs:leave
05-05 22:20:56.414   498   498 D anc_map : convert_anc_acdb_to_reg:leave
05-05 22:20:56.414   498   498 D msm8974_platform: send_codec_cal: anc_cal cal sent successfully
05-05 22:20:56.414   498   498 D ACDB-LOADER: send mbhc data
05-05 22:20:56.414   498   498 D ACDB-LOADER: ACDB -> MBHC ACDB_PID_GENERAL_CONFIG
05-05 22:20:56.414   498   498 D ACDB-LOADER: ACDB -> MBHC ACDB_PID_PLUG_REMOVAL_DETECTION
05-05 22:20:56.414   498   498 D ACDB-LOADER: ACDB -> MBHC ACDB_PID_PLUG_TYPE_DETECTION
05-05 22:20:56.414   498   498 D ACDB-LOADER: ACDB -> MBHC ACDB_PID_BUTTON_PRESS_DETECTION
05-05 22:20:56.414   498   498 D ACDB-LOADER: ACDB -> MBHC ACDB_PID_IMPEDANCE_DETECTION
05-05 22:20:56.414   498   498 D msm8974_platform: send_codec_cal: mbhc_cal cal sent successfully
05-05 22:20:56.414   498   498 D ACDB-LOADER: send vbat data
05-05 22:20:56.414   498   498 D ACDB-LOADER: ACDB -> VBAT ACDB_PID_ADC_CAL
05-05 22:20:56.414   498   498 D         : Couldnt find the mid 000131D1 and pid 000131D2 
05-05 22:20:56.414   498   498 E ACDB-LOADER: Error reading VBAT ADC CAL returned = ffffffed
05-05 22:20:56.414   498   498 E msm8974_platform: send_codec_cal: vbat_cal Failed to call ioctl, err=14
05-05 22:20:56.420   498   498 D msm8974_platform: platform_set_native_support: na_props.platform_na_prop_enabled: 1
05-05 22:20:56.421   498   498 D msm8974_platform: platform_set_snd_device_backend: backend_tag_table[headphones]: old = headphones new = headphones
05-05 22:20:56.421   498   498 D msm8974_platform: platform_set_snd_device_backend: hw_interface_table[8] = SLIMBUS_6_RX
05-05 22:20:56.421   498   498 D msm8974_platform: platform_set_snd_device_backend: backend_tag_table[anc-headphones]: old = null new = anc-headphones
05-05 22:20:56.421   498   498 D msm8974_platform: platform_set_snd_device_backend: hw_interface_table[31] = SLIMBUS_6_RX
05-05 22:20:56.421   498   498 D msm8974_platform: platform_set_snd_device_backend: backend_tag_table[line]: old = null new = headphones
05-05 22:20:56.421   498   498 D msm8974_platform: platform_set_snd_device_backend: hw_interface_table[7] = SLIMBUS_6_RX
05-05 22:20:56.421   498   498 D msm8974_platform: platform_set_snd_device_backend: backend_tag_table[speaker]: old = null new = speaker
05-05 22:20:56.421   498   498 D msm8974_platform: platform_set_snd_device_backend: backend_tag_table[speaker-protected]: old = null new = speaker-protected
05-05 22:20:56.421   498   498 D msm8974_platform: platform_set_snd_device_backend: backend_tag_table[voice-speaker]: old = null new = speaker
05-05 22:20:56.421   498   498 D msm8974_platform: platform_set_snd_device_backend: backend_tag_table[speaker-and-headphones]: old = null new = speaker-and-headphones
05-05 22:20:56.421   498   498 D msm8974_platform: platform_set_snd_device_backend: hw_interface_table[10] = QUAT_MI2S_RX-and-SLIMBUS_6_RX
05-05 22:20:56.421   498   498 D msm8974_platform: platform_set_snd_device_backend: backend_tag_table[speaker-and-anc-headphones]: old = null new = speaker-and-anc-headphones
05-05 22:20:56.421   498   498 D msm8974_platform: platform_set_snd_device_backend: hw_interface_table[35] = QUAT_MI2S_RX-and-SLIMBUS_6_RX
05-05 22:20:56.421   498   498 D msm8974_platform: platform_set_snd_device_backend: backend_tag_table[speaker-and-line]: old = null new = speaker-and-headphones
05-05 22:20:56.421   498   498 D msm8974_platform: platform_set_snd_device_backend: hw_interface_table[11] = QUAT_MI2S_RX-and-SLIMBUS_6_RX
05-05 22:20:56.421   498   498 D msm8974_platform: platform_set_snd_device_backend: backend_tag_table[voice-headphones]: old = null new = headphones
05-05 22:20:56.421   498   498 D msm8974_platform: platform_set_snd_device_backend: hw_interface_table[17] = SLIMBUS_6_RX
05-05 22:20:56.421   498   498 D msm8974_platform: platform_set_snd_device_backend: backend_tag_table[voice-anc-headphones]: old = null new = voice-anc-headphones
05-05 22:20:56.421   498   498 D msm8974_platform: platform_set_snd_device_backend: hw_interface_table[33] = SLIMBUS_6_RX
05-05 22:20:56.421   498   498 D msm8974_platform: platform_set_snd_device_backend: backend_tag_table[voice-line]: old = null new = headphones
05-05 22:20:56.421   498   498 D msm8974_platform: platform_set_snd_device_backend: hw_interface_table[18] = SLIMBUS_6_RX
05-05 22:20:56.421   498   498 D msm8974_platform: platform_set_snd_device_backend: backend_tag_table[voice-tty-full-headphones]: old = null new = headphones
05-05 22:20:56.421   498   498 D msm8974_platform: platform_set_snd_device_backend: hw_interface_table[23] = SLIMBUS_6_RX
05-05 22:20:56.421   498   498 D msm8974_platform: platform_set_snd_device_backend: backend_tag_table[voice-tty-vco-headphones]: old = null new = headphones
05-05 22:20:56.421   498   498 D msm8974_platform: platform_set_snd_device_backend: hw_interface_table[24] = SLIMBUS_6_RX
05-05 22:20:56.422   498   498 D audio_hw_spkr_prot: audio_extn_spkr_prot_init: Initialize speaker protection module
05-05 22:20:56.422   498   498 D audio_hw_spkr_prot: audio_extn_spkr_prot_init: Speaker protection disabled
05-05 22:20:56.437   498   498 I soundtrigger: audio_extn_sound_trigger_init: Enter
05-05 22:20:56.439   498   498 I soundtrigger: audio_extn_sound_trigger_init: DLOPEN successful for /system/vendor/lib/hw/sound_trigger.primary.msm8996.so
05-05 22:20:56.443   498   498 E audio_hw_primary: Amplifier initialization failed
05-05 22:20:56.445   498   498 E audio_hw_extn: audio_extn_perf_lock_init: Perf lock handles Success 
05-05 22:20:56.445   498   498 I AudioFlinger: loadHwModule() Loaded primary audio interface from QCOM Audio HAL (audio) handle 1
05-05 22:20:56.445   498   498 I AudioFlinger: openOutput(), module 1 Device 2, SamplingRate 48000, Format 0x000001, Channels 3, flags 6
05-05 22:20:56.445   498   498 D audio_hw_primary: adev_open_output_stream: enter: sample_rate(48000) channel_mask(0x3) devices(0x2) flags(0x6)        stream_handle(0xf223c380)
05-05 22:20:56.445   498   498 D audio_hw_primary: adev_open_output_stream: Stream (0xf223c380) picks up usecase (low-latency-playback)
05-05 22:20:56.445   498   498 I AudioFlinger: AudioStreamOut::open(), mHalFormatIsLinearPcm = 1
05-05 22:20:56.446   498   498 I AudioFlinger: HAL output buffer size 192 frames, normal sink buffer size 960 frames
05-05 22:20:56.447   498  1600 D aud_dev_arbi: runSocketThread: entered
05-05 22:20:56.483   498   498 W EffectsFactory: Error querying effect 7d1580bd-297f-4683-9239-e475b6d1d69f on lib offload_bundle
05-05 22:20:56.483   498   498 D volume_listener: init_once Called 
05-05 22:20:56.483   498   498 I EffectDiracSound: DiracSoundLib_GetDescriptor() start
05-05 22:20:56.484   498   498 I BufferProvider: found effect "Multichannel Downmix To Stereo" from The Android Open Source Project
05-05 22:20:56.484   498   498 E MonoPipe: Failed to fetch local time frequency when constructing a MonoPipe (res = -32).  getNextWriteTimestamp calls will be non-functional
