--------- beginning of main
05-05 22:20:40.319   435   435 W auditd  : type=2000 audit(0.0:1): initialized
05-05 22:20:43.570   435   435 I auditd  : type=1403 audit(0.0:2): policy loaded auid=4294967295 ses=4294967295
--------- beginning of system
05-05 22:20:44.324   436   436 I vold    : Vold 3.0 (the awakening) firing up
05-05 22:20:44.324   436   436 V vold    : Detected support for: exfat ext4 f2fs ntfs vfat
05-05 22:20:46.684   449   449 I /system/bin/tzdatacheck: tzdata file /data/misc/zoneinfo/current/tzdata does not exist. No action required.
05-05 22:20:46.741   457   457 I aosp    : Welcome to Android 6.0.1 / The Android Open Source Project 
05-05 22:20:47.247   474   474 I irsc_util: Starting irsc tool
05-05 22:20:47.257   474   474 I irsc_util: Num of entries:285
05-05 22:20:47.257   474   474 I irsc_util: Ending irsc tool
05-05 22:20:47.260   475   475 I rmt_storage: Shared memory initialised successfully.
05-05 22:20:47.260   475   475 I rmt_storage: Registering modemst1: 0x4a /boot/modem_fs1
05-05 22:20:47.260   475   475 I rmt_storage: Registering modemst2: 0x4b /boot/modem_fs2
05-05 22:20:47.261   475   475 I rmt_storage: Registering fsc: 0xff /boot/modem_fsc
05-05 22:20:47.261   475   475 I rmt_storage: Registering fsg: 0x58 /boot/modem_fsg
05-05 22:20:47.261   475   475 I rmt_storage: 4 GPT partitions found
05-05 22:20:47.261   475   475 E rmt_storage: debug open failed with errno 2
05-05 22:20:47.261   475   475 I rmt_storage: Capset success!
05-05 22:20:47.272   482   482 I qcom-bluetooth: /system/etc/init.qcom.bt.sh: init.qcom.bt.sh config = onboot 
05-05 22:20:47.280   471   471 I lowmemorykiller: Using in-kernel low memory killer interface
05-05 22:20:47.296   481   481 D QSEECOMD: : qseecom listener services process entry PPID = 1
05-05 22:20:47.296   481   481 E QSEECOMD: : Listener: index = 0, hierarchy = 0
05-05 22:20:47.298   481   481 D QSEECOMD: : Init dlopen(librpmb.so, RTLD_NOW) succeeds
05-05 22:20:47.298   481   481 D QSEECOMD: : Init::Init dlsym(g_FSHandle rpmb_init_service) succeeds
05-05 22:20:47.301   481   481 I rpmb_ufs: RPMB Mult (512-byte sector) = 8192, Rel_sec_cnt = 32
05-05 22:20:47.301   481   481 E DrmLibRpmb: rpmb_init succeeded! with ret = 0
05-05 22:20:47.301   481   481 D QSEECOMD: : Init rpmb_init_service ret = 0
05-05 22:20:47.301   481   481 D QSEECOMD: : RPMB system services: init (Listener ID = 8192)
05-05 22:20:47.301   481   481 E QSEECOMD: : Listener: index = 1, hierarchy = 0
05-05 22:20:47.305   481   481 D QSEECOMD: : Init dlopen(libssd.so, RTLD_NOW) succeeds
05-05 22:20:47.305   481   481 D QSEECOMD: : Init::Init dlsym(g_FSHandle ssd_init_service) succeeds
05-05 22:20:47.305   481   481 E SSD     : ssd_init_service succeeded!
05-05 22:20:47.305   481   481 D QSEECOMD: : Init ssd_init_service ret = 0
05-05 22:20:47.305   481   481 D QSEECOMD: : SSD system services: init (Listener ID = 12288)
05-05 22:20:47.305   481   481 E QSEECOMD: : Listener: index = 2, hierarchy = 0
05-05 22:20:47.314   478   489 E Sensors : sns_reg.c(459):sys.panel.vendor is not available, retry again
05-05 22:20:47.332   473   473 I SurfaceFlinger: SurfaceFlinger is starting
05-05 22:20:47.332   473   473 I SurfaceFlinger: SurfaceFlinger's main thread ready to run. Initializing graphics H/W...
05-05 22:20:47.341   473   473 D libEGL  : loaded /vendor/lib64/egl/libEGL_adreno.so
05-05 22:20:47.347   480   480 I PerMgrSrv: Adding entry for modem : offTimeout : 500 ackTimeout : 200
05-05 22:20:47.348   480   480 I PerMgrSrv: Adding entry for slpi : offTimeout : 5000 ackTimeout : 200
05-05 22:20:47.354   491   491 I Netd    : Netd 1.0 starting
05-05 22:20:47.361   480   480 I PerMgrSrv: Peripheral Mananager service start
05-05 22:20:47.361   480   480 I PerMgrSrv: power-off timeout 500,ms; event-ack timeout 200,ms; debug-mode false
05-05 22:20:47.361   480   480 I PerMgrSrv: Statistics for : modem
05-05 22:20:47.361   480   480 I PerMgrSrv: modem: Current State : is off-line
05-05 22:20:47.361   480   480 I PerMgrSrv: modem: Voter/Listener count : 0/0
05-05 22:20:47.361   480   480 I PerMgrSrv: modem: Power on count : 0
05-05 22:20:47.361   480   480 I PerMgrSrv: modem: Power off count: 0
05-05 22:20:47.361   480   480 I PerMgrSrv: modem: Client list:
05-05 22:20:47.361   480   480 I PerMgrSrv: Statistics for : slpi
05-05 22:20:47.362   480   480 I PerMgrSrv: slpi: Current State : is off-line
05-05 22:20:47.362   480   480 I PerMgrSrv: slpi: Voter/Listener count : 0/0
05-05 22:20:47.362   480   480 I PerMgrSrv: slpi: Power on count : 0
05-05 22:20:47.362   480   480 I PerMgrSrv: slpi: Power off count: 0
05-05 22:20:47.362   480   480 I PerMgrSrv: slpi: Client list:
05-05 22:20:47.373   491   491 D QtiConnectivityAdapter: Successfully loaded libconnectivitycontroller
05-05 22:20:47.373   491   491 D         : initConnectivityController cons 
05-05 22:20:47.373   491   491 D ConnectivityController: QtiTetherCommand cons done
05-05 22:20:47.373   491   491 I libconnctrl: Creating a NetlinkRelay
05-05 22:20:47.373   491   491 I libconnctrl: NetlinkRelay constructor
05-05 22:20:47.373   491   491 D TetherController: Setting IP forward enable = 0
05-05 22:20:47.375   499   499 I installd: installd firing up
05-05 22:20:47.376   480   517 I PerMgrSrv: QMI service start
05-05 22:20:47.377   494   494 I         : debuggerd: starting
05-05 22:20:47.397   523   523 E adsprpc : vendor/qcom/proprietary/adsprpc/src/adsprpcd.c:26:adsp daemon starting
05-05 22:20:47.398   491   491 E         : Failed to open libdatactrl, some features may not be present.
05-05 22:20:47.410   473   473 D libEGL  : loaded /vendor/lib64/egl/libGLESv1_CM_adreno.so
05-05 22:20:47.417   473   473 D libEGL  : loaded /vendor/lib64/egl/libGLESv2_adreno.so
05-05 22:20:47.419   523   523 E adsprpc : vendor/qcom/proprietary/adsprpc/src/adsp_default_listener.c:28:adsp_default_listener_start started
05-05 22:20:47.427   502   502 I tftp_server: Starting...
05-05 22:20:47.427   502   502 D tftp_server: pid=502 tid=502 tftp-server : DBG :[tftp_os_wakelocks_la.c, 203] Capset success!
05-05 22:20:47.428   502   502 E tftp_server: pid=502 tid=502 tftp-server : ERR :[tftp_server_folders_la.c, 166] Failed to auto_dir for(/persist/rfs/shared/) errno = -13 (Permission denied)
05-05 22:20:47.428   502   502 E tftp_server: pid=502 tid=502 tftp-server : ERR :[tftp_server_folders_la.c, 166] Failed to auto_dir for(/persist/rfs/msm/mpss/) errno = -13 (Permission denied)
05-05 22:20:47.428   502   502 E tftp_server: pid=502 tid=502 tftp-server : ERR :[tftp_server_folders_la.c, 166] Failed to auto_dir for(/persist/rfs/msm/adsp/) errno = -13 (Permission denied)
05-05 22:20:47.428   502   502 E tftp_server: pid=502 tid=502 tftp-server : ERR :[tftp_server_folders_la.c, 166] Failed to auto_dir for(/persist/rfs/mdm/mpss/) errno = -13 (Permission denied)
05-05 22:20:47.428   502   502 E tftp_server: pid=502 tid=502 tftp-server : ERR :[tftp_server_folders_la.c, 166] Failed to auto_dir for(/persist/rfs/mdm/adsp/) errno = -13 (Permission denied)
05-05 22:20:47.428   502   502 E tftp_server: pid=502 tid=502 tftp-server : ERR :[tftp_server_folders_la.c, 166] Failed to auto_dir for(/persist/rfs/mdm/sparrow/) errno = -13 (Permission denied)
05-05 22:20:47.428   502   502 E tftp_server: pid=502 tid=502 tftp-server : ERR :[tftp_server_folders_la.c, 166] Failed to auto_dir for(/persist/rfs/apq/gnss/) errno = -13 (Permission denied)
05-05 22:20:47.428   502   502 E tftp_server: pid=502 tid=502 tftp-server : ERR :[tftp_server.c, 572] Server folder init failed! error = 1.
05-05 22:20:47.428   502   502 E tftp_server: pid=502 tid=502 tftp-server : ERR :[tftp_server.c, 573] Attempting to continue.... some paths maybe inaccessible.
05-05 22:20:47.433   481   481 D QSEECOMD: : Init dlopen(libsecureui.so, RTLD_NOW) succeeds
05-05 22:20:47.433   481   481 D QSEECOMD: : Init::Init dlsym(g_FSHandle secure_ui_init) succeeds
05-05 22:20:47.433   481   481 D QSEECOMD: : Init secure_ui_init ret = 0
05-05 22:20:47.433   481   481 D QSEECOMD: : secure UI services: init (Listener ID = 16384)
05-05 22:20:47.433   481   481 D QSEECOMD: : Parent qseecom daemon process paused!! 
05-05 22:20:47.454   502   502 E tftp_server: pid=502 tid=502 tftp-server : ERR :[tftp_server.c, 192] Stat if /system/rfs/msm/mpss/shared/server_info.txt failed with -13
05-05 22:20:47.454   502   502 E tftp_server: pid=502 tid=502 tftp-server : ERR :[tftp_server.c, 230] Info file creation failed..!
05-05 22:20:47.465   500   500 I keystore: Found keymaster1 module Keymaster QTI HAL, version 100
05-05 22:20:47.465   500   500 I SoftKeymaster: system/keymaster/soft_keymaster_device.cpp, Line 122: Creating device
05-05 22:20:47.465   500   500 D SoftKeymaster: system/keymaster/soft_keymaster_device.cpp, Line 123: Device address: 0x7f85f23000
05-05 22:20:47.466   473   473 I Adreno  : QUALCOMM build                   : 0a3bdfc, Ifb508eebcd
05-05 22:20:47.466   473   473 I Adreno  : Build Date                       : 08/04/16
05-05 22:20:47.466   473   473 I Adreno  : OpenGL ES Shader Compiler Version: XE031.09.00.03
05-05 22:20:47.466   473   473 I Adreno  : Local Branch                     : 
05-05 22:20:47.466   473   473 I Adreno  : Remote Branch                    : 
05-05 22:20:47.466   473   473 I Adreno  : Remote Branch                    : 
05-05 22:20:47.466   473   473 I Adreno  : Reconstruct Branch               : 
05-05 22:20:47.468   531   531 I perfprofd: starting Android Wide Profiling daemon
05-05 22:20:47.475   531   531 E perfprofd: unable to open configuration file /data/data/com.google.android.gms/files/perfprofd.conf
05-05 22:20:47.475   531   531 I perfprofd: random seed set to 4059343889
05-05 22:20:47.475   550   550 D QSEECOMD: : qseecom listener service threads starting!!! 
05-05 22:20:47.475   550   550 D QSEECOMD: : Total listener services to start = 8
05-05 22:20:47.476   550   550 E QSEECOMD: : Listener: index = 0, hierarchy = 1
05-05 22:20:47.476   550   550 D QSEECOMD: : Init dlopen(librpmb.so, RTLD_NOW) succeeds
05-05 22:20:47.476   550   550 D QSEECOMD: : Init::Init dlsym(g_FSHandle rpmb_start) succeeds
05-05 22:20:47.476   550   550 D QSEECOMAPI: QSEECom_register_listener 8192 sb_length = 0x5000
05-05 22:20:47.480   550   550 D QSEECOMD: : Init rpmb_start ret = 0
05-05 22:20:47.480   550   550 D QSEECOMD: : RPMB system services: Started (Listener ID = 8192)
05-05 22:20:47.480   550   550 E QSEECOMD: : Listener: index = 1, hierarchy = 1
05-05 22:20:47.480   550   550 D QSEECOMD: : Init dlopen(libssd.so, RTLD_NOW) succeeds
05-05 22:20:47.480   550   550 D QSEECOMD: : Init::Init dlsym(g_FSHandle ssd_start) succeeds
05-05 22:20:47.480   550   550 D QSEECOMAPI: QSEECom_register_listener 12288 sb_length = 0x5000
05-05 22:20:47.484   493   493 I         : debuggerd: starting
05-05 22:20:47.499   502   502 D tftp_server: pid=502 tid=502 tftp-server : DBG :[tftp_server.c, 594] Server waiting for client-connection.
05-05 22:20:47.507   550   550 D QSEECOMD: : Init ssd_start ret = 0
05-05 22:20:47.507   550   550 D QSEECOMD: : SSD system services: Started (Listener ID = 12288)
05-05 22:20:47.507   550   550 E QSEECOMD: : Listener: index = 2, hierarchy = 1
05-05 22:20:47.508   550   550 D QSEECOMD: : Init dlopen(libsecureui.so, RTLD_NOW) succeeds
05-05 22:20:47.508   550   550 D QSEECOMD: : Init::Init dlsym(g_FSHandle secure_ui_start) succeeds
05-05 22:20:47.508   550   550 D QSEECOMAPI: QSEECom_register_listener 16384 sb_length = 0x10a8
05-05 22:20:47.521   501   501 E QCNEA   : Cne Version 4.9
05-05 22:20:47.523   522   522 I ThermalEngine: Thermal daemon started
05-05 22:20:47.523   522   522 I ThermalEngine: Using target config file '/system/etc/thermal-engine-8996.conf'
05-05 22:20:47.524   522   522 I ThermalEngine: devices_manager_init: Init
05-05 22:20:47.524   522   522 I ThermalEngine: Number of gpus :1
05-05 22:20:47.533   550   550 D QSEECOMD: : Init secure_ui_start ret = 0
05-05 22:20:47.533   550   550 D QSEECOMD: : secure UI services: Started (Listener ID = 16384)
05-05 22:20:47.533   550   550 E QSEECOMD: : Listener: index = 3, hierarchy = 1
05-05 22:20:47.539   522   522 I Thermal-IOCTL: KTM IOCTL interface "/dev/msm_thermal_query" opened
05-05 22:20:47.539   522   522 E ThermalEngine: update_cpu_topology: Cluster Info[0]. Cluster Id: 0 cpu_bits:0x3 sync:1
05-05 22:20:47.539   522   522 E ThermalEngine: update_cpu_topology: Cluster Info[1]. Cluster Id: 1 cpu_bits:0xc sync:1
05-05 22:20:47.540   522   522 E ThermalEngine: adding voltage device 
05-05 22:20:47.540   522   522 I ThermalEngine: vdd_rstr_init: Init KTM VDD RSTR enabled: 0
05-05 22:20:47.541   522   522 I ThermalEngine: cpr_band_init: Could not read /sys/module/msm_thermal/cpr_band/curr_cpr_band
05-05 22:20:47.541   522   522 I ThermalEngine: sensors_manager_init: Init
05-05 22:20:47.595   524   524 E Diag_Lib: qpLogDiagInit <== result : 1
05-05 22:20:47.595   524   524 E Diag_Lib: QMID : gIsQXDMDisabled 0, gIsADBDisabled 1, gIsDebugDisabled 0, gIsIMSLogsDisabled 0
05-05 22:20:47.599   550   550 D QSEECOMD: : Init dlopen(libdrmtime.so, RTLD_NOW) succeeds
05-05 22:20:47.599   550   550 D QSEECOMD: : Init::Init dlsym(g_FSHandle atime_start) succeeds
05-05 22:20:47.599   550   550 D DrmLibTime: QSEE Time Listener: atime_start
05-05 22:20:47.599   550   550 D QSEECOMAPI: QSEECom_register_listener 11 sb_length = 0x5000
05-05 22:20:47.601   550   550 D DrmLibTime: registering fs service to QSEECom is done!
05-05 22:20:47.601   550   550 D DrmLibTime: begin to create a thread!
05-05 22:20:47.602   550   550 D DrmLibTime: Creating a pthread in atime_start is done! return 0
05-05 22:20:47.602   550   550 D QSEECOMD: : Init atime_start ret = 0
05-05 22:20:47.602   550   550 D QSEECOMD: : time services: Started (Listener ID = 11)
05-05 22:20:47.602   550   550 E QSEECOMD: : Listener: index = 4, hierarchy = 1
05-05 22:20:47.602   550   550 D QSEECOMD: : Init dlopen(libdrmfs.so, RTLD_NOW) succeeds
05-05 22:20:47.602   550   550 D QSEECOMD: : Init::Init dlsym(g_FSHandle fs_start) succeeds
05-05 22:20:47.602   550   550 D QSEECOMAPI: QSEECom_register_listener 10 sb_length = 0x5000
05-05 22:20:47.606   550   626 D DrmLibTime: QSEE Time Listener: dispatch
05-05 22:20:47.606   550   626 D DrmLibTime: before calling ioctl to read the next time_cmd
05-05 22:20:47.609   550   550 D QSEECOMD: : Init fs_start ret = 0
05-05 22:20:47.609   550   550 D QSEECOMD: : file system services: Started (Listener ID = 10)
05-05 22:20:47.609   550   550 E QSEECOMD: : Listener: index = 5, hierarchy = 1
05-05 22:20:47.609   550   550 D QSEECOMD: : Init dlopen(libdrmfs.so, RTLD_NOW) succeeds
05-05 22:20:47.610   550   550 D QSEECOMD: : Init::Init dlsym(g_FSHandle gpfs_start) succeeds
05-05 22:20:47.610   550   550 D QSEECOMAPI: QSEECom_register_listener 28672 sb_length = 0x7e000
05-05 22:20:47.614   530   530 I gatekeeperd: Starting gatekeeperd...
05-05 22:20:47.621   550   550 D QSEECOMD: : Init gpfs_start ret = 0
05-05 22:20:47.622   550   550 D QSEECOMD: : gpfile system services: Started (Listener ID = 28672)
05-05 22:20:47.622   550   550 E QSEECOMD: : Listener: index = 6, hierarchy = 1
05-05 22:20:47.622   540   540 I fingerprintd: Starting fingerprintd
05-05 22:20:47.626   530   530 D gatekeeper_device: HwGkOpen called
05-05 22:20:47.631   550   550 D QSEECOMD: : Init dlopen(libqisl.so, RTLD_NOW) succeeds
05-05 22:20:47.631   550   550 D QSEECOMD: : Init::Init dlsym(g_FSHandle qisl_start) succeeds
05-05 22:20:47.632   546   546 D QC-time-services: Daemon:genoff_pre_init::Base = 0
05-05 22:20:47.632   546   546 D QC-time-services: Daemon:ats_rtc_init: Time read from RTC -- year = 117, month = 4,day = 5
05-05 22:20:47.632   546   546 D QC-time-services: Daemon:Value read from RTC seconds = 1493994048000
05-05 22:20:47.632   546   546 D QC-time-services: Daemon:genoff_init_config: ATS_RTC initialized with rc: 0
05-05 22:20:47.632   546   546 D QC-time-services: Daemon:genoff_pre_init::Base = 1
05-05 22:20:47.632   546   546 D QC-time-services: Daemon: Storage Name: ats_1 
05-05 22:20:47.632   546   546 D QC-time-services: Daemon:Opening File: /data/time/ats_1
05-05 22:20:47.632   546   546 D QC-time-services: Daemon:time_persistent_memory_opr:Genoff Read operation 
05-05 22:20:47.633   546   546 D QC-time-services: Daemon:Unable to open filefor read
05-05 22:20:47.633   546   546 D QC-time-services: Daemon:genoff_post_init:Error in accessing storage
05-05 22:20:47.633   546   546 D QC-time-services: Daemon:genoff_pre_init::Base = 2
05-05 22:20:47.633   546   546 D QC-time-services: Daemon: Storage Name: ats_2 
05-05 22:20:47.633   546   546 D QC-time-services: Daemon:Opening File: /data/time/ats_2
05-05 22:20:47.633   546   546 D QC-time-services: Daemon:time_persistent_memory_opr:Genoff Read operation 
05-05 22:20:47.633   546   546 D QC-time-services: Daemon:Unable to open filefor read
05-05 22:20:47.633   546   546 D QC-time-services: Daemon:genoff_post_init:Error in accessing storage
05-05 22:20:47.633   546   546 D QC-time-services: Daemon:genoff_pre_init::Base = 3
05-05 22:20:47.633   546   546 D QC-time-services: Daemon: Storage Name: ats_3 
05-05 22:20:47.633   546   546 D QC-time-services: Daemon:Opening File: /data/time/ats_3
05-05 22:20:47.633   546   546 D QC-time-services: Daemon:time_persistent_memory_opr:Genoff Read operation 
05-05 22:20:47.633   546   546 D QC-time-services: Daemon:Unable to open filefor read
05-05 22:20:47.633   546   546 D QC-time-services: Daemon:genoff_post_init:Error in accessing storage
05-05 22:20:47.633   546   546 D QC-time-services: Daemon:genoff_pre_init::Base = 4
05-05 22:20:47.633   546   546 D QC-time-services: Daemon: Storage Name: ats_4 
05-05 22:20:47.633   546   546 D QC-time-services: Daemon:Opening File: /data/time/ats_4
05-05 22:20:47.633   546   546 D QC-time-services: Daemon:time_persistent_memory_opr:Genoff Read operation 
05-05 22:20:47.633   546   546 D QC-time-services: Daemon:Unable to open filefor read
05-05 22:20:47.633   546   546 D QC-time-services: Daemon:genoff_post_init:Error in accessing storage
05-05 22:20:47.633   546   546 D QC-time-services: Daemon:genoff_pre_init::Base = 5
05-05 22:20:47.633   546   546 D QC-time-services: Daemon: Storage Name: ats_5 
05-05 22:20:47.633   546   546 D QC-time-services: Daemon:Opening File: /data/time/ats_5
05-05 22:20:47.633   546   546 D QC-time-services: Daemon:time_persistent_memory_opr:Genoff Read operation 
05-05 22:20:47.633   546   546 D QC-time-services: Daemon:Unable to open filefor read
05-05 22:20:47.633   546   546 D QC-time-services: Daemon:genoff_post_init:Error in accessing storage
05-05 22:20:47.633   546   546 D QC-time-services: Daemon:genoff_pre_init::Base = 6
05-05 22:20:47.634   546   546 D QC-time-services: Daemon: Storage Name: ats_6 
05-05 22:20:47.634   546   546 D QC-time-services: Daemon:Opening File: /data/time/ats_6
05-05 22:20:47.634   546   546 D QC-time-services: Daemon:time_persistent_memory_opr:Genoff Read operation 
05-05 22:20:47.634   546   546 D QC-time-services: Daemon:Unable to open filefor read
05-05 22:20:47.634   546   546 D QC-time-services: Daemon:genoff_post_init:Error in accessing storage
05-05 22:20:47.634   546   546 D QC-time-services: Daemon:genoff_pre_init::Base = 7
05-05 22:20:47.634   546   546 D QC-time-services: Daemon: Storage Name: ats_7 
05-05 22:20:47.634   546   546 D QC-time-services: Daemon:Opening File: /data/time/ats_7
05-05 22:20:47.634   546   546 D QC-time-services: Daemon:time_persistent_memory_opr:Genoff Read operation 
05-05 22:20:47.634   546   546 D QC-time-services: Daemon:Unable to open filefor read
05-05 22:20:47.634   546   546 D QC-time-services: Daemon:genoff_post_init:Error in accessing storage
05-05 22:20:47.634   546   546 D QC-time-services: Daemon:genoff_pre_init::Base = 8
05-05 22:20:47.634   546   546 D QC-time-services: Daemon: Storage Name: ats_8 
05-05 22:20:47.634   546   546 D QC-time-services: Daemon:Opening File: /data/time/ats_8
05-05 22:20:47.634   546   546 D QC-time-services: Daemon:time_persistent_memory_opr:Genoff Read operation 
05-05 22:20:47.634   546   546 D QC-time-services: Daemon:Unable to open filefor read
05-05 22:20:47.634   546   546 D QC-time-services: Daemon:genoff_post_init:Error in accessing storage
05-05 22:20:47.634   546   546 D QC-time-services: Daemon:genoff_pre_init::Base = 9
05-05 22:20:47.634   546   546 D QC-time-services: Daemon: Storage Name: ats_9 
05-05 22:20:47.634   546   546 D QC-time-services: Daemon:Opening File: /data/time/ats_9
05-05 22:20:47.634   546   546 D QC-time-services: Daemon:time_persistent_memory_opr:Genoff Read operation 
05-05 22:20:47.634   546   546 D QC-time-services: Daemon:Unable to open filefor read
05-05 22:20:47.634   546   546 D QC-time-services: Daemon:genoff_post_init:Error in accessing storage
05-05 22:20:47.634   546   546 D QC-time-services: Daemon:genoff_pre_init::Base = 10
05-05 22:20:47.634   546   546 D QC-time-services: Daemon: Storage Name: ats_10 
05-05 22:20:47.634   546   546 D QC-time-services: Daemon:Opening File: /data/time/ats_10
05-05 22:20:47.634   546   546 D QC-time-services: Daemon:time_persistent_memory_opr:Genoff Read operation 
05-05 22:20:47.634   546   546 D QC-time-services: Daemon:Unable to open filefor read
05-05 22:20:47.635   546   546 D QC-time-services: Daemon:genoff_post_init:Error in accessing storage
05-05 22:20:47.635   546   546 D QC-time-services: Daemon:genoff_pre_init::Base = 11
05-05 22:20:47.635   546   546 D QC-time-services: Daemon: Storage Name: ats_11 
05-05 22:20:47.635   546   546 D QC-time-services: Daemon:Opening File: /data/time/ats_11
05-05 22:20:47.635   546   546 D QC-time-services: Daemon:time_persistent_memory_opr:Genoff Read operation 
05-05 22:20:47.635   546   546 D QC-time-services: Daemon:Unable to open filefor read
05-05 22:20:47.635   546   546 D QC-time-services: Daemon:genoff_post_init:Error in accessing storage
05-05 22:20:47.635   546   546 D QC-time-services: Daemon:genoff_pre_init::Base = 12
05-05 22:20:47.635   546   546 D QC-time-services: Daemon: Storage Name: ats_12 
05-05 22:20:47.635   546   546 D QC-time-services: Daemon:Opening File: /data/time/ats_12
05-05 22:20:47.635   546   546 D QC-time-services: Daemon:time_persistent_memory_opr:Genoff Read operation 
05-05 22:20:47.635   546   546 D QC-time-services: Daemon:Unable to open filefor read
05-05 22:20:47.635   546   546 D QC-time-services: Daemon:genoff_post_init:Error in accessing storage
05-05 22:20:47.635   546   546 D QC-time-services: Daemon:genoff_pre_init::Base = 13
05-05 22:20:47.635   546   546 D QC-time-services: Daemon: Storage Name: ats_13 
05-05 22:20:47.635   546   546 D QC-time-services: Daemon:Opening File: /data/time/ats_13
05-05 22:20:47.635   546   546 D QC-time-services: Daemon:time_persistent_memory_opr:Genoff Read operation 
05-05 22:20:47.635   546   546 D QC-time-services: Daemon:Unable to open filefor read
05-05 22:20:47.635   546   546 D QC-time-services: Daemon:genoff_post_init:Error in accessing storage
05-05 22:20:47.635   546   546 D QC-time-services: Daemon:genoff_pre_init::Base = 14
05-05 22:20:47.635   546   546 D QC-time-services: Daemon: Storage Name: ats_14 
05-05 22:20:47.635   546   546 D QC-time-services: Daemon:Opening File: /data/time/ats_14
05-05 22:20:47.635   546   546 D QC-time-services: Daemon:time_persistent_memory_opr:Genoff Read operation 
05-05 22:20:47.635   546   546 D QC-time-services: Daemon:Unable to open filefor read
05-05 22:20:47.635   546   546 D QC-time-services: Daemon:genoff_post_init:Error in accessing storage
05-05 22:20:47.635   546   546 D QC-time-services: Daemon:genoff_init_config: Other bases initilized, exiting genoff_init
05-05 22:20:47.636   546   546 D QC-time-services: Daemon:rtc_get: Time read from RTC -- MM/DD/YY HH:MM:SS4/5/117 14:20:48
05-05 22:20:47.659   522   522 E ThermalEngine: bcl_setup: Error opening /sys/devices/soc/soc:qcom,bcl/iavail
05-05 22:20:47.659   522   522 E ThermalEngine: add_tgt_sensors_set: Error adding bcl
05-05 22:20:47.659   522   522 E ThermalEngine: sensors_init: Error adding BCL TS
05-05 22:20:47.659   522   522 I ThermalEngine: Loading config file for virtual sensor
05-05 22:20:47.659   522   522 I ThermalEngine: Loading configuration file /system/etc/thermal-engine-8996.conf
05-05 22:20:47.660   522   522 I ThermalEngine: Parsing section global
05-05 22:20:47.661   522   522 I ThermalEngine: [VIRTUAL-CPUS]
05-05 22:20:47.661   522   522 I ThermalEngine: #algo_type virtual
05-05 22:20:47.661   522   522 I ThermalEngine: trip_sensor tsens_tz_sensor11
05-05 22:20:47.661   522   522 I ThermalEngine: set_point 75000
05-05 22:20:47.661   522   522 I ThermalEngine: set_point_clr 65000
05-05 22:20:47.661   522   522 I ThermalEngine: sensors tsens_tz_sensor4 tsens_tz_sensor6 tsens_tz_sensor9 tsens_tz_sensor11
05-05 22:20:47.661   522   522 I ThermalEngine: weights
05-05 22:20:47.661   522   522 I ThermalEngine: sampling 250
05-05 22:20:47.661   522   522 I ThermalEngine: math 2
05-05 22:20:47.662   522   522 I ThermalEngine: Loading configuration file /system/etc/thermal-engine-8996.conf
05-05 22:20:47.662   522   522 I ThermalEngine: Parsing section global
05-05 22:20:47.662   522   522 I ThermalEngine: Found section 'SS-CPUS-ALL'
05-05 22:20:47.662   522   522 I ThermalEngine: Algo Type 'ss'
05-05 22:20:47.662   522   522 I ThermalEngine: Parsing section SS-CPUS-ALL
05-05 22:20:47.662   522   522 I ThermalEngine: Found field 'sampling'
05-05 22:20:47.662   522   522 I ThermalEngine: Found field 'sensor'
05-05 22:20:47.662   522   522 I ThermalEngine: Found field 'device'
05-05 22:20:47.662   522   522 I ThermalEngine: Found field 'set_point'
05-05 22:20:47.662   522   522 I ThermalEngine: Found field 'set_point_clr'
05-05 22:20:47.662   522   522 I ThermalEngine: Found field 'time_constant'
05-05 22:20:47.662   522   522 I ThermalEngine: Found field 'device_perf_floor'
05-05 22:20:47.662   522   522 I ThermalEngine: Created section 'SKIN-SS-GOLD'
05-05 22:20:47.662   522   522 I ThermalEngine: Algo Type 'ss'
05-05 22:20:47.662   522   522 I ThermalEngine: Parsing section SKIN-SS-GOLD
05-05 22:20:47.662   522   522 I ThermalEngine: Found field 'sampling'
05-05 22:20:47.662   522   522 I ThermalEngine: Found field 'sensor'
05-05 22:20:47.662   522   522 I ThermalEngine: Found field 'device'
05-05 22:20:47.663   522   522 I ThermalEngine: Found field 'set_point'
05-05 22:20:47.663   522   522 I ThermalEngine: Found field 'set_point_clr'
05-05 22:20:47.663   522   522 I ThermalEngine: Found field 'time_constant'
05-05 22:20:47.663   522   522 I ThermalEngine: Found field 'device_perf_floor'
05-05 22:20:47.663   522   522 I ThermalEngine: Created section 'SKIN-SS-GOLD-AND-SILVER'
05-05 22:20:47.663   522   522 I ThermalEngine: Algo Type 'ss'
05-05 22:20:47.663   522   522 I ThermalEngine: Parsing section SKIN-SS-GOLD-AND-SILVER
05-05 22:20:47.663   522   522 I ThermalEngine: Found field 'sampling'
05-05 22:20:47.663   522   522 I ThermalEngine: Found field 'sensor'
05-05 22:20:47.663   522   522 I ThermalEngine: Found field 'device'
05-05 22:20:47.663   522   522 I ThermalEngine: Found field 'set_point'
05-05 22:20:47.663   522   522 I ThermalEngine: Found field 'set_point_clr'
05-05 22:20:47.663   522   522 I ThermalEngine: Found field 'time_constant'
05-05 22:20:47.663   522   522 I ThermalEngine: Found field 'device_perf_floor'
05-05 22:20:47.663   522   522 I ThermalEngine: Created section 'SKIN-SS-CPUS-ALL'
05-05 22:20:47.663   522   522 I ThermalEngine: Algo Type 'ss'
05-05 22:20:47.663   522   522 I ThermalEngine: Parsing section SKIN-SS-CPUS-ALL
05-05 22:20:47.663   522   522 I ThermalEngine: Found field 'sampling'
05-05 22:20:47.663   522   522 I ThermalEngine: Found field 'sensor'
05-05 22:20:47.663   522   522 I ThermalEngine: Found field 'device'
05-05 22:20:47.663   522   522 I ThermalEngine: Found field 'set_point'
05-05 22:20:47.663   522   522 I ThermalEngine: Found field 'set_point_clr'
05-05 22:20:47.664   522   522 I ThermalEngine: Found field 'time_constant'
05-05 22:20:47.664   522   522 I ThermalEngine: Found section 'SS-GPU'
05-05 22:20:47.664   522   522 I ThermalEngine: Algo Type 'ss'
05-05 22:20:47.664   522   522 I ThermalEngine: Parsing section SS-GPU
05-05 22:20:47.664   522   522 I ThermalEngine: Found field 'sampling'
05-05 22:20:47.664   522   522 I ThermalEngine: Found field 'sensor'
05-05 22:20:47.664   522   522 I ThermalEngine: Found field 'device'
05-05 22:20:47.664   522   522 I ThermalEngine: Found field 'set_point'
05-05 22:20:47.664   522   522 I ThermalEngine: Found field 'set_point_clr'
05-05 22:20:47.664   522   522 I ThermalEngine: Found field 'time_constant'
05-05 22:20:47.664   522   522 I ThermalEngine: Found field 'device_perf_floor'
05-05 22:20:47.664   522   522 I ThermalEngine: Created section 'GPU_management'
05-05 22:20:47.664   522   522 I ThermalEngine: Algo Type 'monitor'
05-05 22:20:47.664   522   522 I ThermalEngine: Parsing section GPU_management
05-05 22:20:47.664   522   522 I ThermalEngine: Found field 'sensor'
05-05 22:20:47.664   522   522 I ThermalEngine: Found field 'sampling'
05-05 22:20:47.664   522   522 I ThermalEngine: Found field 'thresholds'
05-05 22:20:47.664   522   522 I ThermalEngine: Found field 'thresholds_clr'
05-05 22:20:47.664   522   522 I ThermalEngine: Found field 'actions'
05-05 22:20:47.664   522   522 I ThermalEngine: Found field 'action_info'
05-05 22:20:47.664   522   522 I ThermalEngine: Created section 'SKIN-BATTERY-MONITOR'
05-05 22:20:47.664   522   522 I ThermalEngine: Algo Type 'monitor'
05-05 22:20:47.665   522   522 I ThermalEngine: Parsing section SKIN-BATTERY-MONITOR
05-05 22:20:47.665   522   522 I ThermalEngine: Found field 'sampling'
05-05 22:20:47.665   522   522 I ThermalEngine: Found field 'sensor'
05-05 22:20:47.665   522   522 I ThermalEngine: Found field 'thresholds'
05-05 22:20:47.665   522   522 I ThermalEngine: Found field 'thresholds_clr'
05-05 22:20:47.665   522   522 I ThermalEngine: Found field 'actions'
05-05 22:20:47.665   522   522 I ThermalEngine: Found field 'action_info'
05-05 22:20:47.665   522   522 I ThermalEngine: Created section 'CAMERA-CAMCORDER-MONITOR'
05-05 22:20:47.665   522   522 I ThermalEngine: Algo Type 'monitor'
05-05 22:20:47.665   522   522 I ThermalEngine: Parsing section CAMERA-CAMCORDER-MONITOR
05-05 22:20:47.665   522   522 I ThermalEngine: Found field 'sampling'
05-05 22:20:47.665   522   522 I ThermalEngine: Found field 'sensor'
05-05 22:20:47.665   522   522 I ThermalEngine: Found field 'thresholds'
05-05 22:20:47.665   522   522 I ThermalEngine: Found field 'thresholds_clr'
05-05 22:20:47.665   522   522 I ThermalEngine: Found field 'actions'
05-05 22:20:47.665   522   522 I ThermalEngine: Found field 'action_info'
05-05 22:20:47.666   645   645 I init    : type=1400 audit(0.0:3): avc: denied { create } for name="iop" scontext=u:r:init:s0 tcontext=u:object_r:socket_device:s0 tclass=sock_file permissive=1
05-05 22:20:47.666   645   645 I init    : type=1400 audit(0.0:4): avc: denied { setattr } for name="iop" dev="tmpfs" ino=2024 scontext=u:r:init:s0 tcontext=u:object_r:socket_device:s0 tclass=sock_file permissive=1
05-05 22:20:47.666   522   522 I ThermalEngine: [CAMERA-CAMCORDER-MONITOR]
05-05 22:20:47.666   522   522 I ThermalEngine: algo_type monitor
05-05 22:20:47.666   522   522 I ThermalEngine: sampling 1000
05-05 22:20:47.666   522   522 I ThermalEngine: sensor xo_therm_buf
05-05 22:20:47.666   522   522 I ThermalEngine: thresholds 36000 39000 50000
05-05 22:20:47.666   522   522 I ThermalEngine: thresholds_clr 34000 36000 42000
05-05 22:20:47.666   522   522 I ThermalEngine: actions camera camera camera
05-05 22:20:47.666   522   522 I ThermalEngine: action_info 1 2 3
05-05 22:20:47.666   522   522 I ThermalEngine: [SKIN-BATTERY-MONITOR]
05-05 22:20:47.666   522   522 I ThermalEngine: algo_type monitor
05-05 22:20:47.666   522   522 I ThermalEngine: sampling 1000
05-05 22:20:47.666   522   522 I ThermalEngine: sensor xo_therm_buf
05-05 22:20:47.666   522   522 I ThermalEngine: thresholds 43000 45000 50000 60000
05-05 22:20:47.666   522   522 I ThermalEngine: thresholds_clr 41000 43000 45000 50000
05-05 22:20:47.666   522   522 I ThermalEngine: actions battery battery battery battery
05-05 22:20:47.666   522   522 I ThermalEngine: action_info 0 1 2 3
05-05 22:20:47.666   522   522 I ThermalEngine: [GPU_management]
05-05 22:20:47.666   522   522 I ThermalEngine: algo_type monitor
05-05 22:20:47.666   522   522 I ThermalEngine: sampling 10000
05-05 22:20:47.666   522   522 I ThermalEngine: sensor xo_therm_buf
05-05 22:20:47.666   522   522 I ThermalEngine: thresholds 41000 43000 45000
05-05 22:20:47.666   522   522 I ThermalEngine: thresholds_clr 38000 41000 43000
05-05 22:20:47.666   522   522 I ThermalEngine: actions gpu gpu gpu
05-05 22:20:47.666   522   522 I ThermalEngine: action_info 510000000 401800000 315000000
05-05 22:20:47.666   522   522 I ThermalEngine: [PMIC-ALARM-MONITOR]
05-05 22:20:47.666   522   522 I ThermalEngine: #algo_type monitor
05-05 22:20:47.666   522   522 I ThermalEngine: sampling 1000
05-05 22:20:47.666   522   522 I ThermalEngine: sensor pm8994_tz
05-05 22:20:47.666   522   522 I ThermalEngine: thresholds 107000 127000
05-05 22:20:47.666   522   522 I ThermalEngine: thresholds_clr 103000 123000
05-05 22:20:47.667   522   522 I ThermalEngine: actions hotplug_3+hotplug_2+hotplug_1+cluster1+cluster0 hotplug_3+hotplug_2+hotplug_1
05-05 22:20:47.667   522   522 I ThermalEngine: action_info 0+0+0+302400+302400 1+1+1
05-05 22:20:47.667   522   522 I ThermalEngine: [VDD_RSTR_MONITOR-TSENS20]
05-05 22:20:48.148   601   601 D LocSvc_utils_cfg: D/loc_read_conf: using /etc/gps.conf
05-05 22:20:48.148   601   601 D LocSvc_utils_cfg: D/int loc_read_conf_r(FILE*, const loc_param_s_type*, uint32_t):283]: num_params: 1
05-05 22:20:48.148   601   601 D LocSvc_utils_cfg: D/loc_set_config_entry: PARAM DEBUG_LEVEL = 2
05-05 22:20:48.148   601   601 D LocSvc_utils_cfg: D/int loc_read_conf_r(FILE*, const loc_param_s_type*, uint32_t):283]: num_params: 2
05-05 22:20:48.148   601   601 D LocSvc_utils_cfg: D/loc_set_config_entry: PARAM DEBUG_LEVEL = 2
05-05 22:20:48.148   601   601 D LocSvc_utils_cfg: D/int loc_read_conf_r(FILE*, const loc_param_s_type*, uint32_t):287]: fgets returned NULL
05-05 22:20:48.172   601   601 E         : E/open failed: /dev/mdm: No such file or directory
05-05 22:20:48.177   601   727 E slim_daemon: [NDK] bindNDKSensors: Sensor server is unavailable.
05-05 22:20:48.180   519   519 E Energy-Aware: Freq 1804800 does not have power data
05-05 22:20:48.188   601   731 E         : E/open failed: /dev/mdm: No such file or directory
05-05 22:20:48.193   652   652 E Diag_Lib: qpLogDiagInit <== result : 1
05-05 22:20:48.193   652   652 E Diag_Lib: DATAD : gIsQXDMDisabled 0, gIsADBDisabled 1, gIsDebugDisabled 0, gIsIMSLogsDisabled 0
05-05 22:20:48.267   473   473 I SDM     : ExtensionInterface::CreateExtensionInterface: 
05-05 22:20:48.267   473   473 I SDM     : SDM-EXTENSION Version: Date: 09/12/16, Commit: 5df439e, Change: I3549090471
05-05 22:20:48.268   473   473 I SDM     : HWInfo::GetHWResourceInfo: SDE Version = 500, SDE Revision = 10070002, RGB = 4, VIG = 4, DMA = 2, Cursor = 2
05-05 22:20:48.268   473   473 I SDM     : HWInfo::GetHWResourceInfo: Upscale Ratio = 20, Downscale Ratio = 4, Blending Stages = 7
05-05 22:20:48.268   473   473 I SDM     : HWInfo::GetHWResourceInfo: BWC = 0, UBWC = 1, Decimation = 1, Tile Format = 0
05-05 22:20:48.268   473   473 I SDM     : HWInfo::GetHWResourceInfo: SourceSplit = 1
05-05 22:20:48.268   473   473 I SDM     : HWInfo::GetHWResourceInfo: MaxLowBw = 9600000 , MaxHighBw = 9600000
05-05 22:20:48.268   473   473 I SDM     : HWInfo::GetHWResourceInfo: MaxPipeBw = 4500000 KBps, MaxSDEClock = 412500000 Hz, ClockFudgeFactor = 1.050000
05-05 22:20:48.268   473   473 I SDM     : HWInfo::GetHWResourceInfo: Prefill factors: Tiled_NV12 = 8, Tiled = 4, Linear = 1, Scale = 1, Fudge_factor = 2
05-05 22:20:48.269   473   473 I SDM     : HWInfo::GetHWResourceInfo: ROTATOR = 2, Rotator Downscale = 1
05-05 22:20:48.272   473   473 I SDM     : CoreInterface::CreateCore: Open interface handle = 0x7fa0e0c700
05-05 22:20:48.272   473   473 I SDM     : HWInfo::GetFirstDisplayInterfaceType: First display is internal display
05-05 22:20:48.273   473   473 I SDM     : CPUHint::Init: CPU Hint Pre-enable Window 50
05-05 22:20:48.273   473   473 I SDM     : CPUHint::Init: Successfully Loaded Vendor Extension Library symbols
05-05 22:20:48.274   473   473 W SDM     : HWDevice::GetHWPanelMaxBrightnessFromNode: Max brightness level = 255
05-05 22:20:48.275   473   473 W SDM     : HWDevice::GetHWPanelMaxBrightnessFromNode: Max brightness level = 255
05-05 22:20:48.275   473   473 I SDM     : HWDevice::PopulateHWPanelInfo: Device type = 0, Display Port = 1, Display Mode = 2, Device Node = 0, Is Primary = 1
05-05 22:20:48.275   473   473 I SDM     : HWDevice::PopulateHWPanelInfo: Partial Update = 0, Dynamic FPS = 0
05-05 22:20:48.275   473   473 I SDM     : HWDevice::PopulateHWPanelInfo: Align: left = 0, width = 0, top = 0, height = 0
05-05 22:20:48.275   473   473 I SDM     : HWDevice::PopulateHWPanelInfo: ROI: min_width = 0, min_height = 0, need_merge = 0
05-05 22:20:48.275   473   473 I SDM     : HWDevice::PopulateHWPanelInfo: FPS: min = 0, max =0
05-05 22:20:48.275   473   473 I SDM     : HWDevice::PopulateHWPanelInfo: Left Split = 0, Right Split = 0
05-05 22:20:48.275   473   473 I SDM     : HWInfo::GetHWResourceInfo: SDE Version = 500, SDE Revision = 10070002, RGB = 4, VIG = 4, DMA = 2, Cursor = 2
05-05 22:20:48.276   473   473 I SDM     : HWInfo::GetHWResourceInfo: Upscale Ratio = 20, Downscale Ratio = 4, Blending Stages = 7
05-05 22:20:48.276   473   473 I SDM     : HWInfo::GetHWResourceInfo: BWC = 0, UBWC = 1, Decimation = 1, Tile Format = 0
05-05 22:20:48.276   473   473 I SDM     : HWInfo::GetHWResourceInfo: SourceSplit = 1
05-05 22:20:48.276   473   473 I SDM     : HWInfo::GetHWResourceInfo: MaxLowBw = 9600000 , MaxHighBw = 9600000
05-05 22:20:48.276   473   473 I SDM     : HWInfo::GetHWResourceInfo: MaxPipeBw = 4500000 KBps, MaxSDEClock = 412500000 Hz, ClockFudgeFactor = 1.050000
05-05 22:20:48.276   473   473 I SDM     : HWInfo::GetHWResourceInfo: Prefill factors: Tiled_NV12 = 8, Tiled = 4, Linear = 1, Scale = 1, Fudge_factor = 2
05-05 22:20:48.276   547   547 V AudioDaemonMain: Audio daemon starting sequence..
05-05 22:20:48.276   473   473 I SDM     : HWInfo::GetHWResourceInfo: ROTATOR = 2, Rotator Downscale = 1
05-05 22:20:48.276   547   547 V AudioDaemon: Start audiod daemon
05-05 22:20:48.287   473   473 E cutils-trace: Error opening trace file: No such file or directory (2)
05-05 22:20:48.301   473   473 W SDM     : HWDevice::GetHWPanelMaxBrightnessFromNode: Max brightness level = 255
05-05 22:20:48.301   473   473 W SDM     : HWDevice::GetHWPanelMaxBrightnessFromNode: Max brightness level = 255
05-05 22:20:48.301   473   473 W SDM     : HWDevice::GetHWPanelInfoByNode: Failed to open msm_fb_panel_info node device node 2
05-05 22:20:48.301   473   473 I SDM     : HWInfo::GetHWResourceInfo: SDE Version = 500, SDE Revision = 10070002, RGB = 4, VIG = 4, DMA = 2, Cursor = 2
05-05 22:20:48.301   473   473 I SDM     : HWInfo::GetHWResourceInfo: Upscale Ratio = 20, Downscale Ratio = 4, Blending Stages = 7
05-05 22:20:48.301   473   473 I SDM     : HWInfo::GetHWResourceInfo: BWC = 0, UBWC = 1, Decimation = 1, Tile Format = 0
05-05 22:20:48.301   473   473 I SDM     : HWInfo::GetHWResourceInfo: SourceSplit = 1
05-05 22:20:48.301   473   473 I SDM     : HWInfo::GetHWResourceInfo: MaxLowBw = 9600000 , MaxHighBw = 9600000
05-05 22:20:48.302   473   473 I SDM     : HWInfo::GetHWResourceInfo: MaxPipeBw = 4500000 KBps, MaxSDEClock = 412500000 Hz, ClockFudgeFactor = 1.050000
05-05 22:20:48.302   473   473 I SDM     : HWInfo::GetHWResourceInfo: Prefill factors: Tiled_NV12 = 8, Tiled = 4, Linear = 1, Scale = 1, Fudge_factor = 2
05-05 22:20:48.302   473   473 I SDM     : HWInfo::GetHWResourceInfo: ROTATOR = 2, Rotator Downscale = 1
05-05 22:20:48.302   473   473 W SDM     : ColorManager::CreateColorManagerProxy: PAV2 version is versions = 11, version = 11 
05-05 22:20:48.302   473   473 I SDM     : HWCDisplay::Init: Blit Engine Init failed, Blit Composition will not be used!!
05-05 22:20:48.302   473   473 I SDM     : HWCDisplay::SetFrameBufferResolution: New framebuffer resolution (1080x1920)
05-05 22:20:48.303   473   473 I SDM     : HWCColorManager::CreateColorManager: Successfully loaded libsdm-disp-apis.so
05-05 22:20:48.310   473   473 I SDM     : HWCColorManager::CreateColorManager: Successfully loaded libsdm-disp-apis.so and libsdm-diag.so and diag_init'ed
05-05 22:20:48.311   473   473 I SurfaceFlinger: Using composer version 1.5
05-05 22:20:48.311   473   473 W SDM     : HWCDisplay::GetDisplayAttributes: Spurious attribute type = 6
05-05 22:20:48.312   473   473 I SurfaceFlinger: EGL information:
05-05 22:20:48.312   473   473 I SurfaceFlinger: vendor    : Android
05-05 22:20:48.312   473   473 I SurfaceFlinger: version   : 1.4 Android META-EGL
05-05 22:20:48.312   473   473 I SurfaceFlinger: extensions: EGL_KHR_get_all_proc_addresses EGL_ANDROID_presentation_time EGL_KHR_swap_buffers_with_damage EGL_KHR_image EGL_KHR_image_base EGL_KHR_lock_surface EGL_KHR_gl_texture_2D_image EGL_KHR_gl_texture_3D_image EGL_KHR_gl_texture_cubemap_image EGL_KHR_gl_renderbuffer_image EGL_KHR_reusable_sync EGL_KHR_fence_sync EGL_KHR_create_context EGL_KHR_surfaceless_context EGL_EXT_create_context_robustness EGL_ANDROID_image_native_buffer EGL_KHR_wait_sync EGL_ANDROID_recordable EGL_KHR_partial_update EGL_KHR_create_context_no_error 
05-05 22:20:48.312   473   473 I SurfaceFlinger: Client API: OpenGL_ES
05-05 22:20:48.312   473   473 I SurfaceFlinger: EGLSurface: 8-8-8-8, config=0x7fa0c6d780
05-05 22:20:48.317   473   473 I SurfaceFlinger: OpenGL ES informations:
05-05 22:20:48.317   473   473 I SurfaceFlinger: vendor    : Qualcomm
05-05 22:20:48.317   473   473 I SurfaceFlinger: renderer  : Adreno (TM) 530
05-05 22:20:48.317   473   473 I SurfaceFlinger: version   : OpenGL ES 3.2 V@145.0 (GIT@Ifb508eebcd)
05-05 22:20:48.317   473   473 I SurfaceFlinger: extensions: GL_OES_EGL_image GL_OES_EGL_image_external GL_OES_EGL_sync GL_OES_vertex_half_float GL_OES_framebuffer_object GL_OES_rgb8_rgba8 GL_OES_compressed_ETC1_RGB8_texture GL_AMD_compressed_ATC_texture GL_KHR_texture_compression_astc_ldr GL_KHR_texture_compression_astc_hdr GL_OES_texture_compression_astc GL_OES_texture_npot GL_EXT_texture_filter_anisotropic GL_EXT_texture_format_BGRA8888 GL_OES_texture_3D GL_EXT_color_buffer_float GL_EXT_color_buffer_half_float GL_QCOM_alpha_test GL_OES_depth24 GL_OES_packed_depth_stencil GL_OES_depth_texture GL_OES_depth_texture_cube_map GL_EXT_sRGB GL_OES_texture_float GL_OES_texture_float_linear GL_OES_texture_half_float GL_OES_texture_half_float_linear GL_EXT_texture_type_2_10_10_10_REV GL_EXT_texture_sRGB_decode GL_OES_element_index_uint GL_EXT_copy_image GL_EXT_geometry_shader GL_EXT_tessellation_shader GL_OES_texture_stencil8 GL_EXT_shader_io_blocks GL_OES_shader_image_atomic GL_OES_sample_variables GL_EXT_texture_border_clamp GL_EXT_multisampled_render_to_texture
05-05 22:20:48.317   473   473 I SurfaceFlinger: GL_MAX_TEXTURE_SIZE = 16384
05-05 22:20:48.317   473   473 I SurfaceFlinger: GL_MAX_VIEWPORT_DIMS = 16384
05-05 22:20:48.322   473   473 D SurfaceFlinger: Set power mode=2, type=0 flinger=0x7fa2843c00
05-05 22:20:48.322   473   473 I SDM     : HWCDisplay::SetPowerMode: display = 0, mode = 2
05-05 22:20:48.322   473   473 I SDM     : DisplayBase::SetDisplayState: Set state = 1, display 0
05-05 22:20:48.323   473   473 W SDM     : HWDevice::GetHWPanelMaxBrightnessFromNode: Max brightness level = 255
05-05 22:20:48.323   473   473 W SDM     : HWDevice::GetHWPanelMaxBrightnessFromNode: Max brightness level = 255
05-05 22:20:48.323   473   473 W SDM     : HWDevice::GetHWPanelInfoByNode: Failed to open msm_fb_panel_info node device node 2
05-05 22:20:48.324   547   751 V AudioDaemon: readyToRun: open snd card state node files
05-05 22:20:48.324   547   751 V AudioDaemon: Start threadLoop()
05-05 22:20:48.324   547   751 D AudioDaemon: Opening sound card state : /proc/asound/card---/state
05-05 22:20:48.324   547   751 E AudioDaemon: Open /proc/asound/card---/state failed : No such file or directory
05-05 22:20:48.324   547   751 V AudioDaemon: bool android::AudioDaemon::getStateFDs(std::__1::vector<std::__1::pair<int, int> >&): 0 sound cards detected
05-05 22:20:48.324   547   751 E AudioDaemon: Sleeping for 100 ms
05-05 22:20:48.326   568   568 W XTCC-5.1.0.10: [CCC-Main] wifi: 1, ap cell: 0, modem cell: 0, waa: 0, sstp: 0
05-05 22:20:48.336   568   568 E XTCC-5.1.0.10: [StorageMgr] init tile_folder = /data/misc/location/xtwifi
05-05 22:20:48.408   568   568 E XTCC-5.1.0.10: [CacheMgr] populateSavedBalacklistedAps: failed: 101
05-05 22:20:48.410   568   568 I xtwifi-client: type=1400 audit(0.0:5): avc: denied { write } for name="property_service" dev="tmpfs" ino=3224 scontext=u:r:location:s0 tcontext=u:object_r:property_socket:s0 tclass=sock_file permissive=1
05-05 22:20:48.410   568   568 I xtwifi-client: type=1400 audit(0.0:6): avc: denied { connectto } for path="/dev/socket/property_service" scontext=u:r:location:s0 tcontext=u:r:init:s0 tclass=unix_stream_socket permissive=1
05-05 22:20:48.411   535   566 E QCALOG  : [MessageQ] ProcessNewMessage: [NOT_REGISTERED:568] unknown deliver target [OS-Agent]
05-05 22:20:48.412   568   568 E XTCC-5.1.0.10: [FDAL_Manager] init: failed to retrieve WLAN_FDAL_ENABLEMENT_CONTROL, default true
05-05 22:20:48.423   568   764 E         : E/open failed: /dev/mdm: No such file or directory
05-05 22:20:48.424   547   751 D AudioDaemon: Opening sound card state : /proc/asound/card---/state
05-05 22:20:48.424   547   751 E AudioDaemon: Open /proc/asound/card---/state failed : No such file or directory
05-05 22:20:48.425   547   751 V AudioDaemon: bool android::AudioDaemon::getStateFDs(std::__1::vector<std::__1::pair<int, int> >&): 0 sound cards detected
05-05 22:20:48.425   547   751 E AudioDaemon: Sleeping for 100 ms
05-05 22:20:48.425   568   764 E Diag_Lib:  Diag_LSM_Init: Failed to open handle to diag driver, error = 13
05-05 22:20:48.525   547   751 D AudioDaemon: Opening sound card state : /proc/asound/card---/state
05-05 22:20:48.525   547   751 E AudioDaemon: Open /proc/asound/card---/state failed : No such file or directory
05-05 22:20:48.525   547   751 V AudioDaemon: bool android::AudioDaemon::getStateFDs(std::__1::vector<std::__1::pair<int, int> >&): 0 sound cards detected
05-05 22:20:48.525   547   751 E AudioDaemon: Sleeping for 100 ms
05-05 22:20:48.553   785   785 I qcom-bluetooth: /system/etc/init.qcom.bt.sh: Bluetooth stack is Bluedroid 
05-05 22:20:48.602   478   489 E Sensors : sns_reg.c(459):sys.panel.vendor is not available, retry again
05-05 22:20:48.625   547   751 D AudioDaemon: Opening sound card state : /proc/asound/card---/state
05-05 22:20:48.625   547   751 E AudioDaemon: Open /proc/asound/card---/state failed : No such file or directory
05-05 22:20:48.625   547   751 V AudioDaemon: bool android::AudioDaemon::getStateFDs(std::__1::vector<std::__1::pair<int, int> >&): 0 sound cards detected
05-05 22:20:48.625   547   751 E AudioDaemon: Sleeping for 100 ms
05-05 22:20:48.726   547   751 D AudioDaemon: Opening sound card state : /proc/asound/card---/state
05-05 22:20:48.726   547   751 E AudioDaemon: Open /proc/asound/card---/state failed : No such file or directory
05-05 22:20:48.726   547   751 V AudioDaemon: bool android::AudioDaemon::getStateFDs(std::__1::vector<std::__1::pair<int, int> >&): 0 sound cards detected
05-05 22:20:48.726   547   751 E AudioDaemon: Sleeping for 100 ms
05-05 22:20:48.790   498   498 V MediaUtils: physMem: 2808807424
05-05 22:20:48.790   498   498 V MediaUtils: requested limit: 1825724810
05-05 22:20:48.790   498   498 V MediaUtils: actual limit: 1825724810
05-05 22:20:48.790   498   498 V MediaUtils: original limits: 4294967295/4294967295
05-05 22:20:48.790   498   498 V MediaUtils: new limits: 1825724810/4294967295
05-05 22:20:48.803   498   498 I mediaserver: ServiceManager: 0xf640e120
05-05 22:20:48.803   498   498 I AudioFlinger: Using 300 mSec as standby time.
05-05 22:20:48.804   498   498 E BatteryNotifier: batterystats service unavailable!
05-05 22:20:48.804   498   498 E BatteryNotifier: batterystats service unavailable!
05-05 22:20:48.804   498   498 I CameraService: CameraService started (pid=498)
05-05 22:20:48.805   498   498 I CameraService: CameraService process starting
05-05 22:20:48.805   498   498 E BatteryNotifier: batterystats service unavailable!
05-05 22:20:48.805   498   498 E BatteryNotifier: batterystats service unavailable!
05-05 22:20:48.826   547   751 D AudioDaemon: Opening sound card state : /proc/asound/card---/state
05-05 22:20:48.827   547   751 E AudioDaemon: Open /proc/asound/card---/state failed : No such file or directory
05-05 22:20:48.827   547   751 V AudioDaemon: bool android::AudioDaemon::getStateFDs(std::__1::vector<std::__1::pair<int, int> >&): 0 sound cards detected
05-05 22:20:48.827   547   751 E AudioDaemon: Sleeping for 100 ms
05-05 22:20:48.828   502   502 D tftp_server: pid=502 tid=502 tftp-server : DBG :[tftp_os_wakelocks_la.c, 302] Wake-lock acquired successfully
05-05 22:20:48.828   502   502 D tftp_server: pid=502 tid=502 tftp-server : DBG :[tftp_server.c, 594] Server waiting for client-connection.
05-05 22:20:48.847   502   798 D tftp_server: pid=502 tid=798 tftp-server : DBG :[tftp_server_utils.c, 101] Normalized file [/readwrite/server_check.txt] to : [/system/rfs/msm/adsp/readwrite/server_chec
