05-05 23:03:24.285   555   809 I ServiceManager: Waiting for service sensorservice...
05-05 23:03:24.353   640   740 E slim_daemon: [NDK] bindNDKSensors: Sensor server is unavailable.
05-05 23:03:24.456   828  1247 W dex2oat : Skipping class com.quicinc.tcmiface.DpmTcmIface from /system/framework/org.apache.http.legacy.boot.jar previously found in /system/framework/okhttp.jar
05-05 23:03:24.493   486   486 I sound_trigger_platform: platform_stdev_init: acdb_init: msm8996-tasha-mtp-snd-card
05-05 23:03:24.493   486   486 D ACDB-LOADER: ACDB -> already initialized, exit
05-05 23:03:24.493   486   486 D sound_trigger_platform: platform_stdev_init Opening device /dev/snd/hwC0D1000
05-05 23:03:24.493   486   486 D sound_trigger_platform: get_codec_version: codec version WCD9335_2_0
05-05 23:03:24.494   486   486 I sound_trigger_hw: stdev_get_properties
05-05 23:03:24.494   486   486 I SoundTriggerHwService: loaded default module Sound Trigger HAL, handle 1
05-05 23:03:24.494   486   486 I RadioService: RadioService
05-05 23:03:24.494   486   486 I RadioService: onFirstRef
05-05 23:03:24.494   486   486 E RadioService: couldn't load radio module radio.primary (No such file or directory)
05-05 23:03:24.533   869  1240 W dex2oat : Skipping class com.quicinc.tcmiface.DpmTcmIface from /system/framework/org.apache.http.legacy.boot.jar previously found in /system/framework/okhttp.jar
05-05 23:03:24.621   828   828 W dex2oat : Method processed more than once: void android.icu.text.NumberFormat.<clinit>()
05-05 23:03:24.676   869  1240 W dex2oat : Method processed more than once: void android.icu.text.NumberFormat.<clinit>()
05-05 23:03:24.764   828   828 W dex2oat : Method processed more than once: java.lang.String java.lang.AbstractStringBuilder.substring(int)
05-05 23:03:24.804   869  1240 W dex2oat : Method processed more than once: java.lang.String java.lang.AbstractStringBuilder.substring(int)
05-05 23:03:24.806   828   828 W dex2oat : Method processed more than once: void java.util.Properties.load(java.io.Reader)
05-05 23:03:24.843   828   828 W dex2oat : Method processed more than once: java.lang.String java.lang.IntegralToString.stringOf(char[])
05-05 23:03:24.848   869  1240 W dex2oat : Method processed more than once: void java.util.Properties.load(java.io.Reader)
05-05 23:03:24.885   869  1240 W dex2oat : Method processed more than once: java.lang.String java.lang.IntegralToString.stringOf(char[])
05-05 23:03:24.904   828   828 W dex2oat : Method processed more than once: java.lang.String com.android.org.bouncycastle.util.Strings.toLowerCase(java.lang.String)
05-05 23:03:24.949   869  1240 W dex2oat : Method processed more than once: java.lang.String com.android.org.bouncycastle.util.Strings.toLowerCase(java.lang.String)
05-05 23:03:25.048   505   676 I ThermalEngine: algo_monitor: Thresh EVT
05-05 23:03:25.049   505   675 I ThermalEngine: handle_thresh_sig: TM Id GPU_management Sensor xo_therm_buf Temp 41000
05-05 23:03:25.049   505   675 I ThermalEngine: TM Id 'GPU_management' Sensor 'xo_therm_buf' - alarm  raised 1 at 41.0 degC
05-05 23:03:25.050   505   675 I ThermalEngine: j=0 i=0 TM Id GPU_management Sensor xo_therm_buf: Action gpu value 510000000
05-05 23:03:25.051   505   676 I ThermalEngine: handle_thresh_sig: SS Id SKIN-SS-GOLD, Read xo_therm_buf 41000mC
05-05 23:03:25.285   555   809 I ServiceManager: Waiting for service sensorservice...
05-05 23:03:25.354   640   740 E slim_daemon: [NDK] bindNDKSensors: Sensor server is unavailable.
05-05 23:03:25.590   828  1247 W dex2oat : Method processed more than once: java.lang.String com.android.dex.Mutf8.decode(com.android.dex.util.ByteInput, char[])
05-05 23:03:25.599   527   625 E QCALOG  : [MessageQ] ProcessNewMessage: [XTWiFi-PE] unknown deliver target [OS-Agent]
05-05 23:03:25.657   869   869 W dex2oat : Method processed more than once: java.lang.String com.android.dex.Mutf8.decode(com.android.dex.util.ByteInput, char[])
05-05 23:03:25.666   828  1247 W dex2oat : Method processed more than once: void android.net.Uri.<clinit>()
05-05 23:03:25.707   636   784 W XTCC-5.1.0.10: [CS-RIL-LISTENER] timerCallback fired for ril update registering, re-register
05-05 23:03:25.707   527   625 E QCALOG  : [MessageQ] ProcessNewMessage: [XT-CS] unknown deliver target [OS-Agent]
05-05 23:03:25.707   527   625 E QCALOG  : [MessageQ] ProcessNewMessage: [XT-CS] unknown deliver target [OS-Agent]
05-05 23:03:25.738   869   869 W dex2oat : Method processed more than once: void android.net.Uri.<clinit>()
05-05 23:03:25.957   828  1247 W dex2oat : Method processed more than once: void android.text.TextUtils.<clinit>()
05-05 23:03:26.042   869   869 W dex2oat : Method processed more than once: void android.text.TextUtils.<clinit>()
05-05 23:03:26.114   828   828 W dex2oat : Skipping class com.quicinc.tcmiface.DpmTcmIface from /system/framework/org.apache.http.legacy.boot.jar previously found in /system/framework/okhttp.jar
05-05 23:03:26.146   828   828 I dex2oat : Explicit concurrent mark sweep GC freed 43514(10MB) AllocSpace objects, 1(20KB) LOS objects, 15% free, 22MB/26MB, paused 131us total 24.655ms
05-05 23:03:26.209   869   869 W dex2oat : Skipping class com.quicinc.tcmiface.DpmTcmIface from /system/framework/org.apache.http.legacy.boot.jar previously found in /system/framework/okhttp.jar
05-05 23:03:26.243   869   869 I dex2oat : Explicit concurrent mark sweep GC freed 43491(6MB) AllocSpace objects, 1(20KB) LOS objects, 23% free, 13MB/17MB, paused 94us total 23.475ms
05-05 23:03:26.354   640   740 E slim_daemon: [NDK] bindNDKSensors: Sensor server is unavailable.
05-05 23:03:26.707   636   786 W XTCC-5.1.0.10: [FDAL_ZPP_MGR] RequestNewZppFix: Getting ZPP
05-05 23:03:26.712   636   786 W XTCC-5.1.0.10: [FDAL_ZPP_MGR] RequestNewZppFix 0.000000 0.000000 0.000000: ZPP Return Flag 0x0
05-05 23:03:26.712   636   786 W XTCC-5.1.0.10: [FDAL_ZPP_MGR] RequestNewZppFix Expand the HEPE of previous ZPP fix. Not done
05-05 23:03:27.286   555   809 I ServiceManager: Waiting for service sensorservice...
05-05 23:03:27.355   640   740 E slim_daemon: [NDK] bindNDKSensors: Sensor server is unavailable.
05-05 23:03:28.286   555   809 I ServiceManager: Waiting for service sensorservice...
05-05 23:03:28.355   640   740 E slim_daemon: [NDK] bindNDKSensors: Sensor server is unavailable.
05-05 23:03:29.287   555   809 I ServiceManager: Waiting for service sensorservice...
05-05 23:03:29.356   640   740 E slim_daemon: [NDK] bindNDKSensors: Sensor server is unavailable.
05-05 23:03:30.290   555   809 I ServiceManager: Waiting for service sensorservice...
05-05 23:03:30.359   640   740 E slim_daemon: [NDK] bindNDKSensors: Sensor server is unavailable.
05-05 23:03:30.600   527   625 E QCALOG  : [MessageQ] ProcessNewMessage: [XTWiFi-PE] unknown deliver target [OS-Agent]
05-05 23:03:30.707   636   784 W XTCC-5.1.0.10: [CS-RIL-LISTENER] timerCallback fired for ril update registering, re-register
05-05 23:03:30.708   527   625 E QCALOG  : [MessageQ] ProcessNewMessage: [XT-CS] unknown deliver target [OS-Agent]
05-05 23:03:30.708   527   625 E QCALOG  : [MessageQ] ProcessNewMessage: [XT-CS] unknown deliver target [OS-Agent]
05-05 23:03:31.290   555   809 I ServiceManager: Waiting for service sensorservice...
05-05 23:03:31.360   640   740 E slim_daemon: [NDK] bindNDKSensors: Sensor server is unavailable.
05-05 23:03:32.360   640   740 E slim_daemon: [NDK] bindNDKSensors: Sensor server is unavailable.
05-05 23:03:33.055   828  1245 I dex2oat : Method exceeds compiler instruction limit: 25337 in void org.ccil.cowan.tagsoup.HTMLSchema.<init>()
05-05 23:03:33.214   869  1238 I dex2oat : Method exceeds compiler instruction limit: 25337 in void org.ccil.cowan.tagsoup.HTMLSchema.<init>()
05-05 23:03:33.291   555   809 I ServiceManager: Waiting for service sensorservice...
05-05 23:03:33.360   640   740 E slim_daemon: [NDK] bindNDKSensors: Sensor server is unavailable.
05-05 23:03:34.291   555   809 I ServiceManager: Waiting for service sensorservice...
05-05 23:03:34.361   640   740 E slim_daemon: [NDK] bindNDKSensors: Sensor server is unavailable.
05-05 23:03:35.293   555   809 I ServiceManager: Waiting for service sensorservice...
05-05 23:03:35.362   640   740 E slim_daemon: [NDK] bindNDKSensors: Sensor server is unavailable.
05-05 23:03:35.600   527   625 E QCALOG  : [MessageQ] ProcessNewMessage: [XTWiFi-PE] unknown deliver target [OS-Agent]
05-05 23:03:35.707   527   625 E QCALOG  : [MessageQ] ProcessNewMessage: [XT-CS] unknown deliver target [OS-Agent]
05-05 23:03:35.708   636   784 W XTCC-5.1.0.10: [CS-RIL-LISTENER] timerCallback fired for ril update registering, re-register
05-05 23:03:35.708   527   625 E QCALOG  : [MessageQ] ProcessNewMessage: [XT-CS] unknown deliver target [OS-Agent]
05-05 23:03:36.294   555   809 I ServiceManager: Waiting for service sensorservice...
05-05 23:03:36.362   640   740 E slim_daemon: [NDK] bindNDKSensors: Sensor server is unavailable.
05-05 23:03:37.294   555   809 I ServiceManager: Waiting for service sensorservice...
05-05 23:03:37.363   640   740 E slim_daemon: [NDK] bindNDKSensors: Sensor server is unavailable.
05-05 23:03:37.648   869  1238 W dex2oat : Compilation of void android.os.BatteryStats.dumpLocked(android.content.Context, java.io.PrintWriter, java.lang.String, int, int, boolean) took 136.730ms
05-05 23:03:37.980   828  1247 W dex2oat : Compilation of void android.os.BatteryStats.dumpLocked(android.content.Context, java.io.PrintWriter, java.lang.String, int, int, boolean) took 132.553ms
05-05 23:03:38.363   640   740 E slim_daemon: [NDK] bindNDKSensors: Sensor server is unavailable.
05-05 23:03:39.295   555   809 I ServiceManager: Waiting for service sensorservice...
05-05 23:03:39.364   640   740 E slim_daemon: [NDK] bindNDKSensors: Sensor server is unavailable.
05-05 23:03:39.999   869  1238 W dex2oat : Compilation of boolean android.app.ActivityManagerNative.onTransact(int, android.os.Parcel, android.os.Parcel, int) took 103.408ms
05-05 23:03:40.295   555   809 I ServiceManager: Waiting for service sensorservice...
05-05 23:03:40.364   640   740 E slim_daemon: [NDK] bindNDKSensors: Sensor server is unavailable.
05-05 23:03:40.600   527   625 E QCALOG  : [MessageQ] ProcessNewMessage: [XTWiFi-PE] unknown deliver target [OS-Agent]
05-05 23:03:40.632   828  1245 W dex2oat : Compilation of boolean android.app.ActivityManagerNative.onTransact(int, android.os.Parcel, android.os.Parcel, int) took 157.373ms
05-05 23:03:40.708   527   625 E QCALOG  : [MessageQ] ProcessNewMessage: [XT-CS] unknown deliver target [OS-Agent]
05-05 23:03:40.708   636   784 W XTCC-5.1.0.10: [CS-RIL-LISTENER] timerCallback fired for ril update registering, re-register
05-05 23:03:40.708   527   625 E QCALOG  : [MessageQ] ProcessNewMessage: [XT-CS] unknown deliver target [OS-Agent]
05-05 23:03:41.044   869   869 W dex2oat : Compilation of boolean android.app.admin.IDevicePolicyManager$Stub.onTransact(int, android.os.Parcel, android.os.Parcel, int) took 102.400ms
05-05 23:03:41.295   555   809 I ServiceManager: Waiting for service sensorservice...
05-05 23:03:41.365   640   740 E slim_daemon: [NDK] bindNDKSensors: Sensor server is unavailable.
05-05 23:03:42.296   555   809 I ServiceManager: Waiting for service sensorservice...
05-05 23:03:42.366   640   740 E slim_daemon: [NDK] bindNDKSensors: Sensor server is unavailable.
05-05 23:03:43.296   555   809 I ServiceManager: Waiting for service sensorservice...
05-05 23:03:43.367   640   740 E slim_daemon: [NDK] bindNDKSensors: Sensor server is unavailable.
05-05 23:03:44.367   640   740 E slim_daemon: [NDK] bindNDKSensors: Sensor server is unavailable.
05-05 23:03:45.297   555   809 I ServiceManager: Waiting for service sensorservice...
05-05 23:03:45.368   640   740 E slim_daemon: [NDK] bindNDKSensors: Sensor server is unavailable.
05-05 23:03:45.600   527   625 E QCALOG  : [MessageQ] ProcessNewMessage: [XTWiFi-PE] unknown deliver target [OS-Agent]
05-05 23:03:45.708   527   625 E QCALOG  : [MessageQ] ProcessNewMessage: [XT-CS] unknown deliver target [OS-Agent]
05-05 23:03:45.708   636   784 W XTCC-5.1.0.10: [CS-RIL-LISTENER] timerCallback fired for ril update registering, re-register
05-05 23:03:45.709   527   625 E QCALOG  : [MessageQ] ProcessNewMessage: [XT-CS] unknown deliver target [OS-Agent]
05-05 23:03:46.080   505   676 I ThermalEngine: algo_monitor: Thresh EVT
05-05 23:03:46.081   505   675 I ThermalEngine: handle_thresh_sig: TM Id SKIN-BATTERY-MONITOR Sensor xo_therm_buf Temp 43000
05-05 23:03:46.082   505   675 I ThermalEngine: TM Id 'SKIN-BATTERY-MONITOR' Sensor 'xo_therm_buf' - alarm  raised 1 at 43.0 degC
05-05 23:03:46.082   505   675 I ThermalEngine: j=0 i=0 TM Id SKIN-BATTERY-MONITOR Sensor xo_therm_buf: Action battery value 0
05-05 23:03:46.083   505   676 I ThermalEngine: handle_thresh_sig: SS Id SKIN-SS-GOLD-AND-SILVER, Read xo_therm_buf 43000mC
05-05 23:03:46.084   505   675 I ThermalEngine: handle_thresh_sig: TM Id GPU_management Sensor xo_therm_buf Temp 43000
05-05 23:03:46.084   505   675 I ThermalEngine: TM Id 'GPU_management' Sensor 'xo_therm_buf' - alarm  raised 2 at 43.0 degC
05-05 23:03:46.084   505   675 I ThermalEngine: j=0 i=1 TM Id GPU_management Sensor xo_therm_buf: Action gpu value 401800000
05-05 23:03:46.084   505   675 I ThermalEngine: ACTION: GPU - Setting GPU[0] to 401800000
05-05 23:03:46.297   555   809 I ServiceManager: Waiting for service sensorservice...
05-05 23:03:46.340   505   676 I ThermalEngine: handle_thresh_sig: SS Id SKIN-SS-GOLD-AND-SILVER, Read xo_therm_buf 43000mC
05-05 23:03:46.369   640   740 E slim_daemon: [NDK] bindNDKSensors: Sensor server is unavailable.
05-05 23:03:46.843   828  1247 W dex2oat : Compilation of void com.android.internal.telephony.uicc.SIMRecords.handleMessage(android.os.Message) took 130.097ms
05-05 23:03:46.847   505   676 I ThermalEngine: handle_thresh_sig: SS Id SKIN-SS-GOLD-AND-SILVER, Read xo_therm_buf 43000mC
05-05 23:03:47.083   869  1240 W dex2oat : Skipping class com.quicinc.tcmiface.DpmTcmIface from /system/framework/org.apache.http.legacy.boot.jar previously found in /system/framework/okhttp.jar
05-05 23:03:47.288   475   907 E Sensors : sns_smr_util.c(106):Unable to initialize service 266 with QCCI, timed out (30000 ms)
05-05 23:03:47.289   475   907 E Sensors : sns_acm_mr.c(543):Error getting info for service 10
05-05 23:03:47.292   475   928 E Sensors : sns_smr_util.c(106):Unable to initialize service 287 with QCCI, timed out (30000 ms)
05-05 23:03:47.292   475   928 E Sensors : sns_acm_mr.c(543):Error getting info for service 31
05-05 23:03:47.297   555   809 I ServiceManager: Waiting for service sensorservice...
05-05 23:03:47.299   475   952 E Sensors : sns_smr_util.c(106):Unable to initialize service 311 with QCCI, timed out (30000 ms)
05-05 23:03:47.299   475   952 E Sensors : sns_acm_mr.c(543):Error getting info for service 55
05-05 23:03:47.299   475   948 E Sensors : sns_smr_util.c(106):Unable to initialize service 307 with QCCI, timed out (30000 ms)
05-05 23:03:47.299   475   948 E Sensors : sns_acm_mr.c(543):Error getting info for service 51
05-05 23:03:47.299   475   950 E Sensors : sns_smr_util.c(106):Unable to initialize service 309 with QCCI, timed out (30000 ms)
05-05 23:03:47.300   475   950 E Sensors : sns_acm_mr.c(543):Error getting info for service 53
05-05 23:03:47.353   505   676 I ThermalEngine: ACTION: CLUSTER - Setting CLUSTER[0] to voltage 840 freq = 1363200
05-05 23:03:47.354   505   676 I ThermalEngine: Mitigation:CLUSTER[0]: 840 mV freq = 1363200 kHz
05-05 23:03:47.355   505   676 I ThermalEngine: handle_thresh_sig: SS Id SKIN-SS-GOLD-AND-SILVER, Read xo_therm_buf 43000mC
05-05 23:03:47.370   640   740 E slim_daemon: [NDK] bindNDKSensors: Sensor server is unavailable.
05-05 23:03:47.863   505   676 I ThermalEngine: handle_thresh_sig: SS Id SKIN-SS-GOLD-AND-SILVER, Read xo_therm_buf 43000mC
05-05 23:03:48.077   828  1244 W dex2oat : Skipping class com.quicinc.tcmiface.DpmTcmIface from /system/framework/org.apache.http.legacy.boot.jar previously found in /system/framework/okhttp.jar
05-05 23:03:48.298   555   809 I ServiceManager: Waiting for service sensorservice...
05-05 23:03:48.370   640   740 E slim_daemon: [NDK] bindNDKSensors: Sensor server is unavailable.
05-05 23:03:48.371   505   676 I ThermalEngine: handle_thresh_sig: SS Id SKIN-SS-GOLD-AND-SILVER, Read xo_therm_buf 43000mC
05-05 23:03:48.624   505   676 I ThermalEngine: ACTION: CLUSTER - Setting CLUSTER[1] to voltage 885 freq = 1785600
05-05 23:03:48.624   505   676 I ThermalEngine: Mitigation:CLUSTER[1]: 885 mV freq = 1785600 kHz
05-05 23:03:48.879   505   676 I ThermalEngine: handle_thresh_sig: SS Id SKIN-SS-GOLD-AND-SILVER, Read xo_therm_buf 43000mC
05-05 23:03:49.299   555   809 I ServiceManager: Waiting for service sensorservice...
05-05 23:03:49.339   869   869 I dex2oat : Explicit concurrent mark sweep GC freed 34483(8MB) AllocSpace objects, 0(0B) LOS objects, 32% free, 8MB/12MB, paused 113us total 18.341ms
05-05 23:03:49.371   640   740 E slim_daemon: [NDK] bindNDKSensors: Sensor server is unavailable.
05-05 23:03:49.388   505   676 I ThermalEngine: handle_thresh_sig: SS Id SKIN-SS-GOLD-AND-SILVER, Read xo_therm_buf 43000mC
05-05 23:03:49.829   828   828 I dex2oat : Explicit concurrent mark sweep GC freed 34486(14MB) AllocSpace objects, 0(0B) LOS objects, 26% free, 11MB/15MB, paused 127us total 19.015ms
05-05 23:03:49.896   505   676 I ThermalEngine: handle_thresh_sig: SS Id SKIN-SS-GOLD-AND-SILVER, Read xo_therm_buf 43000mC
05-05 23:03:50.150   505   676 I ThermalEngine: ACTION: CLUSTER - Setting CLUSTER[0] to voltage 840 freq = 1363200
05-05 23:03:50.150   505   676 I ThermalEngine: Mitigation:CLUSTER[0]: 840 mV freq = 1363200 kHz
05-05 23:03:50.373   640   740 E slim_daemon: [NDK] bindNDKSensors: Sensor server is unavailable.
05-05 23:03:50.404   505   676 I ThermalEngine: handle_thresh_sig: SS Id SKIN-SS-GOLD-AND-SILVER, Read xo_therm_buf 43000mC
05-05 23:03:50.601   527   625 E QCALOG  : [MessageQ] ProcessNewMessage: [XTWiFi-PE] unknown deliver target [OS-Agent]
05-05 23:03:50.709   527   625 E QCALOG  : [MessageQ] ProcessNewMessage: [XT-CS] unknown deliver target [OS-Agent]
05-05 23:03:50.709   636   784 W XTCC-5.1.0.10: [CS-RIL-LISTENER] timerCallback fired for ril update registering, re-register
05-05 23:03:50.709   527   625 E QCALOG  : [MessageQ] ProcessNewMessage: [XT-CS] unknown deliver target [OS-Agent]
05-05 23:03:50.913   505   676 I ThermalEngine: handle_thresh_sig: SS Id SKIN-SS-GOLD-AND-SILVER, Read xo_therm_buf 43000mC
05-05 23:03:51.300   555   809 I ServiceManager: Waiting for service sensorservice...
05-05 23:03:51.374   640   740 E slim_daemon: [NDK] bindNDKSensors: Sensor server is unavailable.
05-05 23:03:51.421   505   676 I ThermalEngine: ACTION: CLUSTER - Setting CLUSTER[1] to voltage 890 freq = 1804800
05-05 23:03:51.421   505   676 I ThermalEngine: Mitigation:CLUSTER[1]: 890 mV freq = 1804800 kHz
05-05 23:03:51.423   505   676 I ThermalEngine: handle_thresh_sig: SS Id SKIN-SS-GOLD-AND-SILVER, Read xo_therm_buf 43000mC
05-05 23:03:51.930   505   676 I ThermalEngine: handle_thresh_sig: SS Id SKIN-SS-GOLD-AND-SILVER, Read xo_therm_buf 43000mC
05-05 23:03:52.301   555   809 I ServiceManager: Waiting for service sensorservice...
05-05 23:03:52.375   640   740 E slim_daemon: [NDK] bindNDKSensors: Sensor server is unavailable.
05-05 23:03:52.438   505   676 I ThermalEngine: handle_thresh_sig: SS Id SKIN-SS-GOLD-AND-SILVER, Read xo_therm_buf 43000mC
05-05 23:03:52.467   869   869 I dex2oat : dex2oat took 35.451s (threads: 4) arena alloc=3MB java alloc=8MB native alloc=76MB free=19MB
05-05 23:03:52.486   828   828 I dex2oat : dex2oat took 35.704s (threads: 4) arena alloc=3MB java alloc=11MB native alloc=92MB free=18MB
05-05 23:03:52.571   511   511 D ICU     : No timezone override file found: /data/misc/zoneinfo/current/icu/icu_tzdata.dat
05-05 23:03:52.593   510   510 D ICU     : No timezone override file found: /data/misc/zoneinfo/current/icu/icu_tzdata.dat
05-05 23:03:52.612   511   511 I Radio-JNI: register_android_hardware_Radio DONE
05-05 23:03:52.617   511   511 I SamplingProfilerIntegration: Profiling disabled.
05-05 23:03:52.618   511   511 D Zygote  : begin preload
05-05 23:03:52.618   511   511 I Zygote  : Preloading classes...
05-05 23:03:52.629   510   510 I Radio-JNI: register_android_hardware_Radio DONE
05-05 23:03:52.635   510   510 I SamplingProfilerIntegration: Profiling disabled.
05-05 23:03:52.636   510   510 D Zygote  : begin preload
05-05 23:03:52.636   510   510 I Zygote  : Preloading classes...
05-05 23:03:52.654   511   511 D skia    : [SkFontConfigParser] /system/etc/fonts.xml:103:4: warning: 'DINPro' alias target not found
05-05 23:03:52.654   511   511 D skia    : [SkFontConfigParser] /system/etc/fonts.xml:104:4: warning: 'DINPro' alias target not found
05-05 23:03:52.654   511   511 D skia    : [SkFontConfigParser] /system/etc/fonts.xml:105:4: warning: 'DINPro' alias target not found
05-05 23:03:52.667   510   510 D skia    : [SkFontConfigParser] /system/etc/fonts.xml:103:4: warning: 'DINPro' alias target not found
05-05 23:03:52.667   510   510 D skia    : [SkFontConfigParser] /system/etc/fonts.xml:104:4: warning: 'DINPro' alias target not found
05-05 23:03:52.667   510   510 D skia    : [SkFontConfigParser] /system/etc/fonts.xml:105:4: warning: 'DINPro' alias target not found
05-05 23:03:52.838   510   510 E Minikin : addFont failed to create font /system/fonts/Padauk.ttf
05-05 23:03:52.839   511   511 E Minikin : addFont failed to create font /system/fonts/Padauk.ttf
05-05 23:03:52.850   511   511 E Minikin : addFont failed to create font /system/fonts/NanumGothic.ttf
05-05 23:03:52.850   511   511 E Minikin : addFont failed to create font /system/fonts/DroidSansFallback.ttf
05-05 23:03:52.850   511   511 E Minikin : addFont failed to create font /system/fonts/MTLmr3m.ttf
05-05 23:03:52.850   510   510 E Minikin : addFont failed to create font /system/fonts/NanumGothic.ttf
05-05 23:03:52.850   510   510 E Minikin : addFont failed to create font /system/fonts/DroidSansFallback.ttf
05-05 23:03:52.850   510   510 E Minikin : addFont failed to create font /system/fonts/MTLmr3m.ttf
05-05 23:03:52.913   510   510 V DngCreator_JNI: DngCreator_nativeClassInit:
05-05 23:03:52.913   511   511 V DngCreator_JNI: DngCreator_nativeClassInit:
05-05 23:03:52.943   505   676 I ThermalEngine: ACTION: CLUSTER - Setting CLUSTER[0] to voltage 840 freq = 1363200
05-05 23:03:52.944   505   676 I ThermalEngine: Mitigation:CLUSTER[0]: 840 mV freq = 1363200 kHz
05-05 23:03:52.946   505   676 I ThermalEngine: handle_thresh_sig: SS Id SKIN-SS-GOLD-AND-SILVER, Read xo_therm_buf 43000mC
05-05 23:03:52.996   510   510 I art     : Thread[1,tid=510,Native,Thread*=0x7f7abbba00,peer=0x12c2c100,"main"] recursive attempt to load library "/system/lib64/libmedia_jni.so"
05-05 23:03:52.997   510   510 D MtpDeviceJNI: register_android_mtp_MtpDevice
05-05 23:03:52.997   510   510 I art     : Thread[1,tid=510,Native,Thread*=0x7f7abbba00,peer=0x12c2c100,"main"] recursive attempt to load library "/system/lib64/libmedia_jni.so"
05-05 23:03:52.997   510   510 I art     : Thread[1,tid=510,Native,Thread*=0x7f7abbba00,peer=0x12c2c100,"main"] recursive attempt to load library "/system/lib64/libmedia_jni.so"
05-05 23:03:53.014   511   511 I art     : Thread[1,tid=511,Native,Thread*=0xf5276500,peer=0x12c35100,"main"] recursive attempt to load library "/system/lib/libmedia_jni.so"
05-05 23:03:53.015   511   511 D MtpDeviceJNI: register_android_mtp_MtpDevice
05-05 23:03:53.015   511   511 I art     : Thread[1,tid=511,Native,Thread*=0xf5276500,peer=0x12c35100,"main"] recursive attempt to load library "/system/lib/libmedia_jni.so"
05-05 23:03:53.015   511   511 I art     : Thread[1,tid=511,Native,Thread*=0xf5276500,peer=0x12c35100,"main"] recursive attempt to load library "/system/lib/libmedia_jni.so"
05-05 23:03:53.103  1609  1609 I dex2oat : /system/bin/dex2oat --dex-file=/system/framework/tcmclient.jar --oat-file=/data/dalvik-cache/arm64/system@framework@tcmclient.jar@classes.dex
05-05 23:03:53.103  1609  1609 E cutils-trace: Error opening trace file: No such file or directory (2)
05-05 23:03:53.128  1610  1610 I dex2oat : /system/bin/dex2oat --dex-file=/system/framework/tcmclient.jar --oat-file=/data/dalvik-cache/arm/system@framework@tcmclient.jar@classes.dex
05-05 23:03:53.128  1610  1610 E cutils-trace: Error opening trace file: No such file or directory (2)
05-05 23:03:53.144  1609  1609 I dex2oat : dex2oat took 41.559ms (threads: 4) arena alloc=337KB java alloc=38KB native alloc=1474KB free=1341KB
05-05 23:03:53.172  1610  1610 I dex2oat : dex2oat took 45.321ms (threads: 4) arena alloc=384KB java alloc=35KB native alloc=1438KB free=1121KB
05-05 23:03:53.218   510   510 I System  : Loaded time zone names for "" in 25ms (24ms in ICU)
05-05 23:03:53.239   510   510 I System  : Loaded time zone names for "en_US" in 21ms (19ms in ICU)
05-05 23:03:53.262   510   510 I System  : Loaded time zone names for "zh_CN" in 23ms (21ms in ICU)
05-05 23:03:53.272   511   511 I System  : Loaded time zone names for "" in 32ms (30ms in ICU)
05-05 23:03:53.273   510   510 I Zygote  : ...preloaded 3831 classes in 637ms.
05-05 23:03:53.273   510   510 I art     : VMRuntime.preloadDexCaches starting
05-05 23:03:53.295   511   511 I System  : Loaded time zone names for "en_US" in 23ms (21ms in ICU)
05-05 23:03:53.302   555   809 I ServiceManager: Waiting for service sensorservice...
05-05 23:03:53.320   511   511 I System  : Loaded time zone names for "zh_CN" in 25ms (24ms in ICU)
05-05 23:03:53.331   511   511 I Zygote  : ...preloaded 3831 classes in 712ms.
05-05 23:03:53.331   511   511 I art     : VMRuntime.preloadDexCaches starting
05-05 23:03:53.337   510   510 I art     : VMRuntime.preloadDexCaches strings total=267616 before=46632 after=46632
05-05 23:03:53.337   510   510 I art     : VMRuntime.preloadDexCaches types total=21791 before=7425 after=7457
05-05 23:03:53.337   510   510 I art     : VMRuntime.preloadDexCaches fields total=112321 before=36568 after=36790
05-05 23:03:53.337   510   510 I art     : VMRuntime.preloadDexCaches methods total=180369 before=73777 after=74316
05-05 23:03:53.337   510   510 I art     : VMRuntime.preloadDexCaches finished
05-05 23:03:53.368  1619  1619 D idmap   : error: no read access to /vendor/overlay: No such file or directory
05-05 23:03:53.377   640   740 E slim_daemon: [NDK] bindNDKSensors: Sensor server is unavailable.
05-05 23:03:53.393   511   511 I art     : VMRuntime.preloadDexCaches strings total=267616 before=46632 after=46632
05-05 23:03:53.394   511   511 I art     : VMRuntime.preloadDexCaches types total=21791 before=7425 after=7457
05-05 23:03:53.394   511   511 I art     : VMRuntime.preloadDexCaches fields total=112321 before=36568 after=36790
05-05 23:03:53.394   511   511 I art     : VMRuntime.preloadDexCaches methods total=180369 before=73777 after=74316
05-05 23:03:53.394   511   511 I art     : VMRuntime.preloadDexCaches finished
05-05 23:03:53.412  1620  1620 D idmap   : error: no read access to /vendor/overlay: No such file or directory
05-05 23:03:53.429   510   510 I Zygote  : Preloading resources...
05-05 23:03:53.429   511   511 I Zygote  : Preloading resources...
05-05 23:03:53.435   510   510 W Resources: Preloaded drawable resource #0x1080096 (android:drawable/toast_frame) that varies with configuration!!
05-05 23:03:53.436   511   511 W Resources: Preloaded drawable resource #0x1080096 (android:drawable/toast_frame) that varies with configuration!!
05-05 23:03:53.453   505   676 I ThermalEngine: handle_thresh_sig: SS Id SKIN-SS-GOLD-AND-SILVER, Read xo_therm_buf 42000mC
05-05 23:03:53.741   510   510 W Resources: Preloaded drawable resource #0x10806ef (android:drawable/text_select_handle_left_material) that varies with configuration!!
05-05 23:03:53.745   510   510 W Resources: Preloaded drawable resource #0x10806f5 (android:drawable/text_select_handle_right_material) that varies with configuration!!
05-05 23:03:53.747   510   510 I Zygote  : ...preloaded 342 resources in 318ms.
05-05 23:03:53.755   510   510 I Zygote  : ...preloaded 41 resources in 8ms.
05-05 23:03:53.757   510   510 D libEGL  : loaded /vendor/lib64/egl/libEGL_adreno.so
05-05 23:03:53.769   510   510 D libEGL  : loaded /vendor/lib64/egl/libGLESv1_CM_adreno.so
05-05 23:03:53.777   510   510 D libEGL  : loaded /vendor/lib64/egl/libGLESv2_adreno.so
05-05 23:03:53.788   510   510 I Zygote  : Preloading shared libraries...
05-05 23:03:53.803   510   510 D Zygote  : end preload
05-05 23:03:53.803   510   510 I art     : Starting a blocking GC Explicit
05-05 23:03:53.812   510   510 I art     : Explicit concurrent mark sweep GC freed 1503(67KB) AllocSpace objects, 0(0B) LOS objects, 39% free, 15MB/25MB, paused 80us total 8.947ms
05-05 23:03:53.813   510   510 I art     : Starting a blocking GC Explicit
05-05 23:03:53.815   511   511 W Resources: Preloaded drawable resource #0x10806ef (android:drawable/text_select_handle_left_material) that varies with configuration!!
05-05 23:03:53.817   511   511 W Resources: Preloaded drawable resource #0x10806f5 (android:drawable/text_select_handle_right_material) that varies with configuration!!
05-05 23:03:53.818   511   511 I Zygote  : ...preloaded 342 resources in 389ms.
05-05 23:03:53.820   510   510 I art     : Explicit concurrent mark sweep GC freed 80(2432B) AllocSpace objects, 0(0B) LOS objects, 40% free, 15MB/25MB, paused 81us total 6.359ms
05-05 23:03:53.822   510  1608 I art     : Starting a blocking GC HeapTrim
05-05 23:03:53.827   510   510 I art     : Starting a blocking GC Background
05-05 23:03:53.828   511   511 I Zygote  : ...preloaded 41 resources in 10ms.
05-05 23:03:53.842   511   511 D libEGL  : loaded /vendor/lib/egl/libEGL_adreno.so
05-05 23:03:53.860   510   510 I Zygote  : System server process 1621 has been created
05-05 23:03:53.862   510   510 I Zygote  : Accepting command socket connections
05-05 23:03:53.899   511   511 D libEGL  : loaded /vendor/lib/egl/libGLESv1_CM_adreno.so
05-05 23:03:53.907   511   511 D libEGL  : loaded /vendor/lib/egl/libGLESv2_adreno.so
05-05 23:03:53.923   511   511 I Zygote  : Preloading shared libraries...
05-05 23:03:53.930   511   511 D Zygote  : end preload
05-05 23:03:53.930   511   511 I art     : Starting a blocking GC Explicit
05-05 23:03:53.937   511   511 I art     : Explicit concurrent mark sweep GC freed 1668(79KB) AllocSpace objects, 1(36KB) LOS objects, 40% free, 15MB/25MB, paused 98us total 6.144ms
05-05 23:03:53.938   511   511 I art     : Starting a blocking GC Explicit
05-05 23:03:53.944   511   511 I art     : Explicit concurrent mark sweep GC freed 237(8KB) AllocSpace objects, 0(0B) LOS objects, 40% free, 15MB/25MB, paused 94us total 5.943ms
05-05 23:03:53.944   511   511 I Zygote  : Accepting command socket connections
05-05 23:03:53.952  1621  1621 I Zygote  : Process: zygote socket opened, supported ABIS: armeabi-v7a,armeabi
05-05 23:03:53.955  1621  1621 I InstallerConnection: connecting...
05-05 23:03:53.956   487   487 I installd: new connection
05-05 23:03:53.992  1632  1632 I dex2oat : Starting dex2oat.
05-05 23:03:53.992  1632  1632 E cutils-trace: Error opening trace file: No such file or directory (2)
05-05 23:03:54.302   555   809 I ServiceManager: Waiting for service sensorservice...
05-05 23:03:54.377   640   740 E slim_daemon: [NDK] bindNDKSensors: Sensor server is unavailable.
05-05 23:03:54.412   525   669 E QMI_FW  : QMUXD: WARNING qmi_qmux_if_pwr_up_init failed! rc=-1
05-05 23:03:54.413   525   669 E QMI_FW  : QMUXD: WARNING qmi_qmux_if_pwr_up_init failed! rc=-1
05-05 23:03:54.413   525   669 E QMI_FW  : QMUXD: WARNING qmi_qmux_if_pwr_up_init failed! rc=-1
05-05 23:03:55.138  1632  1636 W dex2oat : No verified method for method calling String.<init>: java.lang.String java.io.ByteArrayOutputStream.toString()
05-05 23:03:55.277  1632  1634 W dex2oat : No verified method for method calling String.<init>: java.lang.String com.android.internal.widget.LockPatternUtils.patternStringToBaseZero(java.lang.String)
05-05 23:03:55.288  1632  1634 W dex2oat : No verified method for method calling String.<init>: java.lang.String com.android.internal.widget.LockPatternUtils.patternStringToBaseZero(java.lang.String)
05-05 23:03:55.303   555   809 I ServiceManager: Waiting for service sensorservice...
05-05 23:03:55.355  1632  1635 W dex2oat : No verified method for method calling String.<init>: java.lang.String com.android.internal.widget.LockPatternUtils.patternStringToBaseZero(java.lang.String)
05-05 23:03:55.378   640   740 E slim_daemon: [NDK] bindNDKSensors: Sensor server is unavailable.
05-05 23:03:55.601   527   625 E QCALOG  : [MessageQ] ProcessNewMessage: [XTWiFi-PE] unknown deliver target [OS-Agent]
05-05 23:03:55.708   527   625 E QCALOG  : [MessageQ] ProcessNewMessage: [XT-CS] unknown deliver target [OS-Agent]
05-05 23:03:55.709   636   784 W XTCC-5.1.0.10: [CS-RIL-LISTENER] timerCallback fired for ril update registering, re-register
05-05 23:03:55.710   527   625 E QCALOG  : [MessageQ] ProcessNewMessage: [XT-CS] unknown deliver target [OS-Agent]
05-05 23:03:56.276  1632  1636 W dex2oat : No verified method for method calling String.<init>: java.util.List android.net.LinkProperties.getAllInterfaceNames()
05-05 23:03:56.286  1632  1634 W dex2oat : No verified method for method calling String.<init>: java.util.List android.net.LinkProperties.getAllInterfaceNames()
05-05 23:03:56.322  1632  1632 W dex2oat : No verified method for method calling String.<init>: java.util.List android.net.LinkProperties.getAllInterfaceNames()
05-05 23:03:56.378   640   740 E slim_daemon: [NDK] bindNDKSensors: Sensor server is unavailable.
05-05 23:03:57.303   555   809 I ServiceManager: Waiting for service sensorservice...
05-05 23:03:57.379   640   740 E slim_daemon: [NDK] bindNDKSensors: Sensor server is unavailable.
05-05 23:03:57.527  1632  1632 W dex2oat : Compilation of android.content.pm.PackageParser$Package com.android.server.pm.PackageManagerService.scanPackageDirtyLI(android.content.pm.PackageParser$Package, int, int, long, android.os.UserHandle) took 108.491ms
05-05 23:03:58.304   555   809 I ServiceManager: Waiting for service sensorservice...
05-05 23:03:58.379   640   740 E slim_daemon: [NDK] bindNDKSensors: Sensor server is unavailable.
05-05 23:03:58.455  1632  1632 I dex2oat : dex2oat took 4.464s (threads: 4) arena alloc=4MB java alloc=5MB native alloc=31MB free=4MB
05-05 23:03:58.514  1638  1638 I dex2oat : Starting dex2oat.
05-05 23:03:58.514  1638  1638 E cutils-trace: Error opening trace file: No such file or directory (2)
05-05 23:03:58.566  1638  1638 I dex2oat : dex2oat took 52.884ms (threads: 4) arena alloc=213KB java alloc=89KB native alloc=1747KB free=1836KB
05-05 23:03:58.597  1643  1643 I dex2oat : Starting dex2oat.
05-05 23:03:58.597  1643  1643 E cutils-trace: Error opening trace file: No such file or directory (2)
05-05 23:03:59.304   555   809 I ServiceManager: Waiting for service sensorservice...
05-05 23:03:59.380   640   740 E slim_daemon: [NDK] bindNDKSensors: Sensor server is unavailable.
05-05 23:03:59.789  1643  1645 W dex2oat : No verified method for method calling String.<init>: java.lang.String java.io.ByteArrayOutputStream.toString()
05-05 23:03:59.880  1643  1647 W dex2oat : No verified method for method calling String.<init>: java.lang.String java.io.ByteArrayOutputStream.toString()
05-05 23:04:00.034  1643  1643 I dex2oat : dex2oat took 1.437s (threads: 4) arena alloc=2MB java alloc=2MB native alloc=11MB free=2MB
05-05 23:04:00.046  1621  1621 I InstallerConnection: disconnecting...
05-05 23:04:00.046   487   487 E installd: eof
05-05 23:04:00.047   487   487 E installd: failed to read size
05-05 23:04:00.047   487   487 I installd: closing connection
05-05 23:04:00.064  1621  1621 I SystemServer: Entered the Android system server!
05-05 23:04:00.123  1621  1621 I SystemServiceManager: Starting com.android.server.pm.Installer
05-05 23:04:00.123  1621  1621 I Installer: Waiting for installd to be ready.
05-05 23:04:00.123  1621  1621 I InstallerConnection: connecting...
05-05 23:04:00.124   487   487 I installd: new connection
05-05 23:04:00.124  1621  1621 I SystemServiceManager: Starting com.android.server.am.ActivityManagerService$Lifecycle
05-05 23:04:00.302  1621  1621 I XXXXXX  : choosing minFree values for 64 Bit
05-05 23:04:00.302  1621  1621 I XXXXXX  : choosing minFree values for 64 Bit
05-05 23:04:00.303  1621  1621 I XXXXXX  : choosing minFree values for 64 Bit
05-05 23:04:00.303  1621  1621 I XXXXXX  : choosing minFree values for 64 Bit
05-05 23:04:00.303  1621  1621 I XXXXXX  : choosing minFree values for 64 Bit
05-05 23:04:00.303  1621  1621 I XXXXXX  : choosing minFree values for 64 Bit
05-05 23:04:00.305   555   809 I ServiceManager: Waiting for service sensorservice...
05-05 23:04:00.308  1621  1621 I ActivityManager: Memory class: 384
05-05 23:04:00.310  1621  1651 I ServiceThread: Enabled StrictMode logging for ActivityManager looper.
05-05 23:04:00.313  1621  1652 I ServiceThread: Enabled StrictMode logging for android.ui looper.
05-05 23:04:00.321  1621  1621 D BatteryStatsImpl: Reading daily items from /data/system/batterystats-daily.xml
05-05 23:04:00.326  1621  1621 I AppOps  : No existing app ops /data/system/appops.xml; starting empty
05-05 23:04:00.380   640   740 E slim_daemon: [NDK] bindNDKSensors: Sensor server is unavailable.
05-05 23:04:00.390  1621  1621 I IntentFirewall: Read new rules (A:0 B:0 S:0)
05-05 23:04:00.396  1621  1656 I ServiceThread: Enabled StrictMode logging for android.display looper.
05-05 23:04:00.401  1621  1621 D AppOps  : AppOpsService published
05-05 23:04:00.401  1621  1621 I SystemServiceManager: Starting com.android.server.power.PowerManagerService
05-05 23:04:00.403  1621  1658 I ServiceThread: Enabled StrictMode logging for PowerManagerService looper.
05-05 23:04:00.411  1621  1621 I QCOM PowerHAL: QCOM power HAL initing.
05-05 23:04:00.411  1621  1621 W libsuspend: Error writing 'on' to /sys/power/state: Invalid argument
05-05 23:04:00.412  1621  1621 I libsuspend: Selected wakeup count
05-05 23:04:00.415  1621  1621 I SystemServiceManager: Starting com.android.server.lights.LightsService
05-05 23:04:00.417  1621  1621 I SystemServiceManager: Starting com.android.server.display.DisplayManagerService
05-05 23:04:00.420  1621  1621 I SystemServiceManager: Starting phase 100
05-05 23:04:00.435  1621  1656 I DisplayManagerService: Display device added: DisplayDeviceInfo{"": uniqueId="local:0", 1080 x 1920, modeId 1, defaultModeId 1, supportedModes [{id=1, width=1080, height=1920, fps=60.000004}], colorTransformId 1, defaultColorTransformId 1, supportedColorTransforms [{id=1, colorTransform=0}], density 480, 428.625 x 427.789 dpi, appVsyncOff 0, presDeadline 17666666, touch INTERNAL, rotation 0, type BUILT_IN, state UNKNOWN, FLAG_DEFAULT_DISPLAY, FLAG_ROTATES_WITH_CONTENT, FLAG_SECURE, FLAG_SUPPORTS_PROTECTED_BUFFERS}
05-05 23:04:00.436   469   469 D SurfaceFlinger: Set power mode=2, type=0 flinger=0x7f86603c00
05-05 23:04:00.437   469   469 D SurfaceFlinger: Screen type=0 is already mode=2
05-05 23:04:00.438  1621  1621 I SystemServer: Package Manager
05-05 23:04:00.440  1621  1656 I DisplayManagerService: Display device changed state: "", ON
05-05 23:04:00.442  1621  1621 W SELinuxMMAC: Error opening /data/system/seapp_hash. Assuming first boot.
05-05 23:04:00.445  1621  1621 W FileUtils: Failed to chmod(/data/system/packages.list): android.system.ErrnoException: chmod failed: ENOENT (No such file or directory)
05-05 23:04:00.447  1621  1621 W SystemConfig: No directory /system/etc/sysconfig, skipping
05-05 23:04:00.511  1621  1621 D SELinuxMMAC: Using policy file /system/etc/security/mac_permissions.xml
05-05 23:04:00.514  1621  1621 E SELinuxMMAC: Duplicate policy entry: cert=308204a8308... seinfo=release
05-05 23:04:00.514  1621  1621 W SELinuxMMAC: ERROR! Duplicate entries found parsing /system/etc/security/mac_permissions.xml
05-05 23:04:00.515  1621  1621 I PackageManager: No settings file; creating initial state
05-05 23:04:00.546  1662  1662 I dex2oat : Starting dex2oat.
05-05 23:04:00.546  1662  1662 E cutils-trace: Error opening trace file: No such file or directory (2)
05-05 23:04:00.601   527   625 E QCALOG  : [MessageQ] ProcessNewMessage: [XTWiFi-PE] unknown deliver target [OS-Agent]
05-05 23:04:00.674  1662  1662 I dex2oat : dex2oat took 129.180ms (threads: 4) arena alloc=34KB java alloc=142KB native alloc=2MB free=2021KB
05-05 23:04:00.706  1667  1667 I dex2oat : Starting dex2oat.
05-05 23:04:00.706  1667  1667 E cutils-trace: Error opening trace file: No such file or directory (2)
05-05 23:04:00.709   527   625 E QCALOG  : [MessageQ] ProcessNewMessage: [XT-CS] unknown deliver target [OS-Agent]
05-05 23:04:00.710   636   784 W XTCC-5.1.0.10: [CS-RIL-LISTENER] timerCallback fired for ril update registering, re-register
05-05 23:04:00.711   527   625 E QCALOG  : [MessageQ] ProcessNewMessage: [XT-CS] unknown deliver target [OS-Agent]
05-05 23:04:00.754  1667  1667 I dex2oat : dex2oat took 49.149ms (threads: 4) arena alloc=150KB java alloc=61KB native alloc=1492KB free=1579KB
05-05 23:04:00.789  1672  1672 I dex2oat : Starting dex2oat.
05-05 23:04:00.789  1672  1672 E cutils-trace: Error opening trace file: No such file or directory (2)
05-05 23:04:00.913  1672  1676 I dex2oat : Skipping compilation of com.android.vcard.VCardEntry$PostalData com.android.vcard.VCardEntry$PostalData.constructPostalData(java.util.List, int, java.lang.String, boolean, int): it contains a non natural loop
05-05 23:04:00.945  1672  1674 W dex2oat : No verified method for method calling String.<init>: java.lang.String android.text.SpannableStringBuilder.toString()
05-05 23:04:01.137  1672  1672 I dex2oat : dex2oat took 348.677ms (threads: 4) arena alloc=4MB java alloc=531KB native alloc=7MB free=5MB
05-05 23:04:01.170  1677  1677 I dex2oat : Starting dex2oat.
05-05 23:04:01.170  1677  1677 E cutils-trace: Error opening trace file: No such file or directory (2)
05-05 23:04:01.236  1677  1677 I dex2oat : dex2oat took 66.019ms (threads: 4) arena alloc=262KB java alloc=121KB native alloc=1685KB free=2MB
05-05 23:04:01.263  1682  1682 I dex2oat : Starting dex2oat.
05-05 23:04:01.263  1682  1682 E cutils-trace: Error opening trace file: No such file or directory (2)
05-05 23:04:01.306   555   809 I ServiceManager: Waiting for service sensorservice...
05-05 23:04:01.382   640   740 E slim_daemon: [NDK] bindNDKSensors: Sensor server is unavailable.
05-05 23:04:01.437  1682  1682 I dex2oat : dex2oat took 174.778ms (threads: 4) arena alloc=4MB java alloc=323KB native alloc=6MB free=5MB
05-05 23:04:01.469  1687  1687 I dex2oat : Starting dex2oat.
05-05 23:04:01.469  1687  1687 E cutils-trace: Error opening trace file: No such file or directory (2)
05-05 23:04:01.515  1687  1687 I dex2oat : dex2oat took 46.750ms (threads: 4) arena alloc=79KB java alloc=149KB native alloc=1861KB free=1722KB
05-05 23:04:01.545  1692  1692 I dex2oat : Starting dex2oat.
05-05 23:04:01.545  1692  1692 E cutils-trace: Error opening trace file: No such file or directory (2)
05-05 23:04:01.598  1692  1692 I dex2oat : dex2oat took 53.827ms (threads: 4) arena alloc=97KB java alloc=116KB native alloc=1798KB free=1529KB
05-05 23:04:01.627  1697  1697 I dex2oat : Starting dex2oat.
05-05 23:04:01.628  1697  1697 E cutils-trace: Error opening trace file: No such file or directory (2)
05-05 23:04:01.669  1697  1697 I dex2oat : dex2oat took 41.552ms (threads: 4) arena alloc=102KB java alloc=49KB native alloc=1513KB free=1558KB
05-05 23:04:01.704  1702  1702 I dex2oat : Starting dex2oat.
05-05 23:04:01.705  1702  1702 E cutils-trace: Error opening trace file: No such file or directory (2)
05-05 23:04:01.792  1702  1702 I dex2oat : dex2oat took 88.279ms (threads: 4) arena alloc=1218KB java alloc=171KB native alloc=2MB free=3MB
05-05 23:04:01.825  1707  1707 I dex2oat : Starting dex2oat.
05-05 23:04:01.826  1707  1707 E cutils-trace: Error opening trace file: No such file or directory (2)
05-05 23:04:01.853  1707  1707 I dex2oat : dex2oat took 28.379ms (threads: 4) arena alloc=61KB java alloc=55KB native alloc=1217KB free=1087KB
05-05 23:04:01.890  1712  1712 I dex2oat : Starting dex2oat.
05-05 23:04:01.890  1712  1712 E cutils-trace: Error opening trace file: No such file or directory (2)
05-05 23:04:02.002  1712  1712 I dex2oat : dex2oat took 112.934ms (threads: 4) arena alloc=3MB java alloc=125KB native alloc=4MB free=5MB
05-05 23:04:02.031  1717  1717 I dex2oat : Starting dex2oat.
05-05 23:04:02.031  1717  1717 E cutils-trace: Error opening trace file: No such file or directory (2)
05-05 23:04:02.105  1717  1717 I dex2oat : dex2oat took 74.395ms (threads: 4) arena alloc=1337KB java alloc=79KB native alloc=2MB free=2MB
05-05 23:04:02.134  1722  1722 I dex2oat : Starting dex2oat.
05-05 23:04:02.134  1722  1722 E cutils-trace: Error opening trace file: No such file or directory (2)
05-05 23:04:02.158  1722  1722 I dex2oat : dex2oat took 24.769ms (threads: 4) arena alloc=6KB java alloc=20KB native alloc=913KB free=878KB
05-05 23:04:02.190  1727  1727 I dex2oat : Starting dex2oat.
05-05 23:04:02.190  1727  1727 E cutils-trace: Error opening trace file: No such file or directory (2)
05-05 23:04:02.320  1727  1727 I dex2oat : dex2oat took 130.551ms (threads: 4) arena alloc=941KB java alloc=207KB native alloc=2MB free=3MB
05-05 23:04:02.348  1732  1732 I dex2oat : Starting dex2oat.
05-05 23:04:02.348  1732  1732 E cutils-trace: Error opening trace file: No such file or directory (2)
05-05 23:04:02.382   640   740 E slim_daemon: [NDK] bindNDKSensors: Sensor server is unavailable.
05-05 23:04:02.482  1732  1732 I dex2oat : dex2oat took 134.758ms (threads: 4) arena alloc=260KB java alloc=248KB native alloc=1966KB free=1873KB
05-05 23:04:02.517  1737  1737 I dex2oat : Starting dex2oat.
05-05 23:04:02.517  1737  1737 E cutils-trace: Error opening trace file: No such file or directory (2)
05-05 23:04:02.551  1737  1737 I dex2oat : dex2oat took 35.232ms (threads: 4) arena alloc=144KB java alloc=73KB native alloc=1656KB free=1927KB
05-05 23:04:02.556  1621  1621 E art     : DexFile_getDexOptNeeded file '/system/framework/org.apache.http.legacy.jar' does not exist
05-05 23:04:02.556  1621  1621 W PackageManager: Library not found: /system/framework/org.apache.http.legacy.jar
05-05 23:04:02.582  1742  1742 I dex2oat : Starting dex2oat.
05-05 23:04:02.582  1742  1742 E cutils-trace: Error opening trace file: No such file or directory (2)
05-05 23:04:02.612  1742  1742 I dex2oat : dex2oat took 30.928ms (threads: 4) arena alloc=81KB java alloc=62KB native alloc=1383KB free=1688KB
05-05 23:04:02.639  1747  1747 I dex2oat : Starting dex2oat.
05-05 23:04:02.639  1747  1747 E cutils-trace: Error opening trace file: No such file or directory (2)
05-05 23:04:02.669  1747  1747 I dex2oat : dex2oat took 30.333ms (threads: 4) arena alloc=156KB java alloc=67KB native alloc=1324KB free=1491KB
05-05 23:04:02.707  1752  1752 I dex2oat : Starting dex2oat.
05-05 23:04:02.707  1752  1752 E cutils-trace: Error opening trace file: No such file or directory (2)
05-05 23:04:02.867  1752  1752 I dex2oat : dex2oat took 160.642ms (threads: 4) arena alloc=1798KB java alloc=212KB native alloc=3MB free=3MB
05-05 23:04:02.900  1757  1757 I dex2oat : Starting dex2oat.
05-05 23:04:02.900  1757  1757 E cutils-trace: Error opening trace file: No such file or directory (2)
05-05 23:04:02.933  1757  1757 I dex2oat : dex2oat took 33.546ms (threads: 4) arena alloc=42KB java alloc=39KB native alloc=1184KB free=1375KB
05-05 23:04:02.966  1762  1762 I dex2oat : Starting dex2oat.
05-05 23:04:02.967  1762  1762 E cutils-trace: Error opening trace file: No such file or directory (2)
05-05 23:04:03.049  1762  1762 I dex2oat : dex2oat took 84.235ms (threads: 4) arena alloc=1003KB java alloc=79KB native alloc=2007KB free=2MB
05-05 23:04:03.076  1767  1767 I dex2oat : Starting dex2oat.
05-05 23:04:03.076  1767  1767 E cutils-trace: Error opening trace file: No such file or directory (2)
05-05 23:04:03.120  1767  1767 I dex2oat : dex2oat took 44.300ms (threads: 4) arena alloc=868KB java alloc=72KB native alloc=2MB free=2MB
05-05 23:04:03.148  1772  1772 I dex2oat : Starting dex2oat.
05-05 23:04:03.148  1772  1772 E cutils-trace: Error opening trace file: No such file or directory (2)
05-05 23:04:03.260  1772  1772 I dex2oat : dex2oat took 112.817ms (threads: 4) arena alloc=56KB java alloc=153KB native alloc=2MB free=1834KB
05-05 23:04:03.289  1777  1777 I dex2oat : Starting dex2oat.
05-05 23:04:03.289  1777  1777 E cutils-trace: Error opening trace file: No such file or directory (2)
05-05 23:04:03.306   555   809 I ServiceManager: Waiting for service sensorservice...
05-05 23:04:03.342  1777  1777 I dex2oat : dex2oat took 53.967ms (threads: 4) arena alloc=161KB java alloc=57KB native alloc=1644KB free=1683KB
05-05 23:04:03.376  1782  1782 I dex2oat : Starting dex2oat.
05-05 23:04:03.376  1782  1782 E cutils-trace: Error opening trace file: No such file or directory (2)
05-05 23:04:03.383   640   740 E slim_daemon: [NDK] bindNDKSensors: Sensor server is unavailable.
05-05 23:04:03.515  1782  1785 I dex2oat : Skipping compilation of com.android.vcard.VCardEntry$PostalData com.android.vcard.VCardEntry$PostalData.constructPostalData(java.util.List, int, java.lang.String, boolean, int): it contains a non natural loop
05-05 23:04:03.540  1782  1785 W dex2oat : No verified method for method calling String.<init>: java.lang.String android.text.SpannableStringBuilder.toString()
05-05 23:04:03.755  1782  1782 I dex2oat : dex2oat took 379.263ms (threads: 4) arena alloc=4MB java alloc=819KB native alloc=8MB free=5MB
05-05 23:04:03.791  1787  1787 I dex2oat : Starting dex2oat.
05-05 23:04:03.791  1787  1787 E cutils-trace: Error opening trace file: No such file or directory (2)
