05-05 23:04:56.784  1621  1621 W PackageManager: Not granting permission android.permission.INTERNAL_SYSTEM_WINDOW to package com.meizu.media.video (protectionLevel=2 flags=0x38083e45)
05-05 23:04:56.784  1621  1621 W PackageManager: Unknown permission com.meizu.flyme.push.permission.RECEIVE in package com.meizu.media.video
05-05 23:04:56.784  1621  1621 W PackageManager: Unknown permission com.meizu.c2dm.permission.RECEIVE in package com.meizu.media.video
05-05 23:04:56.784  1621  1621 W PackageManager: Unknown permission android.permission.ROOT_RECOVERY_STATE in package com.meizu.media.video
05-05 23:04:56.784  1621  1621 W PackageManager: Unknown permission com.meizu.compaign.permission.READ_SDK_INFO in package com.meizu.media.video
05-05 23:04:56.785  1621  1621 W PackageManager: Unknown permission com.meizu.compaign.permission.SEND_NOTIFICATION in package com.meizu.media.video
05-05 23:04:56.785  1621  1621 W PackageManager: Not granting permission android.permission.DELETE_PACKAGES to package com.svox.pico (protectionLevel=18 flags=0x3808be45)
05-05 23:04:56.785  1621  1621 W PackageManager: Not granting permission com.android.permission.WHITELIST_BLUETOOTH_DEVICE to package com.meizu.media.gallery (protectionLevel=2 flags=0x3858be45)
05-05 23:04:56.785  1621  1621 W PackageManager: Not granting permission android.permission.INTERACT_ACROSS_USERS_FULL to package com.meizu.media.gallery (protectionLevel=258 flags=0x3858be45)
05-05 23:04:56.785  1621  1621 W PackageManager: Not granting permission android.permission.ACCESS_ALL_DOWNLOADS to package com.meizu.media.gallery (protectionLevel=2 flags=0x3858be45)
05-05 23:04:56.785  1621  1621 W PackageManager: Unknown permission com.android.usagestats.permission.WRITE_USAGESTATS in package com.meizu.media.gallery
05-05 23:04:56.785  1621  1621 W PackageManager: Unknown permission com.android.usagestats.permission.READ_USAGESTATS in package com.meizu.media.gallery
05-05 23:04:56.785  1621  1621 W PackageManager: Not granting permission android.permission.ACCESS_SURFACE_FLINGER to package com.meizu.media.gallery (protectionLevel=2 flags=0x3858be45)
05-05 23:04:56.785  1621  1621 W PackageManager: Unknown permission android.Manifest.permission.RECEIVE_BOOT_COMPLETED in package com.meizu.media.gallery
05-05 23:04:56.785  1621  1621 W PackageManager: Unknown permission com.meizu.flyme.push.permission.RECEIVE in package com.meizu.media.gallery
05-05 23:04:56.785  1621  1621 W PackageManager: Unknown permission com.meizu.c2dm.permission.RECEIVE in package com.meizu.media.gallery
05-05 23:04:56.785  1621  1621 W PackageManager: Unknown permission com.meizu.flyme.wlauncher.permission.BIND_WATCHSERVISE in package com.meizu.media.gallery
05-05 23:04:56.785  1621  1621 W PackageManager: Unknown permission android.permission.ROOT_RECOVERY_STATE in package com.meizu.media.gallery
05-05 23:04:56.786  1621  1621 W PackageManager: Unknown permission com.meizu.compaign.permission.READ_SDK_INFO in package com.meizu.media.gallery
05-05 23:04:56.786  1621  1621 W PackageManager: Unknown permission com.meizu.compaign.permission.SEND_NOTIFICATION in package com.meizu.media.gallery
05-05 23:04:56.786  1621  1621 W PackageManager: Unknown permission android.webkit.permission.PLUGIN in package com.meizu.media.gallery
05-05 23:04:56.786  1621  1621 W PackageManager: Unknown permission android.permission.WRITE_OWNER_DATA in package com.meizu.logreport
05-05 23:04:56.786  1621  1621 W PackageManager: Unknown permission android.permission.MOUNT_UNMOUNT_FILESYSTEM in package com.meizu.logreport
05-05 23:04:56.786  1621  1621 W PackageManager: Unknown permission android.permission.ROOT_RECOVERY_STATE in package com.meizu.logreport
05-05 23:04:56.786  1621  1621 W PackageManager: Unknown permission com.meizu.flyme.push.permission.RECEIVE in package com.flyme.netadmin
05-05 23:04:56.786  1621  1621 W PackageManager: Unknown permission android.permission.ROOT_RECOVERY_STATE in package com.flyme.netadmin
05-05 23:04:56.787  1621  1621 W PackageManager: Unknown permission com.meizu.flyme.push.permission.RECEIVE in package com.meizu.flyme.mall
05-05 23:04:56.787  1621  1621 W PackageManager: Unknown permission android.permission.ROOT_RECOVERY_STATE in package com.meizu.flyme.mall
05-05 23:04:56.787  1621  1621 W PackageManager: Unknown permission com.meizu.flyme.push.permission.RECEIVE in package com.meizu.voiceassistant
05-05 23:04:56.787  1621  1621 W PackageManager: Unknown permission android.permission.ROOT_RECOVERY_STATE in package com.meizu.voiceassistant
05-05 23:04:56.788  1621  1621 W PackageManager: Unknown permission com.meizu.flymecommunication.permission.CLOUD_PROVIDER_WRITE in package com.meizu.cloud
05-05 23:04:56.788  1621  1621 W PackageManager: Unknown permission com.meizu.flyme.push.permission.RECEIVE in package com.meizu.cloud
05-05 23:04:56.788  1621  1621 W PackageManager: Unknown permission com.meizu.cloud.permission.CLOUD_PROVIDER_WRITE in package com.meizu.cloud
05-05 23:04:56.789  1621  1621 W PackageManager: Unknown permission android.permission.ROOT_RECOVERY_STATE in package com.meizu.cloud
05-05 23:04:56.789  1621  1621 W PackageManager: Unknown permission android.permission.READ_SMS_SUPER in package com.meizu.setup
05-05 23:04:56.789  1621  1621 W PackageManager: Unknown permission android.provider.Telephony.SMS_RECEIVED in package com.meizu.setup
05-05 23:04:56.789  1621  1621 W PackageManager: Unknown permission android.permission.ROOT_RECOVERY_STATE in package com.meizu.setup
05-05 23:04:56.790  1621  1621 W PackageManager: Unknown permission com.google.android.gallery3d.permission.GALLERY_PROVIDER in package com.meizu.share
05-05 23:04:56.790  1621  1621 W PackageManager: Unknown permission com.android.gallery3d.permission.GALLERY_PROVIDER in package com.meizu.share
05-05 23:04:56.790  1621  1621 W PackageManager: Unknown permission com.google.android.gm.permission.READ_GMAIL in package com.meizu.share
05-05 23:04:56.790  1621  1621 W PackageManager: Unknown permission com.meizu.flyme.push.permission.RECEIVE in package com.meizu.share
05-05 23:04:56.790  1621  1621 W PackageManager: Unknown permission android.permission.ROOT_RECOVERY_STATE in package com.meizu.share
05-05 23:04:56.790  1621  1621 W PackageManager: Unknown permission com.android.launcher.permission.READ_SETTINGS in package com.meizu.flyme.easylauncher
05-05 23:04:56.790  1621  1621 W PackageManager: Unknown permission com.android.launcher.permission.WRITE_SETTINGS in package com.meizu.flyme.easylauncher
05-05 23:04:56.790  1621  1621 W PackageManager: Unknown permission android.permission.ROOT_RECOVERY_STATE in package com.meizu.flyme.easylauncher
05-05 23:04:56.790  1621  1621 W PackageManager: Unknown permission com.android.vendors.bridge.permission.USE_SOFTSIM in package com.flyme.virtual.softsim
05-05 23:04:56.790  1621  1621 W PackageManager: Unknown permission android.permission.ROOT_RECOVERY_STATE in package com.flyme.virtual.softsim
05-05 23:04:56.791  1621  1621 W PackageManager: Unknown permission com.google.android.googleapps.permission.GOOGLE_AUTH in package com.android.settings
05-05 23:04:56.791  1621  1621 W PackageManager: Unknown permission com.android.launcher.permission.READ_SETTINGS in package com.android.settings
05-05 23:04:56.791  1621  1621 W PackageManager: Unknown permission com.android.launcher.permission.WRITE_SETTINGS in package com.android.settings
05-05 23:04:56.791  1621  1621 W PackageManager: Unknown permission android.permission.ROOT_RECOVERY_STATE in package com.meizu.battery
05-05 23:04:56.792  1621  1621 W PackageManager: Unknown permission android.permission.READ_OWNER_DATA in package com.meizu.mzsyncservice
05-05 23:04:56.792  1621  1621 W PackageManager: Unknown permission android.permission.WRITE_OWNER_DATA in package com.meizu.mzsyncservice
05-05 23:04:56.792  1621  1621 W PackageManager: Unknown permission android.permission.READ_CONTACTS_SUPER in package com.meizu.mzsyncservice
05-05 23:04:56.792  1621  1621 W PackageManager: Unknown permission android.permission.WRITE_CONTACTS_SUPER in package com.meizu.mzsyncservice
05-05 23:04:56.792  1621  1621 W PackageManager: Unknown permission android.permission.READ_SMS_SUPER in package com.meizu.mzsyncservice
05-05 23:04:56.792  1621  1621 W PackageManager: Unknown permission android.permission.WRITE_SMS_SUPER in package com.meizu.mzsyncservice
05-05 23:04:56.792  1621  1621 W PackageManager: Unknown permission com.android.voicemail.permission.READ_WRITE_ALL_VOICEMAIL in package com.meizu.mzsyncservice
05-05 23:04:56.792  1621  1621 W PackageManager: Unknown permission android.permission.BACKUP_ACCOUNTS in package com.meizu.mzsyncservice
05-05 23:04:56.792  1621  1621 W PackageManager: Unknown permission android.permission.MEIZU_BACKUP_AND_RESTORE in package com.meizu.mzsyncservice
05-05 23:04:56.792  1621  1621 W PackageManager: Unknown permission com.meizu.flyme.push.permission.RECEIVE in package com.meizu.mzsyncservice
05-05 23:04:56.792  1621  1621 W PackageManager: Unknown permission com.meizu.c2dm.permission.RECEIVE in package com.meizu.mzsyncservice
05-05 23:04:56.793  1621  1621 W PackageManager: Unknown permission android.permission.ROOT_RECOVERY_STATE in package com.meizu.mzsyncservice
05-05 23:04:56.793  1621  1621 W PackageManager: Not granting permission android.permission.BATTERY_STATS to package com.vlife.mxlock.wallpaper (protectionLevel=50 flags=0x18083e45)
05-05 23:04:56.793  1621  1621 W PackageManager: Unknown permission com.meizu.flyme.push.permission.RECEIVE in package com.meizu.flyme.input
05-05 23:04:56.793  1621  1621 W PackageManager: Unknown permission com.meizu.flyme.wlauncher.permission.GLINT_EVENT in package com.meizu.flyme.input
05-05 23:04:56.793  1621  1621 W PackageManager: Not granting permission android.permission.START_ANY_ACTIVITY to package com.meizu.flyme.input (protectionLevel=2 flags=0x38483e45)
05-05 23:04:56.793  1621  1621 W PackageManager: Not granting permission android.permission.INTERACT_ACROSS_USERS_FULL to package com.meizu.flyme.input (protectionLevel=258 flags=0x38483e45)
05-05 23:04:56.793  1621  1621 W PackageManager: Unknown permission android.permission.ROOT_RECOVERY_STATE in package com.meizu.flyme.input
05-05 23:04:56.794  1621  1621 W PackageManager: Unknown permission android.permission.ROOT_RECOVERY_STATE in package com.android.email
05-05 23:04:56.794  1621  1621 W PackageManager: Unknown permission com.meizu.flyme.push.permission.RECEIVE in package com.android.email
05-05 23:04:56.794  1621  1621 W PackageManager: Unknown permission android.permission.send.MEIZU_FINDPHONE_CHANGED in package com.meizu.flyme.service.find
05-05 23:04:56.794  1621  1621 W PackageManager: Unknown permission android.permission.ROOT_RECOVERY_STATE in package com.meizu.flyme.service.find
05-05 23:04:56.795  1621  1621 W PackageManager: Unknown permission meizu.permission.FLYME_TELECOM in package com.android.phone
05-05 23:04:56.795  1621  1621 W PackageManager: Unknown permission meizu.permission.CALLBACK_OPEN in package com.android.phone
05-05 23:04:56.795  1621  1621 W PackageManager: Unknown permission meizu.permission.FLYME_TELECOM_PROVIDER_READ in package com.android.phone
05-05 23:04:56.796  1621  1621 W PackageManager: Unknown permission android.permission.ROOT_RECOVERY_STATE in package com.meizu.customizecenter
05-05 23:04:56.797  1621  1621 W PackageManager: Unknown permission android.webkit.permission.PLUGIN in package com.meizu.customizecenter
05-05 23:04:56.797  1621  1621 W PackageManager: Unknown permission android.permission.ROOT_RECOVERY_STATE in package com.meizu.flyme.gamecenter
05-05 23:04:56.797  1621  1621 W PackageManager: Unknown permission com.meizu.flyme.push.permission.RECEIVE in package com.meizu.flyme.gamecenter
05-05 23:04:56.797  1621  1621 W PackageManager: Unknown permission com.meizu.c2dm.permission.RECEIVE in package com.meizu.flyme.gamecenter
05-05 23:04:56.797  1621  1621 W PackageManager: Unknown permission com.meizu.compaign.permission.READ_SDK_INFO in package com.meizu.flyme.gamecenter
05-05 23:04:56.797  1621  1621 W PackageManager: Unknown permission com.meizu.compaign.permission.SEND_NOTIFICATION in package com.meizu.flyme.gamecenter
05-05 23:04:56.797  1621  1621 W PackageManager: Unknown permission android.permission.ACCESS_ALL_EXTERNAL_STORAGE in package com.android.systemui
05-05 23:04:56.798  1621  1621 W PackageManager: Unknown permission android.permission.ROOT_RECOVERY_STATE in package com.android.systemui
05-05 23:04:56.799  1621  1621 W PackageManager: Unknown permission android.Manifest.permission.READ_PRIVILEGED_PHONE_STATE in package com.android.systemui
05-05 23:04:56.799  1621  1621 W PackageManager: Unknown permission com.android.usagestats.permission.READ_USAGESTATS in package com.meizu.experiencedatasync
05-05 23:04:56.799  1621  1621 W PackageManager: Unknown permission com.android.usagestats.permission.WRITE_USAGESTATS in package com.meizu.experiencedatasync
05-05 23:04:56.799  1621  1621 W PackageManager: Unknown permission android.permission.ROOT_RECOVERY_STATE in package com.meizu.experiencedatasync
05-05 23:04:56.799  1621  1621 W PackageManager: Unknown permission com.android.voicemail.permission.READ_WRITE_ALL_VOICEMAIL in package com.meizu.callsetting
05-05 23:04:56.799  1621  1621 W PackageManager: Unknown permission com.android.usagestats.permission.READ_USAGESTATS in package com.meizu.callsetting
05-05 23:04:56.799  1621  1621 W PackageManager: Unknown permission com.android.usagestats.permission.WRITE_USAGESTATS in package com.meizu.callsetting
05-05 23:04:56.799  1621  1621 W PackageManager: Unknown permission meizu.permission.FLYME_TELECOM in package com.meizu.callsetting
05-05 23:04:56.799  1621  1621 W PackageManager: Unknown permission meizu.permission.FLYME_TELECOM_PROVIDER_READ in package com.meizu.callsetting
05-05 23:04:56.799  1621  1621 W PackageManager: Unknown permission android.permission.ROOT_RECOVERY_STATE in package com.meizu.callsetting
05-05 23:04:56.800  1621  1621 W PackageManager: Unknown permission com.meizu.flyme.push.permission.RECEIVE in package com.meizu.netcontactservice
05-05 23:04:56.800  1621  1621 W PackageManager: Unknown permission meizu.permission.FLYME_TELECOM in package com.meizu.netcontactservice
05-05 23:04:56.800  1621  1621 W PackageManager: Unknown permission android.permission.ROOT_RECOVERY_STATE in package com.meizu.netcontactservice
05-05 23:04:56.800  1621  1621 W PackageManager: Unknown permission com.google.android.gallery3d.permission.GALLERY_PROVIDER in package com.android.bluetooth
05-05 23:04:56.800  1621  1621 W PackageManager: Unknown permission com.android.gallery3d.permission.GALLERY_PROVIDER in package com.android.bluetooth
05-05 23:04:56.800  1621  1621 W PackageManager: Unknown permission android.permission.ROOT_RECOVERY_STATE in package com.meizu.media.life
05-05 23:04:56.800  1621  1621 W PackageManager: Not granting permission android.permission.CHANGE_CONFIGURATION to package com.meizu.media.life (protectionLevel=50 flags=0x38483e45)
05-05 23:04:56.801  1621  1621 W PackageManager: Not granting permission com.meizu.flyme.permission.UPDATE to package com.meizu.media.life (protectionLevel=18 flags=0x38483e45)
05-05 23:04:56.801  1621  1621 W PackageManager: Unknown permission com.meizu.flyme.push.permission.RECEIVE in package com.meizu.media.life
05-05 23:04:56.801  1621  1621 W PackageManager: Not granting permission android.permission.INSTALL_PACKAGES to package com.meizu.media.life (protectionLevel=18 flags=0x38483e45)
05-05 23:04:56.801  1621  1621 W PackageManager: Not granting permission android.permission.WRITE_SECURE_SETTINGS to package com.meizu.media.life (protectionLevel=50 flags=0x38483e45)
05-05 23:04:56.801  1621  1621 W PackageManager: Not granting permission android.permission.START_ANY_ACTIVITY to package com.meizu.media.life (protectionLevel=2 flags=0x38483e45)
05-05 23:04:56.801  1621  1621 W PackageManager: Not granting permission android.permission.PEERS_MAC_ADDRESS to package com.meizu.media.life (protectionLevel=2 flags=0x38483e45)
05-05 23:04:56.801  1621  1621 W PackageManager: Not granting permission android.permission.READ_PRIVILEGED_PHONE_STATE to package com.meizu.media.life (protectionLevel=18 flags=0x38483e45)
05-05 23:04:56.801  1621  1621 W PackageManager: Not granting permission android.permission.STATUS_BAR to package com.meizu.media.life (protectionLevel=18 flags=0x38483e45)
05-05 23:04:56.802  1621  1621 W PackageManager: Not granting permission android.permission.REAL_GET_TASKS to package com.meizu.media.life (protectionLevel=18 flags=0x38483e45)
05-05 23:04:56.802  1621  1621 W PackageManager: Not granting permission android.permission.INTERACT_ACROSS_USERS_FULL to package com.meizu.media.life (protectionLevel=258 flags=0x38483e45)
05-05 23:04:56.802  1621  1621 W PackageManager: Not granting permission android.permission.WRITE_MEDIA_STORAGE to package com.meizu.media.life (protectionLevel=18 flags=0x38483e45)
05-05 23:04:56.802  1621  1621 W PackageManager: Unknown permission android.webkit.permission.PLUGIN in package com.meizu.media.life
05-05 23:04:56.802  1621  1621 W PackageManager: Not granting permission android.permission.ACCESS_DOWNLOAD_MANAGER to package com.meizu.media.life (protectionLevel=18 flags=0x38483e45)
05-05 23:04:56.802  1621  1621 W PackageManager: Not granting permission com.meizu.stats.permission.READ_USAGESTATS to package com.meizu.media.life (protectionLevel=18 flags=0x38483e45)
05-05 23:04:56.802  1621  1621 W PackageManager: Not granting permission android.permission.LOCAL_MAC_ADDRESS to package com.meizu.media.life (protectionLevel=18 flags=0x38483e45)
05-05 23:04:56.803  1621  1621 W PackageManager: Unknown permission android.permission.ROOT_RECOVERY_STATE in package com.meizu.flyme.weather
05-05 23:04:56.862  1621  1621 E PackageDefaultOp: PackageDefaultOpService
05-05 23:04:56.863  1621  1621 E PackageDefaultOp: readList
05-05 23:04:56.863  1621  1621 E PackageDefaultOp: /data/system/testlist not exist
05-05 23:04:56.863  1621  1621 I PackageDefaultOp: No existing app ops /data/system/packageops.xml; starting empty
05-05 23:04:56.869  1621  1621 I art     : Starting a blocking GC Explicit
05-05 23:04:56.891  1621  1621 I art     : Explicit concurrent mark sweep GC freed 23148(1286KB) AllocSpace objects, 5(100KB) LOS objects, 33% free, 18MB/28MB, paused 222us total 21.832ms
05-05 23:04:56.892  1621  1621 I SystemServer: User Service
05-05 23:04:56.914  1621  1621 E Shrinker: java.lang.NoSuchMethodException: readExtraMemInfo []
05-05 23:04:56.929   467   467 I lowmemorykiller: ActivityManager connected
05-05 23:04:56.980  1621  1621 I SystemServiceManager: Starting com.android.server.BatteryService
05-05 23:04:56.981  1621  2214 I         : System server: starting sensor init.
05-05 23:04:56.981  1621  2214 D SensorService: nuSensorService starting...
05-05 23:04:56.991  1621  1621 I SystemServiceManager: Starting com.android.server.usage.UsageStatsService
05-05 23:04:57.000  1621  1621 I UsageStatsDatabase: Upgrading from version 0 to 3
05-05 23:04:57.000  1621  1621 I UsageStatsDatabase: Deleting all usage stats files
05-05 23:04:57.002  1621  1621 I UsageStatsService: User[0] Rollover scheduled @ 2017-05-06 08:00:00(1494028800000)
05-05 23:04:57.016  1621  1621 I UsageStatsService: User[0] Flushing usage stats to disk
05-05 23:04:57.034  1621  1621 I SystemServiceManager: Starting com.android.server.webkit.WebViewUpdateService
05-05 23:04:57.036  1621  1621 I SystemServer: Reading configuration...
05-05 23:04:57.036  1621  1621 I SystemServer: Scheduling Policy
05-05 23:04:57.038  1621  1621 I SystemServiceManager: Starting com.android.server.telecom.TelecomLoaderService
05-05 23:04:57.038  1621  1621 I SystemServer: Telephony Registry
05-05 23:04:57.042  1621  2223 E qti_sensors_hal: processSingleSensorInfoResp: either handle is -1 or error is true or mSensors[handle] is NULL!
05-05 23:04:57.042  1621  2223 E qti_sensors_hal: processSingleSensorInfoResp: either handle_wakeup is -1 or error is true or mSensors[handle_wakeup] is NULL!
05-05 23:04:57.043  1621  1621 I SystemServer: Entropy Mixer
05-05 23:04:57.044  1621  1621 W EntropyMixer: No existing entropy file -- first boot?
05-05 23:04:57.045  1621  1621 I EntropyMixer: Writing entropy...
05-05 23:04:57.051  1621  1621 I SystemServer: Camera Service
05-05 23:04:57.052  1621  1621 I SystemServiceManager: Starting com.android.server.camera.CameraService
05-05 23:04:57.053  1621  2234 I ServiceThread: Enabled StrictMode logging for CameraService_proxy looper.
05-05 23:04:57.054  1621  1621 I SystemServer: Account Manager
05-05 23:04:57.057  1621  1621 I SystemServer: Content Manager
05-05 23:04:57.059  1621  1621 I SystemServer: System Content Providers
05-05 23:04:57.089  1621  2214 W qti_sensors_hal: addSensor : Not supported sensor with handle 64!
05-05 23:04:57.138  1621  2214 W qti_sensors_hal: addSensor : Not supported sensor with handle 36!
05-05 23:04:57.247   505   676 I ThermalEngine: handle_thresh_sig: SS Id SKIN-SS-GOLD-AND-SILVER, Read xo_therm_buf 43000mC
05-05 23:04:57.254  1621  2214 I MultiHal: Loaded library from sensors.ssc.so
05-05 23:04:57.258  1621  2214 W qti_sensors_hal: sensors_get_sensors_list: handle 56 is not registered!
05-05 23:04:57.259  1621  2214 W qti_sensors_hal: sensors_get_sensors_list: handle 57 is not registered!
05-05 23:04:57.259  1621  2214 W qti_sensors_hal: sensors_get_sensors_list: handle 9 is not registered!
05-05 23:04:57.259  1621  2214 W qti_sensors_hal: sensors_get_sensors_list: handle 15 is not registered!
05-05 23:04:57.259  1621  2214 W qti_sensors_hal: sensors_get_sensors_list: handle 77 is not registered!
05-05 23:04:57.259  1621  2214 W qti_sensors_hal: sensors_get_sensors_list: handle 78 is not registered!
05-05 23:04:57.259  1621  2214 W qti_sensors_hal: sensors_get_sensors_list: handle 29 is not registered!
05-05 23:04:57.260  1621  2214 W qti_sensors_hal: sensors_get_sensors_list: handle 32 is not registered!
05-05 23:04:57.260  1621  2214 W qti_sensors_hal: sensors_get_sensors_list: handle 61 is not registered!
05-05 23:04:57.260  1621  2214 W qti_sensors_hal: sensors_get_sensors_list: handle 62 is not registered!
05-05 23:04:57.260  1621  2214 W qti_sensors_hal: sensors_get_sensors_list: handle 64 is not registered!
05-05 23:04:57.260  1621  2214 W qti_sensors_hal: sensors_get_sensors_list: handle 79 is not registered!
05-05 23:04:57.261  1621  2214 W qti_sensors_hal: sensors_get_sensors_list: handle 80 is not registered!
05-05 23:04:57.261  1621  2214 W qti_sensors_hal: sensors_get_sensors_list: handle 81 is not registered!
05-05 23:04:57.261  1621  2214 W qti_sensors_hal: sensors_get_sensors_list: handle 4 is not registered!
05-05 23:04:57.261  1621  2214 W qti_sensors_hal: sensors_get_sensors_list: handle 5 is not registered!
05-05 23:04:57.261  1621  2214 W qti_sensors_hal: sensors_get_sensors_list: handle 6 is not registered!
05-05 23:04:57.262  1621  2214 W qti_sensors_hal: sensors_get_sensors_list: handle 7 is not registered!
05-05 23:04:57.262  1621  2214 W qti_sensors_hal: sensors_get_sensors_list: handle 25 is not registered!
05-05 23:04:57.262  1621  2214 W qti_sensors_hal: sensors_get_sensors_list: handle 26 is not registered!
05-05 23:04:57.262  1621  2214 W qti_sensors_hal: sensors_get_sensors_list: handle 27 is not registered!
05-05 23:04:57.262  1621  2214 W qti_sensors_hal: sensors_get_sensors_list: handle 36 is not registered!
05-05 23:04:57.263  1621  2214 W qti_sensors_hal: sensors_get_sensors_list: handle 37 is not registered!
05-05 23:04:57.263  1621  2214 W qti_sensors_hal: sensors_get_sensors_list: handle 40 is not registered!
05-05 23:04:57.263  1621  2214 W qti_sensors_hal: sensors_get_sensors_list: handle 43 is not registered!
05-05 23:04:57.263  1621  2214 W qti_sensors_hal: sensors_get_sensors_list: handle 45 is not registered!
05-05 23:04:57.263  1621  2214 W qti_sensors_hal: sensors_get_sensors_list: handle 46 is not registered!
05-05 23:04:57.264  1621  2214 W qti_sensors_hal: sensors_get_sensors_list: handle 50 is not registered!
05-05 23:04:57.264  1621  2214 W qti_sensors_hal: sensors_get_sensors_list: handle 12 is not registered!
05-05 23:04:57.264  1621  2214 W qti_sensors_hal: sensors_get_sensors_list: handle 13 is not registered!
05-05 23:04:57.264  1621  2214 W qti_sensors_hal: sensors_get_sensors_list: handle 14 is not registered!
05-05 23:04:57.264  1621  2214 W qti_sensors_hal: sensors_get_sensors_list: handle 16 is not registered!
05-05 23:04:57.265  1621  2214 W qti_sensors_hal: sensors_get_sensors_list: handle 63 is not registered!
05-05 23:04:57.265  1621  2214 W qti_sensors_hal: sensors_get_sensors_list: handle 17 is not registered!
05-05 23:04:57.265  1621  2214 W qti_sensors_hal: sensors_get_sensors_list: handle 18 is not registered!
05-05 23:04:57.265  1621  2214 W qti_sensors_hal: sensors_get_sensors_list: handle 19 is not registered!
05-05 23:04:57.265  1621  2214 W qti_sensors_hal: sensors_get_sensors_list: handle 65 is not registered!
05-05 23:04:57.265  1621  2214 W qti_sensors_hal: sensors_get_sensors_list: handle 66 is not registered!
05-05 23:04:57.265  1621  2214 W qti_sensors_hal: sensors_get_sensors_list: handle 67 is not registered!
05-05 23:04:57.266  1621  2214 E         : Sensor maxDelay overflow error Step Counter 3640888832
05-05 23:04:57.266  1621  2214 E         : Sensor maxDelay overflow error Step Counter -Wakeup Secondary 3640888832
05-05 23:04:57.266  1621  2214 E         : Sensor maxDelay overflow error AMD 9223372036854775807
05-05 23:04:57.266  1621  2214 E         : Sensor maxDelay overflow error RMD 9223372036854775807
05-05 23:04:57.266  1621  2214 E         : Sensor maxDelay overflow error Basic Gestures 9223372036854775807
05-05 23:04:57.266  1621  2214 E         : Sensor maxDelay overflow error Facing 9223372036854775807
05-05 23:04:57.266  1621  2214 E         : Sensor maxDelay overflow error Pedometer 3640888832
05-05 23:04:57.266  1621  2214 E         : Sensor maxDelay overflow error Coarse Motion Classifier 9223372036854775807
05-05 23:04:57.268  1621  1621 W System  : ClassLoader referenced unknown path: /system/priv-app/SettingsProvider/lib/arm64
05-05 23:04:57.270  1621  2285 D SensorService: new thread SensorEventAckReceiver
05-05 23:04:57.271  1621  2286 D SensorService: nuSensorService thread starting...
05-05 23:04:57.271  1621  2214 I         : System server: sensor init done.
05-05 23:04:57.334   555   809 I Dpps    : PollThreadLoop():148 Sample Rate 2 per sec
05-05 23:04:57.334   555   809 I Dpps    : PollThreadLoop():157 Preparing new Looper for thread
05-05 23:04:57.334   555   809 I Dpps    : PollThreadLoop():168 Creating sensor event queue
05-05 23:04:57.356  1621  1621 D SettingsProvider: Generated and saved new ANDROID_ID [136408183ca79ecc] for user 0
05-05 23:04:57.382  1621  1621 W System  : ClassLoader referenced unknown path: /system/priv-app/Telecom/lib/arm64
05-05 23:04:57.387  1621  1621 I SystemServer: Vibrator Service
05-05 23:04:57.393  1621  1621 I SystemServer: Consumer IR Service
05-05 23:04:57.398  1621  1621 I SystemServiceManager: Starting com.android.server.AlarmManagerService
05-05 23:04:57.400  1621  1650 I SyncManager: No initial accounts
05-05 23:04:57.400  1621  1621 D AlarmManagerService: Kernel timezone updated to -480 minutes west of GMT
05-05 23:04:57.401  1621  1650 I SyncManager: No initial status
05-05 23:04:57.404  1621  1621 I SystemServer: Init Watchdog
05-05 23:04:57.404  1621  1650 I SyncManager: No initial statistics
05-05 23:04:57.404  1621  1621 I SystemServer: Input Manager
05-05 23:04:57.405  1621  1621 I InputManager: Initializing input manager, mUseDevInputEventForAudioJack=true
05-05 23:04:57.406  1621  1621 I SystemServer: Window Manager
05-05 23:04:57.414  1621  1656 I WindowManager: No existing display settings /data/system/display_settings.xml; starting empty
05-05 23:04:57.424   640   740 E Sensors : No packages for calling UID
05-05 23:04:57.438  1621  1652 D MzPhoneWindowManager: onFlymeVersionSettingUpChanged mFlymeVersionSettingUp = 0
05-05 23:04:57.450  1621  1621 I InputManager: Starting input manager
05-05 23:04:57.451  1621  1621 I SystemServer: Bluetooth Service
05-05 23:04:57.451  1621  1621 I SystemServiceManager: Starting com.android.server.BluetoothService
05-05 23:04:57.453  1621  1621 D BluetoothManagerService: Loading stored name and address
05-05 23:04:57.454  1621  1621 D BluetoothManagerService: Stored bluetooth Name=null,Address=null
05-05 23:04:57.454  1621  1621 D BluetoothService: onStart: publishing BluetoothManagerService
05-05 23:04:57.454  1621  1621 I SystemServer: Input Method Service
05-05 23:04:57.456  1621  2295 D EventHub: No input device configuration file found for device 'msm8996-tasha-mtp-snd-card Button Jack'.
05-05 23:04:57.456  1621  1621 W System  : ClassLoader referenced unknown path: /system/framework/QPerformance.jar
05-05 23:04:57.456  1621  1621 E BoostFramework: BoostFramework() : Exception_1 = java.lang.ClassNotFoundException: Didn't find class "com.qualcomm.qti.Performance" on path: DexPathList[[],nativeLibraryDirectories=[/vendor/lib64, /system/lib64]]
05-05 23:04:57.456  1621  1621 V BoostFramework: BoostFramework() : mPerf = null
05-05 23:04:57.460  1621  2295 W EventHub: Unable to disable kernel key repeat for /dev/input/event7: Function not implemented
05-05 23:04:57.460  1621  2295 I EventHub: New device: id=1, fd=114, path='/dev/input/event7', name='msm8996-tasha-mtp-snd-card Button Jack', classes=0x1, configuration='', keyLayout='/system/usr/keylayout/msm8996-tasha-mtp-snd-card_Button_Jack.kl', keyCharacterMap='/system/usr/keychars/Generic.kcm', builtinKeyboard=false, wakeMechanism=EPOLLWAKEUP, usingClockIoctl=true
05-05 23:04:57.460  1621  2295 D EventHub: No input device configuration file found for device 'msm8996-tasha-mtp-snd-card Headset Jack'.
05-05 23:04:57.460  1621  2295 I EventHub: New device: id=2, fd=115, path='/dev/input/event6', name='msm8996-tasha-mtp-snd-card Headset Jack', classes=0x80, configuration='', keyLayout='', keyCharacterMap='', builtinKeyboard=false, wakeMechanism=EPOLLWAKEUP, usingClockIoctl=true
05-05 23:04:57.461  1621  2295 E EventHub: could not get driver version for /dev/input/mouse0, Not a typewriter
05-05 23:04:57.468  1621  2295 D EventHub: No input device configuration file found for device 'qbt1000_key_input'.
05-05 23:04:57.470  1621  2295 W EventHub: Unable to disable kernel key repeat for /dev/input/event1: Function not implemented
05-05 23:04:57.470  1621  2295 I EventHub: New device: id=3, fd=117, path='/dev/input/event1', name='qbt1000_key_input', classes=0x5, configuration='', keyLayout='/system/usr/keylayout/Generic.kl', keyCharacterMap='/system/usr/keychars/Generic.kcm', builtinKeyboard=false, wakeMechanism=EPOLLWAKEUP, usingClockIoctl=true
05-05 23:04:57.470  1621  1621 W InputMethodManagerService: No IME selected. Choose the most applicable IME.
05-05 23:04:57.470  1621  2295 D EventHub: No input device configuration file found for device 'qpnp_pon'.
05-05 23:04:57.470  1621  1621 I InputMethodManagerService: Default found, using com.meizu.flyme.input/com.meizu.input.MzInputService
05-05 23:04:57.472  1621  2295 W EventHub: Unable to disable kernel key repeat for /dev/input/event0: Function not implemented
05-05 23:04:57.473  1621  2295 I EventHub: New device: id=4, fd=118, path='/dev/input/event0', name='qpnp_pon', classes=0x1, configuration='', keyLayout='/system/usr/keylayout/qpnp_pon.kl', keyCharacterMap='/system/usr/keychars/Generic.kcm', builtinKeyboard=false, wakeMechanism=EPOLLWAKEUP, usingClockIoctl=true
05-05 23:04:57.473  1621  2295 E EventHub: could not get driver version for /dev/input/mice, Not a typewriter
05-05 23:04:57.474  1621  1621 I SystemServer: Accessibility Manager
05-05 23:04:57.478  1621  1621 I XXXXXX  : choosing minFree values for 64 Bit
05-05 23:04:57.478  1621  1621 I XXXXXX  : choosing minFree values for 64 Bit
05-05 23:04:57.478  1621  1621 I XXXXXX  : choosing minFree values for 64 Bit
05-05 23:04:57.478  1621  1621 I XXXXXX  : choosing minFree values for 64 Bit
05-05 23:04:57.478  1621  1621 I XXXXXX  : choosing minFree values for 64 Bit
05-05 23:04:57.478  1621  1621 I XXXXXX  : choosing minFree values for 64 Bit
05-05 23:04:57.479  1621  1621 I ActivityManager: Config changes=1df8 {1.0 ?mcc?mnc zh_CN ldltr sw360dp w360dp h640dp 480dpi nrml long port ?uimode ?night -touch -keyb/h/h -nav/h s.2}
05-05 23:04:57.482  1621  1621 I ActivityManager: Config changes=400 {1.0 ?mcc?mnc zh_CN ldltr sw360dp w360dp h618dp 480dpi nrml long port ?uimode ?night -touch -keyb/h/h -nav/h s.3}
05-05 23:04:57.483  1621  1621 I SystemServiceManager: Starting com.android.server.MountService$Lifecycle
05-05 23:04:57.490  1621  2296 D MountService: Thinking about reset, mSystemReady=false, mDaemonConnected=true
05-05 23:04:57.490  1621  1621 I SystemServiceManager: Starting com.android.server.UiModeManagerService
05-05 23:04:57.491  1621  2296 D MountService: Thinking about reset, mSystemReady=false, mDaemonConnected=true
05-05 23:04:57.492  1621  1621 I ActivityManager: Config changes=200 {1.0 ?mcc?mnc zh_CN ldltr sw360dp w360dp h618dp 480dpi nrml long port -touch -keyb/h/h -nav/h s.4}
05-05 23:04:57.492  1621  2296 D CryptdConnector: SND -> {1 cryptfs getfield SystemLocale}
05-05 23:04:57.492   433   443 I Ext4Crypt: ext4 crypto complete called on /data
05-05 23:04:57.493   433   443 I Ext4Crypt: No master key, so not ext4enc
05-05 23:04:57.493  1621  2298 D CryptdConnector: RCV <- {200 1 -1}
05-05 23:04:57.494  1621  2295 D EventHub: No input device configuration file found for device 'pwm-ir'.
05-05 23:04:57.494  1621  1621 W PackageManager: No disk maintenance in 1493996697494; running immediately
05-05 23:04:57.494  1621  2296 W MountService: No primary storage mounted!
05-05 23:04:57.495  1621  2296 D VoldConnector: SND -> {1 asec list}
05-05 23:04:57.496  1621  2297 D VoldConnector: RCV <- {200 1 asec operation succeeded}
05-05 23:04:57.496  1621  2296 I PackageManager: No secure containers found
05-05 23:04:57.496  1621  2296 W PackageManager: Unknown permission android.permission.ROOT_RECOVERY_STATE in package com.flyme.roamingpay
05-05 23:04:57.496  1621  2296 W PackageManager: Unknown permission com.redteamobile.virtual.permission.USE_SOFTSIM in package com.flyme.roamingpay
05-05 23:04:57.496  1621  2296 W PackageManager: Unknown permission com.meizu.flyme.push.permission.RECEIVE in package com.flyme.roamingpay
05-05 23:04:57.497  1621  2296 W PackageManager: Unknown permission com.android.launcher.permission.READ_SETTINGS in package com.meizu.net.pedometer
05-05 23:04:57.497  1621  2296 W PackageManager: Unknown permission com.meizu.flyme.push.permission.RECEIVE in package com.meizu.net.pedometer
05-05 23:04:57.497  1621  2296 W PackageManager: Unknown permission android.permission.ROOT_RECOVERY_STATE in package com.meizu.net.pedometer
05-05 23:04:57.497  1621  2296 W PackageManager: Unknown permission com.google.android.googleapps.permission.GOOGLE_AUTH in package com.android.providers.calendar
05-05 23:04:57.497  1621  2296 W PackageManager: Unknown permission com.google.android.googleapps.permission.GOOGLE_AUTH.cl in package com.android.providers.calendar
05-05 23:04:57.497  1621  2296 W PackageManager: Not granting permission android.permission.INTERACT_ACROSS_USERS_FULL to package com.android.providers.calendar (protectionLevel=258 flags=0x38883e45)
05-05 23:04:57.497  1621  2296 W PackageManager: Unknown permission android.permission.ROOT_RECOVERY_STATE in package com.android.providers.media
05-05 23:04:57.497  1621  2296 W PackageManager: Unknown permission com.android.launcher.permission.READ_SETTINGS in package com.meizu.flyme.launcher
05-05 23:04:57.497  1621  1621 I PackageManager.DexOptimizer: Running dexopt (dex2oat) on: /system/priv-app/SystemUI/SystemUI.apk pkg=com.android.systemui isa=arm vmSafeMode=false debuggable=false oatDir = null bootComplete=false
05-05 23:04:57.497  1621  2296 W PackageManager: Unknown permission com.android.launcher.permission.WRITE_SETTINGS in package com.meizu.flyme.launcher
05-05 23:04:57.497  1621  2296 W PackageManager: Not granting permission com.android.permission.WHITELIST_BLUETOOTH_DEVICE to package com.meizu.flyme.launcher (protectionLevel=2 flags=0x3888be45)
05-05 23:04:57.497  1621  2296 W PackageManager: Unknown permission com.meizu.flyme.push.permission.RECEIVE in package com.meizu.flyme.launcher
05-05 23:04:57.498  1621  2296 W PackageManager: Not granting permission android.permission.START_ANY_ACTIVITY to package com.meizu.flyme.launcher (protectionLevel=2 flags=0x3888be45)
05-05 23:04:57.498  1621  2296 W PackageManager: Not granting permission android.permission.INTERACT_ACROSS_USERS_FULL to package com.meizu.flyme.launcher (protectionLevel=258 flags=0x3888be45)
05-05 23:04:57.498  1621  2296 W PackageManager: Unknown permission android.permission.ROOT_RECOVERY_STATE in package com.meizu.flyme.launcher
05-05 23:04:57.498  1621  2296 W PackageManager: Unknown permission android.permission.READ_OWNER_DATA in package com.meizu.desktopbackup
05-05 23:04:57.498  1621  2296 W PackageManager: Unknown permission android.permission.WRITE_OWNER_DATA in package com.meizu.desktopbackup
05-05 23:04:57.498  1621  2296 W PackageManager: Unknown permission com.android.voicemail.permission.READ_WRITE_ALL_VOICEMAIL in package com.meizu.desktopbackup
05-05 23:04:57.498  1621  2296 W PackageManager: Unknown permission android.permission.BACKUP_ACCOUNTS in package com.meizu.desktopbackup
05-05 23:04:57.498  1621  2296 W PackageManager: Unknown permission android.permission.MEIZU_BACKUP_AND_RESTORE in package com.meizu.desktopbackup
05-05 23:04:57.498  1621  2296 W PackageManager: Unknown permission com.meizu.flyme.push.permission.RECEIVE in package com.meizu.desktopbackup
05-05 23:04:57.498  1621  2296 W PackageManager: Unknown permission com.meizu.c2dm.permission.RECEIVE in package com.meizu.desktopbackup
05-05 23:04:57.498  1621  2296 W PackageManager: Unknown permission android.permission.ROOT_RECOVERY_STATE in package com.meizu.desktopbackup
05-05 23:04:57.498  1621  2296 W PackageManager: Unknown permission android.permission.ROOT_RECOVERY_STATE in package com.meizu.account.pay
05-05 23:04:57.498  1621  2296 W PackageManager: Unknown permission org.simalliance.openmobileapi.SMARTCARD in package com.meizu.account.pay
05-05 23:04:57.499  1621  2296 W PackageManager: Unknown permission com.meizu.flyme.push.permission.RECEIVE in package com.android.alarmclock
05-05 23:04:57.499  1621  2296 W PackageManager: Unknown permission android.permission.ROOT_RECOVERY_STATE in package com.android.alarmclock
05-05 23:04:57.499  1621  2296 W PackageManager: Not granting permission android.permission.MOUNT_UNMOUNT_FILESYSTEMS to package com.iflytek.speechsuite (protectionLevel=18 flags=0x38883e45)
05-05 23:04:57.499  1621  2296 W PackageManager: Not granting permission android.permission.READ_LOGS to package com.iflytek.speechsuite (protectionLevel=50 flags=0x38883e45)
05-05 23:04:57.499  1621  2296 W PackageManager: Not granting permission android.permission.LOCAL_MAC_ADDRESS to package com.iflytek.speechsuite (protectionLevel=18 flags=0x38883e45)
05-05 23:04:57.499  1621  2296 W PackageManager: Not granting permission android.permission.READ_PRIVILEGED_PHONE_STATE to package com.iflytek.speechsuite (protectionLevel=18 flags=0x38883e45)
05-05 23:04:57.499  1621  2296 W PackageManager: Not granting permission android.permission.REAL_GET_TASKS to package com.iflytek.speechsuite (protectionLevel=18 flags=0x38883e45)
05-05 23:04:57.499  1621  2296 W PackageManager: Not granting permission android.permission.INTERACT_ACROSS_USERS_FULL to package com.iflytek.speechsuite (protectionLevel=258 flags=0x38883e45)
05-05 23:04:57.499  1621  2296 W PackageManager: Not granting permission android.permission.WRITE_MEDIA_STORAGE to package com.iflytek.speechsuite (protectionLevel=18 flags=0x38883e45)
05-05 23:04:57.499  1621  2296 W PackageManager: Unknown permission android.permission.RECEIVE_SMS_SUPER in package com.android.mms.service
05-05 23:04:57.499  1621  2296 W PackageManager: Unknown permission android.permission.ROOT_RECOVERY_STATE in package com.android.providers.downloads
05-05 23:04:57.499  1621  2296 W PackageManager: Not granting permission android.permission.INTERACT_ACROSS_USERS_FULL to package com.android.providers.downloads (protectionLevel=258 flags=0x3888be45)
05-05 23:04:57.499  1621  2296 W PackageManager: Unknown permission android.permission.READ_SMS_SUPER in package com.meizu.filemanager
05-05 23:04:57.500  1621  2296 W PackageManager: Unknown permission com.meizu.flyme.push.permission.RECEIVE in package com.meizu.filemanager
05-05 23:04:57.500  1621  2296 W PackageManager: Unknown permission android.permission.ROOT_RECOVERY_STATE in package com.meizu.filemanager
05-05 23:04:57.500  1621  2296 W PackageManager: Not granting permission android.permission.SEND_DOWNLOAD_COMPLETED_INTENTS to package com.android.browser (protectionLevel=2 flags=0x38c9be45)
05-05 23:04:57.500  1621  2296 W PackageManager: Not granting permission android.permission.DEVICE_POWER to package com.android.browser (protectionLevel=2 flags=0x38c9be45)
05-05 23:04:57.500  1621  2296 W PackageManager: Unknown permission android.permission.PERFORM_DEXOPT in package com.android.browser
05-05 23:04:57.500  1621  2296 W PackageManager: Unknown permission android.hardware.sensor.accelerometer in package com.android.browser
05-05 23:04:57.500  1621  2296 W PackageManager: Unknown permission android.permission.ROOT_RECOVERY_STATE in package com.android.browser
05-05 23:04:57.500  1621  2296 W PackageManager: Not granting permission android.permission.START_ANY_ACTIVITY to package com.android.browser (protectionLevel=2 flags=0x38c9be45)
05-05 23:04:57.500  1621  2296 W PackageManager: Not granting permission android.permission.PEERS_MAC_ADDRESS to package com.android.browser (protectionLevel=2 flags=0x38c9be45)
05-05 23:04:57.500  1621  2296 W PackageManager: Not granting permission android.permission.ACCESS_ALL_DOWNLOADS to package com.android.browser (protectionLevel=2 flags=0x38c9be45)
05-05 23:04:57.500  1621  2296 W PackageManager: Not granting permission android.permission.INTERACT_ACROSS_USERS_FULL to package com.android.browser (protectionLevel=258 flags=0x38c9be45)
05-05 23:04:57.500  1621  2296 W PackageManager: Unknown permission com.android.launcher.permission.READ_SETTINGS in package com.android.browser
05-05 23:04:57.500  1621  2296 W PackageManager: Unknown permission android.permission.READ_SETTINGS in package com.android.browser
05-05 23:04:57.500  1621  2296 W PackageManager: Unknown permission org.simalliance.openmobileapi.SMARTCARD in package com.android.browser
05-05 23:04:57.500  1621  2296 W PackageManager: Unknown permission com.meizu.flyme.push.permission.RECEIVE in package com.meizu.compaign
05-05 23:04:57.500  1621  2296 W PackageManager: Unknown permission com.meizu.c2dm.permission.RECEIVE in package com.meizu.compaign
05-05 23:04:57.500  1621  2296 W PackageManager: Unknown permission com.meizu.compaign.permission.READ_SDK_INFO in package com.meizu.compaign
05-05 23:04:57.500  1621  2296 W PackageManager: Unknown permission com.meizu.compaign.permission.SEND_NOTIFICATION in package com.meizu.compaign
05-05 23:04:57.500  1621  2296 W PackageManager: Unknown permission android.permission.ROOT_RECOVERY_STATE in package com.meizu.compaign
05-05 23:04:57.501  1621  2296 W PackageManager: Unknown permission android.webkit.permission.PLUGIN in package com.meizu.compaign
05-05 23:04:57.501  1621  2296 W PackageManager: Unknown permission com.android.voicemail.permission.READ_WRITE_ALL_VOICEMAIL in package com.android.soundrecorder
05-05 23:04:57.501  1621  2296 W PackageManager: Not granting permission com.android.permission.WHITELIST_BLUETOOTH_DEVICE to package com.android.soundrecorder (protectionLevel=2 flags=0x38c83e45)
05-05 23:04:57.501  1621  2296 W PackageManager: Unknown permission com.android.usagestats.permission.READ_USAGESTATS in package com.android.soundrecorder
05-05 23:04:57.501  1621  2296 W PackageManager: Unknown permission com.android.usagestats.permission.WRITE_USAGESTATS in package com.android.soundrecorder
05-05 23:04:57.501  1621  2296 W PackageManager: Not granting permission android.permission.START_ANY_ACTIVITY to package com.android.soundrecorder (protectionLevel=2 flags=0x38c83e45)
05-05 23:04:57.501  1621  2296 W PackageManager: Not granting permission android.permission.INTERACT_ACROSS_USERS_FULL to package com.android.soundrecorder (protectionLevel=258 flags=0x38c83e45)
05-05 23:04:57.501  1621  2296 W PackageManager: Unknown permission android.permission.ROOT_RECOVERY_STATE in package com.android.soundrecorder
05-05 23:04:57.501  1621  2296 W PackageManager: Unknown permission com.meizu.flyme.push.permission.RECEIVE in package com.meizu.backup
05-05 23:04:57.501  1621  2296 W PackageManager: Unknown permission android.permission.ROOT_RECOVERY_STATE in package com.meizu.backup
05-05 23:04:57.501  1621  2296 I PackageManager: Un-granting permission android.permission.REAL_GET_TASKS from package com.android.providers.downloads.ui (protectionLevel=18 flags=0x38c83e45)
05-05 23:04:57.502  1621  2296 W PackageManager: Not granting permission android.permission.INTERACT_ACROSS_USERS_FULL to package com.android.providers.downloads.ui (protectionLevel=258 flags=0x38c83e45)
05-05 23:04:57.502  1621  2296 W PackageManager: Not granting permission android.permission.START_ANY_ACTIVITY to package com.android.providers.downloads.ui (protectionLevel=2 flags=0x38c83e45)
05-05 23:04:57.502  1621  2296 W PackageManager: Unknown permission com.taobao.permission.USE_CREDENTIALS in package com.aliyun.ams.tyid
05-05 23:04:57.502  1621  2296 W PackageManager: Unknown permission com.taobao.permission.UPDATE_CREDENTIALS in package com.aliyun.ams.tyid
05-05 23:04:57.502  1621  2296 W PackageManager: Unknown permission android.permission.ACCESS_GET_TASKS in package com.aliyun.ams.tyid
05-05 23:04:57.502  1621  2296 W PackageManager: Unknown permission android.permission.ROOT_RECOVERY_STATE in package com.meizu.flyme.update
05-05 23:04:57.502  1621  2296 W PackageManager: Unknown permission com.meizu.flyme.push.permission.RECEIVE in package com.meizu.flyme.update
05-05 23:04:57.502  1621  2296 W PackageManager: Not granting permission android.permission.MOUNT_UNMOUNT_FILESYSTEMS to package com.meizu.net.map (protectionLevel=18 flags=0x38c83e45)
05-05 23:04:57.502  1621  2296 W PackageManager: Not granting permission android.permission.READ_LOGS to package com.meizu.net.map (protectionLevel=50 flags=0x38c83e45)
05-05 23:04:57.502  1621  2296 W PackageManager: Not granting permission android.permission.CHANGE_CONFIGURATION to package com.meizu.net.map (protectionLevel=50 flags=0x38c83e45)
05-05 23:04:57.502  1621  2296 W PackageManager: Not granting permission android.permission.INSTALL_PACKAGES to package com.meizu.net.map (protectionLevel=18 flags=0x38c83e45)
05-05 23:04:57.502  1621  2296 W PackageManager: Not granting permission android.permission.ACCESS_DOWNLOAD_MANAGER to package com.meizu.net.map (protectionLevel=18 flags=0x38c83e45)
05-05 23:04:57.502  1621  2296 W PackageManager: Unknown permission com.android.launcher.permission.READ_SETTINGS in package com.meizu.net.map
05-05 23:04:57.502  1621  2296 W PackageManager: Not granting permission com.meizu.flyme.permission.UPDATE to package com.meizu.net.map (protectionLevel=18 flags=0x38c83e45)
05-05 23:04:57.502  1621  2296 W PackageManager: Not granting permission android.permission.WRITE_SECURE_SETTINGS to package com.meizu.net.map (protectionLevel=50 flags=0x38c83e45)
05-05 23:04:57.502  1621  2296 W PackageManager: Not granting permission android.permission.REAL_GET_TASKS to package com.meizu.net.map (protectionLevel=18 flags=0x38c83e45)
05-05 23:04:57.502  1621  2296 W PackageManager: Not granting permission android.permission.START_ANY_ACTIVITY to package com.meizu.net.map (protectionLevel=2 flags=0x38c83e45)
05-05 23:04:57.502  1621  2296 W PackageManager: Not granting permission android.permission.PEERS_MAC_ADDRESS to package com.meizu.net.map (protectionLevel=2 flags=0x38c83e45)
05-05 23:04:57.502  1621  2296 W PackageManager: Not granting permission android.permission.WRITE_MEDIA_STORAGE to package com.meizu.net.map (protectionLevel=18 flags=0x38c83e45)
05-05 23:04:57.503  1621  2296 W PackageManager: Not granting permission android.permission.STATUS_BAR to package com.meizu.net.map (protectionLevel=18 flags=0x38c83e45)
05-05 23:04:57.503  1621  2296 W PackageManager: Not granting permission android.permission.INTERACT_ACROSS_USERS_FULL to package com.meizu.net.map (protectionLevel=258 flags=0x38c83e45)
05-05 23:04:57.503  1621  2296 W PackageManager: Not granting permission android.permission.INTERACT_ACROSS_USERS to package com.meizu.net.map (protectionLevel=50 flags=0x38c83e45)
05-05 23:04:57.503  1621  2296 W PackageManager: Not granting permission android.permission.READ_PRIVILEGED_PHONE_STATE to package com.meizu.net.map (protectionLevel=18 flags=0x38c83e45)
05-05 23:04:57.503  1621  2296 W PackageManager: Not granting permission com.meizu.stats.permission.READ_USAGESTATS to package com.meizu.net.map (protectionLevel=18 flags=0x38c83e45)
05-05 23:04:57.503  1621  2296 W PackageManager: Unknown permission android.permission.ROOT_RECOVERY_STATE in package com.meizu.net.map
05-05 23:04:57.503  1621  2296 W PackageManager: Not granting permission android.permission.LOCAL_MAC_ADDRESS to package com.meizu.net.map (protectionLevel=18 flags=0x38c83e45)
05-05 23:04:57.503  1621  2296 W PackageManager: Unknown permission org.simalliance.openmobileapi.SMARTCARD in package com.meizu.flyme.wallet
