05-05 23:04:50.715   527   625 E QCALOG  : [MessageQ] ProcessNewMessage: [XT-CS] unknown deliver target [OS-Agent]
05-05 23:04:50.808  2182  2182 W dex2oat : No verified method for method calling String.<init>: java.lang.String java.io.ByteArrayOutputStream.toString()
05-05 23:04:51.150   505   676 I ThermalEngine: handle_thresh_sig: SS Id SKIN-SS-GOLD-AND-SILVER, Read xo_therm_buf 43000mC
05-05 23:04:51.329   555   809 I ServiceManager: Waiting for service sensorservice...
05-05 23:04:51.356  2182  2182 I dex2oat : dex2oat took 1.995s (threads: 4) arena alloc=3MB java alloc=6MB native alloc=14MB free=2MB
05-05 23:04:51.374  1621  1621 I PackageManager: Adjusting ABI for : com.android.phone to arm64-v8a
05-05 23:04:51.378  1621  1621 I PackageManager.DexOptimizer: Running dexopt (dex2oat) on: /system/priv-app/TeleService/TeleService.apk pkg=com.android.phone isa=arm64 vmSafeMode=false debuggable=false oatDir = null bootComplete=false
05-05 23:04:51.410  2187  2187 I dex2oat : Starting dex2oat.
05-05 23:04:51.410  2187  2187 E cutils-trace: Error opening trace file: No such file or directory (2)
05-05 23:04:51.417   640   740 E slim_daemon: [NDK] bindNDKSensors: Sensor server is unavailable.
05-05 23:04:51.659   505   676 I ThermalEngine: handle_thresh_sig: SS Id SKIN-SS-GOLD-AND-SILVER, Read xo_therm_buf 43000mC
05-05 23:04:51.883  2187  2187 W dex2oat : Before Android 4.1, method int android.support.v7.widget.ListViewCompat.lookForSelectablePosition(int, boolean) would have incorrectly overridden the package-private method in android.widget.ListView
05-05 23:04:51.890  2187  2191 W dex2oat : Before Android 4.1, method void com.meizu.common.preference.SwitchPreference.syncSummaryView(android.view.View) would have incorrectly overridden the package-private method in android.preference.TwoStatePreference
05-05 23:04:52.166   505   676 I ThermalEngine: ACTION: CLUSTER - Setting CLUSTER[0] to voltage 840 freq = 1363200
05-05 23:04:52.166   505   676 I ThermalEngine: Mitigation:CLUSTER[0]: 840 mV freq = 1363200 kHz
05-05 23:04:52.167   505   676 I ThermalEngine: handle_thresh_sig: SS Id SKIN-SS-GOLD-AND-SILVER, Read xo_therm_buf 43000mC
05-05 23:04:52.329   555   809 I ServiceManager: Waiting for service sensorservice...
05-05 23:04:52.418   640   740 E slim_daemon: [NDK] bindNDKSensors: Sensor server is unavailable.
05-05 23:04:52.675   505   676 I ThermalEngine: handle_thresh_sig: SS Id SKIN-SS-GOLD-AND-SILVER, Read xo_therm_buf 43000mC
05-05 23:04:53.183   505   676 I ThermalEngine: handle_thresh_sig: SS Id SKIN-SS-GOLD-AND-SILVER, Read xo_therm_buf 43000mC
05-05 23:04:53.329   555   809 I ServiceManager: Waiting for service sensorservice...
05-05 23:04:53.418   640   740 E slim_daemon: [NDK] bindNDKSensors: Sensor server is unavailable.
05-05 23:04:53.436   505   676 I ThermalEngine: ACTION: CLUSTER - Setting CLUSTER[1] to voltage 885 freq = 1785600
05-05 23:04:53.436   505   676 I ThermalEngine: Mitigation:CLUSTER[1]: 885 mV freq = 1785600 kHz
05-05 23:04:53.691   505   676 I ThermalEngine: handle_thresh_sig: SS Id SKIN-SS-GOLD-AND-SILVER, Read xo_therm_buf 43000mC
05-05 23:04:54.088  2187  2187 I dex2oat : Skipping compilation of java.util.List com.google.common.collect.Ordering.leastOf(java.util.Iterator, int): it contains a non natural loop
05-05 23:04:54.199   505   676 I ThermalEngine: handle_thresh_sig: SS Id SKIN-SS-GOLD-AND-SILVER, Read xo_therm_buf 43000mC
05-05 23:04:54.330   555   809 I ServiceManager: Waiting for service sensorservice...
05-05 23:04:54.419   640   740 E slim_daemon: [NDK] bindNDKSensors: Sensor server is unavailable.
05-05 23:04:54.706   505   676 I ThermalEngine: handle_thresh_sig: SS Id SKIN-SS-GOLD-AND-SILVER, Read xo_therm_buf 43000mC
05-05 23:04:54.959   505   676 I ThermalEngine: ACTION: CLUSTER - Setting CLUSTER[0] to voltage 840 freq = 1363200
05-05 23:04:54.960   505   676 I ThermalEngine: Mitigation:CLUSTER[0]: 840 mV freq = 1363200 kHz
05-05 23:04:55.153  2187  2191 W dex2oat : No verified method for method calling String.<init>: java.lang.String java.io.ByteArrayOutputStream.toString()
05-05 23:04:55.214   505   676 I ThermalEngine: handle_thresh_sig: SS Id SKIN-SS-GOLD-AND-SILVER, Read xo_therm_buf 43000mC
05-05 23:04:55.330   555   809 I ServiceManager: Waiting for service sensorservice...
05-05 23:04:55.419   640   740 E slim_daemon: [NDK] bindNDKSensors: Sensor server is unavailable.
05-05 23:04:55.604   527   625 E QCALOG  : [MessageQ] ProcessNewMessage: [XTWiFi-PE] unknown deliver target [OS-Agent]
05-05 23:04:55.710   527   625 E QCALOG  : [MessageQ] ProcessNewMessage: [XT-CS] unknown deliver target [OS-Agent]
05-05 23:04:55.715   636   784 W XTCC-5.1.0.10: [CS-RIL-LISTENER] timerCallback fired for ril update registering, re-register
05-05 23:04:55.716   527   625 E QCALOG  : [MessageQ] ProcessNewMessage: [XT-CS] unknown deliver target [OS-Agent]
05-05 23:04:55.721   505   676 I ThermalEngine: handle_thresh_sig: SS Id SKIN-SS-GOLD-AND-SILVER, Read xo_therm_buf 43000mC
05-05 23:04:56.091  2187  2187 I dex2oat : dex2oat took 4.681s (threads: 4) arena alloc=2MB java alloc=14MB native alloc=30MB free=3MB
05-05 23:04:56.130  1621  1621 I PackageManager: Adjusting ABI for : com.android.stk to arm64-v8a
05-05 23:04:56.131  1621  1621 I PackageManager.DexOptimizer: Running dexopt (dex2oat) on: /system/app/Stk/Stk.apk pkg=com.android.stk isa=arm64 vmSafeMode=false debuggable=false oatDir = null bootComplete=false
05-05 23:04:56.167  2192  2192 I dex2oat : Starting dex2oat.
05-05 23:04:56.167  2192  2192 E cutils-trace: Error opening trace file: No such file or directory (2)
05-05 23:04:56.228   505   676 I ThermalEngine: ACTION: CLUSTER - Setting CLUSTER[1] to voltage 890 freq = 1804800
05-05 23:04:56.228   505   676 I ThermalEngine: Mitigation:CLUSTER[1]: 890 mV freq = 1804800 kHz
05-05 23:04:56.230   505   676 I ThermalEngine: handle_thresh_sig: SS Id SKIN-SS-GOLD-AND-SILVER, Read xo_therm_buf 43000mC
05-05 23:04:56.296  2192  2192 I dex2oat : dex2oat took 130.382ms (threads: 4) arena alloc=1592KB java alloc=281KB native alloc=3MB free=3MB
05-05 23:04:56.302  1621  1621 I PackageManager: Adjusting ABI for : com.android.providers.telephony to arm64-v8a
05-05 23:04:56.302  1621  1621 I PackageManager.DexOptimizer: Running dexopt (dex2oat) on: /system/priv-app/TelephonyProvider/TelephonyProvider.apk pkg=com.android.providers.telephony isa=arm64 vmSafeMode=false debuggable=false oatDir = null bootComplete=false
05-05 23:04:56.331  2197  2197 I dex2oat : Starting dex2oat.
05-05 23:04:56.332  2197  2197 E cutils-trace: Error opening trace file: No such file or directory (2)
05-05 23:04:56.420   640   740 E slim_daemon: [NDK] bindNDKSensors: Sensor server is unavailable.
05-05 23:04:56.533  2197  2197 I dex2oat : dex2oat took 202.382ms (threads: 4) arena alloc=1761KB java alloc=210KB native alloc=3MB free=2MB
05-05 23:04:56.539  1621  1621 I PackageManager: Adjusting ABI for : com.android.flyme.bridge.softsim to arm64-v8a
05-05 23:04:56.540  1621  1621 I PackageManager.DexOptimizer: Running dexopt (dex2oat) on: /system/app/Bridge/Bridge.apk pkg=com.android.flyme.bridge.softsim isa=arm64 vmSafeMode=false debuggable=false oatDir = null bootComplete=false
05-05 23:04:56.567  2202  2202 I dex2oat : Starting dex2oat.
05-05 23:04:56.567  2202  2202 E cutils-trace: Error opening trace file: No such file or directory (2)
05-05 23:04:56.619  2202  2202 I dex2oat : dex2oat took 52.579ms (threads: 4) arena alloc=376KB java alloc=88KB native alloc=1780KB free=2MB
05-05 23:04:56.624  1621  1621 I PackageManager: Adjusting ABI for : com.android.mms.service to arm64-v8a
05-05 23:04:56.625  1621  1621 I PackageManager.DexOptimizer: Running dexopt (dex2oat) on: /system/priv-app/MmsService/MmsService.apk pkg=com.android.mms.service isa=arm64 vmSafeMode=false debuggable=false oatDir = null bootComplete=false
05-05 23:04:56.650  2207  2207 I dex2oat : Starting dex2oat.
05-05 23:04:56.650  2207  2207 E cutils-trace: Error opening trace file: No such file or directory (2)
05-05 23:04:56.733  2207  2207 I dex2oat : dex2oat took 83.608ms (threads: 4) arena alloc=680KB java alloc=208KB native alloc=2MB free=2MB
05-05 23:04:56.737   505   676 I ThermalEngine: handle_thresh_sig: SS Id SKIN-SS-GOLD-AND-SILVER, Read xo_therm_buf 43000mC
05-05 23:04:56.739  1621  1621 I PackageManager: Time to scan packages: 56.222 seconds
05-05 23:04:56.740  1621  1621 W PackageManager: Unknown permission android.permission.ROOT_RECOVERY_STATE in package com.flyme.roamingpay
05-05 23:04:56.740  1621  1621 W PackageManager: Unknown permission com.redteamobile.virtual.permission.USE_SOFTSIM in package com.flyme.roamingpay
05-05 23:04:56.741  1621  1621 W PackageManager: Unknown permission com.meizu.flyme.push.permission.RECEIVE in package com.flyme.roamingpay
05-05 23:04:56.741  1621  1621 W PackageManager: Unknown permission com.android.launcher.permission.READ_SETTINGS in package com.meizu.net.pedometer
05-05 23:04:56.741  1621  1621 W PackageManager: Unknown permission com.meizu.flyme.push.permission.RECEIVE in package com.meizu.net.pedometer
05-05 23:04:56.741  1621  1621 W PackageManager: Unknown permission android.permission.ROOT_RECOVERY_STATE in package com.meizu.net.pedometer
05-05 23:04:56.742  1621  1621 W PackageManager: Unknown permission com.google.android.googleapps.permission.GOOGLE_AUTH in package com.android.providers.calendar
05-05 23:04:56.742  1621  1621 W PackageManager: Unknown permission com.google.android.googleapps.permission.GOOGLE_AUTH.cl in package com.android.providers.calendar
05-05 23:04:56.743  1621  1621 W PackageManager: Not granting permission android.permission.INTERACT_ACROSS_USERS_FULL to package com.android.providers.calendar (protectionLevel=258 flags=0x38083e45)
05-05 23:04:56.743  1621  1621 W PackageManager: Unknown permission android.permission.ROOT_RECOVERY_STATE in package com.android.providers.media
05-05 23:04:56.744  1621  1621 W PackageManager: Unknown permission com.android.launcher.permission.READ_SETTINGS in package com.meizu.flyme.launcher
05-05 23:04:56.744  1621  1621 W PackageManager: Unknown permission com.android.launcher.permission.WRITE_SETTINGS in package com.meizu.flyme.launcher
05-05 23:04:56.744  1621  1621 W PackageManager: Not granting permission com.android.permission.WHITELIST_BLUETOOTH_DEVICE to package com.meizu.flyme.launcher (protectionLevel=2 flags=0x3808be45)
05-05 23:04:56.744  1621  1621 W PackageManager: Unknown permission com.meizu.flyme.push.permission.RECEIVE in package com.meizu.flyme.launcher
05-05 23:04:56.745  1621  1621 W PackageManager: Not granting permission android.permission.START_ANY_ACTIVITY to package com.meizu.flyme.launcher (protectionLevel=2 flags=0x3808be45)
05-05 23:04:56.745  1621  1621 W PackageManager: Not granting permission android.permission.INTERACT_ACROSS_USERS_FULL to package com.meizu.flyme.launcher (protectionLevel=258 flags=0x3808be45)
05-05 23:04:56.745  1621  1621 W PackageManager: Unknown permission android.permission.ROOT_RECOVERY_STATE in package com.meizu.flyme.launcher
05-05 23:04:56.745  1621  1621 W PackageManager: Unknown permission android.permission.READ_OWNER_DATA in package com.meizu.desktopbackup
05-05 23:04:56.745  1621  1621 W PackageManager: Unknown permission android.permission.WRITE_OWNER_DATA in package com.meizu.desktopbackup
05-05 23:04:56.746  1621  1621 W PackageManager: Unknown permission com.android.voicemail.permission.READ_WRITE_ALL_VOICEMAIL in package com.meizu.desktopbackup
05-05 23:04:56.746  1621  1621 W PackageManager: Unknown permission android.permission.BACKUP_ACCOUNTS in package com.meizu.desktopbackup
05-05 23:04:56.746  1621  1621 W PackageManager: Unknown permission android.permission.MEIZU_BACKUP_AND_RESTORE in package com.meizu.desktopbackup
05-05 23:04:56.746  1621  1621 W PackageManager: Unknown permission com.meizu.flyme.push.permission.RECEIVE in package com.meizu.desktopbackup
05-05 23:04:56.746  1621  1621 W PackageManager: Unknown permission com.meizu.c2dm.permission.RECEIVE in package com.meizu.desktopbackup
05-05 23:04:56.746  1621  1621 W PackageManager: Unknown permission android.permission.ROOT_RECOVERY_STATE in package com.meizu.desktopbackup
05-05 23:04:56.747  1621  1621 W PackageManager: Unknown permission android.permission.ROOT_RECOVERY_STATE in package com.meizu.account.pay
05-05 23:04:56.747  1621  1621 W PackageManager: Unknown permission org.simalliance.openmobileapi.SMARTCARD in package com.meizu.account.pay
05-05 23:04:56.748  1621  1621 W PackageManager: Unknown permission com.meizu.flyme.push.permission.RECEIVE in package com.android.alarmclock
05-05 23:04:56.748  1621  1621 W PackageManager: Unknown permission android.permission.ROOT_RECOVERY_STATE in package com.android.alarmclock
05-05 23:04:56.748  1621  1621 W PackageManager: Not granting permission android.permission.MOUNT_UNMOUNT_FILESYSTEMS to package com.iflytek.speechsuite (protectionLevel=18 flags=0x38083e45)
05-05 23:04:56.749  1621  1621 W PackageManager: Not granting permission android.permission.READ_LOGS to package com.iflytek.speechsuite (protectionLevel=50 flags=0x38083e45)
05-05 23:04:56.749  1621  1621 W PackageManager: Not granting permission android.permission.LOCAL_MAC_ADDRESS to package com.iflytek.speechsuite (protectionLevel=18 flags=0x38083e45)
05-05 23:04:56.749  1621  1621 W PackageManager: Not granting permission android.permission.READ_PRIVILEGED_PHONE_STATE to package com.iflytek.speechsuite (protectionLevel=18 flags=0x38083e45)
05-05 23:04:56.749  1621  1621 W PackageManager: Not granting permission android.permission.REAL_GET_TASKS to package com.iflytek.speechsuite (protectionLevel=18 flags=0x38083e45)
05-05 23:04:56.749  1621  1621 W PackageManager: Not granting permission android.permission.INTERACT_ACROSS_USERS_FULL to package com.iflytek.speechsuite (protectionLevel=258 flags=0x38083e45)
05-05 23:04:56.749  1621  1621 W PackageManager: Not granting permission android.permission.WRITE_MEDIA_STORAGE to package com.iflytek.speechsuite (protectionLevel=18 flags=0x38083e45)
05-05 23:04:56.750  1621  1621 W PackageManager: Unknown permission android.permission.RECEIVE_SMS_SUPER in package com.android.mms.service
05-05 23:04:56.750  1621  1621 W PackageManager: Unknown permission android.permission.ROOT_RECOVERY_STATE in package com.android.providers.downloads
05-05 23:04:56.750  1621  1621 W PackageManager: Not granting permission android.permission.INTERACT_ACROSS_USERS_FULL to package com.android.providers.downloads (protectionLevel=258 flags=0x3808be45)
05-05 23:04:56.751  1621  1621 W PackageManager: Unknown permission android.permission.READ_SMS_SUPER in package com.meizu.filemanager
05-05 23:04:56.752  1621  1621 W PackageManager: Unknown permission com.meizu.flyme.push.permission.RECEIVE in package com.meizu.filemanager
05-05 23:04:56.752  1621  1621 W PackageManager: Unknown permission android.permission.ROOT_RECOVERY_STATE in package com.meizu.filemanager
05-05 23:04:56.753  1621  1621 W PackageManager: Not granting permission android.permission.SEND_DOWNLOAD_COMPLETED_INTENTS to package com.android.browser (protectionLevel=2 flags=0x3849be45)
05-05 23:04:56.753  1621  1621 W PackageManager: Not granting permission android.permission.DEVICE_POWER to package com.android.browser (protectionLevel=2 flags=0x3849be45)
05-05 23:04:56.753  1621  1621 W PackageManager: Unknown permission android.permission.PERFORM_DEXOPT in package com.android.browser
05-05 23:04:56.753  1621  1621 W PackageManager: Unknown permission android.hardware.sensor.accelerometer in package com.android.browser
05-05 23:04:56.753  1621  1621 W PackageManager: Unknown permission android.permission.ROOT_RECOVERY_STATE in package com.android.browser
05-05 23:04:56.754  1621  1621 W PackageManager: Not granting permission android.permission.START_ANY_ACTIVITY to package com.android.browser (protectionLevel=2 flags=0x3849be45)
05-05 23:04:56.754  1621  1621 W PackageManager: Not granting permission android.permission.PEERS_MAC_ADDRESS to package com.android.browser (protectionLevel=2 flags=0x3849be45)
05-05 23:04:56.754  1621  1621 W PackageManager: Not granting permission android.permission.ACCESS_ALL_DOWNLOADS to package com.android.browser (protectionLevel=2 flags=0x3849be45)
05-05 23:04:56.754  1621  1621 W PackageManager: Not granting permission android.permission.INTERACT_ACROSS_USERS_FULL to package com.android.browser (protectionLevel=258 flags=0x3849be45)
05-05 23:04:56.755  1621  1621 W PackageManager: Unknown permission com.android.launcher.permission.READ_SETTINGS in package com.android.browser
05-05 23:04:56.755  1621  1621 W PackageManager: Unknown permission android.permission.READ_SETTINGS in package com.android.browser
05-05 23:04:56.755  1621  1621 W PackageManager: Unknown permission org.simalliance.openmobileapi.SMARTCARD in package com.android.browser
05-05 23:04:56.755  1621  1621 W PackageManager: Unknown permission com.meizu.flyme.push.permission.RECEIVE in package com.meizu.compaign
05-05 23:04:56.755  1621  1621 W PackageManager: Unknown permission com.meizu.c2dm.permission.RECEIVE in package com.meizu.compaign
05-05 23:04:56.755  1621  1621 W PackageManager: Unknown permission com.meizu.compaign.permission.READ_SDK_INFO in package com.meizu.compaign
05-05 23:04:56.755  1621  1621 W PackageManager: Unknown permission com.meizu.compaign.permission.SEND_NOTIFICATION in package com.meizu.compaign
05-05 23:04:56.756  1621  1621 W PackageManager: Unknown permission android.permission.ROOT_RECOVERY_STATE in package com.meizu.compaign
05-05 23:04:56.756  1621  1621 W PackageManager: Unknown permission android.webkit.permission.PLUGIN in package com.meizu.compaign
05-05 23:04:56.756  1621  1621 W PackageManager: Unknown permission com.android.voicemail.permission.READ_WRITE_ALL_VOICEMAIL in package com.android.soundrecorder
05-05 23:04:56.756  1621  1621 W PackageManager: Not granting permission com.android.permission.WHITELIST_BLUETOOTH_DEVICE to package com.android.soundrecorder (protectionLevel=2 flags=0x38483e45)
05-05 23:04:56.756  1621  1621 W PackageManager: Unknown permission com.android.usagestats.permission.READ_USAGESTATS in package com.android.soundrecorder
05-05 23:04:56.756  1621  1621 W PackageManager: Unknown permission com.android.usagestats.permission.WRITE_USAGESTATS in package com.android.soundrecorder
05-05 23:04:56.757  1621  1621 W PackageManager: Not granting permission android.permission.START_ANY_ACTIVITY to package com.android.soundrecorder (protectionLevel=2 flags=0x38483e45)
05-05 23:04:56.757  1621  1621 W PackageManager: Not granting permission android.permission.INTERACT_ACROSS_USERS_FULL to package com.android.soundrecorder (protectionLevel=258 flags=0x38483e45)
05-05 23:04:56.757  1621  1621 W PackageManager: Unknown permission android.permission.ROOT_RECOVERY_STATE in package com.android.soundrecorder
05-05 23:04:56.758  1621  1621 W PackageManager: Unknown permission com.meizu.flyme.push.permission.RECEIVE in package com.meizu.backup
05-05 23:04:56.758  1621  1621 W PackageManager: Unknown permission android.permission.ROOT_RECOVERY_STATE in package com.meizu.backup
05-05 23:04:56.758  1621  1621 I PackageManager: Un-granting permission android.permission.REAL_GET_TASKS from package com.android.providers.downloads.ui (protectionLevel=18 flags=0x38483e45)
05-05 23:04:56.758  1621  1621 W PackageManager: Not granting permission android.permission.INTERACT_ACROSS_USERS_FULL to package com.android.providers.downloads.ui (protectionLevel=258 flags=0x38483e45)
05-05 23:04:56.758  1621  1621 W PackageManager: Not granting permission android.permission.START_ANY_ACTIVITY to package com.android.providers.downloads.ui (protectionLevel=2 flags=0x38483e45)
05-05 23:04:56.758  1621  1621 W PackageManager: Unknown permission com.taobao.permission.USE_CREDENTIALS in package com.aliyun.ams.tyid
05-05 23:04:56.759  1621  1621 W PackageManager: Unknown permission com.taobao.permission.UPDATE_CREDENTIALS in package com.aliyun.ams.tyid
05-05 23:04:56.759  1621  1621 W PackageManager: Unknown permission android.permission.ACCESS_GET_TASKS in package com.aliyun.ams.tyid
05-05 23:04:56.759  1621  1621 W PackageManager: Unknown permission android.permission.ROOT_RECOVERY_STATE in package com.meizu.flyme.update
05-05 23:04:56.759  1621  1621 W PackageManager: Unknown permission com.meizu.flyme.push.permission.RECEIVE in package com.meizu.flyme.update
05-05 23:04:56.760  1621  1621 W PackageManager: Not granting permission android.permission.MOUNT_UNMOUNT_FILESYSTEMS to package com.meizu.net.map (protectionLevel=18 flags=0x38483e45)
05-05 23:04:56.760  1621  1621 W PackageManager: Not granting permission android.permission.READ_LOGS to package com.meizu.net.map (protectionLevel=50 flags=0x38483e45)
05-05 23:04:56.760  1621  1621 W PackageManager: Not granting permission android.permission.CHANGE_CONFIGURATION to package com.meizu.net.map (protectionLevel=50 flags=0x38483e45)
05-05 23:04:56.760  1621  1621 W PackageManager: Not granting permission android.permission.INSTALL_PACKAGES to package com.meizu.net.map (protectionLevel=18 flags=0x38483e45)
05-05 23:04:56.760  1621  1621 W PackageManager: Not granting permission android.permission.ACCESS_DOWNLOAD_MANAGER to package com.meizu.net.map (protectionLevel=18 flags=0x38483e45)
05-05 23:04:56.761  1621  1621 W PackageManager: Unknown permission com.android.launcher.permission.READ_SETTINGS in package com.meizu.net.map
05-05 23:04:56.761  1621  1621 W PackageManager: Not granting permission com.meizu.flyme.permission.UPDATE to package com.meizu.net.map (protectionLevel=18 flags=0x38483e45)
05-05 23:04:56.761  1621  1621 W PackageManager: Not granting permission android.permission.WRITE_SECURE_SETTINGS to package com.meizu.net.map (protectionLevel=50 flags=0x38483e45)
05-05 23:04:56.761  1621  1621 W PackageManager: Not granting permission android.permission.REAL_GET_TASKS to package com.meizu.net.map (protectionLevel=18 flags=0x38483e45)
05-05 23:04:56.761  1621  1621 W PackageManager: Not granting permission android.permission.START_ANY_ACTIVITY to package com.meizu.net.map (protectionLevel=2 flags=0x38483e45)
05-05 23:04:56.761  1621  1621 W PackageManager: Not granting permission android.permission.PEERS_MAC_ADDRESS to package com.meizu.net.map (protectionLevel=2 flags=0x38483e45)
05-05 23:04:56.761  1621  1621 W PackageManager: Not granting permission android.permission.WRITE_MEDIA_STORAGE to package com.meizu.net.map (protectionLevel=18 flags=0x38483e45)
05-05 23:04:56.761  1621  1621 W PackageManager: Not granting permission android.permission.STATUS_BAR to package com.meizu.net.map (protectionLevel=18 flags=0x38483e45)
05-05 23:04:56.762  1621  1621 W PackageManager: Not granting permission android.permission.INTERACT_ACROSS_USERS_FULL to package com.meizu.net.map (protectionLevel=258 flags=0x38483e45)
05-05 23:04:56.762  1621  1621 W PackageManager: Not granting permission android.permission.INTERACT_ACROSS_USERS to package com.meizu.net.map (protectionLevel=50 flags=0x38483e45)
05-05 23:04:56.762  1621  1621 W PackageManager: Not granting permission android.permission.READ_PRIVILEGED_PHONE_STATE to package com.meizu.net.map (protectionLevel=18 flags=0x38483e45)
05-05 23:04:56.762  1621  1621 W PackageManager: Not granting permission com.meizu.stats.permission.READ_USAGESTATS to package com.meizu.net.map (protectionLevel=18 flags=0x38483e45)
05-05 23:04:56.762  1621  1621 W PackageManager: Unknown permission android.permission.ROOT_RECOVERY_STATE in package com.meizu.net.map
05-05 23:04:56.762  1621  1621 W PackageManager: Not granting permission android.permission.LOCAL_MAC_ADDRESS to package com.meizu.net.map (protectionLevel=18 flags=0x38483e45)
05-05 23:04:56.762  1621  1621 W PackageManager: Unknown permission org.simalliance.openmobileapi.SMARTCARD in package com.meizu.flyme.wallet
05-05 23:04:56.763  1621  1621 W PackageManager: Unknown permission com.meizu.flyme.push.permission.RECEIVE in package com.meizu.flyme.wallet
05-05 23:04:56.763  1621  1621 W PackageManager: Unknown permission com.meizu.c2dm.permission.RECEIVE in package com.meizu.flyme.wallet
05-05 23:04:56.763  1621  1621 W PackageManager: Unknown permission android.permission.READ_SETTINGS in package com.meizu.flyme.wallet
05-05 23:04:56.763  1621  1621 W PackageManager: Unknown permission android.permission.ROOT_RECOVERY_STATE in package com.meizu.flyme.wallet
05-05 23:04:56.764  1621  1621 W PackageManager: Unknown permission android.permission.MMS_PUSH in package org.codeaurora.bluetooth
05-05 23:04:56.764  1621  1621 W PackageManager: Unknown permission com.meizu.safe.permission.ACCESS_APP_SHOW_ON_LOCKED_SCREED_PROVIDER in package android
05-05 23:04:56.765  1621  1621 W PackageManager: Unknown permission android.permission.ROOT_RECOVERY_STATE in package com.meizu.media.camera
05-05 23:04:56.766  1621  1621 W PackageManager: Unknown permission com.android.launcher.permission.READ_SETTINGS in package com.meizu.mstore
05-05 23:04:56.766  1621  1621 W PackageManager: Unknown permission android.permission.ROOT_RECOVERY_STATE in package com.meizu.mstore
05-05 23:04:56.766  1621  1621 W PackageManager: Unknown permission com.meizu.flyme.push.permission.RECEIVE in package com.meizu.mstore
05-05 23:04:56.766  1621  1621 W PackageManager: Unknown permission android.permission.INSTALL_DRM in package com.android.mms
05-05 23:04:56.766  1621  1621 W PackageManager: Unknown permission com.meizu.flyme.push.permission.RECEIVE in package com.android.mms
05-05 23:04:56.766  1621  1621 W PackageManager: Unknown permission android.permission.RECEIVE_SMS_SUPER in package com.android.mms
05-05 23:04:56.766  1621  1621 W PackageManager: Unknown permission android.permission.RECEIVE_WAP_PUSH_SUPER in package com.android.mms
05-05 23:04:56.767  1621  1621 W PackageManager: Unknown permission com.meizu.remotecooperation.access.permission.JUMP in package com.android.mms
05-05 23:04:56.767  1621  1621 W PackageManager: Unknown permission android.permission.ROOT_RECOVERY_STATE in package com.android.mms
05-05 23:04:56.767  1621  1621 W PackageManager: Unknown permission android.webkit.permission.PLUGIN in package com.android.mms
05-05 23:04:56.767  1621  1621 W PackageManager: Unknown permission android.permission.NFC_UNLOCK in package com.android.nfc
05-05 23:04:56.767  1621  1621 W PackageManager: Unknown permission com.aliyun.note.permission.READ_WRITE in package com.meizu.net.search
05-05 23:04:56.767  1621  1621 W PackageManager: Unknown permission com.aliyun.ams.ta.TA in package com.meizu.net.search
05-05 23:04:56.768  1621  1621 W PackageManager: Not granting permission android.permission.CHANGE_CONFIGURATION to package com.meizu.net.search (protectionLevel=50 flags=0x38083e45)
05-05 23:04:56.768  1621  1621 W PackageManager: Unknown permission com.yunos.permission.LOCATED in package com.meizu.net.search
05-05 23:04:56.768  1621  1621 W PackageManager: Unknown permission com.yunos.lbs.permission.ACCESS_LOCATION in package com.meizu.net.search
05-05 23:04:56.768  1621  1621 W PackageManager: Not granting permission com.meizu.flyme.permission.UPDATE to package com.meizu.net.search (protectionLevel=18 flags=0x38083e45)
05-05 23:04:56.768  1621  1621 W PackageManager: Not granting permission com.meizu.flyme.appcenter.permission.action.perform to package com.meizu.net.search (protectionLevel=2 flags=0x38083e45)
05-05 23:04:56.768  1621  1621 W PackageManager: Not granting permission android.permission.READ_FRAME_BUFFER to package com.meizu.net.search (protectionLevel=18 flags=0x38083e45)
05-05 23:04:56.768  1621  1621 W PackageManager: Not granting permission android.permission.INSTALL_PACKAGES to package com.meizu.net.search (protectionLevel=18 flags=0x38083e45)
05-05 23:04:56.768  1621  1621 W PackageManager: Not granting permission android.permission.WRITE_SECURE_SETTINGS to package com.meizu.net.search (protectionLevel=50 flags=0x38083e45)
05-05 23:04:56.768  1621  1621 W PackageManager: Not granting permission com.meizu.permission.SEARCH_SETTINGS to package com.meizu.net.search (protectionLevel=2 flags=0x38083e45)
05-05 23:04:56.768  1621  1621 W PackageManager: Not granting permission android.permission.READ_SEARCH_INDEXABLES to package com.meizu.net.search (protectionLevel=18 flags=0x38083e45)
05-05 23:04:56.768  1621  1621 W PackageManager: Not granting permission android.permission.START_ANY_ACTIVITY to package com.meizu.net.search (protectionLevel=2 flags=0x38083e45)
05-05 23:04:56.768  1621  1621 W PackageManager: Not granting permission android.permission.STATUS_BAR to package com.meizu.net.search (protectionLevel=18 flags=0x38083e45)
05-05 23:04:56.768  1621  1621 W PackageManager: Not granting permission android.permission.PEERS_MAC_ADDRESS to package com.meizu.net.search (protectionLevel=2 flags=0x38083e45)
05-05 23:04:56.768  1621  1621 W PackageManager: Not granting permission android.permission.READ_PRIVILEGED_PHONE_STATE to package com.meizu.net.search (protectionLevel=18 flags=0x38083e45)
05-05 23:04:56.768  1621  1621 W PackageManager: Not granting permission android.permission.REAL_GET_TASKS to package com.meizu.net.search (protectionLevel=18 flags=0x38083e45)
05-05 23:04:56.768  1621  1621 W PackageManager: Not granting permission android.permission.INTERACT_ACROSS_USERS_FULL to package com.meizu.net.search (protectionLevel=258 flags=0x38083e45)
05-05 23:04:56.768  1621  1621 W PackageManager: Not granting permission android.permission.WRITE_MEDIA_STORAGE to package com.meizu.net.search (protectionLevel=18 flags=0x38083e45)
05-05 23:04:56.768  1621  1621 W PackageManager: Unknown permission com.meizu.flyme.push.permission.RECEIVE in package com.meizu.net.search
05-05 23:04:56.769  1621  1621 W PackageManager: Unknown permission com.meizu.c2dm.permission.RECEIVE in package com.meizu.net.search
05-05 23:04:56.769  1621  1621 W PackageManager: Not granting permission android.permission.ACCESS_DOWNLOAD_MANAGER to package com.meizu.net.search (protectionLevel=18 flags=0x38083e45)
05-05 23:04:56.769  1621  1621 W PackageManager: Not granting permission com.meizu.stats.permission.READ_USAGESTATS to package com.meizu.net.search (protectionLevel=18 flags=0x38083e45)
05-05 23:04:56.769  1621  1621 W PackageManager: Unknown permission android.permission.ROOT_RECOVERY_STATE in package com.meizu.net.search
05-05 23:04:56.769  1621  1621 W PackageManager: Not granting permission android.permission.LOCAL_MAC_ADDRESS to package com.meizu.net.search (protectionLevel=18 flags=0x38083e45)
05-05 23:04:56.769  1621  1621 W PackageManager: Unknown permission android.permission.ROOT_RECOVERY_STATE in package com.meizu.sceneinfo
05-05 23:04:56.770  1621  1621 W PackageManager: Not granting permission android.permission.INSTALL_PACKAGES to package com.meizu.notepaper (protectionLevel=18 flags=0x38583e45)
05-05 23:04:56.770  1621  1621 W PackageManager: Not granting permission android.permission.MOUNT_UNMOUNT_FILESYSTEMS to package com.meizu.notepaper (protectionLevel=18 flags=0x38583e45)
05-05 23:04:56.770  1621  1621 W PackageManager: Not granting permission com.android.permission.WHITELIST_BLUETOOTH_DEVICE to package com.meizu.notepaper (protectionLevel=2 flags=0x38583e45)
05-05 23:04:56.770  1621  1621 W PackageManager: Not granting permission android.permission.INTERACT_ACROSS_USERS to package com.meizu.notepaper (protectionLevel=50 flags=0x38583e45)
05-05 23:04:56.770  1621  1621 W PackageManager: Not granting permission android.permission.MANAGE_USERS to package com.meizu.notepaper (protectionLevel=18 flags=0x38583e45)
05-05 23:04:56.770  1621  1621 W PackageManager: Not granting permission com.meizu.flyme.permission.UPDATE to package com.meizu.notepaper (protectionLevel=18 flags=0x38583e45)
05-05 23:04:56.770  1621  1621 W PackageManager: Unknown permission android.permission.ROOT_RECOVERY_STATE in package com.meizu.notepaper
05-05 23:04:56.770  1621  1621 W PackageManager: Not granting permission android.permission.CHANGE_CONFIGURATION to package com.meizu.notepaper (protectionLevel=50 flags=0x38583e45)
05-05 23:04:56.770  1621  1621 W PackageManager: Not granting permission android.permission.INTERNAL_SYSTEM_WINDOW to package com.meizu.notepaper (protectionLevel=2 flags=0x38583e45)
05-05 23:04:56.770  1621  1621 W PackageManager: Not granting permission android.permission.START_ANY_ACTIVITY to package com.meizu.notepaper (protectionLevel=2 flags=0x38583e45)
05-05 23:04:56.770  1621  1621 W PackageManager: Not granting permission android.permission.READ_PRIVILEGED_PHONE_STATE to package com.meizu.notepaper (protectionLevel=18 flags=0x38583e45)
05-05 23:04:56.770  1621  1621 W PackageManager: Not granting permission android.permission.STATUS_BAR to package com.meizu.notepaper (protectionLevel=18 flags=0x38583e45)
05-05 23:04:56.770  1621  1621 W PackageManager: Not granting permission android.permission.INTERACT_ACROSS_USERS_FULL to package com.meizu.notepaper (protectionLevel=258 flags=0x38583e45)
05-05 23:04:56.770  1621  1621 W PackageManager: Not granting permission android.permission.WRITE_MEDIA_STORAGE to package com.meizu.notepaper (protectionLevel=18 flags=0x38583e45)
05-05 23:04:56.770  1621  1621 W PackageManager: Not granting permission android.permission.REAL_GET_TASKS to package com.meizu.notepaper (protectionLevel=18 flags=0x38583e45)
05-05 23:04:56.770  1621  1621 W PackageManager: Not granting permission com.meizu.stats.permission.READ_USAGESTATS to package com.meizu.notepaper (protectionLevel=18 flags=0x38583e45)
05-05 23:04:56.770  1621  1621 W PackageManager: Not granting permission android.permission.LOCAL_MAC_ADDRESS to package com.meizu.notepaper (protectionLevel=18 flags=0x38583e45)
05-05 23:04:56.771  1621  1621 W PackageManager: Not granting permission android.permission.ACCESS_DOWNLOAD_MANAGER to package com.meizu.notepaper (protectionLevel=18 flags=0x38583e45)
05-05 23:04:56.771  1621  1621 W PackageManager: Not granting permission com.meizu.flyme.permission.UPDATE to package com.meizu.flyme.calculator (protectionLevel=18 flags=0x38483e45)
05-05 23:04:56.771  1621  1621 W PackageManager: Not granting permission android.permission.STOP_APP_SWITCHES to package com.meizu.flyme.calculator (protectionLevel=18 flags=0x38483e45)
05-05 23:04:56.771  1621  1621 W PackageManager: Not granting permission android.permission.INSTALL_PACKAGES to package com.meizu.flyme.calculator (protectionLevel=18 flags=0x38483e45)
05-05 23:04:56.771  1621  1621 W PackageManager: Not granting permission android.permission.START_ANY_ACTIVITY to package com.meizu.flyme.calculator (protectionLevel=2 flags=0x38483e45)
05-05 23:04:56.771  1621  1621 W PackageManager: Not granting permission android.permission.STATUS_BAR to package com.meizu.flyme.calculator (protectionLevel=18 flags=0x38483e45)
05-05 23:04:56.771  1621  1621 W PackageManager: Not granting permission android.permission.INTERACT_ACROSS_USERS_FULL to package com.meizu.flyme.calculator (protectionLevel=258 flags=0x38483e45)
05-05 23:04:56.771  1621  1621 W PackageManager: Not granting permission android.permission.INTERACT_ACROSS_USERS to package com.meizu.flyme.calculator (protectionLevel=50 flags=0x38483e45)
05-05 23:04:56.771  1621  1621 W PackageManager: Not granting permission android.permission.WRITE_MEDIA_STORAGE to package com.meizu.flyme.calculator (protectionLevel=18 flags=0x38483e45)
05-05 23:04:56.771  1621  1621 W PackageManager: Not granting permission com.meizu.stats.permission.READ_USAGESTATS to package com.meizu.flyme.calculator (protectionLevel=18 flags=0x38483e45)
05-05 23:04:56.771  1621  1621 W PackageManager: Unknown permission android.permission.ROOT_RECOVERY_STATE in package com.meizu.flyme.calculator
05-05 23:04:56.771  1621  1621 W PackageManager: Not granting permission android.permission.LOCAL_MAC_ADDRESS to package com.meizu.flyme.calculator (protectionLevel=18 flags=0x38483e45)
05-05 23:04:56.771  1621  1621 W PackageManager: Not granting permission android.permission.REAL_GET_TASKS to package com.meizu.flyme.calculator (protectionLevel=18 flags=0x38483e45)
05-05 23:04:56.771  1621  1621 W PackageManager: Not granting permission android.permission.ACCESS_DOWNLOAD_MANAGER to package com.meizu.flyme.calculator (protectionLevel=18 flags=0x38483e45)
05-05 23:04:56.772  1621  1621 W PackageManager: Unknown permission com.meizu.flyme.push.permission.RECEIVE in package com.meizu.yellowpage
05-05 23:04:56.773  1621  1621 W PackageManager: Unknown permission android.permission.ROOT_RECOVERY_STATE in package com.meizu.yellowpage
05-05 23:04:56.773  1621  1621 W PackageManager: Unknown permission android.permission.ROOT_RECOVERY_STATE in package com.android.calendar
05-05 23:04:56.773  1621  1621 W PackageManager: Unknown permission com.android.usagestats.permission.READ_USAGESTATS in package com.android.calendar
05-05 23:04:56.773  1621  1621 W PackageManager: Unknown permission com.android.usagestats.permission.WRITE_USAGESTATS in package com.android.calendar
05-05 23:04:56.773  1621  1621 W PackageManager: Unknown permission com.meizu.flyme.push.permission.RECEIVE in package com.android.calendar
05-05 23:04:56.773  1621  1621 W PackageManager: Unknown permission android.permission.GET_FLYME_HIPS_SERVICE in package com.meizu.safe
05-05 23:04:56.774  1621  1621 W PackageManager: Unknown permission android.permission.ROOT_RECOVERY_STATE in package com.meizu.safe
05-05 23:04:56.775  1621  1621 W PackageManager: Not granting permission android.permission.ACCESS_DOWNLOAD_MANAGER to package com.meizu.media.reader (protectionLevel=18 flags=0x38483e45)
05-05 23:04:56.775  1621  1621 W PackageManager: Unknown permission com.meizu.flyme.push.permission.RECEIVE in package com.meizu.media.reader
05-05 23:04:56.775  1621  1621 W PackageManager: Unknown permission com.meizu.c2dm.permission.RECEIVE in package com.meizu.media.reader
05-05 23:04:56.775  1621  1621 W PackageManager: Not granting permission com.meizu.flyme.permission.UPDATE to package com.meizu.media.reader (protectionLevel=18 flags=0x38483e45)
05-05 23:04:56.775  1621  1621 W PackageManager: Unknown permission com.android.launcher.permission.READ_SETTINGS in package com.meizu.media.reader
05-05 23:04:56.775  1621  1621 W PackageManager: Unknown permission android.permission.ROOT_RECOVERY_STATE in package com.meizu.media.reader
05-05 23:04:56.775  1621  1621 W PackageManager: Not granting permission android.permission.INSTALL_PACKAGES to package com.meizu.media.reader (protectionLevel=18 flags=0x38483e45)
05-05 23:04:56.775  1621  1621 W PackageManager: Unknown permission com.meizu.feebback.submit.permission.QUESTION in package com.meizu.media.reader
05-05 23:04:56.775  1621  1621 W PackageManager: Not granting permission android.permission.START_ANY_ACTIVITY to package com.meizu.media.reader (protectionLevel=2 flags=0x38483e45)
05-05 23:04:56.775  1621  1621 W PackageManager: Not granting permission android.permission.STATUS_BAR to package com.meizu.media.reader (protectionLevel=18 flags=0x38483e45)
05-05 23:04:56.775  1621  1621 W PackageManager: Not granting permission android.permission.WRITE_SECURE_SETTINGS to package com.meizu.media.reader (protectionLevel=50 flags=0x38483e45)
05-05 23:04:56.776  1621  1621 W PackageManager: Not granting permission android.permission.INTERACT_ACROSS_USERS_FULL to package com.meizu.media.reader (protectionLevel=258 flags=0x38483e45)
05-05 23:04:56.776  1621  1621 W PackageManager: Not granting permission android.permission.INTERACT_ACROSS_USERS to package com.meizu.media.reader (protectionLevel=50 flags=0x38483e45)
05-05 23:04:56.776  1621  1621 W PackageManager: Not granting permission android.permission.WRITE_MEDIA_STORAGE to package com.meizu.media.reader (protectionLevel=18 flags=0x38483e45)
05-05 23:04:56.776  1621  1621 W PackageManager: Not granting permission android.permission.REAL_GET_TASKS to package com.meizu.media.reader (protectionLevel=18 flags=0x38483e45)
05-05 23:04:56.776  1621  1621 W PackageManager: Not granting permission com.meizu.stats.permission.READ_USAGESTATS to package com.meizu.media.reader (protectionLevel=18 flags=0x38483e45)
05-05 23:04:56.776  1621  1621 W PackageManager: Not granting permission android.permission.LOCAL_MAC_ADDRESS to package com.meizu.media.reader (protectionLevel=18 flags=0x38483e45)
05-05 23:04:56.776  1621  1621 W PackageManager: Unknown permission com.meizu.compaign.permission.READ_SDK_INFO in package com.meizu.media.reader
05-05 23:04:56.776  1621  1621 W PackageManager: Unknown permission com.meizu.compaign.permission.SEND_NOTIFICATION in package com.meizu.media.reader
05-05 23:04:56.776  1621  1621 W PackageManager: Unknown permission com.meizu.flyme.push.permission.RECEIVE in package com.meizu.flyme.toolbox
05-05 23:04:56.776  1621  1621 W PackageManager: Unknown permission android.permission.ROOT_RECOVERY_STATE in package com.meizu.flyme.toolbox
05-05 23:04:56.777  1621  1621 W PackageManager: Unknown permission com.android.launcher.permission.READ_SETTINGS in package com.meizu.flyme.childrenlauncher
05-05 23:04:56.777  1621  1621 W PackageManager: Unknown permission com.android.launcher.permission.WRITE_SETTINGS in package com.meizu.flyme.childrenlauncher
05-05 23:04:56.777  1621  1621 W PackageManager: Unknown permission com.meizu.flyme.push.permission.RECEIVE in package com.meizu.flyme.childrenlauncher
05-05 23:04:56.777  1621  1621 W PackageManager: Unknown permission android.permission.ROOT_RECOVERY_STATE in package com.meizu.flyme.childrenlauncher
05-05 23:04:56.777  1621  1621 W PackageManager: Unknown permission com.android.voicemail.permission.READ_WRITE_ALL_VOICEMAIL in package com.android.incallui
05-05 23:04:56.778  1621  1621 W PackageManager: Not granting permission com.android.permission.WHITELIST_BLUETOOTH_DEVICE to package com.android.incallui (protectionLevel=2 flags=0x3808be6d)
05-05 23:04:56.778  1621  1621 W PackageManager: Unknown permission com.meizu.flyme.push.permission.RECEIVE in package com.android.incallui
05-05 23:04:56.778  1621  1621 W PackageManager: Unknown permission meizu.permission.FLYME_TELECOM in package com.android.incallui
05-05 23:04:56.778  1621  1621 W PackageManager: Unknown permission meizu.permission.DEFAULT_SYSTEM_APP_PERMISSION in package com.android.incallui
05-05 23:04:56.778  1621  1621 W PackageManager: Not granting permission android.permission.START_ANY_ACTIVITY to package com.android.incallui (protectionLevel=2 flags=0x3808be6d)
05-05 23:04:56.778  1621  1621 W PackageManager: Not granting permission android.permission.INTERACT_ACROSS_USERS_FULL to package com.android.incallui (protectionLevel=258 flags=0x3808be6d)
05-05 23:04:56.778  1621  1621 W PackageManager: Unknown permission android.permission.ROOT_RECOVERY_STATE in package com.android.incallui
05-05 23:04:56.778  1621  1621 W PackageManager: Unknown permission com.meizu.flyme.push.permission.RECEIVE in package com.meizu.gamecenter.service
05-05 23:04:56.778  1621  1621 W PackageManager: Unknown permission android.permission.ROOT_RECOVERY_STATE in package com.meizu.gamecenter.service
05-05 23:04:56.778  1621  1621 W PackageManager: Unknown permission android.webkit.permission.PLUGIN in package com.meizu.gamecenter.service
05-05 23:04:56.778  1621  1621 W PackageManager: Not granting permission android.permission.BATTERY_STATS to package com.ibimuyu.lockscreen (protectionLevel=50 flags=0x3818be45)
05-05 23:04:56.779  1621  1621 W PackageManager: Not granting permission android.permission.SET_WALLPAPER_COMPONENT to package com.ibimuyu.lockscreen (protectionLevel=18 flags=0x3818be45)
05-05 23:04:56.779  1621  1621 W PackageManager: Not granting permission android.permission.BIND_WALLPAPER to package com.ibimuyu.lockscreen (protectionLevel=18 flags=0x3818be45)
05-05 23:04:56.779  1621  1621 W PackageManager: Unknown permission android.permission.SYSTEM_OVERLAY_WINDOW in package com.ibimuyu.lockscreen
05-05 23:04:56.779  1621  1621 W PackageManager: Not granting permission android.permission.MOUNT_UNMOUNT_FILESYSTEMS to package com.ibimuyu.lockscreen (protectionLevel=18 flags=0x3818be45)
05-05 23:04:56.779  1621  1621 W PackageManager: Not granting permission android.permission.READ_LOGS to package com.ibimuyu.lockscreen (protectionLevel=50 flags=0x3818be45)
05-05 23:04:56.779  1621  1621 W PackageManager: Not granting permission android.permission.CLEAR_APP_CACHE to package com.ibimuyu.lockscreen (protectionLevel=18 flags=0x3818be45)
05-05 23:04:56.779  1621  1621 W PackageManager: Unknown permission com.android.launcher.permission.READ_SETTINGS in package com.android.onetimeinitializer
05-05 23:04:56.779  1621  1621 W PackageManager: Unknown permission com.android.launcher.permission.WRITE_SETTINGS in package com.android.onetimeinitializer
05-05 23:04:56.780  1621  1621 W PackageManager: Unknown permission meizu.permission.FLYME_TELECOM in package com.android.server.telecom
05-05 23:04:56.780  1621  1621 W PackageManager: Unknown permission meizu.permission.CALLBACK_OPEN in package com.android.server.telecom
05-05 23:04:56.780  1621  1621 W PackageManager: Unknown permission meizu.permission.FLYME_TELECOM_PROVIDER_READ in package com.android.server.telecom
05-05 23:04:56.781  1621  1621 W PackageManager: Unknown permission com.meizu.flyme.push.permission.RECEIVE in package com.android.dialer
05-05 23:04:56.781  1621  1621 W PackageManager: Unknown permission meizu.permission.FLYME_TELECOM in package com.android.dialer
05-05 23:04:56.781  1621  1621 W PackageManager: Unknown permission meizu.permission.DEFAULT_SYSTEM_APP_PERMISSION in package com.android.dialer
05-05 23:04:56.781  1621  1621 W PackageManager: Unknown permission android.permission.ROOT_RECOVERY_STATE in package com.android.dialer
05-05 23:04:56.781  1621  1621 W PackageManager: Unknown permission android.Manifest.permission.READ_PRIVILEGED_PHONE_STATE in package com.flyme.systemuitools
05-05 23:04:56.781  1621  1621 W PackageManager: Unknown permission android.permission.ROOT_RECOVERY_STATE in package com.flyme.systemuitools
05-05 23:04:56.782  1621  1621 W PackageManager: Unknown permission android.permission.ROOT_RECOVERY_STATE in package com.meizu.account
05-05 23:04:56.782  1621  1621 W PackageManager: Unknown permission com.meizu.flyme.push.permission.RECEIVE in package com.meizu.account
05-05 23:04:56.782  1621  1621 W PackageManager: Not granting permission android.permission.INTERACT_ACROSS_USERS_FULL to package com.meizu.media.ebook (protectionLevel=258 flags=0x38483e45)
05-05 23:04:56.782  1621  1621 W PackageManager: Not granting permission android.permission.START_ANY_ACTIVITY to package com.meizu.media.ebook (protectionLevel=2 flags=0x38483e45)
05-05 23:04:56.782  1621  1621 W PackageManager: Unknown permission com.meizu.flyme.push.permission.RECEIVE in package com.meizu.media.ebook
05-05 23:04:56.782  1621  1621 W PackageManager: Unknown permission com.meizu.c2dm.permission.RECEIVE in package com.meizu.media.ebook
05-05 23:04:56.782  1621  1621 W PackageManager: Unknown permission com.meizu.compaign.permission.READ_SDK_INFO in package com.meizu.media.ebook
05-05 23:04:56.782  1621  1621 W PackageManager: Unknown permission com.meizu.compaign.permission.SEND_NOTIFICATION in package com.meizu.media.ebook
05-05 23:04:56.782  1621  1621 W PackageManager: Unknown permission android.webkit.permission.PLUGIN in package com.meizu.media.ebook
05-05 23:04:56.782  1621  1621 W PackageManager: Unknown permission android.permission.ROOT_RECOVERY_STATE in package com.meizu.media.ebook
05-05 23:04:56.783  1621  1621 W PackageManager: Unknown permission com.android.usagestats.permission.READ_USAGESTATS in package com.meizu.media.music
05-05 23:04:56.783  1621  1621 W PackageManager: Unknown permission com.android.usagestats.permission.WRITE_USAGESTATS in package com.meizu.media.music
05-05 23:04:56.783  1621  1621 W PackageManager: Unknown permission com.meizu.c2dm.permission.RECEIVE in package com.meizu.media.music
05-05 23:04:56.783  1621  1621 W PackageManager: Unknown permission com.meizu.flyme.push.permission.RECEIVE in package com.meizu.media.music
05-05 23:04:56.783  1621  1621 W PackageManager: Unknown permission android.permission.ROOT_RECOVERY_STATE in package com.meizu.media.music
05-05 23:04:56.783  1621  1621 W PackageManager: Not granting permission android.permission.DEVICE_POWER to package com.meizu.media.music (protectionLevel=2 flags=0x38483e45)
05-05 23:04:56.783  1621  1621 W PackageManager: Not granting permission android.permission.INTERNAL_SYSTEM_WINDOW to package com.meizu.media.music (protectionLevel=2 flags=0x38483e45)
05-05 23:04:56.783  1621  1621 W PackageManager: Unknown permission com.meizu.compaign.permission.READ_SDK_INFO in package com.meizu.media.music
05-05 23:04:56.784  1621  1621 W PackageManager: Unknown permission com.meizu.compaign.permission.SEND_NOTIFICATION in package com.meizu.media.music
05-05 23:04:56.784  1621  1621 W PackageManager: Unknown permission android.webkit.permission.PLUGIN in package com.meizu.media.music
05-05 23:04:56.784  1621  1621 W PackageManager: Not granting permission android.permission.ACCESS_ALL_DOWNLOADS to package com.meizu.media.video (protectionLevel=2 flags=0x38083e45)
05-05 23:04:56.784  1621  1621 W PackageManager: Not granting permission com.android.permission.WHITELIST_BLUETOOTH_DEVICE to package com.meizu.media.video (protectionLevel=2 flags=0x38083e45)
05-05 23:04:56.784  1621  1621 W PackageManager: Unknown permission com.android.usagestats.permission.READ_USAGESTATS in package com.meizu.media.video
05-05 23:04:56.784  1621  1621 W PackageManager: Unknown permission com.android.usagestats.permission.WRITE_USAGESTATS in package com.meizu.media.video
05-05 23:04:56.784  1621  1621 W PackageManager: Unknown permission android.permission.TYPE_PHONE in package com.meizu.media.video
