--------- beginning of main
05-05 23:03:08.962   432   432 W auditd  : type=2000 audit(0.0:1): initialized
05-05 23:03:11.570   432   432 I auditd  : type=1403 audit(0.0:2): policy loaded auid=4294967295 ses=4294967295
--------- beginning of system
05-05 23:03:12.327   433   433 I vold    : Vold 3.0 (the awakening) firing up
05-05 23:03:12.327   433   433 V vold    : Detected support for: exfat ext4 f2fs ntfs vfat
05-05 23:03:14.638   447   447 I /system/bin/tzdatacheck: tzdata file /data/misc/zoneinfo/current/tzdata does not exist. No action required.
05-05 23:03:14.704   453   453 I aosp    : Welcome to Android 6.0.1 / The Android Open Source Project 
05-05 23:03:15.011   498   498 E Energy-Aware: Freq 1804800 does not have power data
05-05 23:03:15.011   546   639 D QC-time-services: Daemon: Time-services: All initializations done
05-05 23:03:15.012   546   639 E QC-time-services: Daemon: Time-services: Waiting to acceptconnection
05-05 23:03:15.012   546   637 D QC-time-services: Daemon:genoff_modem_qmi_service_request: Initiallizing QMI 
05-05 23:03:15.013   477   503 D PerMgrSrv: modem state: is off-line, add client PM-PROXY-THREAD
05-05 23:03:15.013   477   503 D PerMgrSrv: PM-PROXY-THREAD registered
05-05 23:03:15.013   556   556 D PerMgrLib: PM-PROXY-THREAD successfully registered for modem
05-05 23:03:15.013   556   556 I PerMgrProxy: Casting proxy vote for modem
05-05 23:03:15.013   556   556 D PerMgrLib: PM-PROXY-THREAD voting for modem
05-05 23:03:15.013   477   513 D PerMgrSrv: PM-PROXY-THREAD voting for modem
05-05 23:03:15.013   477   513 D PerMgrSrv: modem new state: going on-line
05-05 23:03:15.014   477   513 D PerMgrSrv: modem num voters is 1
05-05 23:03:15.014   556   556 I PerMgrProxy: pm-proxy-thread vote successful for modem
05-05 23:03:15.020   505   505 E ThermalEngine: bcl_setup: Error opening /sys/devices/soc/soc:qcom,bcl/iavail
05-05 23:03:15.020   505   505 E ThermalEngine: add_tgt_sensors_set: Error adding bcl
05-05 23:03:15.020   505   505 E ThermalEngine: sensors_init: Error adding BCL TS
05-05 23:03:15.021   505   505 I ThermalEngine: Loading config file for virtual sensor
05-05 23:03:15.021   505   505 I ThermalEngine: Loading configuration file /system/etc/thermal-engine-8996.conf
05-05 23:03:15.021   505   505 I ThermalEngine: Parsing section global
05-05 23:03:15.022   505   505 I ThermalEngine: [VIRTUAL-CPUS]
05-05 23:03:15.022   505   505 I ThermalEngine: #algo_type virtual
05-05 23:03:15.022   505   505 I ThermalEngine: trip_sensor tsens_tz_sensor11
05-05 23:03:15.022   505   505 I ThermalEngine: set_point 75000
05-05 23:03:15.022   505   505 I ThermalEngine: set_point_clr 65000
05-05 23:03:15.023   505   505 I ThermalEngine: sensors tsens_tz_sensor4 tsens_tz_sensor6 tsens_tz_sensor9 tsens_tz_sensor11
05-05 23:03:15.023   505   505 I ThermalEngine: weights
05-05 23:03:15.023   505   505 I ThermalEngine: sampling 250
05-05 23:03:15.023   505   505 I ThermalEngine: math 2
05-05 23:03:15.023   505   505 I ThermalEngine: Loading configuration file /system/etc/thermal-engine-8996.conf
05-05 23:03:15.023   505   505 I ThermalEngine: Parsing section global
05-05 23:03:15.023   505   505 I ThermalEngine: Found section 'SS-CPUS-ALL'
05-05 23:03:15.023   505   505 I ThermalEngine: Algo Type 'ss'
05-05 23:03:15.023   505   505 I ThermalEngine: Parsing section SS-CPUS-ALL
05-05 23:03:15.023   505   505 I ThermalEngine: Found field 'sampling'
05-05 23:03:15.023   505   505 I ThermalEngine: Found field 'sensor'
05-05 23:03:15.023   505   505 I ThermalEngine: Found field 'device'
05-05 23:03:15.023   505   505 I ThermalEngine: Found field 'set_point'
05-05 23:03:15.023   505   505 I ThermalEngine: Found field 'set_point_clr'
05-05 23:03:15.023   505   505 I ThermalEngine: Found field 'time_constant'
05-05 23:03:15.024   505   505 I ThermalEngine: Found field 'device_perf_floor'
05-05 23:03:15.024   505   505 I ThermalEngine: Created section 'SKIN-SS-GOLD'
05-05 23:03:15.024   505   505 I ThermalEngine: Algo Type 'ss'
05-05 23:03:15.024   505   505 I ThermalEngine: Parsing section SKIN-SS-GOLD
05-05 23:03:15.024   505   505 I ThermalEngine: Found field 'sampling'
05-05 23:03:15.024   505   505 I ThermalEngine: Found field 'sensor'
05-05 23:03:15.024   505   505 I ThermalEngine: Found field 'device'
05-05 23:03:15.024   505   505 I ThermalEngine: Found field 'set_point'
05-05 23:03:15.024   505   505 I ThermalEngine: Found field 'set_point_clr'
05-05 23:03:15.024   505   505 I ThermalEngine: Found field 'time_constant'
05-05 23:03:15.024   505   505 I ThermalEngine: Found field 'device_perf_floor'
05-05 23:03:15.024   505   505 I ThermalEngine: Created section 'SKIN-SS-GOLD-AND-SILVER'
05-05 23:03:15.024   505   505 I ThermalEngine: Algo Type 'ss'
05-05 23:03:15.024   505   505 I ThermalEngine: Parsing section SKIN-SS-GOLD-AND-SILVER
05-05 23:03:15.024   505   505 I ThermalEngine: Found field 'sampling'
05-05 23:03:15.024   505   505 I ThermalEngine: Found field 'sensor'
05-05 23:03:15.024   505   505 I ThermalEngine: Found field 'device'
05-05 23:03:15.024   505   505 I ThermalEngine: Found field 'set_point'
05-05 23:03:15.024   505   505 I ThermalEngine: Found field 'set_point_clr'
05-05 23:03:15.024   505   505 I ThermalEngine: Found field 'time_constant'
05-05 23:03:15.025   505   505 I ThermalEngine: Found field 'device_perf_floor'
05-05 23:03:15.025   505   505 I ThermalEngine: Created section 'SKIN-SS-CPUS-ALL'
05-05 23:03:15.025   505   505 I ThermalEngine: Algo Type 'ss'
05-05 23:03:15.025   505   505 I ThermalEngine: Parsing section SKIN-SS-CPUS-ALL
05-05 23:03:15.025   505   505 I ThermalEngine: Found field 'sampling'
05-05 23:03:15.025   505   505 I ThermalEngine: Found field 'sensor'
05-05 23:03:15.025   505   505 I ThermalEngine: Found field 'device'
05-05 23:03:15.025   505   505 I ThermalEngine: Found field 'set_point'
05-05 23:03:15.025   505   505 I ThermalEngine: Found field 'set_point_clr'
05-05 23:03:15.025   505   505 I ThermalEngine: Found field 'time_constant'
05-05 23:03:15.025   505   505 I ThermalEngine: Found section 'SS-GPU'
05-05 23:03:15.025   505   505 I ThermalEngine: Algo Type 'ss'
05-05 23:03:15.025   505   505 I ThermalEngine: Parsing section SS-GPU
05-05 23:03:15.025   505   505 I ThermalEngine: Found field 'sampling'
05-05 23:03:15.025   505   505 I ThermalEngine: Found field 'sensor'
05-05 23:03:15.025   505   505 I ThermalEngine: Found field 'device'
05-05 23:03:15.025   505   505 I ThermalEngine: Found field 'set_point'
05-05 23:03:15.025   505   505 I ThermalEngine: Found field 'set_point_clr'
05-05 23:03:15.025   505   505 I ThermalEngine: Found field 'time_constant'
05-05 23:03:15.025   505   505 I ThermalEngine: Found field 'device_perf_floor'
05-05 23:03:15.025   505   505 I ThermalEngine: Created section 'GPU_management'
05-05 23:03:15.025   505   505 I ThermalEngine: Algo Type 'monitor'
05-05 23:03:15.025   505   505 I ThermalEngine: Parsing section GPU_management
05-05 23:03:15.025   505   505 I ThermalEngine: Found field 'sensor'
05-05 23:03:15.025   505   505 I ThermalEngine: Found field 'sampling'
05-05 23:03:15.025   505   505 I ThermalEngine: Found field 'thresholds'
05-05 23:03:15.026   505   505 I ThermalEngine: Found field 'thresholds_clr'
05-05 23:03:15.026   505   505 I ThermalEngine: Found field 'actions'
05-05 23:03:15.026   505   505 I ThermalEngine: Found field 'action_info'
05-05 23:03:15.026   505   505 I ThermalEngine: Created section 'SKIN-BATTERY-MONITOR'
05-05 23:03:15.026   505   505 I ThermalEngine: Algo Type 'monitor'
05-05 23:03:15.026   505   505 I ThermalEngine: Parsing section SKIN-BATTERY-MONITOR
05-05 23:03:15.026   505   505 I ThermalEngine: Found field 'sampling'
05-05 23:03:15.026   505   505 I ThermalEngine: Found field 'sensor'
05-05 23:03:15.026   505   505 I ThermalEngine: Found field 'thresholds'
05-05 23:03:15.026   505   505 I ThermalEngine: Found field 'thresholds_clr'
05-05 23:03:15.026   505   505 I ThermalEngine: Found field 'actions'
05-05 23:03:15.026   505   505 I ThermalEngine: Found field 'action_info'
05-05 23:03:15.026   505   505 I ThermalEngine: Created section 'CAMERA-CAMCORDER-MONITOR'
05-05 23:03:15.026   505   505 I ThermalEngine: Algo Type 'monitor'
05-05 23:03:15.026   505   505 I ThermalEngine: Parsing section CAMERA-CAMCORDER-MONITOR
05-05 23:03:15.026   505   505 I ThermalEngine: Found field 'sampling'
05-05 23:03:15.026   505   505 I ThermalEngine: Found field 'sensor'
05-05 23:03:15.026   505   505 I ThermalEngine: Found field 'thresholds'
05-05 23:03:15.026   505   505 I ThermalEngine: Found field 'thresholds_clr'
05-05 23:03:15.026   505   505 I ThermalEngine: Found field 'actions'
05-05 23:03:15.026   505   505 I ThermalEngine: Found field 'action_info'
05-05 23:03:15.027   505   505 I ThermalEngine: [CAMERA-CAMCORDER-MONITOR]
05-05 23:03:15.027   505   505 I ThermalEngine: algo_type monitor
05-05 23:03:15.027   505   505 I ThermalEngine: sampling 1000
05-05 23:03:15.027   505   505 I ThermalEngine: sensor xo_therm_buf
05-05 23:03:15.027   505   505 I ThermalEngine: thresholds 36000 39000 50000
05-05 23:03:15.027   505   505 I ThermalEngine: thresholds_clr 34000 36000 42000
05-05 23:03:15.027   505   505 I ThermalEngine: actions camera camera camera
05-05 23:03:15.027   505   505 I ThermalEngine: action_info 1 2 3
05-05 23:03:15.191   471   471 I irsc_util: Starting irsc tool
05-05 23:03:15.193   471   471 I irsc_util: Num of entries:285
05-05 23:03:15.196   471   471 I irsc_util: Ending irsc tool
05-05 23:03:15.228   467   467 I lowmemorykiller: Using in-kernel low memory killer interface
05-05 23:03:15.229   472   472 I rmt_storage: Shared memory initialised successfully.
05-05 23:03:15.229   472   472 I rmt_storage: Registering modemst1: 0x4a /boot/modem_fs1
05-05 23:03:15.230   472   472 I rmt_storage: Registering modemst2: 0x4b /boot/modem_fs2
05-05 23:03:15.230   472   472 I rmt_storage: Registering fsc: 0xff /boot/modem_fsc
05-05 23:03:15.231   472   472 I rmt_storage: Registering fsg: 0x58 /boot/modem_fsg
05-05 23:03:15.231   472   472 I rmt_storage: 4 GPT partitions found
05-05 23:03:15.231   472   472 E rmt_storage: debug open failed with errno 2
05-05 23:03:15.231   472   472 I rmt_storage: Capset success!
05-05 23:03:15.237   478   478 D QSEECOMD: : qseecom listener services process entry PPID = 1
05-05 23:03:15.237   478   478 E QSEECOMD: : Listener: index = 0, hierarchy = 0
05-05 23:03:15.247   478   478 D QSEECOMD: : Init dlopen(librpmb.so, RTLD_NOW) succeeds
05-05 23:03:15.247   478   478 D QSEECOMD: : Init::Init dlsym(g_FSHandle rpmb_init_service) succeeds
05-05 23:03:15.250   547   695 D AudioDaemon: Opening sound card state : /proc/asound/card---/state
05-05 23:03:15.250   547   695 E AudioDaemon: Open /proc/asound/card---/state failed : No such file or directory
05-05 23:03:15.250   547   695 V AudioDaemon: bool android::AudioDaemon::getStateFDs(std::__1::vector<std::__1::pair<int, int> >&): 0 sound cards detected
05-05 23:03:15.250   547   695 E AudioDaemon: Sleeping for 100 ms
05-05 23:03:15.259   478   478 I rpmb_ufs: RPMB Mult (512-byte sector) = 8192, Rel_sec_cnt = 32
05-05 23:03:15.260   469   469 I SDM     : ExtensionInterface::CreateExtensionInterface: 
05-05 23:03:15.260   469   469 I SDM     : SDM-EXTENSION Version: Date: 09/12/16, Commit: 5df439e, Change: I3549090471
05-05 23:03:15.261   478   478 E DrmLibRpmb: rpmb_init succeeded! with ret = 0
05-05 23:03:15.261   469   469 I SDM     : HWInfo::GetHWResourceInfo: SDE Version = 500, SDE Revision = 10070002, RGB = 4, VIG = 4, DMA = 2, Cursor = 2
05-05 23:03:15.262   469   469 I SDM     : HWInfo::GetHWResourceInfo: Upscale Ratio = 20, Downscale Ratio = 4, Blending Stages = 7
05-05 23:03:15.262   469   469 I SDM     : HWInfo::GetHWResourceInfo: BWC = 0, UBWC = 1, Decimation = 1, Tile Format = 0
05-05 23:03:15.262   478   478 D QSEECOMD: : Init rpmb_init_service ret = 0
05-05 23:03:15.262   469   469 I SDM     : HWInfo::GetHWResourceInfo: SourceSplit = 1
05-05 23:03:15.262   469   469 I SDM     : HWInfo::GetHWResourceInfo: MaxLowBw = 9600000 , MaxHighBw = 9600000
05-05 23:03:15.262   469   469 I SDM     : HWInfo::GetHWResourceInfo: MaxPipeBw = 4500000 KBps, MaxSDEClock = 412500000 Hz, ClockFudgeFactor = 1.050000
05-05 23:03:15.262   469   469 I SDM     : HWInfo::GetHWResourceInfo: Prefill factors: Tiled_NV12 = 8, Tiled = 4, Linear = 1, Scale = 1, Fudge_factor = 2
05-05 23:03:15.262   478   478 D QSEECOMD: : RPMB system services: init (Listener ID = 8192)
05-05 23:03:15.262   478   478 E QSEECOMD: : Listener: index = 1, hierarchy = 0
05-05 23:03:15.262   469   469 I SDM     : HWInfo::GetHWResourceInfo: ROTATOR = 2, Rotator Downscale = 1
05-05 23:03:15.265   478   478 D QSEECOMD: : Init dlopen(libssd.so, RTLD_NOW) succeeds
05-05 23:03:15.265   478   478 D QSEECOMD: : Init::Init dlsym(g_FSHandle ssd_init_service) succeeds
05-05 23:03:15.265   478   478 E SSD     : ssd_init_service succeeded!
05-05 23:03:15.266   478   478 D QSEECOMD: : Init ssd_init_service ret = 0
05-05 23:03:15.266   478   478 D QSEECOMD: : SSD system services: init (Listener ID = 12288)
05-05 23:03:15.266   478   478 E QSEECOMD: : Listener: index = 2, hierarchy = 0
05-05 23:03:15.267   469   469 I SDM     : CoreInterface::CreateCore: Open interface handle = 0x7f84c0c700
05-05 23:03:15.267   477   477 I PerMgrSrv: Adding entry for modem : offTimeout : 500 ackTimeout : 200
05-05 23:03:15.267   469   469 I SDM     : HWInfo::GetFirstDisplayInterfaceType: First display is internal display
05-05 23:03:15.267   477   477 I PerMgrSrv: Adding entry for slpi : offTimeout : 5000 ackTimeout : 200
05-05 23:03:15.267   469   469 I SDM     : CPUHint::Init: CPU Hint Pre-enable Window 50
05-05 23:03:15.268   482   482 I qcom-bluetooth: /system/etc/init.qcom.bt.sh: init.qcom.bt.sh config = onboot 
05-05 23:03:15.268   469   469 I SDM     : CPUHint::Init: Successfully Loaded Vendor Extension Library symbols
05-05 23:03:15.269   469   469 W SDM     : HWDevice::GetHWPanelMaxBrightnessFromNode: Max brightness level = 255
05-05 23:03:15.269   477   477 I PerMgrSrv: Peripheral Mananager service start
05-05 23:03:15.269   477   477 I PerMgrSrv: power-off timeout 500,ms; event-ack timeout 200,ms; debug-mode false
05-05 23:03:15.269   477   477 I PerMgrSrv: Statistics for : modem
05-05 23:03:15.269   477   477 I PerMgrSrv: modem: Current State : is off-line
05-05 23:03:15.269   477   477 I PerMgrSrv: modem: Voter/Listener count : 0/0
05-05 23:03:15.270   477   477 I PerMgrSrv: modem: Power on count : 0
05-05 23:03:15.270   477   477 I PerMgrSrv: modem: Power off count: 0
05-05 23:03:15.270   477   477 I PerMgrSrv: modem: Client list:
05-05 23:03:15.270   477   477 I PerMgrSrv: Statistics for : slpi
05-05 23:03:15.270   469   469 W SDM     : HWDevice::GetHWPanelMaxBrightnessFromNode: Max brightness level = 255
05-05 23:03:15.270   477   477 I PerMgrSrv: slpi: Current State : is off-line
05-05 23:03:15.270   469   469 I SDM     : HWDevice::PopulateHWPanelInfo: Device type = 0, Display Port = 1, Display Mode = 2, Device Node = 0, Is Primary = 1
05-05 23:03:15.270   477   477 I PerMgrSrv: slpi: Voter/Listener count : 0/0
05-05 23:03:15.270   469   469 I SDM     : HWDevice::PopulateHWPanelInfo: Partial Update = 0, Dynamic FPS = 0
05-05 23:03:15.270   477   477 I PerMgrSrv: slpi: Power on count : 0
05-05 23:03:15.270   469   469 I SDM     : HWDevice::PopulateHWPanelInfo: Align: left = 0, width = 0, top = 0, height = 0
05-05 23:03:15.270   477   477 I PerMgrSrv: slpi: Power off count: 0
05-05 23:03:15.270   469   469 I SDM     : HWDevice::PopulateHWPanelInfo: ROI: min_width = 0, min_height = 0, need_merge = 0
05-05 23:03:15.270   477   477 I PerMgrSrv: slpi: Client list:
05-05 23:03:15.270   469   469 I SDM     : HWDevice::PopulateHWPanelInfo: FPS: min = 0, max =0
05-05 23:03:15.270   469   469 I SDM     : HWDevice::PopulateHWPanelInfo: Left Split = 0, Right Split = 0
05-05 23:03:15.270   469   469 I SDM     : HWInfo::GetHWResourceInfo: SDE Version = 500, SDE Revision = 10070002, RGB = 4, VIG = 4, DMA = 2, Cursor = 2
05-05 23:03:15.271   469   469 I SDM     : HWInfo::GetHWResourceInfo: Upscale Ratio = 20, Downscale Ratio = 4, Blending Stages = 7
05-05 23:03:15.271   469   469 I SDM     : HWInfo::GetHWResourceInfo: BWC = 0, UBWC = 1, Decimation = 1, Tile Format = 0
05-05 23:03:15.271   469   469 I SDM     : HWInfo::GetHWResourceInfo: SourceSplit = 1
05-05 23:03:15.271   469   469 I SDM     : HWInfo::GetHWResourceInfo: MaxLowBw = 9600000 , MaxHighBw = 9600000
05-05 23:03:15.271   469   469 I SDM     : HWInfo::GetHWResourceInfo: MaxPipeBw = 4500000 KBps, MaxSDEClock = 412500000 Hz, ClockFudgeFactor = 1.050000
05-05 23:03:15.271   469   469 I SDM     : HWInfo::GetHWResourceInfo: Prefill factors: Tiled_NV12 = 8, Tiled = 4, Linear = 1, Scale = 1, Fudge_factor = 2
05-05 23:03:15.271   469   469 I SDM     : HWInfo::GetHWResourceInfo: ROTATOR = 2, Rotator Downscale = 1
05-05 23:03:15.285   477   502 I PerMgrSrv: QMI service start
05-05 23:03:15.288   469   469 E cutils-trace: Error opening trace file: No such file or directory (2)
05-05 23:03:15.288   469   469 W SDM     : HWDevice::GetHWPanelMaxBrightnessFromNode: Max brightness level = 255
05-05 23:03:15.288   469   469 W SDM     : HWDevice::GetHWPanelMaxBrightnessFromNode: Max brightness level = 255
05-05 23:03:15.289   469   469 W SDM     : HWDevice::GetHWPanelInfoByNode: Failed to open msm_fb_panel_info node device node 2
05-05 23:03:15.289   469   469 I SDM     : HWInfo::GetHWResourceInfo: SDE Version = 500, SDE Revision = 10070002, RGB = 4, VIG = 4, DMA = 2, Cursor = 2
05-05 23:03:15.289   469   469 I SDM     : HWInfo::GetHWResourceInfo: Upscale Ratio = 20, Downscale Ratio = 4, Blending Stages = 7
05-05 23:03:15.289   469   469 I SDM     : HWInfo::GetHWResourceInfo: BWC = 0, UBWC = 1, Decimation = 1, Tile Format = 0
05-05 23:03:15.289   469   469 I SDM     : HWInfo::GetHWResourceInfo: SourceSplit = 1
05-05 23:03:15.289   469   469 I SDM     : HWInfo::GetHWResourceInfo: MaxLowBw = 9600000 , MaxHighBw = 9600000
05-05 23:03:15.290   469   469 I SDM     : HWInfo::GetHWResourceInfo: MaxPipeBw = 4500000 KBps, MaxSDEClock = 412500000 Hz, ClockFudgeFactor = 1.050000
05-05 23:03:15.290   469   469 I SDM     : HWInfo::GetHWResourceInfo: Prefill factors: Tiled_NV12 = 8, Tiled = 4, Linear = 1, Scale = 1, Fudge_factor = 2
05-05 23:03:15.290   469   469 I SDM     : HWInfo::GetHWResourceInfo: ROTATOR = 2, Rotator Downscale = 1
05-05 23:03:15.290   469   469 W SDM     : ColorManager::CreateColorManagerProxy: PAV2 version is versions = 11, version = 11 
05-05 23:03:15.290   469   469 I SDM     : HWCDisplay::Init: Blit Engine Init failed, Blit Composition will not be used!!
05-05 23:03:15.291   469   469 I SDM     : HWCDisplay::SetFrameBufferResolution: New framebuffer resolution (1080x1920)
05-05 23:03:15.292   469   469 I SDM     : HWCColorManager::CreateColorManager: Successfully loaded libsdm-disp-apis.so
05-05 23:03:15.298   489   489 E QCNEA   : Cne Version 4.9
05-05 23:03:15.300   469   469 I SDM     : HWCColorManager::CreateColorManager: Successfully loaded libsdm-disp-apis.so and libsdm-diag.so and diag_init'ed
05-05 23:03:15.301   469   469 I SurfaceFlinger: Using composer version 1.5
05-05 23:03:15.301   469   469 W SDM     : HWCDisplay::GetDisplayAttributes: Spurious attribute type = 6
05-05 23:03:15.302   469   469 I SurfaceFlinger: EGL information:
05-05 23:03:15.302   469   469 I SurfaceFlinger: vendor    : Android
05-05 23:03:15.302   469   469 I SurfaceFlinger: version   : 1.4 Android META-EGL
05-05 23:03:15.302   469   469 I SurfaceFlinger: extensions: EGL_KHR_get_all_proc_addresses EGL_ANDROID_presentation_time EGL_KHR_swap_buffers_with_damage EGL_KHR_image EGL_KHR_image_base EGL_KHR_lock_surface EGL_KHR_gl_texture_2D_image EGL_KHR_gl_texture_3D_image EGL_KHR_gl_texture_cubemap_image EGL_KHR_gl_renderbuffer_image EGL_KHR_reusable_sync EGL_KHR_fence_sync EGL_KHR_create_context EGL_KHR_surfaceless_context EGL_EXT_create_context_robustness EGL_ANDROID_image_native_buffer EGL_KHR_wait_sync EGL_ANDROID_recordable EGL_KHR_partial_update EGL_KHR_create_context_no_error 
05-05 23:03:15.302   469   469 I SurfaceFlinger: Client API: OpenGL_ES
05-05 23:03:15.302   469   469 I SurfaceFlinger: EGLSurface: 8-8-8-8, config=0x7f84a6d780
05-05 23:03:15.309   469   469 I SurfaceFlinger: OpenGL ES informations:
05-05 23:03:15.310   469   469 I SurfaceFlinger: vendor    : Qualcomm
05-05 23:03:15.310   469   469 I SurfaceFlinger: renderer  : Adreno (TM) 530
05-05 23:03:15.310   469   469 I SurfaceFlinger: version   : OpenGL ES 3.2 V@145.0 (GIT@Ifb508eebcd)
05-05 23:03:15.310   469   469 I SurfaceFlinger: extensions: GL_OES_EGL_image GL_OES_EGL_image_external GL_OES_EGL_sync GL_OES_vertex_half_float GL_OES_framebuffer_object GL_OES_rgb8_rgba8 GL_OES_compressed_ETC1_RGB8_texture GL_AMD_compressed_ATC_texture GL_KHR_texture_compression_astc_ldr GL_KHR_texture_compression_astc_hdr GL_OES_texture_compression_astc GL_OES_texture_npot GL_EXT_texture_filter_anisotropic GL_EXT_texture_format_BGRA8888 GL_OES_texture_3D GL_EXT_color_buffer_float GL_EXT_color_buffer_half_float GL_QCOM_alpha_test GL_OES_depth24 GL_OES_packed_depth_stencil GL_OES_depth_texture GL_OES_depth_texture_cube_map GL_EXT_sRGB GL_OES_texture_float GL_OES_texture_float_linear GL_OES_texture_half_float GL_OES_texture_half_float_linear GL_EXT_texture_type_2_10_10_10_REV GL_EXT_texture_sRGB_decode GL_OES_element_index_uint GL_EXT_copy_image GL_EXT_geometry_shader GL_EXT_tessellation_shader GL_OES_texture_stencil8 GL_EXT_shader_io_blocks GL_OES_shader_image_atomic GL_OES_sample_variables GL_EXT_texture_border_clamp GL_EXT_multisampled_render_to_texture
05-05 23:03:15.310   469   469 I SurfaceFlinger: GL_MAX_TEXTURE_SIZE = 16384
05-05 23:03:15.310   469   469 I SurfaceFlinger: GL_MAX_VIEWPORT_DIMS = 16384
05-05 23:03:15.315   469   469 D SurfaceFlinger: Set power mode=2, type=0 flinger=0x7f86603c00
05-05 23:03:15.316   469   469 I SDM     : HWCDisplay::SetPowerMode: display = 0, mode = 2
05-05 23:03:15.316   469   469 I SDM     : DisplayBase::SetDisplayState: Set state = 1, display 0
05-05 23:03:15.317   469   469 W SDM     : HWDevice::GetHWPanelMaxBrightnessFromNode: Max brightness level = 255
05-05 23:03:15.317   469   469 W SDM     : HWDevice::GetHWPanelMaxBrightnessFromNode: Max brightness level = 255
05-05 23:03:15.317   469   469 W SDM     : HWDevice::GetHWPanelInfoByNode: Failed to open msm_fb_panel_info node device node 2
05-05 23:03:15.325   640   640 D LocSvc_utils_cfg: D/loc_read_conf: using /etc/gps.conf
05-05 23:03:15.325   640   640 D LocSvc_utils_cfg: D/int loc_read_conf_r(FILE*, const loc_param_s_type*, uint32_t):283]: num_params: 1
05-05 23:03:15.325   640   640 D LocSvc_utils_cfg: D/loc_set_config_entry: PARAM DEBUG_LEVEL = 2
05-05 23:03:15.326   640   640 D LocSvc_utils_cfg: D/int loc_read_conf_r(FILE*, const loc_param_s_type*, uint32_t):283]: num_params: 2
05-05 23:03:15.326   640   640 D LocSvc_utils_cfg: D/loc_set_config_entry: PARAM DEBUG_LEVEL = 2
05-05 23:03:15.326   640   640 D LocSvc_utils_cfg: D/int loc_read_conf_r(FILE*, const loc_param_s_type*, uint32_t):287]: fgets returned NULL
05-05 23:03:15.329   478   478 D QSEECOMD: : Init dlopen(libsecureui.so, RTLD_NOW) succeeds
05-05 23:03:15.330   478   478 D QSEECOMD: : Init::Init dlsym(g_FSHandle secure_ui_init) succeeds
05-05 23:03:15.330   478   478 D QSEECOMD: : Init secure_ui_init ret = 0
05-05 23:03:15.330   478   478 D QSEECOMD: : secure UI services: init (Listener ID = 16384)
05-05 23:03:15.330   478   478 D QSEECOMD: : Parent qseecom daemon process paused!! 
05-05 23:03:15.337   469   469 I SurfaceFlinger: SurfaceFlinger is starting
05-05 23:03:15.337   515   515 D QSEECOMD: : qseecom listener service threads starting!!! 
05-05 23:03:15.338   515   515 D QSEECOMD: : Total listener services to start = 8
05-05 23:03:15.338   515   515 E QSEECOMD: : Listener: index = 0, hierarchy = 1
05-05 23:03:15.338   515   515 D QSEECOMD: : Init dlopen(librpmb.so, RTLD_NOW) succeeds
05-05 23:03:15.338   515   515 D QSEECOMD: : Init::Init dlsym(g_FSHandle rpmb_start) succeeds
05-05 23:03:15.339   515   515 D QSEECOMAPI: QSEECom_register_listener 8192 sb_length = 0x5000
05-05 23:03:15.339   469   469 I SurfaceFlinger: SurfaceFlinger's main thread ready to run. Initializing graphics H/W...
05-05 23:03:15.340   490   490 I tftp_server: Starting...
05-05 23:03:15.340   490   490 D tftp_server: pid=490 tid=490 tftp-server : DBG :[tftp_os_wakelocks_la.c, 203] Capset success!
05-05 23:03:15.340   490   490 E tftp_server: pid=490 tid=490 tftp-server : ERR :[tftp_server_folders_la.c, 166] Failed to auto_dir for(/persist/rfs/shared/) errno = -13 (Permission denied)
05-05 23:03:15.340   490   490 E tftp_server: pid=490 tid=490 tftp-server : ERR :[tftp_server_folders_la.c, 166] Failed to auto_dir for(/persist/rfs/msm/mpss/) errno = -13 (Permission denied)
05-05 23:03:15.341   490   490 E tftp_server: pid=490 tid=490 tftp-server : ERR :[tftp_server_folders_la.c, 166] Failed to auto_dir for(/persist/rfs/msm/adsp/) errno = -13 (Permission denied)
05-05 23:03:15.341   490   490 E tftp_server: pid=490 tid=490 tftp-server : ERR :[tftp_server_folders_la.c, 166] Failed to auto_dir for(/persist/rfs/mdm/mpss/) errno = -13 (Permission denied)
05-05 23:03:15.341   490   490 E tftp_server: pid=490 tid=490 tftp-server : ERR :[tftp_server_folders_la.c, 166] Failed to auto_dir for(/persist/rfs/mdm/adsp/) errno = -13 (Permission denied)
05-05 23:03:15.341   490   490 E tftp_server: pid=490 tid=490 tftp-server : ERR :[tftp_server_folders_la.c, 166] Failed to auto_dir for(/persist/rfs/mdm/sparrow/) errno = -13 (Permission denied)
05-05 23:03:15.341   490   490 E tftp_server: pid=490 tid=490 tftp-server : ERR :[tftp_server_folders_la.c, 166] Failed to auto_dir for(/persist/rfs/apq/gnss/) errno = -13 (Permission denied)
05-05 23:03:15.341   490   490 E tftp_server: pid=490 tid=490 tftp-server : ERR :[tftp_server.c, 572] Server folder init failed! error = 1.
05-05 23:03:15.341   490   490 E tftp_server: pid=490 tid=490 tftp-server : ERR :[tftp_server.c, 573] Attempting to continue.... some paths maybe inaccessible.
05-05 23:03:15.343   487   487 I installd: installd firing up
05-05 23:03:15.343   640   640 E         : E/open failed: /dev/mdm: No such file or directory
05-05 23:03:15.345   515   515 D QSEECOMD: : Init rpmb_start ret = 0
05-05 23:03:15.345   515   515 D QSEECOMD: : RPMB system services: Started (Listener ID = 8192)
05-05 23:03:15.345   515   515 E QSEECOMD: : Listener: index = 1, hierarchy = 1
05-05 23:03:15.345   483   483 I         : debuggerd: starting
05-05 23:03:15.345   515   515 D QSEECOMD: : Init dlopen(libssd.so, RTLD_NOW) succeeds
05-05 23:03:15.345   515   515 D QSEECOMD: : Init::Init dlsym(g_FSHandle ssd_start) succeeds
05-05 23:03:15.345   515   515 D QSEECOMAPI: QSEECom_register_listener 12288 sb_length = 0x5000
05-05 23:03:15.345   481   481 I         : debuggerd: starting
05-05 23:03:15.347   490   490 E tftp_server: pid=490 tid=490 tftp-server : ERR :[tftp_server.c, 192] Stat if /system/rfs/msm/mpss/shared/server_info.txt failed with -13
05-05 23:03:15.347   490   490 E tftp_server: pid=490 tid=490 tftp-server : ERR :[tftp_server.c, 230] Info file creation failed..!
05-05 23:03:15.347   515   515 D QSEECOMD: : Init ssd_start ret = 0
05-05 23:03:15.347   515   515 D QSEECOMD: : SSD system services: Started (Listener ID = 12288)
05-05 23:03:15.347   515   515 E QSEECOMD: : Listener: index = 2, hierarchy = 1
05-05 23:03:15.347   515   515 D QSEECOMD: : Init dlopen(libsecureui.so, RTLD_NOW) succeeds
05-05 23:03:15.347   515   515 D QSEECOMD: : Init::Init dlsym(g_FSHandle secure_ui_start) succeeds
05-05 23:03:15.348   515   515 D QSEECOMAPI: QSEECom_register_listener 16384 sb_length = 0x10a8
05-05 23:03:15.348   640   740 E slim_daemon: [NDK] bindNDKSensors: Sensor server is unavailable.
05-05 23:03:15.350   515   515 D QSEECOMD: : Init secure_ui_start ret = 0
05-05 23:03:15.350   515   515 D QSEECOMD: : secure UI services: Started (Listener ID = 16384)
05-05 23:03:15.350   515   515 E QSEECOMD: : Listener: index = 3, hierarchy = 1
05-05 23:03:15.351   547   695 D AudioDaemon: Opening sound card state : /proc/asound/card---/state
05-05 23:03:15.351   547   695 E AudioDaemon: Open /proc/asound/card---/state failed : No such file or directory
05-05 23:03:15.351   547   695 V AudioDaemon: bool android::AudioDaemon::getStateFDs(std::__1::vector<std::__1::pair<int, int> >&): 0 sound cards detected
05-05 23:03:15.351   547   695 E AudioDaemon: Sleeping for 100 ms
05-05 23:03:15.353   490   490 D tftp_server: pid=490 tid=490 tftp-server : DBG :[tftp_server.c, 594] Server waiting for client-connection.
05-05 23:03:15.356   640   745 E         : E/open failed: /dev/mdm: No such file or directory
05-05 23:03:15.357   515   515 D QSEECOMD: : Init dlopen(libdrmtime.so, RTLD_NOW) succeeds
05-05 23:03:15.357   515   515 D QSEECOMD: : Init::Init dlsym(g_FSHandle atime_start) succeeds
05-05 23:03:15.357   515   515 D DrmLibTime: QSEE Time Listener: atime_start
05-05 23:03:15.357   515   515 D QSEECOMAPI: QSEECom_register_listener 11 sb_length = 0x5000
05-05 23:03:15.361   469   469 D libEGL  : loaded /vendor/lib64/egl/libEGL_adreno.so
05-05 23:03:15.363   480   480 I Netd    : Netd 1.0 starting
05-05 23:03:15.364   515   515 D DrmLibTime: registering fs service to QSEECom is done!
05-05 23:03:15.364   515   515 D DrmLibTime: begin to create a thread!
05-05 23:03:15.365   515   515 D DrmLibTime: Creating a pthread in atime_start is done! return 0
05-05 23:03:15.365   515   515 D QSEECOMD: : Init atime_start ret = 0
05-05 23:03:15.365   515   515 D QSEECOMD: : time services: Started (Listener ID = 11)
05-05 23:03:15.365   515   515 E QSEECOMD: : Listener: index = 4, hierarchy = 1
05-05 23:03:15.365   515   515 D QSEECOMD: : Init dlopen(libdrmfs.so, RTLD_NOW) succeeds
05-05 23:03:15.365   515   515 D QSEECOMD: : Init::Init dlsym(g_FSHandle fs_start) succeeds
05-05 23:03:15.365   515   515 D QSEECOMAPI: QSEECom_register_listener 10 sb_length = 0x5000
05-05 23:03:15.371   515   515 D QSEECOMD: : Init fs_start ret = 0
05-05 23:03:15.371   515   515 D QSEECOMD: : file system services: Started (Listener ID = 10)
05-05 23:03:15.371   515   515 E QSEECOMD: : Listener: index = 5, hierarchy = 1
05-05 23:03:15.371   515   515 D QSEECOMD: : Init dlopen(libdrmfs.so, RTLD_NOW) succeeds
05-05 23:03:15.371   515   515 D QSEECOMD: : Init::Init dlsym(g_FSHandle gpfs_start) succeeds
05-05 23:03:15.372   515   515 D QSEECOMAPI: QSEECom_register_listener 28672 sb_length = 0x7e000
05-05 23:03:15.372   506   506 E adsprpc : vendor/qcom/proprietary/adsprpc/src/adsprpcd.c:26:adsp daemon starting
05-05 23:03:15.373   480   480 D QtiConnectivityAdapter: Successfully loaded libconnectivitycontroller
05-05 23:03:15.373   480   480 D         : initConnectivityController cons 
05-05 23:03:15.373   480   480 D ConnectivityController: QtiTetherCommand cons done
05-05 23:03:15.373   480   480 I libconnctrl: Creating a NetlinkRelay
05-05 23:03:15.373   480   480 I libconnctrl: NetlinkRelay constructor
05-05 23:03:15.373   480   480 D TetherController: Setting IP forward enable = 0
05-05 23:03:15.375   480   480 E         : Failed to open libdatactrl, some features may not be present.
05-05 23:03:15.377   515   515 D QSEECOMD: : Init gpfs_start ret = 0
05-05 23:03:15.379   515   515 D QSEECOMD: : gpfile system services: Started (Listener ID = 28672)
05-05 23:03:15.379   515   515 E QSEECOMD: : Listener: index = 6, hierarchy = 1
05-05 23:03:15.400   506   506 E adsprpc : vendor/qcom/proprietary/adsprpc/src/adsp_default_listener.c:28:adsp_default_listener_start started
05-05 23:03:15.432   475   538 E Sensors : sns_reg.c(459):sys.panel.vendor is not available, retry again
05-05 23:03:15.434   515   534 D DrmLibTime: QSEE Time Listener: dispatch
05-05 23:03:15.434   515   534 D DrmLibTime: before calling ioctl to read the next time_cmd
05-05 23:03:15.435   515   515 D QSEECOMD: : Init dlopen(libqisl.so, RTLD_NOW) succeeds
05-05 23:03:15.435   515   515 D QSEECOMD: : Init::Init dlsym(g_FSHandle qisl_start) succeeds
05-05 23:03:15.451   469   469 D libEGL  : loaded /vendor/lib64/egl/libGLESv1_CM_adreno.so
05-05 23:03:15.451   547   695 D AudioDaemon: Opening sound card state : /proc/asound/card---/state
05-05 23:03:15.451   547   695 E AudioDaemon: Open /proc/asound/card---/state failed : No such file or directory
05-05 23:03:15.451   547   695 V AudioDaemon: bool android::AudioDaemon::getStateFDs(std::__1::vector<std::__1::pair<int, int> >&): 0 sound cards detected
05-05 23:03:15.451   547   695 E AudioDaemon: Sleeping for 100 ms
05-05 23:03:15.454   488   488 I keystore: Found keymaster1 module Keymaster QTI HAL, version 100
05-05 23:03:15.455   488   488 I SoftKeymaster: system/keymaster/soft_keymaster_device.cpp, Line 122: Creating device
05-05 23:03:15.455   488   488 D SoftKeymaster: system/keymaster/soft_keymaster_device.cpp, Line 123: Device address: 0x7fa73a3000
05-05 23:03:15.455   515   560 I QISL    : QSEE Interrupt Service Listener Thread is started
05-05 23:03:15.456   515   560 D QSEECOMAPI: QSEECom_register_listener 36864 sb_length = 0x1f4
05-05 23:03:15.460   469   469 D libEGL  : loaded /vendor/lib64/egl/libGLESv2_adreno.so
05-05 23:03:15.467   507   507 E Diag_Lib: qpLogDiagInit <== result : 1
05-05 23:03:15.468   507   507 E Diag_Lib: QMID : gIsQXDMDisabled 0, gIsADBDisabled 1, gIsDebugDisabled 0, gIsIMSLogsDisabled 0
05-05 23:03:15.475   505   505 I ThermalEngine: Thermal daemon started
05-05 23:03:15.477   515   560 I QISL    : QSEE Interrupt Service Listener was activated successfully
05-05 23:03:15.477   515   515 D QSEECOMD: : Init qisl_start ret = 0
05-05 23:03:15.478   515   515 D QSEECOMD: : interrupt services: Started (Listener ID = 36864)
05-05 23:03:15.478   515   515 E QSEECOMD: : Listener: index = 7, hierarchy = 1
05-05 23:03:15.478   512   512 I gatekeeperd: Starting gatekeeperd...
05-05 23:03:15.481   515   515 D QSEECOMD: : Init dlopen(libGPreqcancel.so, RTLD_NOW) succeeds
05-05 23:03:15.481   515   515 D QSEECOMD: : Init::Init dlsym(g_FSHandle gp_reqcancel_start) succeeds
05-05 23:03:15.481   515   515 D QSEECOMAPI: QSEECom_register_listener 4352 sb_length = 0x5000
05-05 23:03:15.482   469   469 I Adreno  : QUALCOMM build                   : 0a3bdfc, Ifb508eebcd
05-05 23:03:15.482   469   469 I Adreno  : Build Date                       : 08/04/16
05-05 23:03:15.482   469   469 I Adreno  : OpenGL ES Shader Compiler Version: XE031.09.00.03
05-05 23:03:15.482   469   469 I Adreno  : Local Branch                     : 
05-05 23:03:15.482   469   469 I Adreno  : Remote Branch                    : 
05-05 23:03:15.482   469   469 I Adreno  : Remote Branch                    : 
05-05 23:03:15.482   469   469 I Adreno  : Reconstruct Branch               : 
05-05 23:03:15.483   515   515 D QSEECOMD: : Init gp_reqcancel_start ret = 0
05-05 23:03:15.484   515   515 D QSEECOMD: : gp request cancellation services: Started (Listener ID = 4352)
05-05 23:03:15.488   505   505 I ThermalEngine: Using target config file '/system/etc/thermal-engine-8996.conf'
05-05 23:03:15.488   505   505 I ThermalEngine: devices_manager_init: Init
05-05 23:03:15.488   505   505 I ThermalEngine: Number of gpus :1
05-05 23:03:15.489   505   505 I Thermal-IOCTL: KTM IOCTL interface "/dev/msm_thermal_query" opened
05-05 23:03:15.489   505   505 E ThermalEngine: update_cpu_topology: Cluster Info[0]. Cluster Id: 0 cpu_bits:0x3 sync:1
05-05 23:03:15.489   505   505 E ThermalEngine: update_cpu_topology: Cluster Info[1]. Cluster Id: 1 cpu_bits:0xc sync:1
05-05 23:03:15.489   505   505 E ThermalEngine: adding voltage device 
05-05 23:03:15.490   505   505 I ThermalEngine: vdd_rstr_init: Init KTM VDD RSTR enabled: 0
05-05 23:03:15.497   505   505 I ThermalEngine: cpr_band_init: Could not read /sys/module/msm_thermal/cpr_band/curr_cpr_band
05-05 23:03:15.497   505   505 I ThermalEngine: sensors_manager_init: Init
05-05 23:03:15.499   498   498 E Energy-Aware: Freq 1804800 does not have power data
05-05 23:03:15.504   636   636 W XTCC-5.1.0.10: [CCC-Main] wifi: 1, ap cell: 0, modem cell: 0, waa: 0, sstp: 0
05-05 23:03:15.505   636   636 E XTCC-5.1.0.10: [StorageMgr] init tile_folder = /data/misc/location/xtwifi
05-05 23:03:15.505   515   515 D QSEECOMAPI: QSEECom_get_handle sb_length = 0x400
05-05 23:03:15.506   515   515 D QSEECOMAPI: App is not loaded in QSEE
05-05 23:03:15.506   515   515 E QSEECOMAPI: Error::Cannot open the file /firmware/image/keymaste.mdt errno = 2
05-05 23:03:15.506   515   515 E QSEECOMAPI: Error::Loading image failed with ret = -1
05-05 23:03:15.507   515   515 D QSEECOMAPI: QSEECom_get_handle sb_length = 0x400
05-05 23:03:15.507   515   515 D QSEECOMAPI: App is already loaded QSEE and app id = 4
05-05 23:03:15.525   523   523 I perfprofd: starting Android Wide Profiling daemon
05-05 23:03:15.525   523   523 E perfprofd: unable to open configuration file /data/data/com.google.android.gms/files/perfprofd.conf
05-05 23:03:15.526   523   523 I perfprofd: random seed set to 765839279
05-05 23:03:15.528   515   515 D QSEECOMD: : QSEECOM DAEMON RUNNING 
05-05 23:03:15.530   546   546 D QC-time-services: Daemon:genoff_pre_init::Base = 0
05-05 23:03:15.530   546   546 D QC-time-services: Daemon:ats_rtc_init: Time read from RTC -- year = 117, month = 4,day = 5
05-05 23:03:15.531   546   546 D QC-time-services: Daemon:Value read from RTC seconds = 1493996595000
05-05 23:03:15.532   546   546 D QC-time-services: Daemon:genoff_init_config: ATS_RTC initialized with rc: 0
05-05 23:03:15.532   546   546 D QC-time-services: Daemon:genoff_pre_init::Base = 1
05-05 23:03:15.532   546   546 D QC-time-services: Daemon: Storage Name: ats_1 
05-05 23:03:15.532   546   546 D QC-time-services: Daemon:Opening File: /data/time/ats_1
05-05 23:03:15.532   546   546 D QC-time-services: Daemon:time_persistent_memory_opr:Genoff Read operation 
05-05 23:03:15.533   546   546 D QC-time-services: Daemon:Unable to open filefor read
05-05 23:03:15.534   546   546 D QC-time-services: Daemon:genoff_post_init:Error in accessing storage
05-05 23:03:15.534   546   546 D QC-time-services: Daemon:genoff_pre_init::Base = 2
05-05 23:03:15.534   546   546 D QC-time-services: Daemon: Storage Name: ats_2 
05-05 23:03:15.534   546   546 D QC-time-services: Daemon:Opening File: /data/time/ats_2
05-05 23:03:15.534   546   546 D QC-time-services: Daemon:time_persistent_memory_opr:Genoff Read operation 
05-05 23:03:15.534   546   546 D QC-time-services: Daemon:Unable to open filefor read
05-05 23:03:15.534   546   546 D QC-time-services: Daemon:genoff_post_init:Error in accessing storage
05-05 23:03:15.534   546   546 D QC-time-services: Daemon:genoff_pre_init::Base = 3
05-05 23:03:15.534   546   546 D QC-time-services: Daemon: Storage Name: ats_3 
05-05 23:03:15.534   546   546 D QC-time-services: Daemon:Opening File: /data/time/ats_3
05-05 23:03:15.534   546   546 D QC-time-services: Daemon:time_persistent_memory_opr:Genoff Read operation 
05-05 23:03:15.534   546   546 D QC-time-services: Daemon:Unable to open filefor read
05-05 23:03:15.534   546   546 D QC-time-services: Daemon:genoff_post_init:Error in accessing storage
05-05 23:03:15.534   546   546 D QC-time-services: Daemon:genoff_pre_init::Base = 4
05-05 23:03:15.535   546   546 D QC-time-services: Daemon: Storage Name: ats_4 
05-05 23:03:15.535   546   546 D QC-time-services: Daemon:Opening File: /data/time/ats_4
05-05 23:03:15.535   546   546 D QC-time-services: Daemon:time_persistent_memory_opr:Genoff Read operation 
05-05 23:03:15.535   546   546 D QC-time-services: Daemon:Unable to open filefor read
05-05 23:03:15.535   546   546 D QC-time-services: Daemon:genoff_post_init:Error in accessing storage
05-05 23:03:15.535   546   546 D QC-time-services: Daemon:genoff_pre_init::Base = 5
05-05 23:03:15.535   546   546 D QC-time-services: Daemon: Storage Name: ats_5 
05-05 23:03:15.535   546   546 D QC-time-services: Daemon:Opening File: /data/time/ats_5
05-05 23:03:15.535   546   546 D QC-time-services: Daemon:time_persistent_memory_opr:Genoff Read operation 
05-05 23:03:15.535   546   546 D QC-time-services: Daemon:Unable to open filefor read
05-05 23:03:15.535   546   546 D QC-time-services: Daemon:genoff_post_init:Error in accessing storage
05-05 23:03:15.535   546   546 D QC-time-services: Daemon:genoff_pre_init::Base = 6
05-05 23:03:15.535   546   546 D QC-time-services: Daemon: Storage Name: ats_6 
05-05 23:03:15.535   546   546 D QC-time-services: Daemon:Opening File: /data/time/ats_6
05-05 23:03:15.535   546   546 D QC-time-services: Daemon:time_persistent_memory_opr:Genoff Read operation 
05-05 23:03:15.536   613   613 I init    : type=1400 audit(0.0:3): avc: denied { create } for name="iop" scontext=u:r:init:s0 tcontext=u:object_r:socket_device:s0 tclass=sock_file permissive=1
05-05 23:03:15.536   613   613 I init    : type=1400 audit(0.0:4): avc: denied { setattr } for name="iop" dev="tmpfs" ino=15132 scontext=u:r:init:s0 tcontext=u:object_r:socket_device:s0 tclass=sock_file permissive=1
05-05 23:03:15.536   546   546 D QC-time-services: Daemon:Unable to open filefor read
05-05 23:03:15.536   546   546 D QC-time-services: Daemon:genoff_post_init:Error in accessing storage
05-05 23:03:15.536   546   546 D QC-time-services: Daemon:genoff_pre_init::Base = 7
05-05 23:03:15.536   546   546 D QC-time-services: Daemon: Storage Name: ats_7 
05-05 23:03:15.536   546   546 D QC-time-services: Daemon:Opening File: /data/time/ats_7
05-05 23:03:15.536   546   546 D QC-time-services: Daemon:time_persistent_memory_opr:Genoff Read operation 
05-05 23:03:15.536   546   546 D QC-time-services: Daemon:Unable to open filefor read
05-05 23:03:15.537   546   546 D QC-time-services: Daemon:genoff_post_init:Error in accessing storage
05-05 23:03:15.537   546   546 D QC-time-services: Daemon:genoff_pre_init::Base = 8
05-05 23:03:15.537   546   546 D QC-time-services: Daemon: Storage Name: ats_8 
05-05 23:03:15.537   546   546 D QC-time-services: Daemon:Opening File: /data/time/ats_8
05-05 23:03:15.537   546   546 D QC-time-services: Daemon:time_persistent_memory_opr:Genoff Read operation 
05-05 23:03:15.537   546   546 D QC-time-services: Daemon:Unable to open filefor read
05-05 23:03:15.537   546   546 D QC-time-services: Daemon:genoff_post_init:Error in accessing storage
05-05 23:03:15.537   546   546 D QC-time-services: Daemon:genoff_pre_init::Base = 9
05-05 23:03:15.537   546   546 D QC-time-services: Daemon: Storage Name: ats_9 
05-05 23:03:15.537   546   546 D QC-time-services: Daemon:Opening File: /data/time/ats_9
05-05 23:03:15.537   546   546 D QC-time-services: Daemon:time_persistent_memory_opr:Genoff Read operation 
05-05 23:03:15.537   546   546 D QC-time-services: Daemon:Unable to open filefor read
05-05 23:03:15.537   546   546 D QC-time-services: Daemon:genoff_post_init:Error in accessing storage
05-05 23:03:15.537   546   546 D QC-time-services: Daemon:genoff_pre_init::Base = 10
05-05 23:03:15.537   546   546 D QC-time-services: Daemon: Storage Name: ats_10 
05-05 23:03:15.537   546   546 D QC-time-services: Daemon:Opening File: /data/time/ats_10
05-05 23:03:15.537   546   546 D QC-time-services: Daemon:time_persistent_memory_opr:Genoff Read operation 
05-05 23:03:15.538   546   546 D QC-time-services: Daemon:Unable to open filefor read
05-05 23:03:15.538   546   546 D QC-time-services: Daemon:genoff_post_init:Error in accessing storage
05-05 23:03:15.538   546   546 D QC-time-services: Daemon:genoff_pre_init::Base = 11
05-05 23:03:15.538   546   546 D QC-time-services: Daemon: Storage Name: ats_11 
05-05 23:03:15.538   546   546 D QC-time-services: Daemon:Opening File: /data/time/ats_11
05-05 23:03:15.538   546   546 D QC-time-services: Daemon:time_persistent_memory_opr:Genoff Read operation 
05-05 23:03:15.538   546   546 D QC-time-services: Daemon:Unable to open filefor read
05-05 23:03:15.538   546   546 D QC-time-services: Daemon:genoff_post_init:Error in accessing storage
05-05 23:03:15.538   546   546 D QC-time-services: Daemon:genoff_pre_init::Base = 12
05-05 23:03:15.538   546   546 D QC-time-services: Daemon: Storage Name: ats_12 
05-05 23:03:15.538   546   546 D QC-time-services: Daemon:Opening File: /data/time/ats_12
05-05 23:03:15.538   546   546 D QC-time-services: Daemon:time_persistent_memory_opr:Genoff Read operation 
05-05 23:03:15.538   546   546 D QC-time-services: Daemon:Unable to open filefor read
05-05 23:03:15.538   546   546 D QC-time-services: Daemon:genoff_post_init:Error in accessing storage
05-05 23:03:15.538   546   546 D QC-time-services: Daemon:genoff_pre_init::Base = 13
05-05 23:03:15.551   556   556 E PerMgrProxy: Starting pm-proxy service
05-05 23:03:15.551   547   695 D AudioDaemon: Opening sound card state : /proc/asound/card---/state
05-05 23:03:15.552   547   695 E AudioDaemon: Open /proc/asound/card---/state failed : No such file or directory
05-05 23:03:15.552   547   695 V AudioDaemon: bool android::AudioDaemon::getStateFDs(std::__1::vector<std::__1::pair<int, int> >&): 0 sound cards detected
05-05 23:03:15.552   547   695 E AudioDaemon: Sleeping for 100 ms
05-05 23:03:15.555   488   488 D QSEECOMAPI: QSEECom_get_handle sb_length = 0xa000
05-05 23:03:15.555   488   488 D QSEECOMAPI: App is already loaded QSEE and app id = 4
05-05 23:03:15.564   488   488 E keymaster1_device: TA API Major Verion: 2
05-05 23:03:15.564   488   488 E keymaster1_device: TA API Minor Verion: 0
05-05 23:03:15.564   488   488 E keymaster1_device: TA Major Verion: 2
05-05 23:03:15.564   488   488 E keymaster1_device: TA Minor Verion: 17
05-05 23:03:15.564   488   488 D SoftKeymaster: system/keymaster/soft_keymaster_device.cpp, Line 173: Reinitializing SoftKeymasterDevice to use HW keymaster1
05-05 23:03:15.572   546   546 D QC-time-services: Daemon: Storage Name: ats_13 
05-05 23:03:15.573   546   546 D QC-time-services: Daemon:Opening File: /data/time/ats_13
05-05 23:03:15.573   546   546 D QC-time-services: Daemon:time_persistent_memory_opr:Genoff Read operation 
05-05 23:03:15.573   546   546 D QC-time-services: Daemon:Unable to open filefor read
05-05 23:03:15.573   546   546 D QC-time-services: Daemon:genoff_post_init:Error in accessing storage
05-05 23:03:15.573   546   546 D QC-time-services: Daemon:genoff_pre_init::Base = 14
05-05 23:03:15.573   546   546 D QC-time-services: Daemon: Storage Name: ats_14 
05-05 23:03:15.573   546   546 D QC-time-services: Daemon:Opening File: /data/time/ats_14
05-05 23:03:15.573   546   546 D QC-time-services: Daemon:time_persistent_memory_opr:Genoff Read operation 
05-05 23:03:15.573   546   546 D QC-time-services: Daemon:Unable to open filefor read
05-05 23:03:15.573   546   546 D QC-time-services: Daemon:genoff_post_init:Error in accessing storage
05-05 23:03:15.573   546   546 D QC-time-services: Daemon:genoff_init_config: Other bases initilized, exiting genoff_init
05-05 23:03:15.573   546   546 D QC-time-services: Daemon:rtc_get: Time read from RTC -- MM/DD/YY HH:MM:SS4/5/117 15:3:15
05-05 23:03:15.573   546   546 D QC-time-services: Daemon:Value read from RTC mseconds = 1493996595000
05-05 23:03:15.573   546   546 D QC-time-services: Daemon:Value read from QTimer mseconds = 9821
05-05 23:03:15.573   546   546 D QC-time-services: Daemon:genoff_opr: Base = 1, val = 547910033408, operation = 1
05-05 23:03:15.573   546   546 D QC-time-services: Daemon: genoff get for 1
05-05 23:03:15.573   546   546 D QC-time-services: Daemon:Value read from QTimer mseconds = 9821
05-05 23:03:15.573   546   546 D QC-time-services: Daemon:Value read from RTC mseconds on boot = 1493996595000
05-05 23:03:15.573   546   546 D QC-time-services: Daemon:Value read from QTimer mseconds = 9821
05-05 23:03:15.574   546   546 D QC-time-services: Daemon:Value read from generic offset = 0
05-05 23:03:15.574   546   546 D QC-time-services: Daemon:Delta read on boot mseconds = 1493996585179
05-05 23:03:15.574   546   546 D QC-time-services: Daemon:Final Time = 1493996595000
05-05 23:03:15.574   546   546 E QC-time-services: Daemon:genoff_boot_tod_init: Unable to open alarm device
05-05 23:03:15.574   546   546 E QC-time-services: Daemon:genoff_boot_tod_init: Updating system time to sec=1493996595, usec=0
05-05 23:03:15.590   762   762 I qcom-bluetooth: /system/etc/init.qcom.bt.sh: Bluetooth stack is Bluedroid 
05-05 23:03:15.596   636   636 I xtwifi-client: type=1400 audit(0.0:5): avc: denied { write } for name="property_service" dev="tmpfs" ino=13181 scontext=u:r:location:s0 tcontext=u:object_r:property_socket:s0 tclass=sock_file permissive=1
05-05 23:03:15.596   636   636 I xtwifi-client: type=1400 audit(0.0:6): avc: denied { connectto } for path="/dev/socket/property_service" scontext=u:r:location:s0 tcontext=u:r:init:s0 tclass=unix_stream_socket permissive=1
05-05 23:03:15.598   636   636 E XTCC-5.1.0.10: [CacheMgr] populateSavedBalacklistedAps: failed: 101
05-05 23:03:15.599   527   625 E QCALOG  : [MessageQ] ProcessNewMessage: [NOT_REGISTERED:636] unknown deliver target [OS-Agent]
05-05 23:03:15.600   636   636 E XTCC-5.1.0.10: [FDAL_Manager] init: failed to retrieve WLAN_FDAL_ENABLEMENT_CONTROL, default true
05-05 23:03:15.621   636   767 E         : E/open failed: /dev/mdm: No such file or directory
05-05 23:03:15.622   636   767 E Diag_Lib:  Diag_LSM_Init: Failed to open handle to diag driver, error = 13
05-05 23:03:15.652   547   695 D AudioDaemon: Opening sound card state : /proc/asound/card---/state
05-05 23:03:15.652   547   695 E AudioDaemon: Open /proc/asound/card---/state failed : No such file or directory
05-05 23:03:15.652   547   695 V AudioDaemon: bool android::AudioDaemon::getStateFDs(std::__1::vector<std::__1::pair<int, int> >&): 0 sound cards detected
05-05 23:03:15.653   547   695 E AudioDaemon: Sleeping for 100 ms
05-05 23:03:15.753   547   695 D AudioDaemon: Opening sound card state : /proc/asound/card---/state
