05-06 10:23:39.177   549   549 D QC-time-services: Daemon:time_persistent_memory_opr:Genoff Read operation 
05-06 10:23:39.177   549   549 D QC-time-services: Daemon:Unable to open filefor read
05-06 10:23:39.177   549   549 D QC-time-services: Daemon:genoff_post_init:Error in accessing storage
05-06 10:23:39.177   549   549 D QC-time-services: Daemon:genoff_pre_init::Base = 8
05-06 10:23:39.177   549   549 D QC-time-services: Daemon: Storage Name: ats_8 
05-06 10:23:39.177   549   549 D QC-time-services: Daemon:Opening File: /data/time/ats_8
05-06 10:23:39.177   549   549 D QC-time-services: Daemon:time_persistent_memory_opr:Genoff Read operation 
05-06 10:23:39.177   549   549 D QC-time-services: Daemon:Unable to open filefor read
05-06 10:23:39.177   549   549 D QC-time-services: Daemon:genoff_post_init:Error in accessing storage
05-06 10:23:39.177   549   549 D QC-time-services: Daemon:genoff_pre_init::Base = 9
05-06 10:23:39.177   549   549 D QC-time-services: Daemon: Storage Name: ats_9 
05-06 10:23:39.177   549   549 D QC-time-services: Daemon:Opening File: /data/time/ats_9
05-06 10:23:39.177   530   530 I gatekeeperd: Starting gatekeeperd...
05-06 10:23:39.177   549   549 D QC-time-services: Daemon:time_persistent_memory_opr:Genoff Read operation 
05-06 10:23:39.178   549   549 D QC-time-services: Daemon:Unable to open filefor read
05-06 10:23:39.178   549   549 D QC-time-services: Daemon:genoff_post_init:Error in accessing storage
05-06 10:23:39.178   549   549 D QC-time-services: Daemon:genoff_pre_init::Base = 10
05-06 10:23:39.178   549   549 D QC-time-services: Daemon: Storage Name: ats_10 
05-06 10:23:39.180   554   554 D DisplayFeatureService: supported id: 1
05-06 10:23:39.181   554   554 D DisplayFeatureService: supported id: 2
05-06 10:23:39.181   554   554 D DisplayFeatureService: supported id: 3
05-06 10:23:39.181   554   554 D DisplayFeatureService: supported id: 4
05-06 10:23:39.181   554   554 D DisplayFeatureService: supported id: 5
05-06 10:23:39.181   554   554 D DisplayFeatureService: supported id: 6
05-06 10:23:39.181   543   543 I fingerprintd: Starting fingerprintd
05-06 10:23:39.185   510   510 E Energy-Aware: Freq 1804800 does not have power data
05-06 10:23:39.187   536   608 E QMI_FW  : QMUXD: WARNING qmi_qmux_if_pwr_up_init failed! rc=-1
05-06 10:23:39.187   530   530 D gatekeeper_device: HwGkOpen called
05-06 10:23:39.187   530   530 D QSEECOMAPI: QSEECom_get_handle sb_length = 0xa000
05-06 10:23:39.187   530   530 D QSEECOMAPI: App is already loaded QSEE and app id = 4
05-06 10:23:39.189   553   553 I TLOC    : [main       ]"TLOC DAEMON main thread [Compiled on: Jul 30 2016:04:05:38]"
05-06 10:23:39.189   553   553 D TLOC    : [TLOCDaemon ]"---------- TLOC Daemon Starts ----------"
05-06 10:23:39.189   553   553 D TLOC    : [TLOCChannel]"The channel was initialized successfully for TLOCD"
05-06 10:23:39.189   553   553 D TLOC    : [TLOCChannel]"The channel was initialized successfully for TLOCL"
05-06 10:23:39.189   553   553 D TLOC    : [TLOCChannel]"The channel was initialized successfully for MODEM"
05-06 10:23:39.189   553   553 D TLOC    : [TLOCChannel]"TLOCChannel was initialized successfully"
05-06 10:23:39.189   553   553 D TLOC    : [TLOCChannel] "TLOCChannel is already initialized"
05-06 10:23:39.191   554   554 I displayfeature: ServiceManager: 0x7f988e10c0
05-06 10:23:39.194   530   530 I gatekeeperd: cold boot: clearing state
05-06 10:23:39.198   514   514 E Diag_Lib: qpLogDiagInit <== result : 1
05-06 10:23:39.198   514   514 E Diag_Lib: QMID : gIsQXDMDisabled 0, gIsADBDisabled 1, gIsDebugDisabled 0, gIsIMSLogsDisabled 0
05-06 10:23:39.204   554   554 I DisplayFeatureService: add DisplayFeatureControl into ServiceManager
05-06 10:23:39.210   512   512 E ThermalEngine: bcl_setup: Error opening /sys/devices/soc/soc:qcom,bcl/iavail
05-06 10:23:39.210   512   512 E ThermalEngine: add_tgt_sensors_set: Error adding bcl
05-06 10:23:39.210   512   512 E ThermalEngine: sensors_init: Error adding BCL TS
05-06 10:23:39.211   512   512 I ThermalEngine: Loading config file for virtual sensor
05-06 10:23:39.211   512   512 I ThermalEngine: Loading configuration file /system/etc/thermal-engine-8996.conf
05-06 10:23:39.212   512   512 I ThermalEngine: Parsing section global
05-06 10:23:39.213   512   512 I ThermalEngine: [VIRTUAL-CPUS]
05-06 10:23:39.213   512   512 I ThermalEngine: #algo_type virtual
05-06 10:23:39.213   512   512 I ThermalEngine: trip_sensor tsens_tz_sensor11
05-06 10:23:39.213   512   512 I ThermalEngine: set_point 75000
05-06 10:23:39.213   512   512 I ThermalEngine: set_point_clr 65000
05-06 10:23:39.214   512   512 I ThermalEngine: sensors tsens_tz_sensor4 tsens_tz_sensor6 tsens_tz_sensor9 tsens_tz_sensor11
05-06 10:23:39.214   512   512 I ThermalEngine: weights
05-06 10:23:39.214   512   512 I ThermalEngine: sampling 250
05-06 10:23:39.214   512   512 I ThermalEngine: math 2
05-06 10:23:39.214   512   512 I ThermalEngine: Loading configuration file /system/etc/thermal-engine-8996.conf
05-06 10:23:39.214   512   512 I ThermalEngine: Parsing section global
05-06 10:23:39.214   512   512 I ThermalEngine: Found section 'SS-CPUS-ALL'
05-06 10:23:39.215   512   512 I ThermalEngine: Algo Type 'ss'
05-06 10:23:39.215   512   512 I ThermalEngine: Parsing section SS-CPUS-ALL
05-06 10:23:39.215   512   512 I ThermalEngine: Found field 'sampling'
05-06 10:23:39.215   512   512 I ThermalEngine: Found field 'sensor'
05-06 10:23:39.215   512   512 I ThermalEngine: Found field 'device'
05-06 10:23:39.215   512   512 I ThermalEngine: Found field 'set_point'
05-06 10:23:39.215   512   512 I ThermalEngine: Found field 'set_point_clr'
05-06 10:23:39.215   512   512 I ThermalEngine: Found field 'time_constant'
05-06 10:23:39.215   512   512 I ThermalEngine: Found field 'device_perf_floor'
05-06 10:23:39.215   512   512 I ThermalEngine: Created section 'SKIN-SS-GOLD'
05-06 10:23:39.215   512   512 I ThermalEngine: Algo Type 'ss'
05-06 10:23:39.215   512   512 I ThermalEngine: Parsing section SKIN-SS-GOLD
05-06 10:23:39.215   512   512 I ThermalEngine: Found field 'sampling'
05-06 10:23:39.215   512   512 I ThermalEngine: Found field 'sensor'
05-06 10:23:39.215   512   512 I ThermalEngine: Found field 'device'
05-06 10:23:39.215   512   512 I ThermalEngine: Found field 'set_point'
05-06 10:23:39.215   512   512 I ThermalEngine: Found field 'set_point_clr'
05-06 10:23:39.215   512   512 I ThermalEngine: Found field 'time_constant'
05-06 10:23:39.216   512   512 I ThermalEngine: Found field 'device_perf_floor'
05-06 10:23:39.216   512   512 I ThermalEngine: Created section 'SKIN-SS-GOLD-AND-SILVER'
05-06 10:23:39.216   512   512 I ThermalEngine: Algo Type 'ss'
05-06 10:23:39.216   512   512 I ThermalEngine: Parsing section SKIN-SS-GOLD-AND-SILVER
05-06 10:23:39.216   512   512 I ThermalEngine: Found field 'sampling'
05-06 10:23:39.216   512   512 I ThermalEngine: Found field 'sensor'
05-06 10:23:39.216   512   512 I ThermalEngine: Found field 'device'
05-06 10:23:39.216   512   512 I ThermalEngine: Found field 'set_point'
05-06 10:23:39.216   512   512 I ThermalEngine: Found field 'set_point_clr'
05-06 10:23:39.216   512   512 I ThermalEngine: Found field 'time_constant'
05-06 10:23:39.216   512   512 I ThermalEngine: Found field 'device_perf_floor'
05-06 10:23:39.216   512   512 I ThermalEngine: Created section 'SKIN-SS-CPUS-ALL'
05-06 10:23:39.216   512   512 I ThermalEngine: Algo Type 'ss'
05-06 10:23:39.216   512   512 I ThermalEngine: Parsing section SKIN-SS-CPUS-ALL
05-06 10:23:39.216   512   512 I ThermalEngine: Found field 'sampling'
05-06 10:23:39.216   512   512 I ThermalEngine: Found field 'sensor'
05-06 10:23:39.216   512   512 I ThermalEngine: Found field 'device'
05-06 10:23:39.216   512   512 I ThermalEngine: Found field 'set_point'
05-06 10:23:39.216   512   512 I ThermalEngine: Found field 'set_point_clr'
05-06 10:23:39.217   512   512 I ThermalEngine: Found field 'time_constant'
05-06 10:23:39.217   512   512 I ThermalEngine: Found section 'SS-GPU'
05-06 10:23:39.217   512   512 I ThermalEngine: Algo Type 'ss'
05-06 10:23:39.217   512   512 I ThermalEngine: Parsing section SS-GPU
05-06 10:23:39.217   512   512 I ThermalEngine: Found field 'sampling'
05-06 10:23:39.217   512   512 I ThermalEngine: Found field 'sensor'
05-06 10:23:39.217   512   512 I ThermalEngine: Found field 'device'
05-06 10:23:39.217   512   512 I ThermalEngine: Found field 'set_point'
05-06 10:23:39.217   512   512 I ThermalEngine: Found field 'set_point_clr'
05-06 10:23:39.217   512   512 I ThermalEngine: Found field 'time_constant'
05-06 10:23:39.217   512   512 I ThermalEngine: Found field 'device_perf_floor'
05-06 10:23:39.217   512   512 I ThermalEngine: Created section 'GPU_management'
05-06 10:23:39.217   512   512 I ThermalEngine: Algo Type 'monitor'
05-06 10:23:39.217   512   512 I ThermalEngine: Parsing section GPU_management
05-06 10:23:39.217   512   512 I ThermalEngine: Found field 'sensor'
05-06 10:23:39.217   512   512 I ThermalEngine: Found field 'sampling'
05-06 10:23:39.217   512   512 I ThermalEngine: Found field 'thresholds'
05-06 10:23:39.217   512   512 I ThermalEngine: Found field 'thresholds_clr'
05-06 10:23:39.217   512   512 I ThermalEngine: Found field 'actions'
05-06 10:23:39.218   512   512 I ThermalEngine: Found field 'action_info'
05-06 10:23:39.218   512   512 I ThermalEngine: Created section 'SKIN-BATTERY-MONITOR'
05-06 10:23:39.218   512   512 I ThermalEngine: Algo Type 'monitor'
05-06 10:23:39.218   512   512 I ThermalEngine: Parsing section SKIN-BATTERY-MONITOR
05-06 10:23:39.218   512   512 I ThermalEngine: Found field 'sampling'
05-06 10:23:39.218   549   549 D QC-time-services: Daemon:Opening File: /data/time/ats_10
05-06 10:23:39.218   512   512 I ThermalEngine: Found field 'sensor'
05-06 10:23:39.218   549   549 D QC-time-services: Daemon:time_persistent_memory_opr:Genoff Read operation 
05-06 10:23:39.218   549   549 D QC-time-services: Daemon:Unable to open filefor read
05-06 10:23:39.218   549   549 D QC-time-services: Daemon:genoff_post_init:Error in accessing storage
05-06 10:23:39.218   549   549 D QC-time-services: Daemon:genoff_pre_init::Base = 11
05-06 10:23:39.218   549   549 D QC-time-services: Daemon: Storage Name: ats_11 
05-06 10:23:39.218   512   512 I ThermalEngine: Found field 'thresholds'
05-06 10:23:39.218   549   549 D QC-time-services: Daemon:Opening File: /data/time/ats_11
05-06 10:23:39.218   549   549 D QC-time-services: Daemon:time_persistent_memory_opr:Genoff Read operation 
05-06 10:23:39.218   549   549 D QC-time-services: Daemon:Unable to open filefor read
05-06 10:23:39.219   512   512 I ThermalEngine: Found field 'thresholds_clr'
05-06 10:23:39.219   549   549 D QC-time-services: Daemon:genoff_post_init:Error in accessing storage
05-06 10:23:39.219   512   512 I ThermalEngine: Found field 'actions'
05-06 10:23:39.219   549   549 D QC-time-services: Daemon:genoff_pre_init::Base = 12
05-06 10:23:39.219   549   549 D QC-time-services: Daemon: Storage Name: ats_12 
05-06 10:23:39.219   549   549 D QC-time-services: Daemon:Opening File: /data/time/ats_12
05-06 10:23:39.219   549   549 D QC-time-services: Daemon:time_persistent_memory_opr:Genoff Read operation 
05-06 10:23:39.219   549   549 D QC-time-services: Daemon:Unable to open filefor read
05-06 10:23:39.220   549   549 D QC-time-services: Daemon:genoff_post_init:Error in accessing storage
05-06 10:23:39.220   549   549 D QC-time-services: Daemon:genoff_pre_init::Base = 13
05-06 10:23:39.220   549   549 D QC-time-services: Daemon: Storage Name: ats_13 
05-06 10:23:39.220   549   549 D QC-time-services: Daemon:Opening File: /data/time/ats_13
05-06 10:23:39.220   549   549 D QC-time-services: Daemon:time_persistent_memory_opr:Genoff Read operation 
05-06 10:23:39.220   549   549 D QC-time-services: Daemon:Unable to open filefor read
05-06 10:23:39.220   549   549 D QC-time-services: Daemon:genoff_post_init:Error in accessing storage
05-06 10:23:39.220   549   549 D QC-time-services: Daemon:genoff_pre_init::Base = 14
05-06 10:23:39.220   549   549 D QC-time-services: Daemon: Storage Name: ats_14 
05-06 10:23:39.220   549   549 D QC-time-services: Daemon:Opening File: /data/time/ats_14
05-06 10:23:39.220   549   549 D QC-time-services: Daemon:time_persistent_memory_opr:Genoff Read operation 
05-06 10:23:39.220   549   549 D QC-time-services: Daemon:Unable to open filefor read
05-06 10:23:39.220   549   549 D QC-time-services: Daemon:genoff_post_init:Error in accessing storage
05-06 10:23:39.220   549   549 D QC-time-services: Daemon:genoff_init_config: Other bases initilized, exiting genoff_init
05-06 10:23:39.220   549   549 D QC-time-services: Daemon:rtc_get: Time read from RTC -- MM/DD/YY HH:MM:SS4/6/117 2:23:38
05-06 10:23:39.220   549   549 D QC-time-services: Daemon:Value read from RTC mseconds = 1494037418000
05-06 10:23:39.220   549   549 D QC-time-services: Daemon:Value read from QTimer mseconds = 11109
05-06 10:23:39.220   549   549 D QC-time-services: Daemon:genoff_opr: Base = 1, val = 547609825280, operation = 1
05-06 10:23:39.220   549   549 D QC-time-services: Daemon: genoff get for 1
05-06 10:23:39.220   549   549 D QC-time-services: Daemon:Value read from QTimer mseconds = 11109
05-06 10:23:39.220   549   549 D QC-time-services: Daemon:Value read from RTC mseconds on boot = 1494037418000
05-06 10:23:39.220   549   549 D QC-time-services: Daemon:Value read from QTimer mseconds = 11109
05-06 10:23:39.220   549   549 D QC-time-services: Daemon:Value read from generic offset = 0
05-06 10:23:39.220   549   549 D QC-time-services: Daemon:Delta read on boot mseconds = 1494037406891
05-06 10:23:39.220   549   549 D QC-time-services: Daemon:Final Time = 1494037418000
05-06 10:23:39.220   549   549 E QC-time-services: Daemon:genoff_boot_tod_init: Unable to open alarm device
05-06 10:23:39.220   549   549 E QC-time-services: Daemon:genoff_boot_tod_init: Updating system time to sec=1494037418, usec=0
05-06 10:23:39.236   552   766 D AudioDaemon: Opening sound card state : /proc/asound/card---/state
05-06 10:23:39.236   552   766 E AudioDaemon: Open /proc/asound/card---/state failed : No such file or directory
05-06 10:23:39.236   552   766 V AudioDaemon: bool android::AudioDaemon::getStateFDs(std::__1::vector<std::__1::pair<int, int> >&): 0 sound cards detected
05-06 10:23:39.236   552   766 E AudioDaemon: Sleeping for 100 ms
05-06 10:23:39.280   472   472 D SurfaceFlinger: shader cache generated - 24 shaders in 403.862427 ms
05-06 10:23:39.288   472   472 D qdutils : DEBUG_CALC_FPS: 0
05-06 10:23:39.289   472   472 D qdutils : period: 10
05-06 10:23:39.289   472   472 D qdutils : ignorethresh_us: 500000
05-06 10:23:39.332   595   750 E slim_daemon: [NDK] bindNDKSensors: Sensor server is unavailable.
05-06 10:23:39.336   552   766 D AudioDaemon: Opening sound card state : /proc/asound/card---/state
05-06 10:23:39.336   552   766 E AudioDaemon: Open /proc/asound/card---/state failed : No such file or directory
05-06 10:23:39.336   552   766 V AudioDaemon: bool android::AudioDaemon::getStateFDs(std::__1::vector<std::__1::pair<int, int> >&): 0 sound cards detected
05-06 10:23:39.337   552   766 E AudioDaemon: Sleeping for 100 ms
05-06 10:23:39.437   552   766 D AudioDaemon: Opening sound card state : /proc/asound/card---/state
05-06 10:23:39.438   552   766 E AudioDaemon: Open /proc/asound/card---/state failed : No such file or directory
05-06 10:23:39.438   552   766 V AudioDaemon: bool android::AudioDaemon::getStateFDs(std::__1::vector<std::__1::pair<int, int> >&): 0 sound cards detected
05-06 10:23:39.438   552   766 E AudioDaemon: Sleeping for 100 ms
05-06 10:23:39.464   548   548 D QVOP    : main: App build date: Sep 21 2016 01:04:51
05-06 10:23:39.464   548   548 D QVOP    : main: voiceprint not enabled, suspending
05-06 10:23:39.498   528   528 D AndroidRuntime: >>>>>> START com.android.internal.os.ZygoteInit uid 0 <<<<<<
05-06 10:23:39.503   542   542 D mm-camera: < INFO> 420: void init(): memleak lib init.
05-06 10:23:39.503   542   542 D mm-camera: < INFO> 439: void init(): memleak tracer not attached
05-06 10:23:39.538   552   766 D AudioDaemon: Opening sound card state : /proc/asound/card---/state
05-06 10:23:39.538   552   766 E AudioDaemon: Open /proc/asound/card---/state failed : No such file or directory
05-06 10:23:39.538   552   766 V AudioDaemon: bool android::AudioDaemon::getStateFDs(std::__1::vector<std::__1::pair<int, int> >&): 0 sound cards detected
05-06 10:23:39.538   552   766 E AudioDaemon: Sleeping for 100 ms
05-06 10:23:39.539   528   528 D AndroidRuntime: CheckJNI is OFF
05-06 10:23:39.539   528   528 E cutils-trace: Error opening trace file: No such file or directory (2)
05-06 10:23:39.540   528   528 I art     : option[0]=-Xzygote
05-06 10:23:39.540   528   528 I art     : option[1]=-Xstacktracefile:/data/anr/traces.txt
05-06 10:23:39.540   528   528 I art     : option[2]=exit
05-06 10:23:39.540   528   528 I art     : option[3]=vfprintf
05-06 10:23:39.540   528   528 I art     : option[4]=sensitiveThread
05-06 10:23:39.540   528   528 I art     : option[5]=-verbose:gc
05-06 10:23:39.542   528   528 I art     : option[6]=-Xms8m
05-06 10:23:39.542   528   528 I art     : option[7]=-Xmx1024m
05-06 10:23:39.542   528   528 I art     : option[8]=-XX:HeapGrowthLimit=384m
05-06 10:23:39.542   528   528 I art     : option[9]=-XX:HeapMinFree=512k
05-06 10:23:39.542   528   528 I art     : option[10]=-XX:HeapMaxFree=8m
05-06 10:23:39.542   528   528 I art     : option[11]=-XX:HeapTargetUtilization=0.75
05-06 10:23:39.542   528   528 I art     : option[12]=-agentlib:jdwp=transport=dt_android_adb,suspend=n,server=y
05-06 10:23:39.542   528   528 I art     : option[13]=-Xlockprofthreshold:500
05-06 10:23:39.542   528   528 I art     : option[14]=-Ximage-compiler-option
05-06 10:23:39.542   528   528 I art     : option[15]=--runtime-arg
05-06 10:23:39.542   528   528 I art     : option[16]=-Ximage-compiler-option
05-06 10:23:39.543   528   528 I art     : option[17]=-Xms64m
05-06 10:23:39.543   528   528 I art     : option[18]=-Ximage-compiler-option
05-06 10:23:39.543   528   528 I art     : option[19]=--runtime-arg
05-06 10:23:39.543   528   528 I art     : option[20]=-Ximage-compiler-option
05-06 10:23:39.543   528   528 I art     : option[21]=-Xmx64m
05-06 10:23:39.543   528   528 I art     : option[22]=-Ximage-compiler-option
05-06 10:23:39.543   528   528 I art     : option[23]=--image-classes=/system/etc/preloaded-classes
05-06 10:23:39.543   537   568 E QCALOG  : [MessageQ] ProcessNewMessage: [GTP-FDAL] unknown deliver target [OS-Agent]
05-06 10:23:39.543   528   528 I art     : option[24]=-Xcompiler-option
05-06 10:23:39.543   528   528 I art     : option[25]=--runtime-arg
05-06 10:23:39.543   537   568 E QCALOG  : [MessageQ] ProcessNewMessage: [GTP-FDAL] unknown deliver target [IZAT-MANAGER]
05-06 10:23:39.543   528   528 I art     : option[26]=-Xcompiler-option
05-06 10:23:39.543   537   568 E QCALOG  : [MessageQ] ProcessNewMessage: [GTP-FDAL] unknown deliver target [LOWI-SERVER]
05-06 10:23:39.543   528   528 I art     : option[27]=-Xms64m
05-06 10:23:39.543   528   528 I art     : option[28]=-Xcompiler-option
05-06 10:23:39.543   528   528 I art     : option[29]=--runtime-arg
05-06 10:23:39.543   528   528 I art     : option[30]=-Xcompiler-option
05-06 10:23:39.544   528   528 I art     : option[31]=-Xmx512m
05-06 10:23:39.544   528   528 I art     : option[32]=-Ximage-compiler-option
05-06 10:23:39.544   528   528 I art     : option[33]=--instruction-set-variant=kryo
05-06 10:23:39.544   528   528 I art     : option[34]=-Xcompiler-option
05-06 10:23:39.544   528   528 I art     : option[35]=--instruction-set-variant=kryo
05-06 10:23:39.544   528   528 I art     : option[36]=-Ximage-compiler-option
05-06 10:23:39.544   528   528 I art     : option[37]=--instruction-set-features=default
05-06 10:23:39.544   528   528 I art     : option[38]=-Xcompiler-option
05-06 10:23:39.544   528   528 I art     : option[39]=--instruction-set-features=default
05-06 10:23:39.544   528   528 I art     : option[40]=-Duser.locale=zh-CN
05-06 10:23:39.544   528   528 I art     : option[41]=--cpu-abilist=arm64-v8a
05-06 10:23:39.544   528   528 I art     : option[42]=-Xfingerprint:Xiaomi/gemini/gemini:6.0.1/MXB48T/V8.0.2.0.MAAMIDG:user/release-keys
05-06 10:23:39.546   542   542 E mm-camera: <SENSOR><ERROR> 385: eebin_read: failed!
05-06 10:23:39.546   542   542 E mm-camera: <SENSOR><ERROR> 385: eebin_read: failed!
05-06 10:23:39.546   542   542 E mm-camera: <SENSOR><ERROR> 496: sensor_init_probe: failed: to probe eeprom bin sensors (non-fatal)
05-06 10:23:39.559   555   555 I Dpps    : static DppsServer *DppsServer::GetInstance(): DppsServer ref count increased to 1
05-06 10:23:39.560   555   555 I Dpps    : AbaContext():18 ABA context instantiation
05-06 10:23:39.560   555   555 I Dpps    : AmbientLightContext():17 AL context instantiation
05-06 10:23:39.560   555   555 I Dpps    : InitFeatureContext():171 Initialize feature context
05-06 10:23:39.560   555   555 I Dpps    : InitFeatureContext():203 ABA context is not enabled
05-06 10:23:39.560   555   555 I Dpps    : InitContext():69 display_fd 5, panel 0, sensor type 2 display_type 0
05-06 10:23:39.561   555   555 I Dpps    : OpenCommonSysfsFds():341 lcd_bl_event_fd_ is 8
05-06 10:23:39.561   555   555 I Dpps    : OpenCommonSysfsFds():350 blank_event_fd_ is 9
05-06 10:23:39.561   555   555 I Dpps    : OpenCommonSysfsFds():358 lcd_brightness_fd_ is 11
05-06 10:23:39.561   555   555 I Dpps    : SelectLightSensor():468 sensor_type 2
05-06 10:23:39.561   555   555 I Dpps    : SelectLightSensor():471 sensor_type_ 2
05-06 10:23:39.561   555   555 I Dpps    : InitLightSensor():503 sensor_type_ 2
05-06 10:23:39.561   555   555 I Dpps    : InitLightSensor():524 light sensor initialization ret 0
05-06 10:23:39.561   555   555 I Dpps    : CreateAmbientLightThread():141 Create AL thread
05-06 10:23:39.561   555   555 I Dpps    : CreateAmbientLightThread():160 Create AL thread done ret 0
05-06 10:23:39.561   555   555 I Dpps    : InitFeatureContext():223 Initialize feature context done ret 0
05-06 10:23:39.561   555   831 I Dpps    : ProcessAmbientLightThread():98 AL thread execution started
05-06 10:23:39.561   555   830 I Dpps    : PollThreadLoop():111 Getting manager and light sensor instance
05-06 10:23:39.562   555   830 I ServiceManager: Waiting for service permission...
05-06 10:23:39.589   528   528 I art     : Pruning dalvik-cache since we are generating an image and will need to recompile
05-06 10:23:39.589   528   528 I art     : Using an offset of 0xf39000 from default art base address of 0x70000000
05-06 10:23:39.589   528   528 I art     : GenerateImage: /system/bin/dex2oat --image=/data/dalvik-cache/arm64/system@framework@boot.art --dex-file=/system/framework/core-libart.jar --dex-file=/system/framework/conscrypt.jar --dex-file=/system/framework/okhttp.jar --dex-file=/system/framework/core-junit.jar --dex-file=/system/framework/bouncycastle.jar --dex-file=/system/framework/ext.jar --dex-file=/system/framework/framework.jar --dex-file=/system/framework/telephony-common.jar --dex-file=/system/framework/voip-common.jar --dex-file=/system/framework/ims-common.jar --dex-file=/system/framework/apache-xml.jar --dex-file=/system/framework/org.apache.http.legacy.boot.jar --dex-file=/system/framework/flyme-framework.jar --dex-file=/system/framework/flyme-telephony-common.jar --oat-file=/data/dalvik-cache/arm64/system@framework@boot.oat --instruction-set=arm64 --instruction-set-features=smp,a53 --base=0x70f39000 --runtime-arg -Xms64m --runtime-arg -Xmx64m --image-classes=/system/etc/preloaded-classes --instruction-set-variant=kryo --instruction-set-feat
05-06 10:23:39.634   529   529 D AndroidRuntime: >>>>>> START com.android.internal.os.ZygoteInit uid 0 <<<<<<
05-06 10:23:39.639   552   766 D AudioDaemon: Opening sound card state : /proc/asound/card---/state
05-06 10:23:39.639   552   766 E AudioDaemon: Open /proc/asound/card---/state failed : No such file or directory
05-06 10:23:39.639   552   766 V AudioDaemon: bool android::AudioDaemon::getStateFDs(std::__1::vector<std::__1::pair<int, int> >&): 0 sound cards detected
05-06 10:23:39.639   552   766 E AudioDaemon: Sleeping for 100 ms
05-06 10:23:39.640   529   529 D AndroidRuntime: CheckJNI is OFF
05-06 10:23:39.640   477   498 E Sensors : sns_reg.c(500):sys.panel.color is 2
05-06 10:23:39.641   529   529 E cutils-trace: Error opening trace file: No such file or directory (2)
05-06 10:23:39.641   529   529 I art     : option[0]=-Xzygote
05-06 10:23:39.642   529   529 I art     : option[1]=-Xstacktracefile:/data/anr/traces.txt
05-06 10:23:39.642   529   529 I art     : option[2]=exit
05-06 10:23:39.642   529   529 I art     : option[3]=vfprintf
05-06 10:23:39.642   529   529 I art     : option[4]=sensitiveThread
05-06 10:23:39.642   529   529 I art     : option[5]=-verbose:gc
05-06 10:23:39.642   529   529 I art     : option[6]=-Xms8m
05-06 10:23:39.642   529   529 I art     : option[7]=-Xmx1024m
05-06 10:23:39.642   529   529 I art     : option[8]=-XX:HeapGrowthLimit=384m
05-06 10:23:39.642   529   529 I art     : option[9]=-XX:HeapMinFree=512k
05-06 10:23:39.642   529   529 I art     : option[10]=-XX:HeapMaxFree=8m
05-06 10:23:39.642   529   529 I art     : option[11]=-XX:HeapTargetUtilization=0.75
05-06 10:23:39.642   529   529 I art     : option[12]=-agentlib:jdwp=transport=dt_android_adb,suspend=n,server=y
05-06 10:23:39.642   529   529 I art     : option[13]=-Xlockprofthreshold:500
05-06 10:23:39.643   529   529 I art     : option[14]=-Ximage-compiler-option
05-06 10:23:39.643   529   529 I art     : option[15]=--runtime-arg
05-06 10:23:39.643   529   529 I art     : option[16]=-Ximage-compiler-option
05-06 10:23:39.643   529   529 I art     : option[17]=-Xms64m
05-06 10:23:39.643   529   529 I art     : option[18]=-Ximage-compiler-option
05-06 10:23:39.643   529   529 I art     : option[19]=--runtime-arg
05-06 10:23:39.643   529   529 I art     : option[20]=-Ximage-compiler-option
05-06 10:23:39.643   529   529 I art     : option[21]=-Xmx64m
05-06 10:23:39.643   529   529 I art     : option[22]=-Ximage-compiler-option
05-06 10:23:39.643   529   529 I art     : option[23]=--image-classes=/system/etc/preloaded-classes
05-06 10:23:39.643   529   529 I art     : option[24]=-Xcompiler-option
05-06 10:23:39.643   529   529 I art     : option[25]=--runtime-arg
05-06 10:23:39.643   529   529 I art     : option[26]=-Xcompiler-option
05-06 10:23:39.643   529   529 I art     : option[27]=-Xms64m
05-06 10:23:39.643   529   529 I art     : option[28]=-Xcompiler-option
05-06 10:23:39.643   529   529 I art     : option[29]=--runtime-arg
05-06 10:23:39.643   529   529 I art     : option[30]=-Xcompiler-option
05-06 10:23:39.643   529   529 I art     : option[31]=-Xmx512m
05-06 10:23:39.643   529   529 I art     : option[32]=-Ximage-compiler-option
05-06 10:23:39.643   529   529 I art     : option[33]=--instruction-set-variant=cortex-a53
05-06 10:23:39.643   529   529 I art     : option[34]=-Xcompiler-option
05-06 10:23:39.643   529   529 I art     : option[35]=--instruction-set-variant=cortex-a53
05-06 10:23:39.643   529   529 I art     : option[36]=-Ximage-compiler-option
05-06 10:23:39.644   529   529 I art     : option[37]=--instruction-set-features=default
05-06 10:23:39.644   529   529 I art     : option[38]=-Xcompiler-option
05-06 10:23:39.644   529   529 I art     : option[39]=--instruction-set-features=default
05-06 10:23:39.644   529   529 I art     : option[40]=-Duser.locale=zh-CN
05-06 10:23:39.644   529   529 I art     : option[41]=--cpu-abilist=armeabi-v7a,armeabi
05-06 10:23:39.644   529   529 I art     : option[42]=-Xfingerprint:Xiaomi/gemini/gemini:6.0.1/MXB48T/V8.0.2.0.MAAMIDG:user/release-keys
05-06 10:23:39.649   479   500 D PerMgrSrv: modem new state: is on-line
05-06 10:23:39.649   479   504 D PerMgrSrv: modem state: is on-line, add client QCRIL
05-06 10:23:39.649   479   504 D PerMgrSrv: QCRIL registered
05-06 10:23:39.649   479   719 D PerMgrSrv: modem state: is on-line, add client QCRIL
05-06 10:23:39.649   479   719 D PerMgrSrv: QCRIL registered
05-06 10:23:39.650   539   539 D PerMgrLib: QCRIL successfully registered for modem
05-06 10:23:39.650   486   486 D PerMgrLib: QCRIL successfully registered for modem
05-06 10:23:39.653   529   529 I art     : Pruning dalvik-cache since we are generating an image and will need to recompile
05-06 10:23:39.653   529   529 I art     : Using an offset of 0xc3c000 from default art base address of 0x70000000
05-06 10:23:39.653   529   529 I art     : GenerateImage: /system/bin/dex2oat --image=/data/dalvik-cache/arm/system@framework@boot.art --dex-file=/system/framework/core-libart.jar --dex-file=/system/framework/conscrypt.jar --dex-file=/system/framework/okhttp.jar --dex-file=/system/framework/core-junit.jar --dex-file=/system/framework/bouncycastle.jar --dex-file=/system/framework/ext.jar --dex-file=/system/framework/framework.jar --dex-file=/system/framework/telephony-common.jar --dex-file=/system/framework/voip-common.jar --dex-file=/system/framework/ims-common.jar --dex-file=/system/framework/apache-xml.jar --dex-file=/system/framework/org.apache.http.legacy.boot.jar --dex-file=/system/framework/flyme-framework.jar --dex-file=/system/framework/flyme-telephony-common.jar --oat-file=/data/dalvik-cache/arm/system@framework@boot.oat --instruction-set=arm --instruction-set-features=smp,-div,-atomic_ldrd_strd --base=0x70c3c000 --runtime-arg -Xms64m --runtime-arg -Xmx64m --image-classes=/system/etc/preloaded-classes --instruction-set-variant=cortex-a53 --i
05-06 10:23:39.680   542   542 E mm-camera: <SENSOR><ERROR> 672: eeprom_init: Eeprom Driver has either Power setting size or mem map size as 0
05-06 10:23:39.680   542   542 E mm-camera: <SENSOR><ERROR> 810: eeprom_process: eeprom_init failed
05-06 10:23:39.680   542   542 E mm-camera: <SENSOR><ERROR> 6588: module_sensor_init_eeprom: Failed in EEPROM_INIT
05-06 10:23:39.680   542   542 E mm-camera: <SENSOR><ERROR> sony_imx298_eeprom_format_calibration_data: 469: Total bytes in OTP buffer: 2245
05-06 10:23:39.680   542   542 E mm-camera: <SENSOR><ERROR> sony_imx298_eeprom_format_wbdata: 139: Enter
05-06 10:23:39.680   542   542 E mm-camera: <SENSOR><ERROR> sony_imx298_eeprom_format_wbdata: 150: AWB : b/gb = 0.614258
05-06 10:23:39.680   542   542 E mm-camera: <SENSOR><ERROR> sony_imx298_eeprom_format_wbdata: 151: AWB : gr/gb = 0.999023
05-06 10:23:39.680   542   542 E mm-camera: <SENSOR><ERROR> sony_imx298_eeprom_format_wbdata: 158: Exit
05-06 10:23:39.680   542   542 E mm-camera: <SENSOR><ERROR> sony_imx298_eeprom_format_afdata: 179: Enter
05-06 10:23:39.680   542   542 E mm-camera: <SENSOR><ERROR> sony_imx298_eeprom_format_afdata: 204: AF : macro 806 infinity 177 (no starting DAC set to infinity)
05-06 10:23:39.680   542   542 E mm-camera: <SENSOR><ERROR> sony_imx298_eeprom_format_afdata: 206: LYN AF horizontal reference : macro 780 infinity 256
05-06 10:23:39.680   542   542 E mm-camera: <SENSOR><ERROR> sony_imx298_eeprom_format_afdata: 207: Exit
05-06 10:23:39.680   542   542 E mm-camera: <SENSOR><ERROR> sony_imx298_eeprom_format_lscdata: 226: Enter
05-06 10:23:39.680   542   542 E mm-camera: <SENSOR><ERROR> sony_imx298_eeprom_format_lscdata: 231: LSC : empty or invalid data
05-06 10:23:39.680   542   542 E mm-camera: <SENSOR><ERROR> sony_imx298_eeprom_format_spcdata: 315: Enter
05-06 10:23:39.680   542   542 E mm-camera: <SENSOR><ERROR> sony_imx298_eeprom_format_spcdata: 338: Exit OTP: SPCData[0]: addr: 0x7E00, data: 0x7, 0xB5
05-06 10:23:39.680   542   542 E mm-camera: <SENSOR><ERROR> sony_imx298_eeprom_format_dccdata: 414: Enter
05-06 10:23:39.680   542   542 E mm-camera: <SENSOR><ERROR> sony_imx298_eeprom_format_dccdata: 451: Exit OTP SlopeData[0]: u6.10: 0x9f0d, float: 39.762695
05-06 10:23:39.682   542   542 E mm-camera: <SENSOR><ERROR> 672: eeprom_init: Eeprom Driver has either Power setting size or mem map size as 0
05-06 10:23:39.682   542   542 E mm-camera: <SENSOR><ERROR> 810: eeprom_process: eeprom_init failed
05-06 10:23:39.682   542   542 E mm-camera: <SENSOR><ERROR> 6588: module_sensor_init_eeprom: Failed in EEPROM_INIT
05-06 10:23:39.682   542   542 E mm-camera: <SENSOR><ERROR> ov4688_eeprom_format_wbdata: 277: DEBUGOTP: Read AWB data from layer 0
05-06 10:23:39.682   542   542 E mm-camera: <SENSOR><ERROR> ov4688_eeprom_format_wbdata_table: 212: OTP: AWB rg = 213, bg = 268
05-06 10:23:39.682   542   542 E mm-camera: <SENSOR><ERROR> ov4688_eeprom_format_wbdata_table: 238: OTP:LightType[6]:awb_r_over_gr: 1.000000,awb_b_over_gr: 1.015228,awb_gr_over_gb: 1.015228
05-06 10:23:39.697   833   833 I dex2oat : /system/bin/dex2oat --image=/data/dalvik-cache/arm64/system@framework@boot.art --dex-file=/system/framework/core-libart.jar --dex-file=/system/framework/conscrypt.jar --dex-file=/system/framework/okhttp.jar --dex-file=/system/framework/core-junit.jar --dex-file=/system/framework/bouncycastle.jar --dex-file=/system/framework/ext.jar --dex-file=/system/framework/framework.jar --dex-file=/system/framework/telephony-common.jar --dex-file=/system/framework/voip-common.jar --dex-file=/system/framework/ims-common.jar --dex-file=/system/framework/apache-xml.jar --dex-file=/system/framework/org.apache.http.legacy.boot.jar --dex-file=/system/framework/flyme-framework.jar --dex-file=/system/framework/flyme-telephony-common.jar --oat-file=/data/dalvik-cache/arm64/system@framework@boot.oat --instruction-set=arm64 --instruction-set-features=smp,a53 --base=0x70f39000 --runtime-arg -Xms64m --runtime-arg -Xmx64m --image-classes=/system/etc/preloaded-classes --instruction-set-variant=kryo --instruction-set-features=default
05-06 10:23:39.697   833   833 E cutils-trace: Error opening trace file: No such file or directory (2)
05-06 10:23:39.699   833   833 I dex2oat : setting boot class path to /system/framework/core-libart.jar:/system/framework/conscrypt.jar:/system/framework/okhttp.jar:/system/framework/core-junit.jar:/system/framework/bouncycastle.jar:/system/framework/ext.jar:/system/framework/framework.jar:/system/framework/telephony-common.jar:/system/framework/voip-common.jar:/system/framework/ims-common.jar:/system/framework/apache-xml.jar:/system/framework/org.apache.http.legacy.boot.jar:/system/framework/flyme-framework.jar:/system/framework/flyme-telephony-common.jar
05-06 10:23:39.726   846   846 I dex2oat : /system/bin/dex2oat --image=/data/dalvik-cache/arm/system@framework@boot.art --dex-file=/system/framework/core-libart.jar --dex-file=/system/framework/conscrypt.jar --dex-file=/system/framework/okhttp.jar --dex-file=/system/framework/core-junit.jar --dex-file=/system/framework/bouncycastle.jar --dex-file=/system/framework/ext.jar --dex-file=/system/framework/framework.jar --dex-file=/system/framework/telephony-common.jar --dex-file=/system/framework/voip-common.jar --dex-file=/system/framework/ims-common.jar --dex-file=/system/framework/apache-xml.jar --dex-file=/system/framework/org.apache.http.legacy.boot.jar --dex-file=/system/framework/flyme-framework.jar --dex-file=/system/framework/flyme-telephony-common.jar --oat-file=/data/dalvik-cache/arm/system@framework@boot.oat --instruction-set=arm --instruction-set-features=smp,-div,-atomic_ldrd_strd --base=0x70c3c000 --runtime-arg -Xms64m --runtime-arg -Xmx64m --image-classes=/system/etc/preloaded-classes --instruction-set-variant=cortex-a53 --instruction-set-
05-06 10:23:39.726   846   846 E cutils-trace: Error opening trace file: No such file or directory (2)
05-06 10:23:39.727   846   846 I dex2oat : setting boot class path to /system/framework/core-libart.jar:/system/framework/conscrypt.jar:/system/framework/okhttp.jar:/system/framework/core-junit.jar:/system/framework/bouncycastle.jar:/system/framework/ext.jar:/system/framework/framework.jar:/system/framework/telephony-common.jar:/system/framework/voip-common.jar:/system/framework/ims-common.jar:/system/framework/apache-xml.jar:/system/framework/org.apache.http.legacy.boot.jar:/system/framework/flyme-framework.jar:/system/framework/flyme-telephony-common.jar
05-06 10:23:39.739   552   766 D AudioDaemon: Opening sound card state : /proc/asound/card---/state
05-06 10:23:39.740   552   766 E AudioDaemon: Open /proc/asound/card---/state failed : No such file or directory
05-06 10:23:39.740   552   766 V AudioDaemon: bool android::AudioDaemon::getStateFDs(std::__1::vector<std::__1::pair<int, int> >&): 0 sound cards detected
05-06 10:23:39.740   552   766 E AudioDaemon: Sleeping for 100 ms
05-06 10:23:39.758   474   474 I rmt_storage: rmt_storage_connect_cb: clnt_h=0x1 conn_h=0x7faa5ba000
05-06 10:23:39.758   474   474 I rmt_storage: rmt_storage_open_cb: /boot/modem_fs1: clnt_h=0x1: req_h=0x1 msg_id=1: Client found
05-06 10:23:39.758   474   474 I rmt_storage: rmt_storage_open_cb: /boot/modem_fs1: clnt_h=0x1: req_h=0x1 msg_id=1: Send response: res=0 err=0
05-06 10:23:39.761   474   474 I rmt_storage: rmt_storage_disconnect_cb: clnt_h=0x1 conn_h=0x7faa5ba000
05-06 10:23:39.761   474   474 I rmt_storage: rmt_storage_connect_cb: clnt_h=0x2 conn_h=0x7faa5ba000
05-06 10:23:39.762   474   474 I rmt_storage: rmt_storage_open_cb: /boot/modem_fs2: clnt_h=0x2: req_h=0x2 msg_id=1: Client found
05-06 10:23:39.762   474   474 I rmt_storage: rmt_storage_open_cb: /boot/modem_fs2: clnt_h=0x2: req_h=0x2 msg_id=1: Send response: res=0 err=0
05-06 10:23:39.762   474   474 I rmt_storage: rmt_storage_disconnect_cb: clnt_h=0x2 conn_h=0x7faa5ba000
05-06 10:23:39.762   474   855 I rmt_storage: rmt_storage_client_thread: /boot/modem_fs1: clnt_h=0x2 Worker thread started
05-06 10:23:39.762   474   855 I rmt_storage: wake lock name: rmt_storage_548314543168, name creation success: 24
05-06 10:23:39.762   474   474 I rmt_storage: rmt_storage_connect_cb: clnt_h=0x3 conn_h=0x7faa5ba000
05-06 10:23:39.763   474   474 I rmt_storage: rmt_storage_open_cb: /boot/modem_fsg: clnt_h=0x3: req_h=0x3 msg_id=1: Client found
05-06 10:23:39.763   474   474 I rmt_storage: rmt_storage_open_cb: /boot/modem_fsg: clnt_h=0x3: req_h=0x3 msg_id=1: Send response: res=0 err=0
05-06 10:23:39.763   474   474 I rmt_storage: rmt_storage_disconnect_cb: clnt_h=0x3 conn_h=0x7faa5ba000
05-06 10:23:39.763   474   474 I rmt_storage: rmt_storage_connect_cb: clnt_h=0x4 conn_h=0x7faa5ba000
05-06 10:23:39.763   474   474 I rmt_storage: rmt_storage_open_cb: /boot/modem_fsc: clnt_h=0x4: req_h=0x4 msg_id=1: Client found
05-06 10:23:39.763   474   474 I rmt_storage: rmt_storage_open_cb: /boot/modem_fsc: clnt_h=0x4: req_h=0x4 msg_id=1: Send response: res=0 err=0
05-06 10:23:39.764   474   474 I rmt_storage: rmt_storage_disconnect_cb: clnt_h=0x4 conn_h=0x7faa5ba000
05-06 10:23:39.765   474   474 I rmt_storage: rmt_storage_connect_cb: clnt_h=0x5 conn_h=0x7faa5ba000
05-06 10:23:39.765   474   474 I rmt_storage: rmt_storage_alloc_buff_cb: /boot/modem_fs1: clnt_h=0x5: req_h=0x5 msg_id=4: Alloc request received: Size: 0
05-06 10:23:39.766   474   474 I rmt_storage: rmt_storage_alloc_buff_cb: /boot/modem_fs1: clnt_h=0x5: req_h=0x5 msg_id=4: New client making a dummy request with buffer req size 0
05-06 10:23:39.766   474   474 I rmt_storage: rmt_storage_alloc_buff_cb: /boot/modem_fs1: clnt_h=0x5: req_h=0x5 msg_id=4: Send response: res=0 err=0
05-06 10:23:39.766   474   474 I rmt_storage: rmt_storage_disconnect_cb: clnt_h=0x5 conn_h=0x7faa5ba000
05-06 10:23:39.766   474   474 I rmt_storage: rmt_storage_connect_cb: clnt_h=0x6 conn_h=0x7faa5ba000
05-06 10:23:39.766   474   474 I rmt_storage: rmt_storage_rw_iovec_cb: /boot/modem_fs1: clnt_h=0x6: req_h=0x6 msg_id=3: R/W request received
05-06 10:23:39.766   474   474 I rmt_storage: wakelock acquired: 1, error no: 42
05-06 10:23:39.767   474   855 I rmt_storage: rmt_storage_client_thread: /boot/modem_fs1: clnt_h=0x6 Unblock worker thread (th_id: 548314543168)
05-06 10:23:39.767   474   855 I rmt_storage: rmt_storage_client_thread: /boot/modem_fs1: clnt_h=0x6: req_h=0x6 msg_id=3: Bytes read = 512
05-06 10:23:39.767   474   855 I rmt_storage: rmt_storage_client_thread: /boot/modem_fs1: clnt_h=0x6: req_h=0x6 msg_id=3: Send response: res=0 err=0
05-06 10:23:39.767   474   855 I rmt_storage: rmt_storage_client_thread: /boot/modem_fs1: clnt_h=0x6 About to block rmt_storage client thread (th_id: 548314543168) wakelock released: 1, error no: 0
05-06 10:23:39.767   474   855 I rmt_storage: 
05-06 10:23:39.770   474   474 I rmt_storage: rmt_storage_disconnect_cb: clnt_h=0x6 conn_h=0x7faa5ba000
05-06 10:23:39.770   474   857 I rmt_storage: rmt_storage_client_thread: /boot/modem_fsg: clnt_h=0x6 Worker thread started
05-06 10:23:39.770   474   474 I rmt_storage: rmt_storage_connect_cb: clnt_h=0x7 conn_h=0x7faa5ba000
05-06 10:23:39.770   474   474 I rmt_storage: rmt_storage_rw_iovec_cb: /boot/modem_fs2: clnt_h=0x7: req_h=0x7 msg_id=3: R/W request received
05-06 10:23:39.770   474   474 I rmt_storage: wakelock acquired: 1, error no: 42
05-06 10:23:39.770   474   857 I rmt_storage: wake lock name: rmt_storage_548312454208, name creation success: 24
05-06 10:23:39.770   474   856 I rmt_storage: rmt_storage_client_thread: /boot/modem_fs2: clnt_h=0x7 Worker thread started
05-06 10:23:39.770   474   856 I rmt_storage: wake lock name: rmt_storage_548313498688, name creation success: 24
05-06 10:23:39.770   474   858 I rmt_storage: rmt_storage_client_thread: /boot/modem_fsc: clnt_h=0x7 Worker thread started
05-06 10:23:39.770   474   858 I rmt_storage: wake lock name: rmt_storage_548311409728, name creation success: 24
05-06 10:23:39.771   474   856 I rmt_storage: rmt_storage_client_thread: /boot/modem_fs2: clnt_h=0x7: req_h=0x7 msg_id=3: Bytes read = 512
05-06 10:23:39.771   474   856 I rmt_storage: rmt_storage_client_thread: /boot/modem_fs2: clnt_h=0x7: req_h=0x7 msg_id=3: Send response: res=0 err=0
05-06 10:23:39.771   474   856 I rmt_storage: rmt_storage_client_thread: /boot/modem_fs2: clnt_h=0x7 About to block rmt_storage client thread (th_id: 548313498688) wakelock released: 0, error no: 22
05-06 10:23:39.771   474   856 I rmt_storage: 
05-06 10:23:39.771   474   474 I rmt_storage: rmt_storage_disconnect_cb: clnt_h=0x7 conn_h=0x7faa5ba000
05-06 10:23:39.773   474   474 I rmt_storage: rmt_storage_connect_cb: clnt_h=0x8 conn_h=0x7faa5ba000
05-06 10:23:39.773   474   474 I rmt_storage: rmt_storage_rw_iovec_cb: /boot/modem_fs2: clnt_h=0x8: req_h=0x8 msg_id=3: R/W request received
05-06 10:23:39.773   474   474 I rmt_storage: wakelock acquired: 1, error no: 42
05-06 10:23:39.773   474   856 I rmt_storage: rmt_storage_client_thread: /boot/modem_fs2: clnt_h=0x8 Unblock worker thread (th_id: 548313498688)
05-06 10:23:39.783   474   856 I rmt_storage: rmt_storage_client_thread: /boot/modem_fs2: clnt_h=0x8: req_h=0x8 msg_id=3: Bytes read = 2096128
05-06 10:23:39.783   474   856 I rmt_storage: rmt_storage_client_thread: /boot/modem_fs2: clnt_h=0x8: req_h=0x8 msg_id=3: Send response: res=0 err=0
05-06 10:23:39.783   474   856 I rmt_storage: rmt_storage_client_thread: /boot/modem_fs2: clnt_h=0x8 About to block rmt_storage client thread (th_id: 548313498688) wakelock released: 1, error no: 22
05-06 10:23:39.783   474   856 I rmt_storage: 
05-06 10:23:39.783   474   474 I rmt_storage: rmt_storage_disconnect_cb: clnt_h=0x8 conn_h=0x7faa5ba000
05-06 10:23:39.796   486   710 D PerMgrLib: QCRIL voting for modem
05-06 10:23:39.796   479   500 D PerMgrSrv: QCRIL voting for modem
05-06 10:23:39.796   479   500 D PerMgrSrv: modem num voters is 2
05-06 10:23:39.838   489   489 E cutils-trace: Error opening trace file: No such file or directory (2)
05-06 10:23:39.840   552   766 D AudioDaemon: Opening sound card state : /proc/asound/card---/state
05-06 10:23:39.840   552   766 E AudioDaemon: Open /proc/asound/card---/state failed : No such file or directory
05-06 10:23:39.840   552   766 V AudioDaemon: bool android::AudioDaemon::getStateFDs(std::__1::vector<std::__1::pair<int, int> >&): 0 sound cards detected
05-06 10:23:39.840   552   766 E AudioDaemon: Sleeping for 100 ms
05-06 10:23:39.908   493   493 D tftp_server: pid=493 tid=493 tftp-server : DBG :[tftp_os_wakelocks_la.c, 302] Wake-lock acquired successfully
05-06 10:23:39.908   493   493 D tftp_server: pid=493 tid=493 tftp-server : DBG :[tftp_server.c, 594] Server waiting for client-connection.
05-06 10:23:39.913   493   873 D tftp_server: pid=493 tid=873 tftp-server : DBG :[tftp_server_utils.c, 101] Normalized file [/readwrite/server_check.txt] to : [/system/rfs/msm/mpss/readwrite/server_chec
05-06 10:23:39.913   493   873 D tftp_server: pid=493 tid=873 tftp-server : DBG :[tftp_server.c, 718] Using temp file[/system/rfs/msm/mpss/readwrite/server_check.txt.rfs_tmp] for atomic put
05-06 10:23:39.913   549   671 E QMI_FW  : QMUXD: WARNING qmi_qmux_if_pwr_up_init failed! rc=-1
05-06 10:23:39.913   493   873 E tftp_server: pid=493 tid=873 tftp-server : ERR :[tftp_protocol.c, 1143] sending error-pkt. Code = 2, Msg = Err=13 String=Permission denied
05-06 10:23:39.913   549   671 E QC-time-services: Daemon:genoff_modem_qmi_service_request: qmi_client_get_service_list returned 0num_services 1
05-06 10:23:39.913   493   873 D tftp_server: pid=493 tid=873 tftp-server : DBG :[tftp_server.c, 1511] WRQ stats in us:
05-06 10:23:39.913   493   873 D tftp_server: pid=493 tid=873 tftp-server : DBG :[tftp_server.c, 1512] Total API = 637
05-06 10:23:39.914   493   873 D tftp_server: pid=493 tid=873 tftp-server : DBG :[tftp_server.c, 1514] Total-TX = 75
05-06 10:23:39.914   493   873 D tftp_server: pid=493 tid=873 tftp-server : DBG :[tftp_server.c, 1516] Total-RX = 0
05-06 10:23:39.914   493   873 D tftp_server: pid=493 tid=873 tftp-server : DBG :[tftp_server.c, 1518] Max-TX = 75
05-06 10:23:39.914   549   671 E QMI_FW  : QMUXD: WARNING qmi_qmux_if_pwr_up_init failed! rc=-1
05-06 10:23:39.914   493   873 D tftp_server: pid=493 tid=873 tftp-server : DBG :[tftp_server.c, 1520] Max-RX = 0
05-06 10:23:39.914   493   873 D tftp_server: pid=493 tid=873 tftp-server : DBG :[tftp_server.c, 1522] Min-TX = 75
05-06 10:23:39.914   493   873 D tftp_server: pid=493 tid=873 tftp-server : DBG :[tftp_server.c, 1524] Min-RX = 4294967295
05-06 10:23:39.914   493   873 D tftp_server: pid=493 tid=873 tftp-server : DBG :[tftp_os_wakelocks_la.c, 332] Wake-lock released successfully
05-06 10:23:39.914   549   671 E QMI_FW  : QMUXD: WARNING qmi_qmux_if_pwr_up_init failed! rc=-1
05-06 10:23:39.915   549   671 E QMI_FW  : QMUXD: WARNING qmi_qmux_if_pwr_up_init failed! rc=-1
05-06 10:23:39.920   549   671 D QC-time-services: Daemon:genoff_modem_qmi_service_request: Initial transaction successfull
05-06 10:23:39.920   549   874 E QC-time-services: Daemon:tod_update_ind_cb: Got Update from modem msg_id 40
05-06 10:23:39.941   552   766 D AudioDaemon: Opening sound card state : /proc/asound/card---/state
05-06 10:23:39.941   552   766 E AudioDaemon: Open /proc/asound/card---/state failed : No such file or directory
05-06 10:23:39.941   552   766 V AudioDaemon: bool android::AudioDaemon::getStateFDs(std::__1::vector<std::__1::pair<int, int> >&): 0 sound cards detected
05-06 10:23:39.941   552   766 E AudioDaemon: Sleeping for 100 ms
05-06 10:23:39.944   542   542 D mm-camera: <MCT   >< INFO> 96: server_process_module_init: Begin init mods
05-06 10:23:39.945   542   542 E mm-camera: <IFACE ><ERROR> 11575: iface_util_setloglevel: iface_util_setloglevel:11575 IFACE_Loglevel 1
05-06 10:23:40.041   552   766 D AudioDaemon: Opening sound card state : /proc/asound/card0/state
05-06 10:23:40.041   552   766 V AudioDaemon: bool android::AudioDaemon::getStateFDs(std::__1::vector<std::__1::pair<int, int> >&): 1 sound cards detected
05-06 10:23:40.042   552   766 V AudioDaemon: bool android::AudioDaemon::getDeviceEventFDs(): 0 audio device event detected
05-06 10:23:40.042   552   766 E AudioDaemon: No audio device events detected
05-06 10:23:40.042   552   766 D AudioDaemon: Opening cpe0_state : /proc/asound/card0/cpe0_state
05-06 10:23:40.042   552   766 D AudioDaemon: cpe state opened: /proc/asound/card0/cpe0_state
05-06 10:23:40.042   552   766 D AudioDaemon: number of sndcards 1 CPEs 1
05-06 10:23:40.042   552   766 D AudioDaemon: read for sound card state change before while
05-06 10:23:40.042   552   766 D AudioDaemon: sound card state file content: ONLINE
05-06 10:23:40.042   552   766 D AudioDaemon:  before while
05-06 10:23:40.042   552   766 E AudioDaemon: put cur_state to online
05-06 10:23:40.042   552   766 D AudioDaemon: cur_state=0, bootup_complete=0
05-06 10:23:40.042   552   766 E AudioDaemon: sound card up is deteced before while
05-06 10:23:40.042   552   766 E AudioDaemon: bootup_complete set to 1
05-06 10:23:40.042   552   766 D AudioDaemon: CPE 0 state file content: ONLINE
05-06 10:23:40.042   552   766 D AudioDaemon:  before while
05-06 10:23:40.042   552   766 D AudioDaemon: CPE state online
05-06 10:23:40.042   552   766 D AudioDaemon: CPE boot up completed before polling
05-06 10:23:40.042   552   766 E AudioDaemon: read for event state change before while
05-06 10:23:40.042   552   766 D AudioDaemon: poll() for sound card state change 
05-06 10:23:40.042   552   766 D AudioDaemon: out of poll() for sound card state change, SNDCARD size=2
05-06 10:23:40.042   552   766 D AudioDaemon: poll() for sound card state change 
05-06 10:23:40.147   477   838 E Sensors : mag_cal.c(1609):mag_cal_sam_init: Unknown UUID(1) f6ae80fe-942b-4d56
05-06 10:23:40.148   477   838 E Sensors : mag_cal.c(1614):mag_cal_sam_init: Unknown UUID(2) 8f16-61d5981b6190
05-06 10:23:40.148   477   838 E Sensors : sns_sam.c(4433):Failed to register algorithm service 16 with SAM
05-06 10:23:40.166   542   542 D mm-camera: <ISP   >< INFO> 876: module_isp_init: module 0xf461ba80
05-06 10:23:40.186   477   956 E Sensors : sns_debug_main.c(544):Debug Config File missing in EFS!
