05-06 10:25:18.784  1618  2294 W PackageManager: Not granting permission android.permission.INTERACT_ACROSS_USERS_FULL to package com.meizu.media.life (protectionLevel=258 flags=0x38c83e45)
05-06 10:25:18.784  1618  2294 W PackageManager: Not granting permission android.permission.WRITE_MEDIA_STORAGE to package com.meizu.media.life (protectionLevel=18 flags=0x38c83e45)
05-06 10:25:18.784  1618  2294 W PackageManager: Unknown permission android.webkit.permission.PLUGIN in package com.meizu.media.life
05-06 10:25:18.784  1618  2294 W PackageManager: Not granting permission android.permission.ACCESS_DOWNLOAD_MANAGER to package com.meizu.media.life (protectionLevel=18 flags=0x38c83e45)
05-06 10:25:18.784  1618  2294 W PackageManager: Not granting permission com.meizu.stats.permission.READ_USAGESTATS to package com.meizu.media.life (protectionLevel=18 flags=0x38c83e45)
05-06 10:25:18.784  1618  2294 W PackageManager: Not granting permission android.permission.LOCAL_MAC_ADDRESS to package com.meizu.media.life (protectionLevel=18 flags=0x38c83e45)
05-06 10:25:18.785  1618  2294 W PackageManager: Unknown permission android.permission.ROOT_RECOVERY_STATE in package com.meizu.flyme.weather
05-06 10:25:18.808  1618  2293 D EventHub: No input device configuration file found for device 'synaptics_dsx_stylus'.
05-06 10:25:18.808  1618  2293 I EventHub: New device: id=7, fd=125, path='/dev/input/event3', name='synaptics_dsx_stylus', classes=0x4, configuration='', keyLayout='', keyCharacterMap='', builtinKeyboard=false, wakeMechanism=EPOLLWAKEUP, usingClockIoctl=true
05-06 10:25:18.809  1618  2293 E EventHub: could not get driver version for /dev/input/mouse1, Not a typewriter
05-06 10:25:18.822  1618  2293 D EventHub: No input device configuration file found for device 'synaptics_dsx'.
05-06 10:25:18.823  1618  2293 E filemap : mmap(0,4096) failed: No such device
05-06 10:25:18.829  1618  2293 W EventHub: Unable to disable kernel key repeat for /dev/input/event2: Function not implemented
05-06 10:25:18.830  1618  2293 I EventHub: New device: id=8, fd=124, path='/dev/input/event2', name='synaptics_dsx', classes=0x15, configuration='', keyLayout='/system/usr/keylayout/synaptics_dsx.kl', keyCharacterMap='/system/usr/keychars/Generic.kcm', builtinKeyboard=false, wakeMechanism=EPOLLWAKEUP, usingClockIoctl=true
05-06 10:25:18.832  1618  2293 I InputReader: Device added: id=-1, name='Virtual', sources=0x00000301
05-06 10:25:18.833  1618  2293 I InputReader:   Touch device 'synaptics_dsx' could not query the properties of its associated display.  The device will be inoperable until the display size becomes available.
05-06 10:25:18.833  1618  2293 I InputReader: Device added: id=8, name='synaptics_dsx', sources=0x00001103
05-06 10:25:18.833  1618  2293 I InputReader:   Touch device 'synaptics_dsx_stylus' could not query the properties of its associated display.  The device will be inoperable until the display size becomes available.
05-06 10:25:18.833  1618  2293 I InputReader: Device added: id=7, name='synaptics_dsx_stylus', sources=0x00005002
05-06 10:25:18.833  1618  2293 I InputReader: Device added: id=6, name='gpio-keys', sources=0x80000101
05-06 10:25:18.834  1618  2293 I InputReader: Device added: id=4, name='qpnp_pon', sources=0x00000101
05-06 10:25:18.834  1618  2293 I InputReader:   Touch device 'qbt1000_key_input' could not query the properties of its associated display.  The device will be inoperable until the display size becomes available.
05-06 10:25:18.834  1618  2293 I InputReader: Device added: id=3, name='qbt1000_key_input', sources=0x00002103
05-06 10:25:18.834  1618  2293 I InputReader: Device added: id=2, name='msm8996-tasha-mtp-snd-card Headset Jack', sources=0x80000000
05-06 10:25:18.834  1618  2293 I InputReader: Device added: id=1, name='msm8996-tasha-mtp-snd-card Button Jack', sources=0x00000101
05-06 10:25:18.834  1618  2293 I InputReader: Reconfiguring input devices.  changes=0x00000004
05-06 10:25:18.843  1618  2293 I InputReader: Device reconfigured: id=3, name='qbt1000_key_input', size 1080x1920, orientation 0, mode 4, display id 0
05-06 10:25:18.843  1618  2293 I InputReader: Device reconfigured: id=7, name='synaptics_dsx_stylus', size 1080x1920, orientation 0, mode 1, display id 0
05-06 10:25:18.843  1618  2293 I InputReader: Device reconfigured: id=8, name='synaptics_dsx', size 1080x1920, orientation 0, mode 1, display id 0
05-06 10:25:18.843  1618  2293 W InputReader:   VirtualKey 217: could not obtain key code, ignoring
05-06 10:25:18.844  1618  2291 I ActivityManager: Config changes=8 {1.0 ?mcc?mnc zh_CN ldltr sw360dp w360dp h618dp 480dpi nrml long port finger -keyb/h/h -nav/h s.5}
05-06 10:25:18.877  2297  2297 I dex2oat : dex2oat took 104.295ms (threads: 4) arena alloc=574KB java alloc=254KB native alloc=1483KB free=2MB
05-06 10:25:18.883  1618  2294 W MountService: No primary storage defined yet; hacking together a stub
05-06 10:25:18.883  1618  2294 W MountService: No primary storage defined yet; hacking together a stub
05-06 10:25:18.884  1618  2294 W MountService: No primary storage mounted!
05-06 10:25:18.884  1618  2294 D VoldConnector: SND -> {2 asec list}
05-06 10:25:18.884  1618  2295 D VoldConnector: RCV <- {200 2 asec operation succeeded}
05-06 10:25:18.885  1618  1618 I PackageManager.DexOptimizer: Running dexopt (dex2oat) on: /system/priv-app/SystemUI/SystemUI.apk pkg=com.android.systemui isa=arm vmSafeMode=false debuggable=false oatDir = null bootComplete=false
05-06 10:25:18.890  1618  2294 I MountService: Running fstrim idle maintenance
05-06 10:25:18.890  1618  2294 D VoldConnector: SND -> {3 fstrim dotrim}
05-06 10:25:18.891  1618  2295 D VoldConnector: RCV <- {200 3 Command succeeded}
05-06 10:25:18.891   436  2303 D vold    : Starting trim of /cache
05-06 10:25:18.909  2302  2302 I dex2oat : Starting dex2oat.
05-06 10:25:18.909  2302  2302 E cutils-trace: Error opening trace file: No such file or directory (2)
05-06 10:25:18.922   436  2303 I vold    : Trimmed 256856064 bytes on /cache in 30ms
05-06 10:25:18.922   436  2303 D vold    : Starting trim of /data
05-06 10:25:18.923  1618  2295 D VoldConnector: RCV <- {662 /cache 256856064 30558597}
05-06 10:25:18.924  1618  1650 E VoldConnector: Error handling '662 /cache 256856064 30558597': java.lang.NullPointerException: Attempt to invoke virtual method 'void android.os.DropBoxManager.addText(java.lang.String, java.lang.String)' on a null object reference
05-06 10:25:19.235  2302  2302 W dex2oat : Before Android 4.1, method void com.meizu.common.preference.SwitchPreference.syncSummaryView(android.view.View) would have incorrectly overridden the package-private method in android.preference.TwoStatePreference
05-06 10:25:19.361   436  2303 I vold    : Trimmed 2714275840 bytes on /data in 439ms
05-06 10:25:19.362   436  2303 D vold    : Starting trim of /persist
05-06 10:25:19.362  1618  2295 D VoldConnector: RCV <- {662 /data 2714275840 439040929}
05-06 10:25:19.362   436  2303 I vold    : Trimmed 0 bytes on /persist in 0ms
05-06 10:25:19.362  1618  2295 D VoldConnector: RCV <- {662 /persist 0 313126}
05-06 10:25:19.363  1618  1650 E VoldConnector: Error handling '662 /data 2714275840 439040929': java.lang.NullPointerException: Attempt to invoke virtual method 'void android.os.DropBoxManager.addText(java.lang.String, java.lang.String)' on a null object reference
05-06 10:25:19.363  1618  1650 E VoldConnector: Error handling '662 /persist 0 313126': java.lang.NullPointerException: Attempt to invoke virtual method 'void android.os.DropBoxManager.addText(java.lang.String, java.lang.String)' on a null object reference
05-06 10:25:19.404   595   750 E Sensors : No packages for calling UID
05-06 10:25:20.335  2302  2307 I dex2oat : Skipping compilation of void com.android.systemui.egg.LLand.step(long, long): it contains a non natural loop
05-06 10:25:22.061  2302  2302 I dex2oat : dex2oat took 3.152s (threads: 4) arena alloc=5MB java alloc=6MB native alloc=23MB free=3MB
05-06 10:25:22.077  1618  1618 I PackageManager.DexOptimizer: Running dexopt (dex2oat) on: /system/priv-app/SystemUI/SystemUI.apk pkg=com.android.systemui isa=arm64 vmSafeMode=false debuggable=false oatDir = null bootComplete=false
05-06 10:25:22.105  2308  2308 I dex2oat : Starting dex2oat.
05-06 10:25:22.105  2308  2308 E cutils-trace: Error opening trace file: No such file or directory (2)
05-06 10:25:22.453  2308  2308 W dex2oat : Before Android 4.1, method void com.meizu.common.preference.SwitchPreference.syncSummaryView(android.view.View) would have incorrectly overridden the package-private method in android.preference.TwoStatePreference
05-06 10:25:23.455   537   568 E QCALOG  : [MessageQ] ProcessNewMessage: [XTWiFi-PE] unknown deliver target [OS-Agent]
05-06 10:25:23.546   537   568 E QCALOG  : [MessageQ] ProcessNewMessage: [XT-CS] unknown deliver target [OS-Agent]
05-06 10:25:23.552   594   779 W XTCC-5.1.0.10: [CS-RIL-LISTENER] timerCallback fired for ril update registering, re-register
05-06 10:25:23.552   537   568 E QCALOG  : [MessageQ] ProcessNewMessage: [XT-CS] unknown deliver target [OS-Agent]
05-06 10:25:23.572  2308  2311 I dex2oat : Skipping compilation of void com.android.systemui.egg.LLand.step(long, long): it contains a non natural loop
05-06 10:25:25.461  2308  2308 I dex2oat : dex2oat took 3.357s (threads: 4) arena alloc=6MB java alloc=11MB native alloc=26MB free=4MB
05-06 10:25:25.482  1618  1618 I PackageManager.DexOptimizer: Running dexopt (dex2oat) on: /system/priv-app/Dialer/Dialer.apk pkg=com.android.dialer isa=arm vmSafeMode=false debuggable=false oatDir = null bootComplete=false
05-06 10:25:25.507  2313  2313 I dex2oat : Starting dex2oat.
05-06 10:25:25.507  2313  2313 E cutils-trace: Error opening trace file: No such file or directory (2)
05-06 10:25:27.367  2313  2317 W dex2oat : No verified method for method calling String.<init>: java.lang.String android.text.SpannableStringBuilder.toString()
05-06 10:25:28.455   537   568 E QCALOG  : [MessageQ] ProcessNewMessage: [XTWiFi-PE] unknown deliver target [OS-Agent]
05-06 10:25:28.546   537   568 E QCALOG  : [MessageQ] ProcessNewMessage: [XT-CS] unknown deliver target [OS-Agent]
05-06 10:25:28.552   594   779 W XTCC-5.1.0.10: [CS-RIL-LISTENER] timerCallback fired for ril update registering, re-register
05-06 10:25:28.553   537   568 E QCALOG  : [MessageQ] ProcessNewMessage: [XT-CS] unknown deliver target [OS-Agent]
05-06 10:25:28.628  2313  2317 I dex2oat : Method exceeds compiler instruction limit: 30123 in android.util.SparseArray com.meizu.contacts.db.d.a()
05-06 10:25:28.770  2313  2316 W dex2oat : No verified method for method calling String.<init>: java.lang.String android.text.SpannableStringBuilder.toString()
05-06 10:25:28.822  2313  2313 W dex2oat : No verified method for method calling String.<init>: java.lang.String java.io.ByteArrayOutputStream.toString()
05-06 10:25:29.772  2313  2313 I dex2oat : dex2oat took 4.265s (threads: 4) arena alloc=3MB java alloc=7MB native alloc=27MB free=3MB
05-06 10:25:29.793  1618  1618 I PackageManager.DexOptimizer: Running dexopt (dex2oat) on: /system/priv-app/LauncherMenuProvider/LauncherMenuProvider.apk pkg=com.meizu.flyme.providers.forcetouch isa=arm64 vmSafeMode=false debuggable=false oatDir = null bootComplete=false
05-06 10:25:29.828  2318  2318 I dex2oat : Starting dex2oat.
05-06 10:25:29.829  2318  2318 E cutils-trace: Error opening trace file: No such file or directory (2)
05-06 10:25:29.878  2318  2318 I dex2oat : dex2oat took 50.396ms (threads: 4) arena alloc=352KB java alloc=31KB native alloc=1470KB free=1345KB
05-06 10:25:29.883  1618  1618 I PackageManager.DexOptimizer: Running dexopt (dex2oat) on: /system/priv-app/DefaultContainerService/DefaultContainerService.apk pkg=com.android.defcontainer isa=arm64 vmSafeMode=false debuggable=false oatDir = null bootComplete=false
05-06 10:25:29.912  2323  2323 I dex2oat : Starting dex2oat.
05-06 10:25:29.912  2323  2323 E cutils-trace: Error opening trace file: No such file or directory (2)
05-06 10:25:29.955  2323  2323 I dex2oat : dex2oat took 44.264ms (threads: 4) arena alloc=115KB java alloc=65KB native alloc=1347KB free=1468KB
05-06 10:25:29.962  1618  1618 I PackageManager.DexOptimizer: Running dexopt (dex2oat) on: /system/priv-app/SystemUITools/SystemUITools.apk pkg=com.flyme.systemuitools isa=arm vmSafeMode=false debuggable=false oatDir = null bootComplete=false
05-06 10:25:29.988  2328  2328 I dex2oat : Starting dex2oat.
05-06 10:25:29.989  2328  2328 E cutils-trace: Error opening trace file: No such file or directory (2)
05-06 10:25:30.200  2328  2330 W dex2oat : Before Android 4.1, method void com.meizu.common.preference.SwitchPreference.syncSummaryView(android.view.View) would have incorrectly overridden the package-private method in android.preference.TwoStatePreference
05-06 10:25:31.417  2328  2328 W dex2oat : No verified method for method calling String.<init>: java.lang.String java.io.ByteArrayOutputStream.toString()
05-06 10:25:32.156  2328  2328 I dex2oat : dex2oat took 2.168s (threads: 4) arena alloc=2MB java alloc=3MB native alloc=15MB free=2MB
05-06 10:25:32.171  1618  1618 I PackageManager.DexOptimizer: Running dexopt (dex2oat) on: /system/priv-app/SystemUITools/SystemUITools.apk pkg=com.flyme.systemuitools isa=arm64 vmSafeMode=false debuggable=false oatDir = null bootComplete=false
05-06 10:25:32.196  2333  2333 I dex2oat : Starting dex2oat.
05-06 10:25:32.196  2333  2333 E cutils-trace: Error opening trace file: No such file or directory (2)
05-06 10:25:32.404  2333  2336 W dex2oat : Before Android 4.1, method void com.meizu.common.preference.SwitchPreference.syncSummaryView(android.view.View) would have incorrectly overridden the package-private method in android.preference.TwoStatePreference
05-06 10:25:33.456   537   568 E QCALOG  : [MessageQ] ProcessNewMessage: [XTWiFi-PE] unknown deliver target [OS-Agent]
05-06 10:25:33.547   537   568 E QCALOG  : [MessageQ] ProcessNewMessage: [XT-CS] unknown deliver target [OS-Agent]
05-06 10:25:33.553   594   779 W XTCC-5.1.0.10: [CS-RIL-LISTENER] timerCallback fired for ril update registering, re-register
05-06 10:25:33.554   537   568 E QCALOG  : [MessageQ] ProcessNewMessage: [XT-CS] unknown deliver target [OS-Agent]
05-06 10:25:33.714  2333  2333 W dex2oat : No verified method for method calling String.<init>: java.lang.String java.io.ByteArrayOutputStream.toString()
05-06 10:25:34.206   512   679 I ThermalEngine: algo_monitor: Thresh EVT
05-06 10:25:34.207   512   679 I ThermalEngine: handle_thresh_sig: SS Id SKIN-SS-GOLD-AND-SILVER, Read xo_therm_buf 43000mC
05-06 10:25:34.209   512   678 I ThermalEngine: handle_thresh_sig: TM Id SKIN-BATTERY-MONITOR Sensor xo_therm_buf Temp 43000
05-06 10:25:34.209   512   678 I ThermalEngine: TM Id 'SKIN-BATTERY-MONITOR' Sensor 'xo_therm_buf' - alarm  raised 1 at 43.0 degC
05-06 10:25:34.209   512   678 I ThermalEngine: j=0 i=0 TM Id SKIN-BATTERY-MONITOR Sensor xo_therm_buf: Action battery value 0
05-06 10:25:34.210   512   678 I ThermalEngine: handle_thresh_sig: TM Id GPU_management Sensor xo_therm_buf Temp 43000
05-06 10:25:34.210   512   678 I ThermalEngine: TM Id 'GPU_management' Sensor 'xo_therm_buf' - alarm  raised 2 at 43.0 degC
05-06 10:25:34.210   512   678 I ThermalEngine: j=0 i=1 TM Id GPU_management Sensor xo_therm_buf: Action gpu value 401800000
05-06 10:25:34.210   512   678 I ThermalEngine: ACTION: GPU - Setting GPU[0] to 401800000
05-06 10:25:34.467   512   679 I ThermalEngine: handle_thresh_sig: SS Id SKIN-SS-GOLD-AND-SILVER, Read xo_therm_buf 43000mC
05-06 10:25:34.521  2333  2333 I dex2oat : dex2oat took 2.326s (threads: 4) arena alloc=1642KB java alloc=6MB native alloc=16MB free=3MB
05-06 10:25:34.538  1618  1618 I PackageManager.DexOptimizer: Running dexopt (dex2oat) on: /system/priv-app/ProxyHandler/ProxyHandler.apk pkg=com.android.proxyhandler isa=arm64 vmSafeMode=false debuggable=false oatDir = null bootComplete=false
05-06 10:25:34.567  2338  2338 I dex2oat : Starting dex2oat.
05-06 10:25:34.568  2338  2338 E cutils-trace: Error opening trace file: No such file or directory (2)
05-06 10:25:34.614  2338  2338 I dex2oat : dex2oat took 46.994ms (threads: 4) arena alloc=259KB java alloc=53KB native alloc=1457KB free=1870KB
05-06 10:25:34.620  1618  1618 I PackageManager.DexOptimizer: Running dexopt (dex2oat) on: /system/priv-app/MzInput/MzInput.apk pkg=com.meizu.flyme.input isa=arm vmSafeMode=false debuggable=false oatDir = null bootComplete=false
05-06 10:25:34.646  2343  2343 I dex2oat : Starting dex2oat.
05-06 10:25:34.646  2343  2343 E cutils-trace: Error opening trace file: No such file or directory (2)
05-06 10:25:34.975   512   679 I ThermalEngine: handle_thresh_sig: SS Id SKIN-SS-GOLD-AND-SILVER, Read xo_therm_buf 43000mC
05-06 10:25:35.482   512   679 I ThermalEngine: ACTION: CLUSTER - Setting CLUSTER[0] to voltage 840 freq = 1363200
05-06 10:25:35.482   512   679 I ThermalEngine: Mitigation:CLUSTER[0]: 840 mV freq = 1363200 kHz
05-06 10:25:35.483   512   679 I ThermalEngine: handle_thresh_sig: SS Id SKIN-SS-GOLD-AND-SILVER, Read xo_therm_buf 43000mC
05-06 10:25:35.799  2343  2346 W dex2oat : No verified method for method calling String.<init>: java.lang.String java.io.ByteArrayOutputStream.toString()
05-06 10:25:35.991   512   679 I ThermalEngine: handle_thresh_sig: SS Id SKIN-SS-GOLD-AND-SILVER, Read xo_therm_buf 43000mC
05-06 10:25:36.121  2343  2347 W dex2oat : No verified method for method calling String.<init>: java.lang.String java.io.ByteArrayOutputStream.toString()
05-06 10:25:36.498   512   679 I ThermalEngine: handle_thresh_sig: SS Id SKIN-SS-GOLD-AND-SILVER, Read xo_therm_buf 43000mC
05-06 10:25:36.707  2343  2343 I dex2oat : dex2oat took 2.061s (threads: 4) arena alloc=1486KB java alloc=3MB native alloc=13MB free=2MB
05-06 10:25:36.720  1618  1618 I PackageManager.DexOptimizer: Running dexopt (dex2oat) on: /system/priv-app/CalendarProvider/CalendarProvider.apk pkg=com.android.providers.calendar isa=arm64 vmSafeMode=false debuggable=false oatDir = null bootComplete=false
05-06 10:25:36.745  2348  2348 I dex2oat : Starting dex2oat.
05-06 10:25:36.746  2348  2348 E cutils-trace: Error opening trace file: No such file or directory (2)
05-06 10:25:36.752   512   679 I ThermalEngine: ACTION: CLUSTER - Setting CLUSTER[1] to voltage 885 freq = 1785600
05-06 10:25:36.752   512   679 I ThermalEngine: Mitigation:CLUSTER[1]: 885 mV freq = 1785600 kHz
05-06 10:25:37.007   512   679 I ThermalEngine: handle_thresh_sig: SS Id SKIN-SS-GOLD-AND-SILVER, Read xo_therm_buf 43000mC
05-06 10:25:37.128  2348  2348 I dex2oat : dex2oat took 382.928ms (threads: 4) arena alloc=6MB java alloc=811KB native alloc=9MB free=7MB
05-06 10:25:37.137  1618  1618 I PackageManager.DexOptimizer: Running dexopt (dex2oat) on: /system/priv-app/ManagedProvisioning/ManagedProvisioning.apk pkg=com.android.managedprovisioning isa=arm64 vmSafeMode=false debuggable=false oatDir = null bootComplete=false
05-06 10:25:37.160  2353  2353 I dex2oat : Starting dex2oat.
05-06 10:25:37.160  2353  2353 E cutils-trace: Error opening trace file: No such file or directory (2)
05-06 10:25:37.320  2353  2353 I dex2oat : dex2oat took 161.146ms (threads: 4) arena alloc=385KB java alloc=719KB native alloc=2MB free=2MB
05-06 10:25:37.329  1618  1618 I PackageManager.DexOptimizer: Running dexopt (dex2oat) on: /system/priv-app/ContactsProvider/ContactsProvider.apk pkg=com.android.providers.contacts isa=arm64 vmSafeMode=false debuggable=false oatDir = null bootComplete=false
05-06 10:25:37.355  2358  2358 I dex2oat : Starting dex2oat.
05-06 10:25:37.355  2358  2358 E cutils-trace: Error opening trace file: No such file or directory (2)
05-06 10:25:37.515   512   679 I ThermalEngine: handle_thresh_sig: SS Id SKIN-SS-GOLD-AND-SILVER, Read xo_therm_buf 43000mC
05-06 10:25:38.023   512   679 I ThermalEngine: handle_thresh_sig: SS Id SKIN-SS-GOLD-AND-SILVER, Read xo_therm_buf 43000mC
05-06 10:25:38.250  2358  2362 I dex2oat : Method exceeds compiler instruction limit: 30133 in android.util.SparseArray com.android.providers.contacts.util.MzMultitone.getChineseMultitoneChar()
05-06 10:25:38.276   512   679 I ThermalEngine: ACTION: CLUSTER - Setting CLUSTER[0] to voltage 840 freq = 1363200
05-06 10:25:38.276   512   679 I ThermalEngine: Mitigation:CLUSTER[0]: 840 mV freq = 1363200 kHz
05-06 10:25:38.323  2358  2360 W dex2oat : No verified method for method calling String.<init>: java.lang.String android.text.SpannableStringBuilder.toString()
05-06 10:25:38.456   537   568 E QCALOG  : [MessageQ] ProcessNewMessage: [XTWiFi-PE] unknown deliver target [OS-Agent]
05-06 10:25:38.531   512   679 I ThermalEngine: handle_thresh_sig: SS Id SKIN-SS-GOLD-AND-SILVER, Read xo_therm_buf 43000mC
05-06 10:25:38.547   537   568 E QCALOG  : [MessageQ] ProcessNewMessage: [XT-CS] unknown deliver target [OS-Agent]
05-06 10:25:38.554   594   779 W XTCC-5.1.0.10: [CS-RIL-LISTENER] timerCallback fired for ril update registering, re-register
05-06 10:25:38.554   537   568 E QCALOG  : [MessageQ] ProcessNewMessage: [XT-CS] unknown deliver target [OS-Agent]
05-06 10:25:39.038   512   679 I ThermalEngine: handle_thresh_sig: SS Id SKIN-SS-GOLD-AND-SILVER, Read xo_therm_buf 43000mC
05-06 10:25:39.043  2358  2358 W dex2oat : No verified method for method calling String.<init>: java.lang.String java.io.ByteArrayOutputStream.toString()
05-06 10:25:39.364  2358  2358 I dex2oat : dex2oat took 2.010s (threads: 4) arena alloc=2MB java alloc=3MB native alloc=14MB free=2MB
05-06 10:25:39.399  1618  1618 I PackageManager.DexOptimizer: Running dexopt (dex2oat) on: /system/priv-app/MediaProvider/MediaProvider.apk pkg=com.android.providers.media isa=arm64 vmSafeMode=false debuggable=false oatDir = null bootComplete=false
05-06 10:25:39.434  2363  2363 I dex2oat : Starting dex2oat.
05-06 10:25:39.434  2363  2363 E cutils-trace: Error opening trace file: No such file or directory (2)
05-06 10:25:39.545   512   679 I ThermalEngine: ACTION: CLUSTER - Setting CLUSTER[1] to voltage 890 freq = 1804800
05-06 10:25:39.545   512   679 I ThermalEngine: Mitigation:CLUSTER[1]: 890 mV freq = 1804800 kHz
05-06 10:25:39.547   512   679 I ThermalEngine: handle_thresh_sig: SS Id SKIN-SS-GOLD-AND-SILVER, Read xo_therm_buf 43000mC
05-06 10:25:39.680  2363  2363 I dex2oat : dex2oat took 246.161ms (threads: 4) arena alloc=2MB java alloc=204KB native alloc=4MB free=4MB
05-06 10:25:39.688  1618  1618 I PackageManager.DexOptimizer: Running dexopt (dex2oat) on: /system/app/PrintSpooler/PrintSpooler.apk pkg=com.android.printspooler isa=arm64 vmSafeMode=false debuggable=false oatDir = null bootComplete=false
05-06 10:25:39.718  2368  2368 I dex2oat : Starting dex2oat.
05-06 10:25:39.718  2368  2368 E cutils-trace: Error opening trace file: No such file or directory (2)
05-06 10:25:40.054   512   679 I ThermalEngine: handle_thresh_sig: SS Id SKIN-SS-GOLD-AND-SILVER, Read xo_therm_buf 43000mC
05-06 10:25:40.156  2368  2368 I dex2oat : dex2oat took 438.890ms (threads: 4) arena alloc=2MB java alloc=994KB native alloc=5MB free=2MB
05-06 10:25:40.163  1618  1618 I PackageManager.DexOptimizer: Running dexopt (dex2oat) on: /system/app/CaptivePortalLogin/CaptivePortalLogin.apk pkg=com.android.captiveportallogin isa=arm64 vmSafeMode=false debuggable=false oatDir = null bootComplete=false
05-06 10:25:40.188  2373  2373 I dex2oat : Starting dex2oat.
05-06 10:25:40.188  2373  2373 E cutils-trace: Error opening trace file: No such file or directory (2)
05-06 10:25:40.245  2373  2373 I dex2oat : dex2oat took 57.111ms (threads: 4) arena alloc=473KB java alloc=96KB native alloc=1715KB free=1612KB
05-06 10:25:40.250  1618  1618 I PackageManager.DexOptimizer: Running dexopt (dex2oat) on: /system/app/PicoTts/PicoTts.apk pkg=com.svox.pico isa=arm64 vmSafeMode=false debuggable=false oatDir = null bootComplete=false
05-06 10:25:40.276  2378  2378 I dex2oat : Starting dex2oat.
05-06 10:25:40.277  2378  2378 E cutils-trace: Error opening trace file: No such file or directory (2)
05-06 10:25:40.318  2378  2378 I dex2oat : dex2oat took 42.190ms (threads: 4) arena alloc=348KB java alloc=184KB native alloc=1893KB free=1946KB
05-06 10:25:40.325  1618  1618 I PackageManager.DexOptimizer: Running dexopt (dex2oat) on: /system/app/Pedometer/Pedometer.apk pkg=com.meizu.net.pedometer isa=arm vmSafeMode=false debuggable=false oatDir = null bootComplete=false
05-06 10:25:40.349  2383  2383 I dex2oat : Starting dex2oat.
05-06 10:25:40.349  2383  2383 E cutils-trace: Error opening trace file: No such file or directory (2)
05-06 10:25:40.562   512   679 I ThermalEngine: handle_thresh_sig: SS Id SKIN-SS-GOLD-AND-SILVER, Read xo_therm_buf 43000mC
05-06 10:25:40.574  2383  2385 W dex2oat : Before Android 4.1, method int android.support.v7.widget.ListViewCompat.lookForSelectablePosition(int, boolean) would have incorrectly overridden the package-private method in android.widget.ListView
05-06 10:25:41.069   512   679 I ThermalEngine: ACTION: CLUSTER - Setting CLUSTER[0] to voltage 840 freq = 1363200
05-06 10:25:41.069   512   679 I ThermalEngine: Mitigation:CLUSTER[0]: 840 mV freq = 1363200 kHz
05-06 10:25:41.070   512   679 I ThermalEngine: handle_thresh_sig: SS Id SKIN-SS-GOLD-AND-SILVER, Read xo_therm_buf 43000mC
05-06 10:25:41.579   512   679 I ThermalEngine: handle_thresh_sig: SS Id SKIN-SS-GOLD-AND-SILVER, Read xo_therm_buf 43000mC
05-06 10:25:41.970  2383  2386 W dex2oat : No verified method for method calling String.<init>: java.lang.String java.io.ByteArrayOutputStream.toString()
05-06 10:25:42.086   512   679 I ThermalEngine: handle_thresh_sig: SS Id SKIN-SS-GOLD-AND-SILVER, Read xo_therm_buf 43000mC
05-06 10:25:42.340   512   679 I ThermalEngine: ACTION: CLUSTER - Setting CLUSTER[1] to voltage 885 freq = 1785600
05-06 10:25:42.340   512   679 I ThermalEngine: Mitigation:CLUSTER[1]: 885 mV freq = 1785600 kHz
05-06 10:25:42.594   512   679 I ThermalEngine: handle_thresh_sig: SS Id SKIN-SS-GOLD-AND-SILVER, Read xo_therm_buf 43000mC
05-06 10:25:43.077  2383  2383 I dex2oat : dex2oat took 2.727s (threads: 4) arena alloc=1626KB java alloc=5MB native alloc=17MB free=3MB
05-06 10:25:43.100  1618  1618 I PackageManager.DexOptimizer: Running dexopt (dex2oat) on: /system/app/NotePaper/NotePaper.apk pkg=com.meizu.notepaper isa=arm64 vmSafeMode=false debuggable=false oatDir = null bootComplete=false
05-06 10:25:43.102   512   679 I ThermalEngine: handle_thresh_sig: SS Id SKIN-SS-GOLD-AND-SILVER, Read xo_therm_buf 43000mC
05-06 10:25:43.135  2388  2388 I dex2oat : Starting dex2oat.
05-06 10:25:43.135  2388  2388 E cutils-trace: Error opening trace file: No such file or directory (2)
05-06 10:25:43.451  2388  2392 W dex2oat : Before Android 4.1, method android.graphics.PorterDuffColorFilter android.support.graphics.drawable.VectorDrawableCompat.updateTintFilter(android.graphics.PorterDuffColorFilter, android.content.res.ColorStateList, android.graphics.PorterDuff$Mode) would have incorrectly overridden the package-private method in android.graphics.drawable.Drawable
05-06 10:25:43.456   537   568 E QCALOG  : [MessageQ] ProcessNewMessage: [XTWiFi-PE] unknown deliver target [OS-Agent]
05-06 10:25:43.522  2388  2392 W dex2oat : Before Android 4.1, method int android.support.v7.widget.ListViewCompat.lookForSelectablePosition(int, boolean) would have incorrectly overridden the package-private method in android.widget.ListView
05-06 10:25:43.547   537   568 E QCALOG  : [MessageQ] ProcessNewMessage: [XT-CS] unknown deliver target [OS-Agent]
05-06 10:25:43.554   594   779 W XTCC-5.1.0.10: [CS-RIL-LISTENER] timerCallback fired for ril update registering, re-register
05-06 10:25:43.554   537   568 E QCALOG  : [MessageQ] ProcessNewMessage: [XT-CS] unknown deliver target [OS-Agent]
05-06 10:25:43.581  2388  2390 W dex2oat : Before Android 4.1, method void com.meizu.common.preference.SwitchPreference.syncSummaryView(android.view.View) would have incorrectly overridden the package-private method in android.preference.TwoStatePreference
05-06 10:25:43.609   512   679 I ThermalEngine: handle_thresh_sig: SS Id SKIN-SS-GOLD-AND-SILVER, Read xo_therm_buf 43000mC
05-06 10:25:43.862   512   679 I ThermalEngine: ACTION: CLUSTER - Setting CLUSTER[0] to voltage 840 freq = 1363200
05-06 10:25:43.862   512   679 I ThermalEngine: Mitigation:CLUSTER[0]: 840 mV freq = 1363200 kHz
05-06 10:25:44.117   512   679 I ThermalEngine: handle_thresh_sig: SS Id SKIN-SS-GOLD-AND-SILVER, Read xo_therm_buf 43000mC
05-06 10:25:44.625   512   679 I ThermalEngine: handle_thresh_sig: SS Id SKIN-SS-GOLD-AND-SILVER, Read xo_therm_buf 43000mC
05-06 10:25:45.131   512   679 I ThermalEngine: ACTION: CLUSTER - Setting CLUSTER[1] to voltage 890 freq = 1804800
05-06 10:25:45.131   512   679 I ThermalEngine: Mitigation:CLUSTER[1]: 890 mV freq = 1804800 kHz
05-06 10:25:45.132   512   679 I ThermalEngine: handle_thresh_sig: SS Id SKIN-SS-GOLD-AND-SILVER, Read xo_therm_buf 43000mC
05-06 10:25:45.601  2388  2390 W dex2oat : No verified method for method calling String.<init>: java.lang.String java.io.ByteArrayOutputStream.toString()
05-06 10:25:45.640   512   679 I ThermalEngine: handle_thresh_sig: SS Id SKIN-SS-GOLD-AND-SILVER, Read xo_therm_buf 43000mC
05-06 10:25:46.147   512   679 I ThermalEngine: handle_thresh_sig: SS Id SKIN-SS-GOLD-AND-SILVER, Read xo_therm_buf 43000mC
05-06 10:25:46.244  2388  2392 W dex2oat : No verified method for method calling String.<init>: void android.provider.SearchRecentSuggestions.<init>(android.content.Context, java.lang.String, int)
05-06 10:25:46.521  2388  2388 W dex2oat : No verified method for method calling String.<init>: java.lang.String java.io.ByteArrayOutputStream.toString()
05-06 10:25:46.653   512   679 I ThermalEngine: ACTION: CLUSTER - Setting CLUSTER[0] to voltage 840 freq = 1363200
05-06 10:25:46.654   512   679 I ThermalEngine: Mitigation:CLUSTER[0]: 840 mV freq = 1363200 kHz
05-06 10:25:46.655   512   679 I ThermalEngine: handle_thresh_sig: SS Id SKIN-SS-GOLD-AND-SILVER, Read xo_therm_buf 43000mC
05-06 10:25:47.163   512   679 I ThermalEngine: handle_thresh_sig: SS Id SKIN-SS-GOLD-AND-SILVER, Read xo_therm_buf 43000mC
05-06 10:25:47.340  2388  2390 W dex2oat : No verified method for method calling String.<init>: java.lang.String org.apache.http.util.CharArrayBuffer.toString()
05-06 10:25:47.670   512   679 I ThermalEngine: handle_thresh_sig: SS Id SKIN-SS-GOLD-AND-SILVER, Read xo_therm_buf 43000mC
05-06 10:25:47.763  2388  2388 I dex2oat : dex2oat took 4.628s (threads: 4) arena alloc=2MB java alloc=13MB native alloc=29MB free=3MB
05-06 10:25:47.836  1618  1618 I PackageManager.DexOptimizer: Running dexopt (dex2oat) on: /system/app/MzSimContacts/MzSimContacts.apk pkg=com.meizu.mzsimcontacts isa=arm64 vmSafeMode=false debuggable=false oatDir = null bootComplete=false
05-06 10:25:47.888  2393  2393 I dex2oat : Starting dex2oat.
05-06 10:25:47.888  2393  2393 E cutils-trace: Error opening trace file: No such file or directory (2)
05-06 10:25:47.924   512   679 I ThermalEngine: ACTION: CLUSTER - Setting CLUSTER[1] to voltage 885 freq = 1785600
05-06 10:25:47.924   512   679 I ThermalEngine: Mitigation:CLUSTER[1]: 885 mV freq = 1785600 kHz
05-06 10:25:48.178   512   679 I ThermalEngine: handle_thresh_sig: SS Id SKIN-SS-GOLD-AND-SILVER, Read xo_therm_buf 43000mC
05-06 10:25:48.456   537   568 E QCALOG  : [MessageQ] ProcessNewMessage: [XTWiFi-PE] unknown deliver target [OS-Agent]
05-06 10:25:48.547   537   568 E QCALOG  : [MessageQ] ProcessNewMessage: [XT-CS] unknown deliver target [OS-Agent]
05-06 10:25:48.554   594   779 W XTCC-5.1.0.10: [CS-RIL-LISTENER] timerCallback fired for ril update registering, re-register
05-06 10:25:48.555   537   568 E QCALOG  : [MessageQ] ProcessNewMessage: [XT-CS] unknown deliver target [OS-Agent]
05-06 10:25:48.686   512   679 I ThermalEngine: handle_thresh_sig: SS Id SKIN-SS-GOLD-AND-SILVER, Read xo_therm_buf 43000mC
05-06 10:25:49.194   512   679 I ThermalEngine: handle_thresh_sig: SS Id SKIN-SS-GOLD-AND-SILVER, Read xo_therm_buf 43000mC
05-06 10:25:49.352  2393  2393 I dex2oat : dex2oat took 1.464s (threads: 4) arena alloc=2MB java alloc=5MB native alloc=11MB free=2MB
05-06 10:25:49.379  1618  1618 I PackageManager.DexOptimizer: Running dexopt (dex2oat) on: /system/app/Reader/Reader.apk pkg=com.meizu.media.reader isa=arm vmSafeMode=false debuggable=false oatDir = null bootComplete=false
05-06 10:25:49.417  2398  2398 I dex2oat : Starting dex2oat.
05-06 10:25:49.417  2398  2398 E cutils-trace: Error opening trace file: No such file or directory (2)
05-06 10:25:49.447   512   679 I ThermalEngine: ACTION: CLUSTER - Setting CLUSTER[0] to voltage 840 freq = 1363200
05-06 10:25:49.447   512   679 I ThermalEngine: Mitigation:CLUSTER[0]: 840 mV freq = 1363200 kHz
05-06 10:25:49.701   512   679 I ThermalEngine: handle_thresh_sig: SS Id SKIN-SS-GOLD-AND-SILVER, Read xo_therm_buf 43000mC
05-06 10:25:50.209   512   679 I ThermalEngine: handle_thresh_sig: SS Id SKIN-SS-GOLD-AND-SILVER, Read xo_therm_buf 43000mC
05-06 10:25:50.222  2398  2400 W dex2oat : Before Android 4.1, method int android.support.v7.widget.ListViewCompat.lookForSelectablePosition(int, boolean) would have incorrectly overridden the package-private method in android.widget.ListView
05-06 10:25:50.316  2398  2401 W dex2oat : Before Android 4.1, method void com.meizu.common.preference.SwitchPreference.syncSummaryView(android.view.View) would have incorrectly overridden the package-private method in android.preference.TwoStatePreference
05-06 10:25:50.715   512   679 I ThermalEngine: ACTION: CLUSTER - Setting CLUSTER[1] to voltage 890 freq = 1804800
05-06 10:25:50.715   512   679 I ThermalEngine: Mitigation:CLUSTER[1]: 890 mV freq = 1804800 kHz
05-06 10:25:50.717   512   679 I ThermalEngine: handle_thresh_sig: SS Id SKIN-SS-GOLD-AND-SILVER, Read xo_therm_buf 43000mC
05-06 10:25:51.224   512   679 I ThermalEngine: handle_thresh_sig: SS Id SKIN-SS-GOLD-AND-SILVER, Read xo_therm_buf 43000mC
05-06 10:25:51.733   512   679 I ThermalEngine: handle_thresh_sig: SS Id SKIN-SS-GOLD-AND-SILVER, Read xo_therm_buf 43000mC
05-06 10:25:52.241   512   679 I ThermalEngine: ACTION: CLUSTER - Setting CLUSTER[0] to voltage 840 freq = 1363200
05-06 10:25:52.241   512   679 I ThermalEngine: Mitigation:CLUSTER[0]: 840 mV freq = 1363200 kHz
05-06 10:25:52.242   512   679 I ThermalEngine: handle_thresh_sig: SS Id SKIN-SS-GOLD-AND-SILVER, Read xo_therm_buf 43000mC
05-06 10:25:52.750   512   679 I ThermalEngine: handle_thresh_sig: SS Id SKIN-SS-GOLD-AND-SILVER, Read xo_therm_buf 43000mC
05-06 10:25:53.257   512   679 I ThermalEngine: handle_thresh_sig: SS Id SKIN-SS-GOLD-AND-SILVER, Read xo_therm_buf 43000mC
05-06 10:25:53.356  2398  2401 I dex2oat : Skipping compilation of boolean com.a.a.a.a.e.a(byte[], int, int, boolean): it contains a non natural loop
05-06 10:25:53.457   537   568 E QCALOG  : [MessageQ] ProcessNewMessage: [XTWiFi-PE] unknown deliver target [OS-Agent]
05-06 10:25:53.510   512   679 I ThermalEngine: ACTION: CLUSTER - Setting CLUSTER[1] to voltage 885 freq = 1785600
05-06 10:25:53.510   512   679 I ThermalEngine: Mitigation:CLUSTER[1]: 885 mV freq = 1785600 kHz
05-06 10:25:53.547   537   568 E QCALOG  : [MessageQ] ProcessNewMessage: [XT-CS] unknown deliver target [OS-Agent]
05-06 10:25:53.554   594   779 W XTCC-5.1.0.10: [CS-RIL-LISTENER] timerCallback fired for ril update registering, re-register
05-06 10:25:53.555   537   568 E QCALOG  : [MessageQ] ProcessNewMessage: [XT-CS] unknown deliver target [OS-Agent]
05-06 10:25:53.765   512   679 I ThermalEngine: handle_thresh_sig: SS Id SKIN-SS-GOLD-AND-SILVER, Read xo_therm_buf 43000mC
05-06 10:25:54.273   512   679 I ThermalEngine: handle_thresh_sig: SS Id SKIN-SS-GOLD-AND-SILVER, Read xo_therm_buf 43000mC
05-06 10:25:54.781   512   679 I ThermalEngine: handle_thresh_sig: SS Id SKIN-SS-GOLD-AND-SILVER, Read xo_therm_buf 43000mC
05-06 10:25:54.858  2398  2402 W dex2oat : No verified method for method calling String.<init>: java.lang.String java.io.ByteArrayOutputStream.toString()
05-06 10:25:55.034   512   679 I ThermalEngine: ACTION: CLUSTER - Setting CLUSTER[0] to voltage 840 freq = 1363200
05-06 10:25:55.034   512   679 I ThermalEngine: Mitigation:CLUSTER[0]: 840 mV freq = 1363200 kHz
05-06 10:25:55.289   512   679 I ThermalEngine: handle_thresh_sig: SS Id SKIN-SS-GOLD-AND-SILVER, Read xo_therm_buf 43000mC
05-06 10:25:55.796   512   679 I ThermalEngine: handle_thresh_sig: SS Id SKIN-SS-GOLD-AND-SILVER, Read xo_therm_buf 43000mC
05-06 10:25:56.303   512   679 I ThermalEngine: ACTION: CLUSTER - Setting CLUSTER[1] to voltage 890 freq = 1804800
05-06 10:25:56.303   512   679 I ThermalEngine: Mitigation:CLUSTER[1]: 890 mV freq = 1804800 kHz
05-06 10:25:56.304   512   679 I ThermalEngine: handle_thresh_sig: SS Id SKIN-SS-GOLD-AND-SILVER, Read xo_therm_buf 43000mC
05-06 10:25:56.812   512   679 I ThermalEngine: handle_thresh_sig: SS Id SKIN-SS-GOLD-AND-SILVER, Read xo_therm_buf 43000mC
05-06 10:25:57.320   512   679 I ThermalEngine: handle_thresh_sig: SS Id SKIN-SS-GOLD-AND-SILVER, Read xo_therm_buf 43000mC
05-06 10:25:57.826   512   679 I ThermalEngine: ACTION: CLUSTER - Setting CLUSTER[0] to voltage 840 freq = 1363200
05-06 10:25:57.826   512   679 I ThermalEngine: Mitigation:CLUSTER[0]: 840 mV freq = 1363200 kHz
05-06 10:25:57.827   512   679 I ThermalEngine: handle_thresh_sig: SS Id SKIN-SS-GOLD-AND-SILVER, Read xo_therm_buf 43000mC
05-06 10:25:58.335   512   679 I ThermalEngine: handle_thresh_sig: SS Id SKIN-SS-GOLD-AND-SILVER, Read xo_therm_buf 43000mC
05-06 10:25:58.457   537   568 E QCALOG  : [MessageQ] ProcessNewMessage: [XTWiFi-PE] unknown deliver target [OS-Agent]
05-06 10:25:58.547   537   568 E QCALOG  : [MessageQ] ProcessNewMessage: [XT-CS] unknown deliver target [OS-Agent]
05-06 10:25:58.555   594   779 W XTCC-5.1.0.10: [CS-RIL-LISTENER] timerCallback fired for ril update registering, re-register
05-06 10:25:58.555   537   568 E QCALOG  : [MessageQ] ProcessNewMessage: [XT-CS] unknown deliver target [OS-Agent]
05-06 10:25:58.842   512   679 I ThermalEngine: handle_thresh_sig: SS Id SKIN-SS-GOLD-AND-SILVER, Read xo_therm_buf 43000mC
05-06 10:25:59.095   512   679 I ThermalEngine: ACTION: CLUSTER - Setting CLUSTER[1] to voltage 885 freq = 1785600
05-06 10:25:59.096   512   679 I ThermalEngine: Mitigation:CLUSTER[1]: 885 mV freq = 1785600 kHz
05-06 10:25:59.350   512   679 I ThermalEngine: handle_thresh_sig: SS Id SKIN-SS-GOLD-AND-SILVER, Read xo_therm_buf 43000mC
05-06 10:25:59.859   512   679 I ThermalEngine: handle_thresh_sig: SS Id SKIN-SS-GOLD-AND-SILVER, Read xo_therm_buf 43000mC
05-06 10:26:00.003  2398  2398 I dex2oat : dex2oat took 10.585s (threads: 4) arena alloc=2MB java alloc=16MB native alloc=58MB free=4MB
05-06 10:26:00.054  1618  1618 I PackageManager.DexOptimizer: Running dexopt (dex2oat) on: /system/app/CertInstaller/CertInstaller.apk pkg=com.android.certinstaller isa=arm64 vmSafeMode=false debuggable=false oatDir = null bootComplete=false
05-06 10:26:00.104  2403  2403 I dex2oat : Starting dex2oat.
05-06 10:26:00.104  2403  2403 E cutils-trace: Error opening trace file: No such file or directory (2)
05-06 10:26:00.261  2403  2403 I dex2oat : dex2oat took 158.209ms (threads: 4) arena alloc=926KB java alloc=718KB native alloc=2MB free=2MB
05-06 10:26:00.268  1618  1618 I PackageManager.DexOptimizer: Running dexopt (dex2oat) on: /system/app/NetAdmin/NetAdmin.apk pkg=com.flyme.netadmin isa=arm vmSafeMode=false debuggable=false oatDir = null bootComplete=false
05-06 10:26:00.296  2408  2408 I dex2oat : Starting dex2oat.
05-06 10:26:00.296  2408  2408 E cutils-trace: Error opening trace file: No such file or directory (2)
05-06 10:26:00.367   512   679 I ThermalEngine: handle_thresh_sig: SS Id SKIN-SS-GOLD-AND-SILVER, Read xo_therm_buf 43000mC
05-06 10:26:00.531  2408  2410 W dex2oat : Before Android 4.1, method android.graphics.PorterDuffColorFilter android.support.graphics.drawable.VectorDrawableCompat.updateTintFilter(android.graphics.PorterDuffColorFilter, android.content.res.ColorStateList, android.graphics.PorterDuff$Mode) would have incorrectly overridden the package-private method in android.graphics.drawable.Drawable
05-06 10:26:00.596  2408  2408 W dex2oat : Before Android 4.1, method int android.support.v7.widget.ListViewCompat.lookForSelectablePosition(int, boolean) would have incorrectly overridden the package-private method in android.widget.ListView
05-06 10:26:00.610  2408  2411 W dex2oat : Before Android 4.1, method void com.meizu.common.preference.SwitchPreference.syncSummaryView(android.view.View) would have incorrectly overridden the package-private method in android.preference.TwoStatePreference
05-06 10:26:00.620   512   679 I ThermalEngine: ACTION: CLUSTER - Setting CLUSTER[0] to voltage 840 freq = 1363200
05-06 10:26:00.620   512   679 I ThermalEngine: Mitigation:CLUSTER[0]: 840 mV freq = 1363200 kHz
05-06 10:26:00.874   512   679 I ThermalEngine: handle_thresh_sig: SS Id SKIN-SS-GOLD-AND-SILVER, Read xo_therm_buf 43000mC
05-06 10:26:01.382   512   679 I ThermalEngine: handle_thresh_sig: SS Id SKIN-SS-GOLD-AND-SILVER, Read xo_therm_buf 43000mC
05-06 10:26:01.888   512   679 I ThermalEngine: ACTION: CLUSTER - Setting CLUSTER[1] to voltage 890 freq = 1804800
05-06 10:26:01.888   512   679 I ThermalEngine: Mitigation:CLUSTER[1]: 890 mV freq = 1804800 kHz
05-06 10:26:01.890   512   679 I ThermalEngine: handle_thresh_sig: SS Id SKIN-SS-GOLD-AND-SILVER, Read xo_therm_buf 43000mC
05-06 10:26:02.397   512   679 I ThermalEngine: handle_thresh_sig: SS Id SKIN-SS-GOLD-AND-SILVER, Read xo_therm_buf 43000mC
05-06 10:26:02.474  2408  2412 W dex2oat : No verified method for method calling String.<init>: java.lang.String java.io.ByteArrayOutputStream.toString()
05-06 10:26:02.904   512   679 I ThermalEngine: handle_thresh_sig: SS Id SKIN-SS-GOLD-AND-SILVER, Read xo_therm_buf 43000mC
05-06 10:26:02.996  2408  2410 I dex2oat : Skipping compilation of boolean tmsdk.common.utils.b$c.a(byte[], int, int, boolean): it contains a non natural loop
05-06 10:26:03.411   512   679 I ThermalEngine: ACTION: CLUSTER - Setting CLUSTER[0] to voltage 840 freq = 1363200
05-06 10:26:03.412   512   679 I ThermalEngine: Mitigation:CLUSTER[0]: 840 mV freq = 1363200 kHz
05-06 10:26:03.414   512   679 I ThermalEngine: handle_thresh_sig: SS Id SKIN-SS-GOLD-AND-SILVER, Read xo_therm_buf 43000mC
05-06 10:26:03.457   537   568 E QCALOG  : [MessageQ] ProcessNewMessage: [XTWiFi-PE] unknown deliver target [OS-Agent]
05-06 10:26:03.548   537   568 E QCALOG  : [MessageQ] ProcessNewMessage: [XT-CS] unknown deliver target [OS-Agent]
05-06 10:26:03.555   594   779 W XTCC-5.1.0.10: [CS-RIL-LISTENER] timerCallback fired for ril update registering, re-register
05-06 10:26:03.555   537   568 E QCALOG  : [MessageQ] ProcessNewMessage: [XT-CS] unknown deliver target [OS-Agent]
05-06 10:26:03.581  2408  2408 I dex2oat : dex2oat took 3.284s (threads: 4) arena alloc=2MB java alloc=5MB native alloc=21MB free=4MB
05-06 10:26:03.616  1618  1618 I PackageManager.DexOptimizer: Running dexopt (dex2oat) on: /system/app/NetAdmin/NetAdmin.apk pkg=com.flyme.netadmin isa=arm64 vmSafeMode=false debuggable=false oatDir = null bootComplete=false
05-06 10:26:03.655  2413  2413 I dex2oat : Starting dex2oat.
05-06 10:26:03.655  2413  2413 E cutils-trace: Error opening trace file: No such file or directory (2)
05-06 10:26:03.887  2413  2416 W dex2oat : Before Android 4.1, method android.graphics.PorterDuffColorFilter android.support.graphics.drawable.VectorDrawableCompat.updateTintFilter(android.graphics.PorterDuffColorFilter, android.content.res.ColorStateList, android.graphics.PorterDuff$Mode) would have incorrectly overridden the package-private method in android.graphics.drawable.Drawable
05-06 10:26:03.922   512   679 I ThermalEngine: handle_thresh_sig: SS Id SKIN-SS-GOLD-AND-SILVER, Read xo_therm_buf 43000mC
05-06 10:26:03.961  2413  2413 W dex2oat : Before Android 4.1, method int android.support.v7.widget.ListViewCompat.lookForSelectablePosition(int, boolean) would have incorrectly overridden the package-private method in android.widget.ListView
05-06 10:26:03.978  2413  2415 W dex2oat : Before Android 4.1, method void com.meizu.common.preference.SwitchPreference.syncSummaryView(android.view.View) would have incorrectly overridden the package-private method in android.preference.TwoStatePreference
05-06 10:26:04.430   512   679 I ThermalEngine: handle_thresh_sig: SS Id SKIN-SS-GOLD-AND-SILVER, Read xo_therm_buf 43000mC
05-06 10:26:04.683   512   679 I ThermalEngine: ACTION: CLUSTER - Setting CLUSTER[1] to voltage 885 freq = 1785600
05-06 10:26:04.683   512   679 I ThermalEngine: Mitigation:CLUSTER[1]: 885 mV freq = 1785600 kHz
05-06 10:26:04.938   512   679 I ThermalEngine: handle_thresh_sig: SS Id SKIN-SS-GOLD-AND-SILVER, Read xo_therm_buf 43000mC
05-06 10:26:05.446   512   679 I ThermalEngine: handle_thresh_sig: SS Id SKIN-SS-GOLD-AND-SILVER, Read xo_therm_buf 43000mC
05-06 10:26:05.949  2413  2413 W dex2oat : No verified method for method calling String.<init>: java.lang.String java.io.ByteArrayOutputStream.toString()
05-06 10:26:05.953   512   679 I ThermalEngine: handle_thresh_sig: SS Id SKIN-SS-GOLD-AND-SILVER, Read xo_therm_buf 43000mC
05-06 10:26:06.206   512   679 I ThermalEngine: ACTION: CLUSTER - Setting CLUSTER[0] to voltage 840 freq = 1363200
05-06 10:26:06.206   512   679 I ThermalEngine: Mitigation:CLUSTER[0]: 840 mV freq = 1363200 kHz
05-06 10:26:06.461   512   679 I ThermalEngine: handle_thresh_sig: SS Id SKIN-SS-GOLD-AND-SILVER, Read xo_therm_buf 43000mC
05-06 10:26:06.530  2413  2415 I dex2oat : Skipping compilation of boolean tmsdk.common.utils.b$c.a(byte[], int, int, boolean): it contains a non natural loop
05-06 10:26:06.969   512   679 I ThermalEngine: handle_thresh_sig: SS Id SKIN-SS-GOLD-AND-SILVER, Read xo_therm_buf 43000mC
05-06 10:26:07.181  2413  2413 I dex2oat : dex2oat took 3.526s (threads: 4) arena alloc=2MB java alloc=10MB native alloc=24MB free=4MB
05-06 10:26:07.205  1618  1618 I PackageManager.DexOptimizer: Running dexopt (dex2oat) on: /system/app/PacProcessor/PacProcessor.apk pkg=com.android.pacprocessor isa=arm vmSafeMode=false debuggable=false oatDir = null bootComplete=false
05-06 10:26:07.235  2418  2418 I dex2oat : Starting dex2oat.
05-06 10:26:07.235  2418  2418 E cutils-trace: Error opening trace file: No such file or directory (2)
05-06 10:26:07.265  2418  2418 I dex2oat : dex2oat took 30.879ms (threads: 4) arena alloc=107KB java alloc=49KB native alloc=1500KB free=1315KB
05-06 10:26:07.270  1618  1618 I PackageManager.DexOptimizer: Running dexopt (dex2oat) on: /system/app/PacProcessor/PacProcessor.apk pkg=com.android.pacprocessor isa=arm64 vmSafeMode=false debuggable=false oatDir = null bootComplete=false
05-06 10:26:07.298  2423  2423 I dex2oat : Starting dex2oat.
05-06 10:26:07.298  2423  2423 E cutils-trace: Error opening trace file: No such file or directory (2)
05-06 10:26:07.331  2423  2423 I dex2oat : dex2oat took 34.339ms (threads: 4) arena alloc=122KB java alloc=29KB native alloc=1504KB free=1311KB
05-06 10:26:07.336  1618  1618 I PackageManager.DexOptimizer: Running dexopt (dex2oat) on: /system/priv-app/OneTimeInitializer/OneTimeInitializer.apk pkg=com.android.onetimeinitializer isa=arm64 vmSafeMode=false debuggable=false oatDir = null bootComplete=false
05-06 10:26:07.362  2428  2428 I dex2oat : Starting dex2oat.
05-06 10:26:07.363  2428  2428 E cutils-trace: Error opening trace file: No such file or directory (2)
05-06 10:26:07.420  2428  2428 I dex2oat : dex2oat took 57.835ms (threads: 4) arena alloc=580KB java alloc=130KB native alloc=1718KB free=1609KB
05-06 10:26:07.427  1618  1618 I PackageManager.DexOptimizer: Running dexopt (dex2oat) on: /system/app/MzSetupWizard/MzSetupWizard.apk pkg=com.meizu.setup isa=arm vmSafeMode=false debuggable=false oatDir = null bootComplete=false
05-06 10:26:07.452  2433  2433 I dex2oat : Starting dex2oat.
05-06 10:26:07.452  2433  2433 E cutils-trace: Error opening trace file: No such file or directory (2)
05-06 10:26:07.476   512   679 I ThermalEngine: ACTION: CLUSTER - Setting CLUSTER[1] to voltage 890 freq = 1804800
05-06 10:26:07.477   512   679 I ThermalEngine: Mitigation:CLUSTER[1]: 890 mV freq = 1804800 kHz
05-06 10:26:07.478   512   679 I ThermalEngine: handle_thresh_sig: SS Id SKIN-SS-GOLD-AND-SILVER, Read xo_therm_buf 43000mC
05-06 10:26:07.986   512   679 I ThermalEngine: handle_thresh_sig: SS Id SKIN-SS-GOLD-AND-SILVER, Read xo_therm_buf 43000mC
05-06 10:26:08.457   537   568 E QCALOG  : [MessageQ] ProcessNewMessage: [XTWiFi-PE] unknown deliver target [OS-Agent]
05-06 10:26:08.493   512   679 I ThermalEngine: handle_thresh_sig: SS Id SKIN-SS-GOLD-AND-SILVER, Read xo_therm_buf 43000mC
05-06 10:26:08.503  2433  2437 W dex2oat : No verified method for method calling String.<init>: java.lang.String java.io.ByteArrayOutputStream.toString()
05-06 10:26:08.548   537   568 E QCALOG  : [MessageQ] ProcessNewMessage: [XT-CS] unknown deliver target [OS-Agent]
05-06 10:26:08.555   594   779 W XTCC-5.1.0.10: [CS-RIL-LISTENER] timerCallback fired for ril update registering, re-register
05-06 10:26:08.556   537   568 E QCALOG  : [MessageQ] ProcessNewMessage: [XT-CS] unknown deliver target [OS-Agent]
05-06 10:26:08.999   512   679 I ThermalEngine: ACTION: CLUSTER - Setting CLUSTER[0] to voltage 840 freq = 1363200
05-06 10:26:09.000   512   679 I ThermalEngine: Mitigation:CLUSTER[0]: 840 mV freq = 1363200 kHz
05-06 10:26:09.001   512   679 I ThermalEngine: handle_thresh_sig: SS Id SKIN-SS-GOLD-AND-SILVER, Read xo_therm_buf 43000mC
05-06 10:26:09.326  2433  2433 I dex2oat : dex2oat took 1.874s (threads: 4) arena alloc=1858KB java alloc=4MB native alloc=12MB free=3MB
