05-06 11:35:43.993  2172  2172 I dex2oat : dex2oat took 2.630s (threads: 4) arena alloc=3MB java alloc=8MB native alloc=16MB free=3MB
05-06 11:35:44.012  1617  1617 I PackageManager: Adjusting ABI for : com.meizu.documentsui to arm64-v8a
05-06 11:35:44.013  1617  1617 I PackageManager.DexOptimizer: Running dexopt (dex2oat) on: /system/app/DocumentsUI/DocumentsUI.apk pkg=com.meizu.documentsui isa=arm64 vmSafeMode=false debuggable=false oatDir = null bootComplete=false
05-06 11:35:44.044  2177  2177 I dex2oat : Starting dex2oat.
05-06 11:35:44.045  2177  2177 E cutils-trace: Error opening trace file: No such file or directory (2)
05-06 11:35:44.393   567   747 E slim_daemon: [NDK] bindNDKSensors: Sensor server is unavailable.
05-06 11:35:44.428  2177  2179 W dex2oat : Before Android 4.1, method int android.support.v7.widget.ListViewCompat.lookForSelectablePosition(int, boolean) would have incorrectly overridden the package-private method in android.widget.ListView
05-06 11:35:44.449   525   563 E QCALOG  : [MessageQ] ProcessNewMessage: [XTWiFi-PE] unknown deliver target [OS-Agent]
05-06 11:35:44.532   525   563 E QCALOG  : [MessageQ] ProcessNewMessage: [XT-CS] unknown deliver target [OS-Agent]
05-06 11:35:44.533  2177  2180 W dex2oat : Before Android 4.1, method void com.meizu.common.preference.SwitchPreference.syncSummaryView(android.view.View) would have incorrectly overridden the package-private method in android.preference.TwoStatePreference
05-06 11:35:44.536   566   786 W XTCC-5.1.0.10: [CS-RIL-LISTENER] timerCallback fired for ril update registering, re-register
05-06 11:35:44.536   525   563 E QCALOG  : [MessageQ] ProcessNewMessage: [XT-CS] unknown deliver target [OS-Agent]
05-06 11:35:44.541   552   828 I ServiceManager: Waiting for service sensorservice...
05-06 11:35:45.393   567   747 E slim_daemon: [NDK] bindNDKSensors: Sensor server is unavailable.
05-06 11:35:45.541   552   828 I ServiceManager: Waiting for service sensorservice...
05-06 11:35:46.394   567   747 E slim_daemon: [NDK] bindNDKSensors: Sensor server is unavailable.
05-06 11:35:47.395   567   747 E slim_daemon: [NDK] bindNDKSensors: Sensor server is unavailable.
05-06 11:35:47.542   552   828 I ServiceManager: Waiting for service sensorservice...
05-06 11:35:48.396   567   747 E slim_daemon: [NDK] bindNDKSensors: Sensor server is unavailable.
05-06 11:35:48.543   552   828 I ServiceManager: Waiting for service sensorservice...
05-06 11:35:48.687  2177  2177 I dex2oat : dex2oat took 4.643s (threads: 4) arena alloc=2MB java alloc=11MB native alloc=24MB free=3MB
05-06 11:35:48.713  1617  1617 I PackageManager: Adjusting ABI for : com.android.mms.service to arm64-v8a
05-06 11:35:48.713  1617  1617 I PackageManager.DexOptimizer: Running dexopt (dex2oat) on: /system/priv-app/MmsService/MmsService.apk pkg=com.android.mms.service isa=arm64 vmSafeMode=false debuggable=false oatDir = null bootComplete=false
05-06 11:35:48.747  2182  2182 I dex2oat : Starting dex2oat.
05-06 11:35:48.747  2182  2182 E cutils-trace: Error opening trace file: No such file or directory (2)
05-06 11:35:48.846  2182  2182 I dex2oat : dex2oat took 99.397ms (threads: 4) arena alloc=490KB java alloc=204KB native alloc=2002KB free=2MB
05-06 11:35:48.854  1617  1617 I PackageManager: Adjusting ABI for : com.android.providers.telephony to arm64-v8a
05-06 11:35:48.854  1617  1617 I PackageManager.DexOptimizer: Running dexopt (dex2oat) on: /system/priv-app/TelephonyProvider/TelephonyProvider.apk pkg=com.android.providers.telephony isa=arm64 vmSafeMode=false debuggable=false oatDir = null bootComplete=false
05-06 11:35:48.886  2187  2187 I dex2oat : Starting dex2oat.
05-06 11:35:48.887  2187  2187 E cutils-trace: Error opening trace file: No such file or directory (2)
05-06 11:35:49.118  2187  2187 I dex2oat : dex2oat took 232.883ms (threads: 4) arena alloc=1692KB java alloc=210KB native alloc=3MB free=2MB
05-06 11:35:49.126  1617  1617 I PackageManager: Adjusting ABI for : com.android.stk to arm64-v8a
05-06 11:35:49.127  1617  1617 I PackageManager.DexOptimizer: Running dexopt (dex2oat) on: /system/app/Stk/Stk.apk pkg=com.android.stk isa=arm64 vmSafeMode=false debuggable=false oatDir = null bootComplete=false
05-06 11:35:49.160  2192  2192 I dex2oat : Starting dex2oat.
05-06 11:35:49.161  2192  2192 E cutils-trace: Error opening trace file: No such file or directory (2)
05-06 11:35:49.330  2192  2192 I dex2oat : dex2oat took 170.233ms (threads: 4) arena alloc=1574KB java alloc=277KB native alloc=2MB free=3MB
05-06 11:35:49.336  1617  1617 I PackageManager: Adjusting ABI for : com.android.flyme.bridge.softsim to arm64-v8a
05-06 11:35:49.337  1617  1617 I PackageManager.DexOptimizer: Running dexopt (dex2oat) on: /system/app/Bridge/Bridge.apk pkg=com.android.flyme.bridge.softsim isa=arm64 vmSafeMode=false debuggable=false oatDir = null bootComplete=false
05-06 11:35:49.372  2197  2197 I dex2oat : Starting dex2oat.
05-06 11:35:49.372  2197  2197 E cutils-trace: Error opening trace file: No such file or directory (2)
05-06 11:35:49.397   567   747 E slim_daemon: [NDK] bindNDKSensors: Sensor server is unavailable.
05-06 11:35:49.427  2197  2197 I dex2oat : dex2oat took 55.388ms (threads: 4) arena alloc=453KB java alloc=104KB native alloc=1770KB free=1557KB
05-06 11:35:49.432  1617  1617 I PackageManager: Adjusting ABI for : com.android.phone to arm64-v8a
05-06 11:35:49.434  1617  1617 I PackageManager.DexOptimizer: Running dexopt (dex2oat) on: /system/priv-app/TeleService/TeleService.apk pkg=com.android.phone isa=arm64 vmSafeMode=false debuggable=false oatDir = null bootComplete=false
05-06 11:35:49.450   525   563 E QCALOG  : [MessageQ] ProcessNewMessage: [XTWiFi-PE] unknown deliver target [OS-Agent]
05-06 11:35:49.465  2202  2202 I dex2oat : Starting dex2oat.
05-06 11:35:49.465  2202  2202 E cutils-trace: Error opening trace file: No such file or directory (2)
05-06 11:35:49.533   525   563 E QCALOG  : [MessageQ] ProcessNewMessage: [XT-CS] unknown deliver target [OS-Agent]
05-06 11:35:49.536   566   786 W XTCC-5.1.0.10: [CS-RIL-LISTENER] timerCallback fired for ril update registering, re-register
05-06 11:35:49.537   525   563 E QCALOG  : [MessageQ] ProcessNewMessage: [XT-CS] unknown deliver target [OS-Agent]
05-06 11:35:49.544   552   828 I ServiceManager: Waiting for service sensorservice...
05-06 11:35:50.048  2202  2204 W dex2oat : Before Android 4.1, method int android.support.v7.widget.ListViewCompat.lookForSelectablePosition(int, boolean) would have incorrectly overridden the package-private method in android.widget.ListView
05-06 11:35:50.055  2202  2205 W dex2oat : Before Android 4.1, method void com.meizu.common.preference.SwitchPreference.syncSummaryView(android.view.View) would have incorrectly overridden the package-private method in android.preference.TwoStatePreference
05-06 11:35:50.399   567   747 E slim_daemon: [NDK] bindNDKSensors: Sensor server is unavailable.
05-06 11:35:50.544   552   828 I ServiceManager: Waiting for service sensorservice...
05-06 11:35:51.400   567   747 E slim_daemon: [NDK] bindNDKSensors: Sensor server is unavailable.
05-06 11:35:51.545   552   828 I ServiceManager: Waiting for service sensorservice...
05-06 11:35:52.401   567   747 E slim_daemon: [NDK] bindNDKSensors: Sensor server is unavailable.
05-06 11:35:52.650  2202  2206 I dex2oat : Skipping compilation of java.util.List com.google.common.collect.Ordering.leastOf(java.util.Iterator, int): it contains a non natural loop
05-06 11:35:53.401   567   747 E slim_daemon: [NDK] bindNDKSensors: Sensor server is unavailable.
05-06 11:35:53.545   552   828 I ServiceManager: Waiting for service sensorservice...
05-06 11:35:53.933  2202  2206 W dex2oat : No verified method for method calling String.<init>: java.lang.String java.io.ByteArrayOutputStream.toString()
05-06 11:35:54.402   567   747 E slim_daemon: [NDK] bindNDKSensors: Sensor server is unavailable.
05-06 11:35:54.450   525   563 E QCALOG  : [MessageQ] ProcessNewMessage: [XTWiFi-PE] unknown deliver target [OS-Agent]
05-06 11:35:54.533   525   563 E QCALOG  : [MessageQ] ProcessNewMessage: [XT-CS] unknown deliver target [OS-Agent]
05-06 11:35:54.537   566   786 W XTCC-5.1.0.10: [CS-RIL-LISTENER] timerCallback fired for ril update registering, re-register
05-06 11:35:54.538   525   563 E QCALOG  : [MessageQ] ProcessNewMessage: [XT-CS] unknown deliver target [OS-Agent]
05-06 11:35:54.546   552   828 I ServiceManager: Waiting for service sensorservice...
05-06 11:35:55.061  2202  2202 I dex2oat : dex2oat took 5.597s (threads: 4) arena alloc=1653KB java alloc=14MB native alloc=29MB free=3MB
05-06 11:35:55.104  1617  1617 I PackageManager: Time to scan packages: 63.893 seconds
05-06 11:35:55.106  1617  1617 W PackageManager: Unknown permission android.permission.ROOT_RECOVERY_STATE in package com.flyme.roamingpay
05-06 11:35:55.106  1617  1617 W PackageManager: Unknown permission com.redteamobile.virtual.permission.USE_SOFTSIM in package com.flyme.roamingpay
05-06 11:35:55.106  1617  1617 W PackageManager: Unknown permission com.meizu.flyme.push.permission.RECEIVE in package com.flyme.roamingpay
05-06 11:35:55.107  1617  1617 W PackageManager: Unknown permission com.android.launcher.permission.READ_SETTINGS in package com.meizu.net.pedometer
05-06 11:35:55.107  1617  1617 W PackageManager: Unknown permission com.meizu.flyme.push.permission.RECEIVE in package com.meizu.net.pedometer
05-06 11:35:55.107  1617  1617 W PackageManager: Unknown permission android.permission.ROOT_RECOVERY_STATE in package com.meizu.net.pedometer
05-06 11:35:55.108  1617  1617 W PackageManager: Unknown permission com.google.android.googleapps.permission.GOOGLE_AUTH in package com.android.providers.calendar
05-06 11:35:55.108  1617  1617 W PackageManager: Unknown permission com.google.android.googleapps.permission.GOOGLE_AUTH.cl in package com.android.providers.calendar
05-06 11:35:55.110  1617  1617 W PackageManager: Not granting permission android.permission.INTERACT_ACROSS_USERS_FULL to package com.android.providers.calendar (protectionLevel=258 flags=0x38083e45)
05-06 11:35:55.110  1617  1617 W PackageManager: Unknown permission android.permission.ROOT_RECOVERY_STATE in package com.android.providers.media
05-06 11:35:55.110  1617  1617 W PackageManager: Unknown permission com.android.launcher.permission.READ_SETTINGS in package com.meizu.flyme.launcher
05-06 11:35:55.110  1617  1617 W PackageManager: Unknown permission com.android.launcher.permission.WRITE_SETTINGS in package com.meizu.flyme.launcher
05-06 11:35:55.110  1617  1617 W PackageManager: Not granting permission com.android.permission.WHITELIST_BLUETOOTH_DEVICE to package com.meizu.flyme.launcher (protectionLevel=2 flags=0x3808be45)
05-06 11:35:55.111  1617  1617 W PackageManager: Unknown permission com.meizu.flyme.push.permission.RECEIVE in package com.meizu.flyme.launcher
05-06 11:35:55.111  1617  1617 W PackageManager: Not granting permission android.permission.START_ANY_ACTIVITY to package com.meizu.flyme.launcher (protectionLevel=2 flags=0x3808be45)
05-06 11:35:55.111  1617  1617 W PackageManager: Not granting permission android.permission.INTERACT_ACROSS_USERS_FULL to package com.meizu.flyme.launcher (protectionLevel=258 flags=0x3808be45)
05-06 11:35:55.112  1617  1617 W PackageManager: Unknown permission android.permission.ROOT_RECOVERY_STATE in package com.meizu.flyme.launcher
05-06 11:35:55.112  1617  1617 W PackageManager: Unknown permission android.permission.READ_OWNER_DATA in package com.meizu.desktopbackup
05-06 11:35:55.112  1617  1617 W PackageManager: Unknown permission android.permission.WRITE_OWNER_DATA in package com.meizu.desktopbackup
05-06 11:35:55.112  1617  1617 W PackageManager: Unknown permission com.android.voicemail.permission.READ_WRITE_ALL_VOICEMAIL in package com.meizu.desktopbackup
05-06 11:35:55.112  1617  1617 W PackageManager: Unknown permission android.permission.BACKUP_ACCOUNTS in package com.meizu.desktopbackup
05-06 11:35:55.113  1617  1617 W PackageManager: Unknown permission android.permission.MEIZU_BACKUP_AND_RESTORE in package com.meizu.desktopbackup
05-06 11:35:55.113  1617  1617 W PackageManager: Unknown permission com.meizu.flyme.push.permission.RECEIVE in package com.meizu.desktopbackup
05-06 11:35:55.113  1617  1617 W PackageManager: Unknown permission com.meizu.c2dm.permission.RECEIVE in package com.meizu.desktopbackup
05-06 11:35:55.113  1617  1617 W PackageManager: Unknown permission android.permission.ROOT_RECOVERY_STATE in package com.meizu.desktopbackup
05-06 11:35:55.114  1617  1617 W PackageManager: Unknown permission android.permission.ROOT_RECOVERY_STATE in package com.meizu.account.pay
05-06 11:35:55.114  1617  1617 W PackageManager: Unknown permission org.simalliance.openmobileapi.SMARTCARD in package com.meizu.account.pay
05-06 11:35:55.115  1617  1617 W PackageManager: Unknown permission com.meizu.flyme.push.permission.RECEIVE in package com.android.alarmclock
05-06 11:35:55.115  1617  1617 W PackageManager: Unknown permission android.permission.ROOT_RECOVERY_STATE in package com.android.alarmclock
05-06 11:35:55.116  1617  1617 W PackageManager: Not granting permission android.permission.MOUNT_UNMOUNT_FILESYSTEMS to package com.iflytek.speechsuite (protectionLevel=18 flags=0x38083e45)
05-06 11:35:55.116  1617  1617 W PackageManager: Not granting permission android.permission.READ_LOGS to package com.iflytek.speechsuite (protectionLevel=50 flags=0x38083e45)
05-06 11:35:55.116  1617  1617 W PackageManager: Not granting permission android.permission.LOCAL_MAC_ADDRESS to package com.iflytek.speechsuite (protectionLevel=18 flags=0x38083e45)
05-06 11:35:55.116  1617  1617 W PackageManager: Not granting permission android.permission.READ_PRIVILEGED_PHONE_STATE to package com.iflytek.speechsuite (protectionLevel=18 flags=0x38083e45)
05-06 11:35:55.116  1617  1617 W PackageManager: Not granting permission android.permission.REAL_GET_TASKS to package com.iflytek.speechsuite (protectionLevel=18 flags=0x38083e45)
05-06 11:35:55.117  1617  1617 W PackageManager: Not granting permission android.permission.INTERACT_ACROSS_USERS_FULL to package com.iflytek.speechsuite (protectionLevel=258 flags=0x38083e45)
05-06 11:35:55.117  1617  1617 W PackageManager: Not granting permission android.permission.WRITE_MEDIA_STORAGE to package com.iflytek.speechsuite (protectionLevel=18 flags=0x38083e45)
05-06 11:35:55.117  1617  1617 W PackageManager: Unknown permission android.permission.RECEIVE_SMS_SUPER in package com.android.mms.service
05-06 11:35:55.118  1617  1617 W PackageManager: Unknown permission android.permission.ROOT_RECOVERY_STATE in package com.android.providers.downloads
05-06 11:35:55.118  1617  1617 W PackageManager: Not granting permission android.permission.INTERACT_ACROSS_USERS_FULL to package com.android.providers.downloads (protectionLevel=258 flags=0x3808be45)
05-06 11:35:55.119  1617  1617 W PackageManager: Unknown permission android.permission.READ_SMS_SUPER in package com.meizu.filemanager
05-06 11:35:55.120  1617  1617 W PackageManager: Unknown permission com.meizu.flyme.push.permission.RECEIVE in package com.meizu.filemanager
05-06 11:35:55.120  1617  1617 W PackageManager: Unknown permission android.permission.ROOT_RECOVERY_STATE in package com.meizu.filemanager
05-06 11:35:55.121  1617  1617 W PackageManager: Not granting permission android.permission.SEND_DOWNLOAD_COMPLETED_INTENTS to package com.android.browser (protectionLevel=2 flags=0x3849be45)
05-06 11:35:55.121  1617  1617 W PackageManager: Not granting permission android.permission.DEVICE_POWER to package com.android.browser (protectionLevel=2 flags=0x3849be45)
05-06 11:35:55.121  1617  1617 W PackageManager: Unknown permission android.permission.PERFORM_DEXOPT in package com.android.browser
05-06 11:35:55.122  1617  1617 W PackageManager: Unknown permission android.hardware.sensor.accelerometer in package com.android.browser
05-06 11:35:55.122  1617  1617 W PackageManager: Unknown permission android.permission.ROOT_RECOVERY_STATE in package com.android.browser
05-06 11:35:55.122  1617  1617 W PackageManager: Not granting permission android.permission.START_ANY_ACTIVITY to package com.android.browser (protectionLevel=2 flags=0x3849be45)
05-06 11:35:55.123  1617  1617 W PackageManager: Not granting permission android.permission.PEERS_MAC_ADDRESS to package com.android.browser (protectionLevel=2 flags=0x3849be45)
05-06 11:35:55.123  1617  1617 W PackageManager: Not granting permission android.permission.ACCESS_ALL_DOWNLOADS to package com.android.browser (protectionLevel=2 flags=0x3849be45)
05-06 11:35:55.123  1617  1617 W PackageManager: Not granting permission android.permission.INTERACT_ACROSS_USERS_FULL to package com.android.browser (protectionLevel=258 flags=0x3849be45)
05-06 11:35:55.124  1617  1617 W PackageManager: Unknown permission com.android.launcher.permission.READ_SETTINGS in package com.android.browser
05-06 11:35:55.124  1617  1617 W PackageManager: Unknown permission android.permission.READ_SETTINGS in package com.android.browser
05-06 11:35:55.124  1617  1617 W PackageManager: Unknown permission org.simalliance.openmobileapi.SMARTCARD in package com.android.browser
05-06 11:35:55.125  1617  1617 W PackageManager: Unknown permission com.meizu.flyme.push.permission.RECEIVE in package com.meizu.compaign
05-06 11:35:55.125  1617  1617 W PackageManager: Unknown permission com.meizu.c2dm.permission.RECEIVE in package com.meizu.compaign
05-06 11:35:55.125  1617  1617 W PackageManager: Unknown permission com.meizu.compaign.permission.READ_SDK_INFO in package com.meizu.compaign
05-06 11:35:55.125  1617  1617 W PackageManager: Unknown permission com.meizu.compaign.permission.SEND_NOTIFICATION in package com.meizu.compaign
05-06 11:35:55.125  1617  1617 W PackageManager: Unknown permission android.permission.ROOT_RECOVERY_STATE in package com.meizu.compaign
05-06 11:35:55.125  1617  1617 W PackageManager: Unknown permission android.webkit.permission.PLUGIN in package com.meizu.compaign
05-06 11:35:55.126  1617  1617 W PackageManager: Unknown permission com.android.voicemail.permission.READ_WRITE_ALL_VOICEMAIL in package com.android.soundrecorder
05-06 11:35:55.126  1617  1617 W PackageManager: Not granting permission com.android.permission.WHITELIST_BLUETOOTH_DEVICE to package com.android.soundrecorder (protectionLevel=2 flags=0x38483e45)
05-06 11:35:55.126  1617  1617 W PackageManager: Unknown permission com.android.usagestats.permission.READ_USAGESTATS in package com.android.soundrecorder
05-06 11:35:55.126  1617  1617 W PackageManager: Unknown permission com.android.usagestats.permission.WRITE_USAGESTATS in package com.android.soundrecorder
05-06 11:35:55.126  1617  1617 W PackageManager: Not granting permission android.permission.START_ANY_ACTIVITY to package com.android.soundrecorder (protectionLevel=2 flags=0x38483e45)
05-06 11:35:55.126  1617  1617 W PackageManager: Not granting permission android.permission.INTERACT_ACROSS_USERS_FULL to package com.android.soundrecorder (protectionLevel=258 flags=0x38483e45)
05-06 11:35:55.126  1617  1617 W PackageManager: Unknown permission android.permission.ROOT_RECOVERY_STATE in package com.android.soundrecorder
05-06 11:35:55.127  1617  1617 W PackageManager: Unknown permission com.meizu.flyme.push.permission.RECEIVE in package com.meizu.backup
05-06 11:35:55.127  1617  1617 W PackageManager: Unknown permission android.permission.ROOT_RECOVERY_STATE in package com.meizu.backup
05-06 11:35:55.127  1617  1617 I PackageManager: Un-granting permission android.permission.REAL_GET_TASKS from package com.android.providers.downloads.ui (protectionLevel=18 flags=0x38483e45)
05-06 11:35:55.128  1617  1617 W PackageManager: Not granting permission android.permission.INTERACT_ACROSS_USERS_FULL to package com.android.providers.downloads.ui (protectionLevel=258 flags=0x38483e45)
05-06 11:35:55.128  1617  1617 W PackageManager: Not granting permission android.permission.START_ANY_ACTIVITY to package com.android.providers.downloads.ui (protectionLevel=2 flags=0x38483e45)
05-06 11:35:55.128  1617  1617 W PackageManager: Unknown permission com.taobao.permission.USE_CREDENTIALS in package com.aliyun.ams.tyid
05-06 11:35:55.128  1617  1617 W PackageManager: Unknown permission com.taobao.permission.UPDATE_CREDENTIALS in package com.aliyun.ams.tyid
05-06 11:35:55.128  1617  1617 W PackageManager: Unknown permission android.permission.ACCESS_GET_TASKS in package com.aliyun.ams.tyid
05-06 11:35:55.128  1617  1617 W PackageManager: Unknown permission android.permission.ROOT_RECOVERY_STATE in package com.meizu.flyme.update
05-06 11:35:55.128  1617  1617 W PackageManager: Unknown permission com.meizu.flyme.push.permission.RECEIVE in package com.meizu.flyme.update
05-06 11:35:55.129  1617  1617 W PackageManager: Not granting permission android.permission.MOUNT_UNMOUNT_FILESYSTEMS to package com.meizu.net.map (protectionLevel=18 flags=0x38483e45)
05-06 11:35:55.129  1617  1617 W PackageManager: Not granting permission android.permission.READ_LOGS to package com.meizu.net.map (protectionLevel=50 flags=0x38483e45)
05-06 11:35:55.129  1617  1617 W PackageManager: Not granting permission android.permission.CHANGE_CONFIGURATION to package com.meizu.net.map (protectionLevel=50 flags=0x38483e45)
05-06 11:35:55.129  1617  1617 W PackageManager: Not granting permission android.permission.INSTALL_PACKAGES to package com.meizu.net.map (protectionLevel=18 flags=0x38483e45)
05-06 11:35:55.129  1617  1617 W PackageManager: Not granting permission android.permission.ACCESS_DOWNLOAD_MANAGER to package com.meizu.net.map (protectionLevel=18 flags=0x38483e45)
05-06 11:35:55.129  1617  1617 W PackageManager: Unknown permission com.android.launcher.permission.READ_SETTINGS in package com.meizu.net.map
05-06 11:35:55.129  1617  1617 W PackageManager: Not granting permission com.meizu.flyme.permission.UPDATE to package com.meizu.net.map (protectionLevel=18 flags=0x38483e45)
05-06 11:35:55.129  1617  1617 W PackageManager: Not granting permission android.permission.WRITE_SECURE_SETTINGS to package com.meizu.net.map (protectionLevel=50 flags=0x38483e45)
05-06 11:35:55.129  1617  1617 W PackageManager: Not granting permission android.permission.REAL_GET_TASKS to package com.meizu.net.map (protectionLevel=18 flags=0x38483e45)
05-06 11:35:55.130  1617  1617 W PackageManager: Not granting permission android.permission.START_ANY_ACTIVITY to package com.meizu.net.map (protectionLevel=2 flags=0x38483e45)
05-06 11:35:55.130  1617  1617 W PackageManager: Not granting permission android.permission.PEERS_MAC_ADDRESS to package com.meizu.net.map (protectionLevel=2 flags=0x38483e45)
05-06 11:35:55.130  1617  1617 W PackageManager: Not granting permission android.permission.WRITE_MEDIA_STORAGE to package com.meizu.net.map (protectionLevel=18 flags=0x38483e45)
05-06 11:35:55.130  1617  1617 W PackageManager: Not granting permission android.permission.STATUS_BAR to package com.meizu.net.map (protectionLevel=18 flags=0x38483e45)
05-06 11:35:55.130  1617  1617 W PackageManager: Not granting permission android.permission.INTERACT_ACROSS_USERS_FULL to package com.meizu.net.map (protectionLevel=258 flags=0x38483e45)
05-06 11:35:55.130  1617  1617 W PackageManager: Not granting permission android.permission.INTERACT_ACROSS_USERS to package com.meizu.net.map (protectionLevel=50 flags=0x38483e45)
05-06 11:35:55.130  1617  1617 W PackageManager: Not granting permission android.permission.READ_PRIVILEGED_PHONE_STATE to package com.meizu.net.map (protectionLevel=18 flags=0x38483e45)
05-06 11:35:55.130  1617  1617 W PackageManager: Not granting permission com.meizu.stats.permission.READ_USAGESTATS to package com.meizu.net.map (protectionLevel=18 flags=0x38483e45)
05-06 11:35:55.130  1617  1617 W PackageManager: Unknown permission android.permission.ROOT_RECOVERY_STATE in package com.meizu.net.map
05-06 11:35:55.130  1617  1617 W PackageManager: Not granting permission android.permission.LOCAL_MAC_ADDRESS to package com.meizu.net.map (protectionLevel=18 flags=0x38483e45)
05-06 11:35:55.131  1617  1617 W PackageManager: Unknown permission org.simalliance.openmobileapi.SMARTCARD in package com.meizu.flyme.wallet
05-06 11:35:55.131  1617  1617 W PackageManager: Unknown permission com.meizu.flyme.push.permission.RECEIVE in package com.meizu.flyme.wallet
05-06 11:35:55.131  1617  1617 W PackageManager: Unknown permission com.meizu.c2dm.permission.RECEIVE in package com.meizu.flyme.wallet
05-06 11:35:55.131  1617  1617 W PackageManager: Unknown permission android.permission.READ_SETTINGS in package com.meizu.flyme.wallet
05-06 11:35:55.131  1617  1617 W PackageManager: Unknown permission android.permission.ROOT_RECOVERY_STATE in package com.meizu.flyme.wallet
05-06 11:35:55.131  1617  1617 W PackageManager: Unknown permission android.permission.MMS_PUSH in package org.codeaurora.bluetooth
05-06 11:35:55.131  1617  1617 W PackageManager: Unknown permission com.meizu.safe.permission.ACCESS_APP_SHOW_ON_LOCKED_SCREED_PROVIDER in package android
05-06 11:35:55.132  1617  1617 W PackageManager: Unknown permission android.permission.ROOT_RECOVERY_STATE in package com.meizu.media.camera
05-06 11:35:55.132  1617  1617 W PackageManager: Unknown permission com.android.launcher.permission.READ_SETTINGS in package com.meizu.mstore
05-06 11:35:55.132  1617  1617 W PackageManager: Unknown permission android.permission.ROOT_RECOVERY_STATE in package com.meizu.mstore
05-06 11:35:55.132  1617  1617 W PackageManager: Unknown permission com.meizu.flyme.push.permission.RECEIVE in package com.meizu.mstore
05-06 11:35:55.133  1617  1617 W PackageManager: Unknown permission android.permission.INSTALL_DRM in package com.android.mms
05-06 11:35:55.133  1617  1617 W PackageManager: Unknown permission com.meizu.flyme.push.permission.RECEIVE in package com.android.mms
05-06 11:35:55.133  1617  1617 W PackageManager: Unknown permission android.permission.RECEIVE_SMS_SUPER in package com.android.mms
05-06 11:35:55.133  1617  1617 W PackageManager: Unknown permission android.permission.RECEIVE_WAP_PUSH_SUPER in package com.android.mms
05-06 11:35:55.133  1617  1617 W PackageManager: Unknown permission com.meizu.remotecooperation.access.permission.JUMP in package com.android.mms
05-06 11:35:55.134  1617  1617 W PackageManager: Unknown permission android.permission.ROOT_RECOVERY_STATE in package com.android.mms
05-06 11:35:55.134  1617  1617 W PackageManager: Unknown permission android.webkit.permission.PLUGIN in package com.android.mms
05-06 11:35:55.134  1617  1617 W PackageManager: Unknown permission android.permission.NFC_UNLOCK in package com.android.nfc
05-06 11:35:55.134  1617  1617 W PackageManager: Unknown permission com.aliyun.note.permission.READ_WRITE in package com.meizu.net.search
05-06 11:35:55.134  1617  1617 W PackageManager: Unknown permission com.aliyun.ams.ta.TA in package com.meizu.net.search
05-06 11:35:55.134  1617  1617 W PackageManager: Not granting permission android.permission.CHANGE_CONFIGURATION to package com.meizu.net.search (protectionLevel=50 flags=0x38083e45)
05-06 11:35:55.134  1617  1617 W PackageManager: Unknown permission com.yunos.permission.LOCATED in package com.meizu.net.search
05-06 11:35:55.134  1617  1617 W PackageManager: Unknown permission com.yunos.lbs.permission.ACCESS_LOCATION in package com.meizu.net.search
05-06 11:35:55.134  1617  1617 W PackageManager: Not granting permission com.meizu.flyme.permission.UPDATE to package com.meizu.net.search (protectionLevel=18 flags=0x38083e45)
05-06 11:35:55.135  1617  1617 W PackageManager: Not granting permission com.meizu.flyme.appcenter.permission.action.perform to package com.meizu.net.search (protectionLevel=2 flags=0x38083e45)
05-06 11:35:55.135  1617  1617 W PackageManager: Not granting permission android.permission.READ_FRAME_BUFFER to package com.meizu.net.search (protectionLevel=18 flags=0x38083e45)
05-06 11:35:55.135  1617  1617 W PackageManager: Not granting permission android.permission.INSTALL_PACKAGES to package com.meizu.net.search (protectionLevel=18 flags=0x38083e45)
05-06 11:35:55.135  1617  1617 W PackageManager: Not granting permission android.permission.WRITE_SECURE_SETTINGS to package com.meizu.net.search (protectionLevel=50 flags=0x38083e45)
05-06 11:35:55.135  1617  1617 W PackageManager: Not granting permission com.meizu.permission.SEARCH_SETTINGS to package com.meizu.net.search (protectionLevel=2 flags=0x38083e45)
05-06 11:35:55.135  1617  1617 W PackageManager: Not granting permission android.permission.READ_SEARCH_INDEXABLES to package com.meizu.net.search (protectionLevel=18 flags=0x38083e45)
05-06 11:35:55.135  1617  1617 W PackageManager: Not granting permission android.permission.START_ANY_ACTIVITY to package com.meizu.net.search (protectionLevel=2 flags=0x38083e45)
05-06 11:35:55.135  1617  1617 W PackageManager: Not granting permission android.permission.STATUS_BAR to package com.meizu.net.search (protectionLevel=18 flags=0x38083e45)
05-06 11:35:55.135  1617  1617 W PackageManager: Not granting permission android.permission.PEERS_MAC_ADDRESS to package com.meizu.net.search (protectionLevel=2 flags=0x38083e45)
05-06 11:35:55.135  1617  1617 W PackageManager: Not granting permission android.permission.READ_PRIVILEGED_PHONE_STATE to package com.meizu.net.search (protectionLevel=18 flags=0x38083e45)
05-06 11:35:55.135  1617  1617 W PackageManager: Not granting permission android.permission.REAL_GET_TASKS to package com.meizu.net.search (protectionLevel=18 flags=0x38083e45)
05-06 11:35:55.135  1617  1617 W PackageManager: Not granting permission android.permission.INTERACT_ACROSS_USERS_FULL to package com.meizu.net.search (protectionLevel=258 flags=0x38083e45)
05-06 11:35:55.135  1617  1617 W PackageManager: Not granting permission android.permission.WRITE_MEDIA_STORAGE to package com.meizu.net.search (protectionLevel=18 flags=0x38083e45)
05-06 11:35:55.135  1617  1617 W PackageManager: Unknown permission com.meizu.flyme.push.permission.RECEIVE in package com.meizu.net.search
05-06 11:35:55.135  1617  1617 W PackageManager: Unknown permission com.meizu.c2dm.permission.RECEIVE in package com.meizu.net.search
05-06 11:35:55.135  1617  1617 W PackageManager: Not granting permission android.permission.ACCESS_DOWNLOAD_MANAGER to package com.meizu.net.search (protectionLevel=18 flags=0x38083e45)
05-06 11:35:55.135  1617  1617 W PackageManager: Not granting permission com.meizu.stats.permission.READ_USAGESTATS to package com.meizu.net.search (protectionLevel=18 flags=0x38083e45)
05-06 11:35:55.136  1617  1617 W PackageManager: Unknown permission android.permission.ROOT_RECOVERY_STATE in package com.meizu.net.search
05-06 11:35:55.136  1617  1617 W PackageManager: Not granting permission android.permission.LOCAL_MAC_ADDRESS to package com.meizu.net.search (protectionLevel=18 flags=0x38083e45)
05-06 11:35:55.136  1617  1617 W PackageManager: Unknown permission android.permission.ROOT_RECOVERY_STATE in package com.meizu.sceneinfo
05-06 11:35:55.137  1617  1617 W PackageManager: Not granting permission android.permission.INSTALL_PACKAGES to package com.meizu.notepaper (protectionLevel=18 flags=0x38583e45)
05-06 11:35:55.137  1617  1617 W PackageManager: Not granting permission android.permission.MOUNT_UNMOUNT_FILESYSTEMS to package com.meizu.notepaper (protectionLevel=18 flags=0x38583e45)
05-06 11:35:55.137  1617  1617 W PackageManager: Not granting permission com.android.permission.WHITELIST_BLUETOOTH_DEVICE to package com.meizu.notepaper (protectionLevel=2 flags=0x38583e45)
05-06 11:35:55.137  1617  1617 W PackageManager: Not granting permission android.permission.INTERACT_ACROSS_USERS to package com.meizu.notepaper (protectionLevel=50 flags=0x38583e45)
05-06 11:35:55.137  1617  1617 W PackageManager: Not granting permission android.permission.MANAGE_USERS to package com.meizu.notepaper (protectionLevel=18 flags=0x38583e45)
05-06 11:35:55.137  1617  1617 W PackageManager: Not granting permission com.meizu.flyme.permission.UPDATE to package com.meizu.notepaper (protectionLevel=18 flags=0x38583e45)
05-06 11:35:55.137  1617  1617 W PackageManager: Unknown permission android.permission.ROOT_RECOVERY_STATE in package com.meizu.notepaper
05-06 11:35:55.137  1617  1617 W PackageManager: Not granting permission android.permission.CHANGE_CONFIGURATION to package com.meizu.notepaper (protectionLevel=50 flags=0x38583e45)
05-06 11:35:55.137  1617  1617 W PackageManager: Not granting permission android.permission.INTERNAL_SYSTEM_WINDOW to package com.meizu.notepaper (protectionLevel=2 flags=0x38583e45)
05-06 11:35:55.137  1617  1617 W PackageManager: Not granting permission android.permission.START_ANY_ACTIVITY to package com.meizu.notepaper (protectionLevel=2 flags=0x38583e45)
05-06 11:35:55.137  1617  1617 W PackageManager: Not granting permission android.permission.READ_PRIVILEGED_PHONE_STATE to package com.meizu.notepaper (protectionLevel=18 flags=0x38583e45)
05-06 11:35:55.137  1617  1617 W PackageManager: Not granting permission android.permission.STATUS_BAR to package com.meizu.notepaper (protectionLevel=18 flags=0x38583e45)
05-06 11:35:55.138  1617  1617 W PackageManager: Not granting permission android.permission.INTERACT_ACROSS_USERS_FULL to package com.meizu.notepaper (protectionLevel=258 flags=0x38583e45)
05-06 11:35:55.138  1617  1617 W PackageManager: Not granting permission android.permission.WRITE_MEDIA_STORAGE to package com.meizu.notepaper (protectionLevel=18 flags=0x38583e45)
05-06 11:35:55.138  1617  1617 W PackageManager: Not granting permission android.permission.REAL_GET_TASKS to package com.meizu.notepaper (protectionLevel=18 flags=0x38583e45)
05-06 11:35:55.138  1617  1617 W PackageManager: Not granting permission com.meizu.stats.permission.READ_USAGESTATS to package com.meizu.notepaper (protectionLevel=18 flags=0x38583e45)
05-06 11:35:55.138  1617  1617 W PackageManager: Not granting permission android.permission.LOCAL_MAC_ADDRESS to package com.meizu.notepaper (protectionLevel=18 flags=0x38583e45)
05-06 11:35:55.138  1617  1617 W PackageManager: Not granting permission android.permission.ACCESS_DOWNLOAD_MANAGER to package com.meizu.notepaper (protectionLevel=18 flags=0x38583e45)
05-06 11:35:55.138  1617  1617 W PackageManager: Not granting permission com.meizu.flyme.permission.UPDATE to package com.meizu.flyme.calculator (protectionLevel=18 flags=0x38483e45)
05-06 11:35:55.138  1617  1617 W PackageManager: Not granting permission android.permission.STOP_APP_SWITCHES to package com.meizu.flyme.calculator (protectionLevel=18 flags=0x38483e45)
05-06 11:35:55.138  1617  1617 W PackageManager: Not granting permission android.permission.INSTALL_PACKAGES to package com.meizu.flyme.calculator (protectionLevel=18 flags=0x38483e45)
05-06 11:35:55.138  1617  1617 W PackageManager: Not granting permission android.permission.START_ANY_ACTIVITY to package com.meizu.flyme.calculator (protectionLevel=2 flags=0x38483e45)
05-06 11:35:55.138  1617  1617 W PackageManager: Not granting permission android.permission.STATUS_BAR to package com.meizu.flyme.calculator (protectionLevel=18 flags=0x38483e45)
05-06 11:35:55.138  1617  1617 W PackageManager: Not granting permission android.permission.INTERACT_ACROSS_USERS_FULL to package com.meizu.flyme.calculator (protectionLevel=258 flags=0x38483e45)
05-06 11:35:55.138  1617  1617 W PackageManager: Not granting permission android.permission.INTERACT_ACROSS_USERS to package com.meizu.flyme.calculator (protectionLevel=50 flags=0x38483e45)
05-06 11:35:55.138  1617  1617 W PackageManager: Not granting permission android.permission.WRITE_MEDIA_STORAGE to package com.meizu.flyme.calculator (protectionLevel=18 flags=0x38483e45)
05-06 11:35:55.139  1617  1617 W PackageManager: Not granting permission com.meizu.stats.permission.READ_USAGESTATS to package com.meizu.flyme.calculator (protectionLevel=18 flags=0x38483e45)
05-06 11:35:55.139  1617  1617 W PackageManager: Unknown permission android.permission.ROOT_RECOVERY_STATE in package com.meizu.flyme.calculator
05-06 11:35:55.139  1617  1617 W PackageManager: Not granting permission android.permission.LOCAL_MAC_ADDRESS to package com.meizu.flyme.calculator (protectionLevel=18 flags=0x38483e45)
05-06 11:35:55.139  1617  1617 W PackageManager: Not granting permission android.permission.REAL_GET_TASKS to package com.meizu.flyme.calculator (protectionLevel=18 flags=0x38483e45)
05-06 11:35:55.139  1617  1617 W PackageManager: Not granting permission android.permission.ACCESS_DOWNLOAD_MANAGER to package com.meizu.flyme.calculator (protectionLevel=18 flags=0x38483e45)
05-06 11:35:55.139  1617  1617 W PackageManager: Unknown permission com.meizu.flyme.push.permission.RECEIVE in package com.meizu.yellowpage
05-06 11:35:55.139  1617  1617 W PackageManager: Unknown permission android.permission.ROOT_RECOVERY_STATE in package com.meizu.yellowpage
05-06 11:35:55.139  1617  1617 W PackageManager: Unknown permission android.permission.ROOT_RECOVERY_STATE in package com.android.calendar
05-06 11:35:55.140  1617  1617 W PackageManager: Unknown permission com.android.usagestats.permission.READ_USAGESTATS in package com.android.calendar
05-06 11:35:55.140  1617  1617 W PackageManager: Unknown permission com.android.usagestats.permission.WRITE_USAGESTATS in package com.android.calendar
05-06 11:35:55.140  1617  1617 W PackageManager: Unknown permission com.meizu.flyme.push.permission.RECEIVE in package com.android.calendar
05-06 11:35:55.140  1617  1617 W PackageManager: Unknown permission android.permission.GET_FLYME_HIPS_SERVICE in package com.meizu.safe
05-06 11:35:55.140  1617  1617 W PackageManager: Unknown permission android.permission.ROOT_RECOVERY_STATE in package com.meizu.safe
05-06 11:35:55.141  1617  1617 W PackageManager: Not granting permission android.permission.ACCESS_DOWNLOAD_MANAGER to package com.meizu.media.reader (protectionLevel=18 flags=0x38483e45)
05-06 11:35:55.141  1617  1617 W PackageManager: Unknown permission com.meizu.flyme.push.permission.RECEIVE in package com.meizu.media.reader
05-06 11:35:55.141  1617  1617 W PackageManager: Unknown permission com.meizu.c2dm.permission.RECEIVE in package com.meizu.media.reader
05-06 11:35:55.141  1617  1617 W PackageManager: Not granting permission com.meizu.flyme.permission.UPDATE to package com.meizu.media.reader (protectionLevel=18 flags=0x38483e45)
05-06 11:35:55.141  1617  1617 W PackageManager: Unknown permission com.android.launcher.permission.READ_SETTINGS in package com.meizu.media.reader
05-06 11:35:55.141  1617  1617 W PackageManager: Unknown permission android.permission.ROOT_RECOVERY_STATE in package com.meizu.media.reader
05-06 11:35:55.141  1617  1617 W PackageManager: Not granting permission android.permission.INSTALL_PACKAGES to package com.meizu.media.reader (protectionLevel=18 flags=0x38483e45)
05-06 11:35:55.141  1617  1617 W PackageManager: Unknown permission com.meizu.feebback.submit.permission.QUESTION in package com.meizu.media.reader
05-06 11:35:55.141  1617  1617 W PackageManager: Not granting permission android.permission.START_ANY_ACTIVITY to package com.meizu.media.reader (protectionLevel=2 flags=0x38483e45)
05-06 11:35:55.141  1617  1617 W PackageManager: Not granting permission android.permission.STATUS_BAR to package com.meizu.media.reader (protectionLevel=18 flags=0x38483e45)
05-06 11:35:55.142  1617  1617 W PackageManager: Not granting permission android.permission.WRITE_SECURE_SETTINGS to package com.meizu.media.reader (protectionLevel=50 flags=0x38483e45)
05-06 11:35:55.142  1617  1617 W PackageManager: Not granting permission android.permission.INTERACT_ACROSS_USERS_FULL to package com.meizu.media.reader (protectionLevel=258 flags=0x38483e45)
05-06 11:35:55.142  1617  1617 W PackageManager: Not granting permission android.permission.INTERACT_ACROSS_USERS to package com.meizu.media.reader (protectionLevel=50 flags=0x38483e45)
05-06 11:35:55.142  1617  1617 W PackageManager: Not granting permission android.permission.WRITE_MEDIA_STORAGE to package com.meizu.media.reader (protectionLevel=18 flags=0x38483e45)
05-06 11:35:55.142  1617  1617 W PackageManager: Not granting permission android.permission.REAL_GET_TASKS to package com.meizu.media.reader (protectionLevel=18 flags=0x38483e45)
05-06 11:35:55.142  1617  1617 W PackageManager: Not granting permission com.meizu.stats.permission.READ_USAGESTATS to package com.meizu.media.reader (protectionLevel=18 flags=0x38483e45)
05-06 11:35:55.142  1617  1617 W PackageManager: Not granting permission android.permission.LOCAL_MAC_ADDRESS to package com.meizu.media.reader (protectionLevel=18 flags=0x38483e45)
05-06 11:35:55.142  1617  1617 W PackageManager: Unknown permission com.meizu.compaign.permission.READ_SDK_INFO in package com.meizu.media.reader
05-06 11:35:55.142  1617  1617 W PackageManager: Unknown permission com.meizu.compaign.permission.SEND_NOTIFICATION in package com.meizu.media.reader
05-06 11:35:55.142  1617  1617 W PackageManager: Unknown permission com.meizu.flyme.push.permission.RECEIVE in package com.meizu.flyme.toolbox
05-06 11:35:55.142  1617  1617 W PackageManager: Unknown permission android.permission.ROOT_RECOVERY_STATE in package com.meizu.flyme.toolbox
05-06 11:35:55.143  1617  1617 W PackageManager: Unknown permission com.android.launcher.permission.READ_SETTINGS in package com.meizu.flyme.childrenlauncher
05-06 11:35:55.143  1617  1617 W PackageManager: Unknown permission com.android.launcher.permission.WRITE_SETTINGS in package com.meizu.flyme.childrenlauncher
05-06 11:35:55.143  1617  1617 W PackageManager: Unknown permission com.meizu.flyme.push.permission.RECEIVE in package com.meizu.flyme.childrenlauncher
05-06 11:35:55.143  1617  1617 W PackageManager: Unknown permission android.permission.ROOT_RECOVERY_STATE in package com.meizu.flyme.childrenlauncher
05-06 11:35:55.144  1617  1617 W PackageManager: Unknown permission com.android.voicemail.permission.READ_WRITE_ALL_VOICEMAIL in package com.android.incallui
05-06 11:35:55.144  1617  1617 W PackageManager: Not granting permission com.android.permission.WHITELIST_BLUETOOTH_DEVICE to package com.android.incallui (protectionLevel=2 flags=0x3808be6d)
05-06 11:35:55.144  1617  1617 W PackageManager: Unknown permission com.meizu.flyme.push.permission.RECEIVE in package com.android.incallui
05-06 11:35:55.144  1617  1617 W PackageManager: Unknown permission meizu.permission.FLYME_TELECOM in package com.android.incallui
05-06 11:35:55.144  1617  1617 W PackageManager: Unknown permission meizu.permission.DEFAULT_SYSTEM_APP_PERMISSION in package com.android.incallui
05-06 11:35:55.144  1617  1617 W PackageManager: Not granting permission android.permission.START_ANY_ACTIVITY to package com.android.incallui (protectionLevel=2 flags=0x3808be6d)
05-06 11:35:55.144  1617  1617 W PackageManager: Not granting permission android.permission.INTERACT_ACROSS_USERS_FULL to package com.android.incallui (protectionLevel=258 flags=0x3808be6d)
05-06 11:35:55.144  1617  1617 W PackageManager: Unknown permission android.permission.ROOT_RECOVERY_STATE in package com.android.incallui
05-06 11:35:55.145  1617  1617 W PackageManager: Unknown permission com.meizu.flyme.push.permission.RECEIVE in package com.meizu.gamecenter.service
05-06 11:35:55.145  1617  1617 W PackageManager: Unknown permission android.permission.ROOT_RECOVERY_STATE in package com.meizu.gamecenter.service
05-06 11:35:55.145  1617  1617 W PackageManager: Unknown permission android.webkit.permission.PLUGIN in package com.meizu.gamecenter.service
05-06 11:35:55.145  1617  1617 W PackageManager: Not granting permission android.permission.BATTERY_STATS to package com.ibimuyu.lockscreen (protectionLevel=50 flags=0x3818be45)
05-06 11:35:55.145  1617  1617 W PackageManager: Not granting permission android.permission.SET_WALLPAPER_COMPONENT to package com.ibimuyu.lockscreen (protectionLevel=18 flags=0x3818be45)
05-06 11:35:55.145  1617  1617 W PackageManager: Not granting permission android.permission.BIND_WALLPAPER to package com.ibimuyu.lockscreen (protectionLevel=18 flags=0x3818be45)
05-06 11:35:55.145  1617  1617 W PackageManager: Unknown permission android.permission.SYSTEM_OVERLAY_WINDOW in package com.ibimuyu.lockscreen
05-06 11:35:55.145  1617  1617 W PackageManager: Not granting permission android.permission.MOUNT_UNMOUNT_FILESYSTEMS to package com.ibimuyu.lockscreen (protectionLevel=18 flags=0x3818be45)
05-06 11:35:55.145  1617  1617 W PackageManager: Not granting permission android.permission.READ_LOGS to package com.ibimuyu.lockscreen (protectionLevel=50 flags=0x3818be45)
05-06 11:35:55.145  1617  1617 W PackageManager: Not granting permission android.permission.CLEAR_APP_CACHE to package com.ibimuyu.lockscreen (protectionLevel=18 flags=0x3818be45)
05-06 11:35:55.146  1617  1617 W PackageManager: Unknown permission com.android.launcher.permission.READ_SETTINGS in package com.android.onetimeinitializer
05-06 11:35:55.146  1617  1617 W PackageManager: Unknown permission com.android.launcher.permission.WRITE_SETTINGS in package com.android.onetimeinitializer
05-06 11:35:55.146  1617  1617 W PackageManager: Unknown permission meizu.permission.FLYME_TELECOM in package com.android.server.telecom
05-06 11:35:55.146  1617  1617 W PackageManager: Unknown permission meizu.permission.CALLBACK_OPEN in package com.android.server.telecom
05-06 11:35:55.146  1617  1617 W PackageManager: Unknown permission meizu.permission.FLYME_TELECOM_PROVIDER_READ in package com.android.server.telecom
05-06 11:35:55.147  1617  1617 W PackageManager: Unknown permission com.meizu.flyme.push.permission.RECEIVE in package com.android.dialer
05-06 11:35:55.147  1617  1617 W PackageManager: Unknown permission meizu.permission.FLYME_TELECOM in package com.android.dialer
05-06 11:35:55.147  1617  1617 W PackageManager: Unknown permission meizu.permission.DEFAULT_SYSTEM_APP_PERMISSION in package com.android.dialer
05-06 11:35:55.147  1617  1617 W PackageManager: Unknown permission android.permission.ROOT_RECOVERY_STATE in package com.android.dialer
05-06 11:35:55.148  1617  1617 W PackageManager: Unknown permission android.Manifest.permission.READ_PRIVILEGED_PHONE_STATE in package com.flyme.systemuitools
05-06 11:35:55.148  1617  1617 W PackageManager: Unknown permission android.permission.ROOT_RECOVERY_STATE in package com.flyme.systemuitools
05-06 11:35:55.148  1617  1617 W PackageManager: Unknown permission android.permission.ROOT_RECOVERY_STATE in package com.meizu.account
05-06 11:35:55.148  1617  1617 W PackageManager: Unknown permission com.meizu.flyme.push.permission.RECEIVE in package com.meizu.account
05-06 11:35:55.149  1617  1617 W PackageManager: Not granting permission android.permission.INTERACT_ACROSS_USERS_FULL to package com.meizu.media.ebook (protectionLevel=258 flags=0x38483e45)
05-06 11:35:55.149  1617  1617 W PackageManager: Not granting permission android.permission.START_ANY_ACTIVITY to package com.meizu.media.ebook (protectionLevel=2 flags=0x38483e45)
05-06 11:35:55.149  1617  1617 W PackageManager: Unknown permission com.meizu.flyme.push.permission.RECEIVE in package com.meizu.media.ebook
05-06 11:35:55.149  1617  1617 W PackageManager: Unknown permission com.meizu.c2dm.permission.RECEIVE in package com.meizu.media.ebook
05-06 11:35:55.149  1617  1617 W PackageManager: Unknown permission com.meizu.compaign.permission.READ_SDK_INFO in package com.meizu.media.ebook
05-06 11:35:55.149  1617  1617 W PackageManager: Unknown permission com.meizu.compaign.permission.SEND_NOTIFICATION in package com.meizu.media.ebook
05-06 11:35:55.149  1617  1617 W PackageManager: Unknown permission android.webkit.permission.PLUGIN in package com.meizu.media.ebook
05-06 11:35:55.149  1617  1617 W PackageManager: Unknown permission android.permission.ROOT_RECOVERY_STATE in package com.meizu.media.ebook
05-06 11:35:55.150  1617  1617 W PackageManager: Unknown permission com.android.usagestats.permission.READ_USAGESTATS in package com.meizu.media.music
05-06 11:35:55.150  1617  1617 W PackageManager: Unknown permission com.android.usagestats.permission.WRITE_USAGESTATS in package com.meizu.media.music
05-06 11:35:55.150  1617  1617 W PackageManager: Unknown permission com.meizu.c2dm.permission.RECEIVE in package com.meizu.media.music
05-06 11:35:55.150  1617  1617 W PackageManager: Unknown permission com.meizu.flyme.push.permission.RECEIVE in package com.meizu.media.music
05-06 11:35:55.150  1617  1617 W PackageManager: Unknown permission android.permission.ROOT_RECOVERY_STATE in package com.meizu.media.music
05-06 11:35:55.150  1617  1617 W PackageManager: Not granting permission android.permission.DEVICE_POWER to package com.meizu.media.music (protectionLevel=2 flags=0x38483e45)
05-06 11:35:55.150  1617  1617 W PackageManager: Not granting permission android.permission.INTERNAL_SYSTEM_WINDOW to package com.meizu.media.music (protectionLevel=2 flags=0x38483e45)
05-06 11:35:55.150  1617  1617 W PackageManager: Unknown permission com.meizu.compaign.permission.READ_SDK_INFO in package com.meizu.media.music
05-06 11:35:55.150  1617  1617 W PackageManager: Unknown permission com.meizu.compaign.permission.SEND_NOTIFICATION in package com.meizu.media.music
05-06 11:35:55.151  1617  1617 W PackageManager: Unknown permission android.webkit.permission.PLUGIN in package com.meizu.media.music
05-06 11:35:55.151  1617  1617 W PackageManager: Not granting permission android.permission.ACCESS_ALL_DOWNLOADS to package com.meizu.media.video (protectionLevel=2 flags=0x38083e45)
05-06 11:35:55.151  1617  1617 W PackageManager: Not granting permission com.android.permission.WHITELIST_BLUETOOTH_DEVICE to package com.meizu.media.video (protectionLevel=2 flags=0x38083e45)
