05-06 11:34:53.663  1617  1617 W PackageManager: Library not found: /system/framework/org.apache.http.legacy.jar
05-06 11:34:53.694  1737  1737 I dex2oat : Starting dex2oat.
05-06 11:34:53.695  1737  1737 E cutils-trace: Error opening trace file: No such file or directory (2)
05-06 11:34:53.736  1737  1737 I dex2oat : dex2oat took 42.344ms (threads: 4) arena alloc=120KB java alloc=66KB native alloc=1511KB free=1560KB
05-06 11:34:53.774  1742  1742 I dex2oat : Starting dex2oat.
05-06 11:34:53.774  1742  1742 E cutils-trace: Error opening trace file: No such file or directory (2)
05-06 11:34:53.812  1742  1742 I dex2oat : dex2oat took 38.693ms (threads: 4) arena alloc=138KB java alloc=67KB native alloc=1326KB free=1489KB
05-06 11:34:53.857  1747  1747 I dex2oat : Starting dex2oat.
05-06 11:34:53.858  1747  1747 E cutils-trace: Error opening trace file: No such file or directory (2)
05-06 11:34:54.070  1747  1747 I dex2oat : dex2oat took 213.580ms (threads: 4) arena alloc=1764KB java alloc=204KB native alloc=3MB free=3MB
05-06 11:34:54.115  1752  1752 I dex2oat : Starting dex2oat.
05-06 11:34:54.115  1752  1752 E cutils-trace: Error opening trace file: No such file or directory (2)
05-06 11:34:54.150  1752  1752 I dex2oat : dex2oat took 35.471ms (threads: 4) arena alloc=42KB java alloc=39KB native alloc=1184KB free=1375KB
05-06 11:34:54.190  1757  1757 I dex2oat : Starting dex2oat.
05-06 11:34:54.190  1757  1757 E cutils-trace: Error opening trace file: No such file or directory (2)
05-06 11:34:54.286  1757  1757 I dex2oat : dex2oat took 96.907ms (threads: 4) arena alloc=958KB java alloc=86KB native alloc=2MB free=2MB
05-06 11:34:54.326  1762  1762 I dex2oat : Starting dex2oat.
05-06 11:34:54.326  1762  1762 E cutils-trace: Error opening trace file: No such file or directory (2)
05-06 11:34:54.345   567   747 E slim_daemon: [NDK] bindNDKSensors: Sensor server is unavailable.
05-06 11:34:54.374  1762  1762 I dex2oat : dex2oat took 49.080ms (threads: 4) arena alloc=976KB java alloc=64KB native alloc=2MB free=2MB
05-06 11:34:54.410  1767  1767 I dex2oat : Starting dex2oat.
05-06 11:34:54.411  1767  1767 E cutils-trace: Error opening trace file: No such file or directory (2)
05-06 11:34:54.445   525   563 E QCALOG  : [MessageQ] ProcessNewMessage: [XTWiFi-PE] unknown deliver target [OS-Agent]
05-06 11:34:54.512   552   828 I ServiceManager: Waiting for service sensorservice...
05-06 11:34:54.530   525   563 E QCALOG  : [MessageQ] ProcessNewMessage: [XT-CS] unknown deliver target [OS-Agent]
05-06 11:34:54.532   566   786 W XTCC-5.1.0.10: [CS-RIL-LISTENER] timerCallback fired for ril update registering, re-register
05-06 11:34:54.532   525   563 E QCALOG  : [MessageQ] ProcessNewMessage: [XT-CS] unknown deliver target [OS-Agent]
05-06 11:34:54.557  1767  1767 I dex2oat : dex2oat took 147.192ms (threads: 4) arena alloc=91KB java alloc=153KB native alloc=2MB free=2MB
05-06 11:34:54.599  1772  1772 I dex2oat : Starting dex2oat.
05-06 11:34:54.599  1772  1772 E cutils-trace: Error opening trace file: No such file or directory (2)
05-06 11:34:54.658  1772  1772 I dex2oat : dex2oat took 59.644ms (threads: 4) arena alloc=167KB java alloc=54KB native alloc=1631KB free=1440KB
05-06 11:34:54.695  1777  1777 I dex2oat : Starting dex2oat.
05-06 11:34:54.695  1777  1777 E cutils-trace: Error opening trace file: No such file or directory (2)
05-06 11:34:54.841  1777  1781 I dex2oat : Skipping compilation of com.android.vcard.VCardEntry$PostalData com.android.vcard.VCardEntry$PostalData.constructPostalData(java.util.List, int, java.lang.String, boolean, int): it contains a non natural loop
05-06 11:34:54.871  1777  1780 W dex2oat : No verified method for method calling String.<init>: java.lang.String android.text.SpannableStringBuilder.toString()
05-06 11:34:55.119  1777  1777 I dex2oat : dex2oat took 424.981ms (threads: 4) arena alloc=4MB java alloc=826KB native alloc=7MB free=5MB
05-06 11:34:55.160  1782  1782 I dex2oat : Starting dex2oat.
05-06 11:34:55.160  1782  1782 E cutils-trace: Error opening trace file: No such file or directory (2)
05-06 11:34:55.231  1782  1782 I dex2oat : dex2oat took 71.394ms (threads: 4) arena alloc=134KB java alloc=123KB native alloc=1562KB free=2021KB
05-06 11:34:55.264  1787  1787 I dex2oat : Starting dex2oat.
05-06 11:34:55.264  1787  1787 E cutils-trace: Error opening trace file: No such file or directory (2)
05-06 11:34:55.346   567   747 E slim_daemon: [NDK] bindNDKSensors: Sensor server is unavailable.
05-06 11:34:55.485  1787  1787 I dex2oat : dex2oat took 221.179ms (threads: 4) arena alloc=4MB java alloc=452KB native alloc=6MB free=5MB
05-06 11:34:55.512   552   828 I ServiceManager: Waiting for service sensorservice...
05-06 11:34:55.525  1792  1792 I dex2oat : Starting dex2oat.
05-06 11:34:55.525  1792  1792 E cutils-trace: Error opening trace file: No such file or directory (2)
05-06 11:34:55.577  1792  1792 I dex2oat : dex2oat took 52.170ms (threads: 4) arena alloc=71KB java alloc=142KB native alloc=1745KB free=1582KB
05-06 11:34:55.610  1797  1797 I dex2oat : Starting dex2oat.
05-06 11:34:55.610  1797  1797 E cutils-trace: Error opening trace file: No such file or directory (2)
05-06 11:34:55.676  1797  1797 I dex2oat : dex2oat took 66.848ms (threads: 4) arena alloc=314KB java alloc=102KB native alloc=1816KB free=1767KB
05-06 11:34:55.711  1802  1802 I dex2oat : Starting dex2oat.
05-06 11:34:55.711  1802  1802 E cutils-trace: Error opening trace file: No such file or directory (2)
05-06 11:34:55.756  1802  1802 I dex2oat : dex2oat took 45.295ms (threads: 4) arena alloc=109KB java alloc=46KB native alloc=1518KB free=1553KB
05-06 11:34:55.795  1807  1807 I dex2oat : Starting dex2oat.
05-06 11:34:55.795  1807  1807 E cutils-trace: Error opening trace file: No such file or directory (2)
05-06 11:34:55.910  1807  1807 I dex2oat : dex2oat took 115.629ms (threads: 4) arena alloc=1108KB java alloc=169KB native alloc=2MB free=3MB
05-06 11:34:55.944  1812  1812 I dex2oat : Starting dex2oat.
05-06 11:34:55.944  1812  1812 E cutils-trace: Error opening trace file: No such file or directory (2)
05-06 11:34:55.980  1812  1812 I dex2oat : dex2oat took 36.487ms (threads: 4) arena alloc=66KB java alloc=40KB native alloc=1216KB free=1087KB
05-06 11:34:56.015  1817  1817 I dex2oat : Starting dex2oat.
05-06 11:34:56.015  1817  1817 E cutils-trace: Error opening trace file: No such file or directory (2)
05-06 11:34:56.160  1817  1817 I dex2oat : dex2oat took 145.161ms (threads: 4) arena alloc=3MB java alloc=142KB native alloc=4MB free=5MB
05-06 11:34:56.199  1822  1822 I dex2oat : Starting dex2oat.
05-06 11:34:56.199  1822  1822 E cutils-trace: Error opening trace file: No such file or directory (2)
05-06 11:34:56.297  1822  1822 I dex2oat : dex2oat took 98.868ms (threads: 4) arena alloc=1294KB java alloc=91KB native alloc=2MB free=2MB
05-06 11:34:56.333  1827  1827 I dex2oat : Starting dex2oat.
05-06 11:34:56.333  1827  1827 E cutils-trace: Error opening trace file: No such file or directory (2)
05-06 11:34:56.346   567   747 E slim_daemon: [NDK] bindNDKSensors: Sensor server is unavailable.
05-06 11:34:56.359  1827  1827 I dex2oat : dex2oat took 26.384ms (threads: 4) arena alloc=7KB java alloc=20KB native alloc=912KB free=879KB
05-06 11:34:56.397  1832  1832 I dex2oat : Starting dex2oat.
05-06 11:34:56.398  1832  1832 E cutils-trace: Error opening trace file: No such file or directory (2)
05-06 11:34:56.513   552   828 I ServiceManager: Waiting for service sensorservice...
05-06 11:34:56.559  1832  1832 I dex2oat : dex2oat took 162.994ms (threads: 4) arena alloc=1005KB java alloc=234KB native alloc=3MB free=3MB
05-06 11:34:56.594  1837  1837 I dex2oat : Starting dex2oat.
05-06 11:34:56.594  1837  1837 E cutils-trace: Error opening trace file: No such file or directory (2)
05-06 11:34:56.765  1837  1837 I dex2oat : dex2oat took 171.568ms (threads: 4) arena alloc=239KB java alloc=315KB native alloc=2023KB free=2MB
05-06 11:34:56.803  1842  1842 I dex2oat : Starting dex2oat.
05-06 11:34:56.804  1842  1842 E cutils-trace: Error opening trace file: No such file or directory (2)
05-06 11:34:56.850  1842  1842 I dex2oat : dex2oat took 46.987ms (threads: 4) arena alloc=147KB java alloc=57KB native alloc=1674KB free=1653KB
05-06 11:34:56.856  1617  1617 E art     : DexFile_getDexOptNeeded file '/system/framework/org.apache.http.legacy.jar' does not exist
05-06 11:34:56.856  1617  1617 W PackageManager: Library not found: /system/framework/org.apache.http.legacy.jar
05-06 11:34:56.888  1847  1847 I dex2oat : Starting dex2oat.
05-06 11:34:56.888  1847  1847 E cutils-trace: Error opening trace file: No such file or directory (2)
05-06 11:34:56.927  1847  1847 I dex2oat : dex2oat took 39.074ms (threads: 4) arena alloc=114KB java alloc=48KB native alloc=1385KB free=1686KB
05-06 11:34:56.962  1852  1852 I dex2oat : Starting dex2oat.
05-06 11:34:56.963  1852  1852 E cutils-trace: Error opening trace file: No such file or directory (2)
05-06 11:34:57.004  1852  1852 I dex2oat : dex2oat took 42.383ms (threads: 4) arena alloc=181KB java alloc=60KB native alloc=1328KB free=1231KB
05-06 11:34:57.039  1857  1857 I dex2oat : Starting dex2oat.
05-06 11:34:57.039  1857  1857 E cutils-trace: Error opening trace file: No such file or directory (2)
05-06 11:34:57.237  1857  1857 I dex2oat : dex2oat took 198.570ms (threads: 4) arena alloc=1842KB java alloc=242KB native alloc=3MB free=3MB
05-06 11:34:57.279  1862  1862 I dex2oat : Starting dex2oat.
05-06 11:34:57.279  1862  1862 E cutils-trace: Error opening trace file: No such file or directory (2)
05-06 11:34:57.317  1862  1862 I dex2oat : dex2oat took 38.932ms (threads: 4) arena alloc=47KB java alloc=42KB native alloc=1185KB free=1118KB
05-06 11:34:57.347   567   747 E slim_daemon: [NDK] bindNDKSensors: Sensor server is unavailable.
05-06 11:34:57.359  1867  1867 I dex2oat : Starting dex2oat.
05-06 11:34:57.359  1867  1867 E cutils-trace: Error opening trace file: No such file or directory (2)
05-06 11:34:57.459  1867  1867 I dex2oat : dex2oat took 100.883ms (threads: 4) arena alloc=952KB java alloc=89KB native alloc=2MB free=2MB
05-06 11:34:57.496  1872  1872 I dex2oat : Starting dex2oat.
05-06 11:34:57.497  1872  1872 E cutils-trace: Error opening trace file: No such file or directory (2)
05-06 11:34:57.513   552   828 I ServiceManager: Waiting for service sensorservice...
05-06 11:34:57.543  1872  1872 I dex2oat : dex2oat took 47.211ms (threads: 4) arena alloc=1127KB java alloc=44KB native alloc=2MB free=2MB
05-06 11:34:57.579  1877  1877 I dex2oat : Starting dex2oat.
05-06 11:34:57.579  1877  1877 E cutils-trace: Error opening trace file: No such file or directory (2)
05-06 11:34:57.693  1877  1877 I dex2oat : dex2oat took 114.750ms (threads: 4) arena alloc=731KB java alloc=102KB native alloc=1889KB free=1950KB
05-06 11:34:57.734  1882  1882 I dex2oat : Starting dex2oat.
05-06 11:34:57.734  1882  1882 E cutils-trace: Error opening trace file: No such file or directory (2)
05-06 11:34:57.782  1882  1882 I dex2oat : dex2oat took 48.509ms (threads: 4) arena alloc=400KB java alloc=27KB native alloc=1451KB free=1364KB
05-06 11:34:57.823  1887  1887 I dex2oat : Starting dex2oat.
05-06 11:34:57.823  1887  1887 E cutils-trace: Error opening trace file: No such file or directory (2)
05-06 11:34:57.858  1887  1887 I dex2oat : dex2oat took 35.628ms (threads: 4) arena alloc=122KB java alloc=46KB native alloc=1473KB free=1598KB
05-06 11:34:57.897  1892  1892 I dex2oat : Starting dex2oat.
05-06 11:34:57.897  1892  1892 E cutils-trace: Error opening trace file: No such file or directory (2)
05-06 11:34:57.947  1892  1892 I dex2oat : dex2oat took 51.124ms (threads: 4) arena alloc=286KB java alloc=43KB native alloc=1336KB free=1223KB
05-06 11:34:57.987  1897  1897 I dex2oat : Starting dex2oat.
05-06 11:34:57.987  1897  1897 E cutils-trace: Error opening trace file: No such file or directory (2)
05-06 11:34:58.025  1897  1897 I dex2oat : dex2oat took 39.365ms (threads: 4) arena alloc=125KB java alloc=24KB native alloc=1081KB free=966KB
05-06 11:34:58.062  1902  1902 I dex2oat : Starting dex2oat.
05-06 11:34:58.062  1902  1902 E cutils-trace: Error opening trace file: No such file or directory (2)
05-06 11:34:58.112  1902  1902 I dex2oat : dex2oat took 50.854ms (threads: 4) arena alloc=435KB java alloc=52KB native alloc=1735KB free=1592KB
05-06 11:34:58.149  1907  1907 I dex2oat : Starting dex2oat.
05-06 11:34:58.149  1907  1907 E cutils-trace: Error opening trace file: No such file or directory (2)
05-06 11:34:58.185  1907  1907 I dex2oat : dex2oat took 37.345ms (threads: 4) arena alloc=28KB java alloc=21KB native alloc=1090KB free=957KB
05-06 11:34:58.222  1912  1912 I dex2oat : Starting dex2oat.
05-06 11:34:58.222  1912  1912 E cutils-trace: Error opening trace file: No such file or directory (2)
05-06 11:34:58.268  1912  1912 I dex2oat : dex2oat took 46.869ms (threads: 4) arena alloc=194KB java alloc=59KB native alloc=1806KB free=1521KB
05-06 11:34:58.304  1917  1917 I dex2oat : Starting dex2oat.
05-06 11:34:58.304  1917  1917 E cutils-trace: Error opening trace file: No such file or directory (2)
05-06 11:34:58.342  1917  1917 I dex2oat : dex2oat took 38.367ms (threads: 4) arena alloc=136KB java alloc=38KB native alloc=1091KB free=1212KB
05-06 11:34:58.348   567   747 E slim_daemon: [NDK] bindNDKSensors: Sensor server is unavailable.
05-06 11:34:58.382  1922  1922 I dex2oat : Starting dex2oat.
05-06 11:34:58.382  1922  1922 E cutils-trace: Error opening trace file: No such file or directory (2)
05-06 11:34:58.428  1922  1922 I dex2oat : dex2oat took 46.911ms (threads: 4) arena alloc=222KB java alloc=24KB native alloc=1068KB free=979KB
05-06 11:34:58.469  1927  1927 I dex2oat : Starting dex2oat.
05-06 11:34:58.469  1927  1927 E cutils-trace: Error opening trace file: No such file or directory (2)
05-06 11:34:58.512  1927  1927 I dex2oat : dex2oat took 44.515ms (threads: 4) arena alloc=218KB java alloc=90KB native alloc=1391KB free=1424KB
05-06 11:34:58.558  1932  1932 I dex2oat : Starting dex2oat.
05-06 11:34:58.558  1932  1932 E cutils-trace: Error opening trace file: No such file or directory (2)
05-06 11:34:58.680  1932  1932 I dex2oat : dex2oat took 123.232ms (threads: 4) arena alloc=1556KB java alloc=193KB native alloc=3MB free=3MB
05-06 11:34:58.718  1937  1937 I dex2oat : Starting dex2oat.
05-06 11:34:58.718  1937  1937 E cutils-trace: Error opening trace file: No such file or directory (2)
05-06 11:34:58.836  1937  1937 I dex2oat : dex2oat took 118.190ms (threads: 4) arena alloc=619KB java alloc=114KB native alloc=1860KB free=1979KB
05-06 11:34:58.880  1942  1942 I dex2oat : Starting dex2oat.
05-06 11:34:58.880  1942  1942 E cutils-trace: Error opening trace file: No such file or directory (2)
05-06 11:34:59.124  1942  1942 I dex2oat : dex2oat took 245.741ms (threads: 4) arena alloc=1215KB java alloc=408KB native alloc=3MB free=2MB
05-06 11:34:59.170  1947  1947 I dex2oat : Starting dex2oat.
05-06 11:34:59.170  1947  1947 E cutils-trace: Error opening trace file: No such file or directory (2)
05-06 11:34:59.215  1947  1947 I dex2oat : dex2oat took 46.302ms (threads: 4) arena alloc=522KB java alloc=21KB native alloc=1479KB free=1336KB
05-06 11:34:59.257  1952  1952 I dex2oat : Starting dex2oat.
05-06 11:34:59.258  1952  1952 E cutils-trace: Error opening trace file: No such file or directory (2)
05-06 11:34:59.304  1952  1952 I dex2oat : dex2oat took 47.711ms (threads: 4) arena alloc=367KB java alloc=22KB native alloc=1409KB free=1406KB
05-06 11:34:59.348  1957  1957 I dex2oat : Starting dex2oat.
05-06 11:34:59.348  1957  1957 E cutils-trace: Error opening trace file: No such file or directory (2)
05-06 11:34:59.348   567   747 E slim_daemon: [NDK] bindNDKSensors: Sensor server is unavailable.
05-06 11:34:59.389  1957  1957 I dex2oat : dex2oat took 42.382ms (threads: 4) arena alloc=267KB java alloc=28KB native alloc=1190KB free=1113KB
05-06 11:34:59.429  1962  1962 I dex2oat : Starting dex2oat.
05-06 11:34:59.430  1962  1962 E cutils-trace: Error opening trace file: No such file or directory (2)
05-06 11:34:59.446   525   563 E QCALOG  : [MessageQ] ProcessNewMessage: [XTWiFi-PE] unknown deliver target [OS-Agent]
05-06 11:34:59.470  1962  1962 I dex2oat : dex2oat took 42.345ms (threads: 4) arena alloc=72KB java alloc=57KB native alloc=1710KB free=1873KB
05-06 11:34:59.507  1967  1967 I dex2oat : Starting dex2oat.
05-06 11:34:59.508  1967  1967 E cutils-trace: Error opening trace file: No such file or directory (2)
05-06 11:34:59.514   552   828 I ServiceManager: Waiting for service sensorservice...
05-06 11:34:59.530   525   563 E QCALOG  : [MessageQ] ProcessNewMessage: [XT-CS] unknown deliver target [OS-Agent]
05-06 11:34:59.532   566   786 W XTCC-5.1.0.10: [CS-RIL-LISTENER] timerCallback fired for ril update registering, re-register
05-06 11:34:59.533   525   563 E QCALOG  : [MessageQ] ProcessNewMessage: [XT-CS] unknown deliver target [OS-Agent]
05-06 11:34:59.551  1967  1967 I dex2oat : dex2oat took 44.523ms (threads: 4) arena alloc=138KB java alloc=54KB native alloc=1058KB free=989KB
05-06 11:34:59.595  1972  1972 I dex2oat : Starting dex2oat.
05-06 11:34:59.596  1972  1972 E cutils-trace: Error opening trace file: No such file or directory (2)
05-06 11:34:59.713  1972  1972 I dex2oat : dex2oat took 118.477ms (threads: 4) arena alloc=732KB java alloc=224KB native alloc=2MB free=2MB
05-06 11:34:59.748  1977  1977 I dex2oat : Starting dex2oat.
05-06 11:34:59.749  1977  1977 E cutils-trace: Error opening trace file: No such file or directory (2)
05-06 11:34:59.791  1977  1977 I dex2oat : dex2oat took 43.647ms (threads: 4) arena alloc=138KB java alloc=21KB native alloc=1071KB free=1232KB
05-06 11:34:59.831  1982  1982 I dex2oat : Starting dex2oat.
05-06 11:34:59.832  1982  1982 E cutils-trace: Error opening trace file: No such file or directory (2)
05-06 11:34:59.956  1982  1982 I dex2oat : dex2oat took 125.337ms (threads: 4) arena alloc=741KB java alloc=85KB native alloc=2034KB free=2MB
05-06 11:34:59.996  1987  1987 I dex2oat : Starting dex2oat.
05-06 11:34:59.996  1987  1987 E cutils-trace: Error opening trace file: No such file or directory (2)
05-06 11:35:00.050  1987  1987 I dex2oat : dex2oat took 55.304ms (threads: 4) arena alloc=403KB java alloc=26KB native alloc=1556KB free=1259KB
05-06 11:35:00.094  1992  1992 I dex2oat : Starting dex2oat.
05-06 11:35:00.094  1992  1992 E cutils-trace: Error opening trace file: No such file or directory (2)
05-06 11:35:00.138  1992  1992 I dex2oat : dex2oat took 43.378ms (threads: 4) arena alloc=114KB java alloc=40KB native alloc=1344KB free=1215KB
05-06 11:35:00.176  1997  1997 I dex2oat : Starting dex2oat.
05-06 11:35:00.176  1997  1997 E cutils-trace: Error opening trace file: No such file or directory (2)
05-06 11:35:00.230  1997  1997 I dex2oat : dex2oat took 54.918ms (threads: 4) arena alloc=293KB java alloc=40KB native alloc=1342KB free=1217KB
05-06 11:35:00.269  2002  2002 I dex2oat : Starting dex2oat.
05-06 11:35:00.269  2002  2002 E cutils-trace: Error opening trace file: No such file or directory (2)
05-06 11:35:00.307  2002  2002 I dex2oat : dex2oat took 38.697ms (threads: 4) arena alloc=132KB java alloc=25KB native alloc=1081KB free=966KB
05-06 11:35:00.345  2007  2007 I dex2oat : Starting dex2oat.
05-06 11:35:00.345  2007  2007 E cutils-trace: Error opening trace file: No such file or directory (2)
05-06 11:35:00.350   567   747 E slim_daemon: [NDK] bindNDKSensors: Sensor server is unavailable.
05-06 11:35:00.400  2007  2007 I dex2oat : dex2oat took 55.314ms (threads: 4) arena alloc=539KB java alloc=49KB native alloc=1730KB free=1597KB
05-06 11:35:00.440  2012  2012 I dex2oat : Starting dex2oat.
05-06 11:35:00.440  2012  2012 E cutils-trace: Error opening trace file: No such file or directory (2)
05-06 11:35:00.479  2012  2012 I dex2oat : dex2oat took 40.057ms (threads: 4) arena alloc=30KB java alloc=22KB native alloc=1095KB free=1208KB
05-06 11:35:00.515   552   828 I ServiceManager: Waiting for service sensorservice...
05-06 11:35:00.520  2017  2017 I dex2oat : Starting dex2oat.
05-06 11:35:00.520  2017  2017 E cutils-trace: Error opening trace file: No such file or directory (2)
05-06 11:35:00.564  2017  2017 I dex2oat : dex2oat took 44.679ms (threads: 4) arena alloc=246KB java alloc=46KB native alloc=1685KB free=1642KB
05-06 11:35:00.598  2022  2022 I dex2oat : Starting dex2oat.
05-06 11:35:00.598  2022  2022 E cutils-trace: Error opening trace file: No such file or directory (2)
05-06 11:35:00.639  2022  2022 I dex2oat : dex2oat took 41.445ms (threads: 4) arena alloc=145KB java alloc=36KB native alloc=1094KB free=1209KB
05-06 11:35:00.678  2027  2027 I dex2oat : Starting dex2oat.
05-06 11:35:00.679  2027  2027 E cutils-trace: Error opening trace file: No such file or directory (2)
05-06 11:35:00.722  2027  2027 I dex2oat : dex2oat took 44.273ms (threads: 4) arena alloc=231KB java alloc=22KB native alloc=1118KB free=1185KB
05-06 11:35:00.762  2032  2032 I dex2oat : Starting dex2oat.
05-06 11:35:00.762  2032  2032 E cutils-trace: Error opening trace file: No such file or directory (2)
05-06 11:35:00.808  2032  2032 I dex2oat : dex2oat took 45.656ms (threads: 4) arena alloc=234KB java alloc=63KB native alloc=1392KB free=1423KB
05-06 11:35:00.846  2037  2037 I dex2oat : Starting dex2oat.
05-06 11:35:00.846  2037  2037 E cutils-trace: Error opening trace file: No such file or directory (2)
05-06 11:35:00.981  2037  2037 I dex2oat : dex2oat took 135.929ms (threads: 4) arena alloc=915KB java alloc=215KB native alloc=2MB free=3MB
05-06 11:35:01.015  2042  2042 I dex2oat : Starting dex2oat.
05-06 11:35:01.015  2042  2042 E cutils-trace: Error opening trace file: No such file or directory (2)
05-06 11:35:01.020   742   742 I perfd   : type=1400 audit(0.0:7): avc: denied { kill } for capability=5 scontext=u:r:perfd:s0 tcontext=u:r:perfd:s0 tclass=capability permissive=1
05-06 11:35:01.140  2042  2042 I dex2oat : dex2oat took 125.448ms (threads: 4) arena alloc=623KB java alloc=81KB native alloc=1886KB free=1953KB
05-06 11:35:01.155   475   529 E Sensors : sns_debug_main.c(420):Debug Timer Callback called
05-06 11:35:01.160   475   529 E Sensors : sns_debug_main.c(313):Setting SNS TX MODE to STREAMING!
05-06 11:35:01.160   475   529 E Sensors : sns_debug_main.c(319):Set SNS TX MODE return val:1
05-06 11:35:01.182  2047  2047 I dex2oat : Starting dex2oat.
05-06 11:35:01.182  2047  2047 E cutils-trace: Error opening trace file: No such file or directory (2)
05-06 11:35:01.351   567   747 E slim_daemon: [NDK] bindNDKSensors: Sensor server is unavailable.
05-06 11:35:01.414  2047  2047 I dex2oat : dex2oat took 232.999ms (threads: 4) arena alloc=828KB java alloc=605KB native alloc=3MB free=2MB
05-06 11:35:01.455  2052  2052 I dex2oat : Starting dex2oat.
05-06 11:35:01.455  2052  2052 E cutils-trace: Error opening trace file: No such file or directory (2)
05-06 11:35:01.503  2052  2052 I dex2oat : dex2oat took 48.427ms (threads: 4) arena alloc=525KB java alloc=26KB native alloc=1763KB free=1052KB
05-06 11:35:01.516   552   828 I ServiceManager: Waiting for service sensorservice...
05-06 11:35:01.541  2057  2057 I dex2oat : Starting dex2oat.
05-06 11:35:01.541  2057  2057 E cutils-trace: Error opening trace file: No such file or directory (2)
05-06 11:35:01.588  2057  2057 I dex2oat : dex2oat took 47.857ms (threads: 4) arena alloc=370KB java alloc=22KB native alloc=1384KB free=1431KB
05-06 11:35:01.622  2062  2062 I dex2oat : Starting dex2oat.
05-06 11:35:01.622  2062  2062 E cutils-trace: Error opening trace file: No such file or directory (2)
05-06 11:35:01.662  2062  2062 I dex2oat : dex2oat took 40.597ms (threads: 4) arena alloc=270KB java alloc=29KB native alloc=1192KB free=1111KB
05-06 11:35:01.711  2067  2067 I dex2oat : Starting dex2oat.
05-06 11:35:01.711  2067  2067 E cutils-trace: Error opening trace file: No such file or directory (2)
05-06 11:35:01.754  2067  2067 I dex2oat : dex2oat took 44.419ms (threads: 4) arena alloc=106KB java alloc=38KB native alloc=1715KB free=1612KB
05-06 11:35:01.790  2072  2072 I dex2oat : Starting dex2oat.
05-06 11:35:01.791  2072  2072 E cutils-trace: Error opening trace file: No such file or directory (2)
05-06 11:35:01.833  2072  2072 I dex2oat : dex2oat took 43.860ms (threads: 4) arena alloc=268KB java alloc=32KB native alloc=1189KB free=1114KB
05-06 11:35:01.874  2077  2077 I dex2oat : Starting dex2oat.
05-06 11:35:01.874  2077  2077 E cutils-trace: Error opening trace file: No such file or directory (2)
05-06 11:35:02.003  2077  2077 I dex2oat : dex2oat took 130.156ms (threads: 4) arena alloc=889KB java alloc=267KB native alloc=2MB free=2MB
05-06 11:35:02.042  2082  2082 I dex2oat : Starting dex2oat.
05-06 11:35:02.042  2082  2082 E cutils-trace: Error opening trace file: No such file or directory (2)
05-06 11:35:02.082  2082  2082 I dex2oat : dex2oat took 40.559ms (threads: 4) arena alloc=140KB java alloc=23KB native alloc=1075KB free=972KB
05-06 11:35:02.088  1617  1617 D PackageManager: No files in app dir /vendor/overlay
05-06 11:35:02.102  1617  1617 I PackageManager: /system/framework/flyme-res changed; collecting certs
05-06 11:35:02.327  1617  1617 E NativeLibraryHelper: Failed to load assets verifier: 0
05-06 11:35:02.329  1617  1617 W PackageManager: Permission android.permission.SET_APPLICATION_ERROR_LISTENER from package flyme in an unknown group android.permission-group.SYSTEM_TOOLS
05-06 11:35:02.348  1617  1617 I PackageManager: /system/framework/framework-res.apk changed; collecting certs
05-06 11:35:02.351   567   747 E slim_daemon: [NDK] bindNDKSensors: Sensor server is unavailable.
05-06 11:35:02.457   502   667 I ThermalEngine: ACTION: CLUSTER - Setting CLUSTER[0] to voltage 840 freq = 1363200
05-06 11:35:02.457   502   667 I ThermalEngine: Mitigation:CLUSTER[0]: 840 mV freq = 1363200 kHz
05-06 11:35:02.517   552   828 I ServiceManager: Waiting for service sensorservice...
05-06 11:35:02.564  1617  1617 E NativeLibraryHelper: Failed to load assets verifier: 0
05-06 11:35:02.566  1617  1617 W PackageManager: Permission android.permission.PREVENT_POWER_KEY from package android in an unknown group android.permission-group.HARDWARE_CONTROLS
05-06 11:35:02.577  1617  1617 I PackageManager: /system/priv-app/AMapNetworkLocation_meizu changed; collecting certs
05-06 11:35:02.590  1617  1617 E NativeLibraryHelper: Failed to load assets verifier: 0
05-06 11:35:02.602  1617  1617 I PackageManager: /system/priv-app/AliAppAccount changed; collecting certs
05-06 11:35:02.632  1617  1617 I PackageManager: /system/priv-app/AlphaMe changed; collecting certs
05-06 11:35:02.645  1617  1617 E NativeLibraryHelper: Failed to load assets verifier: 0
05-06 11:35:02.651  1617  1617 I PackageManager: /system/priv-app/BackupRestoreConfirmation changed; collecting certs
05-06 11:35:02.665  1617  1617 E NativeLibraryHelper: Failed to load assets verifier: 0
05-06 11:35:02.707  1617  1617 I PackageManager: /system/priv-app/Browser changed; collecting certs
05-06 11:35:02.967   502   667 I ThermalEngine: handle_thresh_sig: SS Id SKIN-SS-GOLD-AND-SILVER, Read xo_therm_buf 43000mC
05-06 11:35:03.033  1617  1617 I PackageManager: /system/priv-app/CalendarProvider changed; collecting certs
05-06 11:35:03.039  1617  1617 I PackageManager: New shared user android.uid.calendar: id=10004
05-06 11:35:03.041  1617  1617 E NativeLibraryHelper: Failed to load assets verifier: 0
05-06 11:35:03.045  1617  1617 I PackageManager: /system/priv-app/CallLogBackup changed; collecting certs
05-06 11:35:03.051  1617  1617 I PackageManager: New shared user android.uid.shared: id=10005
05-06 11:35:03.054  1617  1617 E NativeLibraryHelper: Failed to load assets verifier: 0
05-06 11:35:03.058  1617  1617 I PackageManager: /system/priv-app/CarrierConfig changed; collecting certs
05-06 11:35:03.082  1617  1617 E NativeLibraryHelper: Failed to load assets verifier: 0
05-06 11:35:03.099  1617  1617 I PackageManager: /system/priv-app/ChildrenLauncher changed; collecting certs
05-06 11:35:03.126  1617  1617 E NativeLibraryHelper: Failed to load assets verifier: 0
05-06 11:35:03.128  1617  1617 W PackageManager: Permission com.meizu.flyme.childrenlauncher.permission.PRELOAD_WORKSPACE from package com.meizu.flyme.childrenlauncher in an unknown group android.permission-group.SYSTEM_TOOLS
05-06 11:35:03.128  1617  1617 W PackageManager: Permission com.android.launcher.permission.INSTALL_SHORTCUT from package com.meizu.flyme.childrenlauncher in an unknown group android.permission-group.SYSTEM_TOOLS
05-06 11:35:03.128  1617  1617 W PackageManager: Permission com.meizu.flyme.childrenlauncher.permission.UNINSTALL_SHORTCUT from package com.meizu.flyme.childrenlauncher in an unknown group android.permission-group.SYSTEM_TOOLS
05-06 11:35:03.128  1617  1617 W PackageManager: Permission com.meizu.flyme.childrenlauncher.permission.READ_SETTINGS from package com.meizu.flyme.childrenlauncher in an unknown group android.permission-group.SYSTEM_TOOLS
05-06 11:35:03.128  1617  1617 W PackageManager: Permission com.meizu.flyme.childrenlauncher.permission.WRITE_SETTINGS from package com.meizu.flyme.childrenlauncher in an unknown group android.permission-group.SYSTEM_TOOLS
05-06 11:35:03.139  1617  1617 W PackageParser: Unknown element under <application>: uses-permission at /system/priv-app/ContactsProvider/ContactsProvider.apk Binary XML file line #65
05-06 11:35:03.140  1617  1617 I PackageManager: /system/priv-app/ContactsProvider changed; collecting certs
05-06 11:35:03.215  1617  1617 E NativeLibraryHelper: Failed to load assets verifier: 0
05-06 11:35:03.243  1617  1617 I PackageManager: /system/priv-app/CustomizeCenter changed; collecting certs
05-06 11:35:03.353   567   747 E slim_daemon: [NDK] bindNDKSensors: Sensor server is unavailable.
05-06 11:35:03.401  1617  1617 E NativeLibraryHelper: Failed to load assets verifier: 0
05-06 11:35:03.408  1617  1617 I PackageManager: /system/priv-app/DefaultContainerService changed; collecting certs
05-06 11:35:03.416  1617  1617 E NativeLibraryHelper: Failed to load assets verifier: 0
05-06 11:35:03.445  1617  1617 W PackageParser: No actions in intent filter at /system/priv-app/Dialer/Dialer.apk Binary XML file line #155
05-06 11:35:03.449  1617  1617 I PackageManager: /system/priv-app/Dialer changed; collecting certs
05-06 11:35:03.476   502   667 I ThermalEngine: handle_thresh_sig: SS Id SKIN-SS-GOLD-AND-SILVER, Read xo_therm_buf 43000mC
05-06 11:35:03.517   552   828 I ServiceManager: Waiting for service sensorservice...
05-06 11:35:03.700  1617  1617 I PackageManager: New shared user com.meizu.dialer.uid.shared: id=10009
05-06 11:35:03.724  1617  1617 I PackageManager: /system/priv-app/DownloadProvider changed; collecting certs
05-06 11:35:03.729   502   667 I ThermalEngine: ACTION: CLUSTER - Setting CLUSTER[1] to voltage 885 freq = 1785600
05-06 11:35:03.729   502   667 I ThermalEngine: Mitigation:CLUSTER[1]: 885 mV freq = 1785600 kHz
05-06 11:35:03.815  1617  1617 I PackageManager: New shared user android.media: id=10010
05-06 11:35:03.819  1617  1617 E NativeLibraryHelper: Failed to load assets verifier: 0
05-06 11:35:03.821  1617  1617 W PackageManager: Permission android.permission.DOWNLOAD_WITHOUT_NOTIFICATION from package com.android.providers.downloads in an unknown group android.permission-group.NETWORK
05-06 11:35:03.858  1617  1617 I PackageManager: /system/priv-app/EBook changed; collecting certs
05-06 11:35:03.985   502   667 I ThermalEngine: handle_thresh_sig: SS Id SKIN-SS-GOLD-AND-SILVER, Read xo_therm_buf 43000mC
05-06 11:35:04.157  1617  1617 W PackageParser: Ignoring duplicate uses-permissions/uses-permissions-sdk-m: android.permission.READ_PHONE_STATE in package: com.meizu.flyme.easylauncher at: Binary XML file line #96
05-06 11:35:04.157  1617  1617 W PackageParser: Ignoring duplicate uses-permissions/uses-permissions-sdk-m: android.permission.GET_ACCOUNTS in package: com.meizu.flyme.easylauncher at: Binary XML file line #97
05-06 11:35:04.157  1617  1617 W PackageParser: Ignoring duplicate uses-permissions/uses-permissions-sdk-m: android.permission.READ_PHONE_STATE in package: com.meizu.flyme.easylauncher at: Binary XML file line #98
05-06 11:35:04.159  1617  1617 I PackageManager: /system/priv-app/EasyLauncher changed; collecting certs
05-06 11:35:04.354   567   747 E slim_daemon: [NDK] bindNDKSensors: Sensor server is unavailable.
05-06 11:35:04.379  1617  1617 E NativeLibraryHelper: Failed to load assets verifier: 0
05-06 11:35:04.381  1617  1617 W PackageManager: Permission com.android.launcher.permission.INSTALL_SHORTCUT from package com.meizu.flyme.easylauncher in an unknown group android.permission-group.SYSTEM_TOOLS
05-06 11:35:04.381  1617  1617 W PackageManager: Permission com.android.launcher.permission.UNINSTALL_SHORTCUT from package com.meizu.flyme.easylauncher in an unknown group android.permission-group.SYSTEM_TOOLS
05-06 11:35:04.381  1617  1617 W PackageManager: Permission com.android.launcher3.permission.READ_SETTINGS from package com.meizu.flyme.easylauncher in an unknown group android.permission-group.SYSTEM_TOOLS
05-06 11:35:04.381  1617  1617 W PackageManager: Permission com.android.launcher3.permission.WRITE_SETTINGS from package com.meizu.flyme.easylauncher in an unknown group android.permission-group.SYSTEM_TOOLS
05-06 11:35:04.414  1617  1617 I PackageManager: /system/priv-app/Email changed; collecting certs
05-06 11:35:04.446   525   563 E QCALOG  : [MessageQ] ProcessNewMessage: [XTWiFi-PE] unknown deliver target [OS-Agent]
05-06 11:35:04.493   502   667 I ThermalEngine: handle_thresh_sig: SS Id SKIN-SS-GOLD-AND-SILVER, Read xo_therm_buf 43000mC
05-06 11:35:04.529  1617  1617 E NativeLibraryHelper: Failed to load assets verifier: 0
05-06 11:35:04.531   525   563 E QCALOG  : [MessageQ] ProcessNewMessage: [XT-CS] unknown deliver target [OS-Agent]
05-06 11:35:04.533   566   786 W XTCC-5.1.0.10: [CS-RIL-LISTENER] timerCallback fired for ril update registering, re-register
05-06 11:35:04.534   525   563 E QCALOG  : [MessageQ] ProcessNewMessage: [XT-CS] unknown deliver target [OS-Agent]
05-06 11:35:04.538  1617  1617 I PackageManager: /system/priv-app/ExperienceDataSync changed; collecting certs
05-06 11:35:04.547  1617  1617 E NativeLibraryHelper: Failed to load assets verifier: 0
05-06 11:35:04.553  1617  1617 I PackageManager: /system/priv-app/ExternalStorageProvider changed; collecting certs
05-06 11:35:04.562  1617  1617 E NativeLibraryHelper: Failed to load assets verifier: 0
05-06 11:35:04.580  1617  1617 I PackageManager: /system/priv-app/FlymeLauncher changed; collecting certs
05-06 11:35:04.634  1617  1617 E NativeLibraryHelper: Failed to load assets verifier: 0
05-06 11:35:04.638  1617  1617 E PackageManager: Package: Package{c549762 com.meizu.flyme.launcher} has multiple bundled libs, but is not multiarch.
05-06 11:35:04.641  1617  1617 W PackageManager: Permission com.meizu.flyme.launcher.permission.PRELOAD_WORKSPACE from package com.meizu.flyme.launcher in an unknown group android.permission-group.SYSTEM_TOOLS
05-06 11:35:04.642  1617  1617 W PackageManager: Permission com.android.launcher.permission.INSTALL_SHORTCUT from package com.meizu.flyme.launcher in an unknown group android.permission-group.SYSTEM_TOOLS
05-06 11:35:04.642  1617  1617 W PackageManager: Permission com.meizu.flyme.launcher.permission.UNINSTALL_SHORTCUT from package com.meizu.flyme.launcher in an unknown group android.permission-group.SYSTEM_TOOLS
05-06 11:35:04.642  1617  1617 W PackageManager: Permission com.meizu.flyme.launcher.permission.READ_SETTINGS from package com.meizu.flyme.launcher in an unknown group android.permission-group.SYSTEM_TOOLS
05-06 11:35:04.642  1617  1617 W PackageManager: Permission com.meizu.flyme.launcher.permission.WRITE_SETTINGS from package com.meizu.flyme.launcher in an unknown group android.permission-group.SYSTEM_TOOLS
05-06 11:35:04.645  1617  1617 I PackageManager: /system/priv-app/FusedLocation changed; collecting certs
05-06 11:35:04.654  1617  1617 E NativeLibraryHelper: Failed to load assets verifier: 0
05-06 11:35:04.703  1617  1617 I PackageManager: /system/priv-app/Gallery changed; collecting certs
05-06 11:35:05.002   502   667 I ThermalEngine: handle_thresh_sig: SS Id SKIN-SS-GOLD-AND-SILVER, Read xo_therm_buf 43000mC
05-06 11:35:05.025  1617  1617 I PackageManager: /system/priv-app/HomeTool changed; collecting certs
05-06 11:35:05.044  1617  1617 E NativeLibraryHelper: Failed to load assets verifier: 0
05-06 11:35:05.045  1617  1617 W PackageManager: Permission com.meizu.flyme.home.tools.permission.READ_SETTINGS from package com.meizu.flyme.hometools in an unknown group android.permission-group.SYSTEM_TOOLS
05-06 11:35:05.045  1617  1617 W PackageManager: Permission com.meizu.flyme.home.tools.permission.WRITE_SETTINGS from package com.meizu.flyme.hometools in an unknown group android.permission-group.SYSTEM_TOOLS
05-06 11:35:05.060  1617  1617 W PackageParser: Ignoring duplicate uses-permissions/uses-permissions-sdk-m: android.permission.READ_PROFILE in package: com.android.incallui at: Binary XML file line #15
05-06 11:35:05.062  1617  1617 I PackageManager: /system/priv-app/InCallUI changed; collecting certs
05-06 11:35:05.213  1617  1617 E NativeLibraryHelper: Failed to load assets verifier: 0
05-06 11:35:05.221  1617  1617 I PackageManager: /system/priv-app/InputDevices changed; collecting certs
05-06 11:35:05.232  1617  1617 E NativeLibraryHelper: Failed to load assets verifier: 0
05-06 11:35:05.236  1617  1617 I PackageManager: /system/priv-app/LauncherMenuProvider changed; collecting certs
05-06 11:35:05.244  1617  1617 E NativeLibraryHelper: Failed to load assets verifier: 0
05-06 11:35:05.255  1617  1617 W PackageParser: Ignoring duplicate uses-permissions/uses-permissions-sdk-m: android.permission.READ_LOGS in package: com.meizu.logreport at: Binary XML file line #18
05-06 11:35:05.256  1617  1617 W PackageParser: No actions in intent filter at /system/priv-app/LogReport/LogReport.apk Binary XML file line #59
05-06 11:35:05.256  1617  1617 W PackageParser: No actions in intent filter at /system/priv-app/LogReport/LogReport.apk Binary XML file line #68
05-06 11:35:05.256  1617  1617 W PackageParser: No actions in intent filter at /system/priv-app/LogReport/LogReport.apk Binary XML file line #77
05-06 11:35:05.256  1617  1617 W PackageParser: No actions in intent filter at /system/priv-app/LogReport/LogReport.apk Binary XML file line #86
05-06 11:35:05.256   502   667 I ThermalEngine: ACTION: CLUSTER - Setting CLUSTER[0] to voltage 840 freq = 1363200
05-06 11:35:05.256   502   667 I ThermalEngine: Mitigation:CLUSTER[0]: 840 mV freq = 1363200 kHz
05-06 11:35:05.257  1617  1617 I PackageManager: /system/priv-app/LogReport changed; collecting certs
05-06 11:35:05.332  1617  1617 E NativeLibraryHelper: Failed to load assets verifier: 0
05-06 11:35:05.345  1617  1617 I PackageManager: /system/priv-app/ManagedProvisioning changed; collecting certs
05-06 11:35:05.355   567   747 E slim_daemon: [NDK] bindNDKSensors: Sensor server is unavailable.
05-06 11:35:05.361  1617  1617 E NativeLibraryHelper: Failed to load assets verifier: 0
05-06 11:35:05.372  1617  1617 I PackageManager: /system/priv-app/MediaProvider changed; collecting certs
05-06 11:35:05.383  1617  1617 E NativeLibraryHelper: Failed to load assets verifier: 0
05-06 11:35:05.385  1617  1617 W PackageManager: Permission com.meizu.permission.mtp.LOCK from package com.android.providers.media in an unknown group android.permission-group.SYSTEM_TOOLS
05-06 11:35:05.444  1617  1617 I PackageManager: /system/priv-app/Mms changed; collecting certs
05-06 11:35:05.510   502   667 I ThermalEngine: handle_thresh_sig: SS Id SKIN-SS-GOLD-AND-SILVER, Read xo_therm_buf 43000mC
05-06 11:35:05.518   552   828 I ServiceManager: Waiting for service sensorservice...
05-06 11:35:05.638  1617  1617 E NativeLibraryHelper: Failed to load assets verifier: 0
05-06 11:35:05.643  1617  1617 E PackageManager: Package: Package{6f47190 com.android.mms} has multiple bundled libs, but is not multiarch.
05-06 11:35:05.649  1617  1617 I PackageManager: /system/priv-app/MmsService changed; collecting certs
05-06 11:35:05.661  1617  1617 E NativeLibraryHelper: Failed to load assets verifier: 0
05-06 11:35:05.697  1617  1617 I PackageManager: /system/priv-app/Music changed; collecting certs
05-06 11:35:05.940  1617  1617 I PackageManager: /system/priv-app/MusicFX changed; collecting certs
05-06 11:35:06.019   502   667 I ThermalEngine: handle_thresh_sig: SS Id SKIN-SS-GOLD-AND-SILVER, Read xo_therm_buf 43000mC
05-06 11:35:06.029  1617  1617 E NativeLibraryHelper: Failed to load assets verifier: 0
05-06 11:35:06.058  1617  1617 W PackageParser: Unknown element under <manifest>: receiver at /system/priv-app/MzAccountPlugin/MzAccountPlugin.apk Binary XML file line #54
05-06 11:35:06.061  1617  1617 I PackageManager: /system/priv-app/MzAccountPlugin changed; collecting certs
05-06 11:35:06.224  1617  1617 I PackageManager: /system/priv-app/MzBackup changed; collecting certs
05-06 11:35:06.356   567   747 E slim_daemon: [NDK] bindNDKSensors: Sensor server is unavailable.
05-06 11:35:06.362  1617  1617 E NativeLibraryHelper: Failed to load assets verifier: 0
05-06 11:35:06.385  1617  1617 I PackageManager: /system/priv-app/MzCallSetting changed; collecting certs
05-06 11:35:06.494  1617  1617 E NativeLibraryHelper: Failed to load assets verifier: 0
05-06 11:35:06.519   552   828 I ServiceManager: Waiting for service sensorservice...
05-06 11:35:06.522  1617  1617 W PackageParser: Unknown element under <manifest>: receiver at /system/priv-app/MzInput/MzInput.apk Binary XML file line #64
05-06 11:35:06.524  1617  1617 I PackageManager: /system/priv-app/MzInput changed; collecting certs
05-06 11:35:06.528   502   667 I ThermalEngine: ACTION: CLUSTER - Setting CLUSTER[1] to voltage 890 freq = 1804800
05-06 11:35:06.528   502   667 I ThermalEngine: Mitigation:CLUSTER[1]: 890 mV freq = 1804800 kHz
05-06 11:35:06.530   502   667 I ThermalEngine: handle_thresh_sig: SS Id SKIN-SS-GOLD-AND-SILVER, Read xo_therm_buf 43000mC
05-06 11:35:06.805  1617  1617 E NativeLibraryHelper: Failed to load assets verifier: 0
05-06 11:35:06.831  1617  1617 I PackageManager: /system/priv-app/NetContactService changed; collecting certs
05-06 11:35:07.040   502   667 I ThermalEngine: handle_thresh_sig: SS Id SKIN-SS-GOLD-AND-SILVER, Read xo_therm_buf 43000mC
05-06 11:35:07.055  1617  1617 E NativeLibraryHelper: Failed to load assets verifier: 0
05-06 11:35:07.062  1617  1617 I PackageManager: /system/priv-app/OneTimeInitializer changed; collecting certs
05-06 11:35:07.070  1617  1617 E NativeLibraryHelper: Failed to load assets verifier: 0
05-06 11:35:07.085  1617  1617 W PackageParser: Ignoring duplicate uses-permissions/uses-permissions-sdk-m: android.permission.WRITE_SECURE_SETTINGS in package: com.android.packageinstaller at: Binary XML file line #22
05-06 11:35:07.086  1617  1617 W PackageParser: Ignoring duplicate uses-permissions/uses-permissions-sdk-m: com.meizu.flyme.appcenter.permission.action.perform in package: com.android.packageinstaller at: Binary XML file line #36
05-06 11:35:07.086  1617  1617 W PackageParser: Ignoring duplicate uses-permissions/uses-permissions-sdk-m: android.permission.GET_TASKS in package: com.android.packageinstaller at: Binary XML file line #37
05-06 11:35:07.086  1617  1617 W PackageParser: Ignoring duplicate uses-permissions/uses-permissions-sdk-m: android.permission.GET_ACCOUNTS in package: com.android.packageinstaller at: Binary XML file line #38
05-06 11:35:07.086  1617  1617 W PackageParser: Ignoring duplicate uses-permissions/uses-permissions-sdk-m: android.permission.GET_PACKAGE_SIZE in package: com.android.packageinstaller at: Binary XML file line #39
05-06 11:35:07.086  1617  1617 W PackageParser: Ignoring duplicate uses-permissions/uses-permissions-sdk-m: com.meizu.flyme.appcenter.permission.EXTERNAL_INSTALL in package: com.android.packageinstaller at: Binary XML file line #40
05-06 11:35:07.086  1617  1617 W PackageParser: Ignoring duplicate uses-permissions/uses-permissions-sdk-m: com.meizu.mstore.permission.CHECK_UPDATE in package: com.android.packageinstaller at: Binary XML file line #41
05-06 11:35:07.087  1617  1617 I PackageManager: /system/priv-app/PackageInstaller changed; collecting certs
05-06 11:35:07.214  1617  1617 E NativeLibraryHelper: Failed to load assets verifier: 0
05-06 11:35:07.230  1617  1617 I PackageManager: /system/priv-app/PerfUI changed; collecting certs
05-06 11:35:07.324  1617  1617 E NativeLibraryHelper: Failed to load assets verifier: 0
05-06 11:35:07.339  1617  1617 I PackageManager: /system/priv-app/PowerSaveModeHome changed; collecting certs
05-06 11:35:07.357   567   747 E slim_daemon: [NDK] bindNDKSensors: Sensor server is unavailable.
05-06 11:35:07.425  1617  1617 E NativeLibraryHelper: Failed to load assets verifier: 0
05-06 11:35:07.431  1617  1617 I PackageManager: /system/priv-app/ProxyHandler changed; collecting certs
05-06 11:35:07.439  1617  1617 E NativeLibraryHelper: Failed to load assets verifier: 0
05-06 11:35:07.443  1617  1617 W PackageParser: Ignoring duplicate uses-permissions/uses-permissions-sdk-m: android.permission.READ_PHONE_STATE in package: com.meizu.sceneinfo at: Binary XML file line #16
05-06 11:35:07.445  1617  1617 I PackageManager: /system/priv-app/SceneInfo changed; collecting certs
05-06 11:35:07.454  1617  1617 E NativeLibraryHelper: Failed to load assets verifier: 0
05-06 11:35:07.455  1617  1617 E PackageManager: Package: Package{ca88d45 com.meizu.sceneinfo} has multiple bundled libs, but is not multiarch.
05-06 11:35:07.498  1617  1617 W PackageParser: Ignoring duplicate uses-permissions/uses-permissions-sdk-m: android.permission.RECEIVE_BOOT_COMPLETED in package: com.android.settings at: Binary XML file line #62
05-06 11:35:07.520   552   828 I ServiceManager: Waiting for service sensorservice...
05-06 11:35:07.538  1617  1617 I PackageManager: /system/priv-app/Settings changed; collecting certs
05-06 11:35:07.550   502   667 I ThermalEngine: handle_thresh_sig: SS Id SKIN-SS-GOLD-AND-SILVER, Read xo_therm_buf 43000mC
05-06 11:35:07.809  1617  1617 E NativeLibraryHelper: Failed to load assets verifier: 0
05-06 11:35:07.817  1617  1617 I PackageManager: /system/priv-app/SettingsProvider changed; collecting certs
05-06 11:35:07.826  1617  1617 E NativeLibraryHelper: Failed to load assets verifier: 0
05-06 11:35:07.832  1617  1617 I PackageManager: /system/priv-app/SharedStorageBackup changed; collecting certs
05-06 11:35:07.844  1617  1617 E NativeLibraryHelper: Failed to load assets verifier: 0
05-06 11:35:07.857  1617  1617 W PackageParser: Ignoring duplicate uses-permissions/uses-permissions-sdk-m: android.permission.INSTALL_GRANT_RUNTIME_PERMISSIONS in package: com.android.shell at: Binary XML file line #101
05-06 11:35:07.858  1617  1617 I PackageManager: /system/priv-app/Shell changed; collecting certs
05-06 11:35:07.869  1617  1617 E NativeLibraryHelper: Failed to load assets verifier: 0
05-06 11:35:07.898  1617  1617 I PackageManager: /system/priv-app/SoundRecorder changed; collecting certs
05-06 11:35:08.007  1617  1617 E NativeLibraryHelper: Failed to load assets verifier: 0
05-06 11:35:08.016  1617  1617 I PackageManager: /system/priv-app/StatementService changed; collecting certs
05-06 11:35:08.026  1617  1617 E NativeLibraryHelper: Failed to load assets verifier: 0
05-06 11:35:08.054  1617  1617 W PackageParser: No actions in intent filter at /system/priv-app/SystemUI/SystemUI.apk Binary XML file line #184
05-06 11:35:08.056  1617  1617 I PackageManager: /system/priv-app/SystemUI changed; collecting certs
05-06 11:35:08.057   502   667 I ThermalEngine: ACTION: CLUSTER - Setting CLUSTER[0] to voltage 840 freq = 1363200
05-06 11:35:08.057   502   667 I ThermalEngine: Mitigation:CLUSTER[0]: 840 mV freq = 1363200 kHz
05-06 11:35:08.059   502   667 I ThermalEngine: handle_thresh_sig: SS Id SKIN-SS-GOLD-AND-SILVER, Read xo_therm_buf 43000mC
05-06 11:35:08.296  1617  1617 I PackageManager: New shared user android.uid.systemui: id=10033
05-06 11:35:08.302  1617  1617 E NativeLibraryHelper: Failed to load assets verifier: 0
05-06 11:35:08.305  1617  1617 E PackageManager: Package: Package{aa30ae2 com.android.systemui} has multiple bundled libs, but is not multiarch.
05-06 11:35:08.326  1617  1617 I PackageManager: /system/priv-app/SystemUITools changed; collecting certs
05-06 11:35:08.360   567   747 E slim_daemon: [NDK] bindNDKSensors: Sensor server is unavailable.
05-06 11:35:08.465  1617  1617 E NativeLibraryHelper: Failed to load assets verifier: 0
05-06 11:35:08.469  1617  1617 E PackageManager: Package: Package{7ee6bd5 com.flyme.systemuitools} has multiple bundled libs, but is not multiarch.
05-06 11:35:08.479  1617  1617 I PackageManager: /system/priv-app/Tag changed; collecting certs
05-06 11:35:08.491  1617  1617 E NativeLibraryHelper: Failed to load assets verifier: 0
05-06 11:35:08.515  1617  1617 W PackageParser: Ignoring duplicate uses-permissions/uses-permissions-sdk-m: android.permission.READ_PRIVILEGED_PHONE_STATE in package: com.android.phone at: Binary XML file line #59
05-06 11:35:08.522   552   828 I ServiceManager: Waiting for service sensorservice...
05-06 11:35:08.529  1617  1617 I PackageManager: /system/priv-app/TeleService changed; collecting certs
05-06 11:35:08.567   502   667 I ThermalEngine: handle_thresh_sig: SS Id SKIN-SS-GOLD-AND-SILVER, Read xo_therm_buf 43000mC
05-06 11:35:08.647  1617  1617 E NativeLibraryHelper: Failed to load assets verifier: 0
05-06 11:35:08.667  1617  1617 I PackageManager: /system/priv-app/Telecom changed; collecting certs
05-06 11:35:08.745  1617  1617 E NativeLibraryHelper: Failed to load assets verifier: 0
