05-06 11:34:08.418   485   485 D audio_hw_primary: adev_open_output_stream: enter: sample_rate(48000) channel_mask(0x3) devices(0x2) flags(0x104)        stream_handle(0xf227c500)
05-06 11:34:08.418   485   485 D audio_hw_primary: adev_open_output_stream: Stream (0xf227c500) picks up usecase (audio-ull-playback)
05-06 11:34:08.418   485   485 I AudioFlinger: AudioStreamOut::open(), mHalFormatIsLinearPcm = 1
05-06 11:34:08.419   485   485 I AudioFlinger: HAL output buffer size 192 frames, normal sink buffer size 960 frames
05-06 11:34:08.420   485  1584 I AudioFlinger: AudioFlinger's thread 0xf1200000 ready to run
05-06 11:34:08.420   485  1584 D audio_hw_primary: out_set_parameters: enter: usecase(12: audio-ull-playback) kvpairs: routing=2
05-06 11:34:08.420   485  1584 D audio_hw_primary: out_standby: enter: stream (0xf227c500) usecase(12: audio-ull-playback)
05-06 11:34:08.421   485  1584 E AudioFlinger: no wake lock to update!
05-06 11:34:08.422   485   485 I AudioFlinger: openOutput(), module 1 Device 2, SamplingRate 48000, Format 0x000001, Channels 3, flags 8
05-06 11:34:08.422   485   485 D audio_hw_primary: adev_open_output_stream: enter: sample_rate(48000) channel_mask(0x3) devices(0x2) flags(0x8)        stream_handle(0xf227c680)
05-06 11:34:08.422   485   485 D audio_hw_primary: adev_open_output_stream: Stream (0xf227c680) picks up usecase (deep-buffer-playback)
05-06 11:34:08.422   485   485 I AudioFlinger: AudioStreamOut::open(), mHalFormatIsLinearPcm = 1
05-06 11:34:08.422   485   485 I AudioFlinger: HAL output buffer size 1920 frames, normal sink buffer size 1920 frames
05-06 11:34:08.424   485  1585 I AudioFlinger: AudioFlinger's thread 0xf0f00000 ready to run
05-06 11:34:08.424   485  1585 D audio_hw_primary: out_set_parameters: enter: usecase(0: deep-buffer-playback) kvpairs: routing=2
05-06 11:34:08.424   485  1585 D audio_hw_primary: out_standby: enter: stream (0xf227c680) usecase(0: deep-buffer-playback)
05-06 11:34:08.425   485  1585 E AudioFlinger: no wake lock to update!
05-06 11:34:08.426   485   485 I AudioFlinger: openOutput(), module 1 Device 10000, SamplingRate 48000, Format 0x000001, Channels 3, flags 0
05-06 11:34:08.426   485   485 D audio_hw_primary: adev_open_output_stream: enter: sample_rate(48000) channel_mask(0x3) devices(0x10000) flags(0)        stream_handle(0xf227c800)
05-06 11:34:08.426   485   485 D audio_hw_primary: adev_open_output_stream: Stream (0xf227c800) picks up usecase (afe-proxy-playback)
05-06 11:34:08.426   485   485 I AudioFlinger: AudioStreamOut::open(), mHalFormatIsLinearPcm = 1
05-06 11:34:08.426   485   485 I AudioFlinger: HAL output buffer size 768 frames, normal sink buffer size 1152 frames
05-06 11:34:08.427   485  1587 I AudioFlinger: AudioFlinger's thread 0xf0d40000 ready to run
05-06 11:34:08.427   485  1587 D audio_hw_primary: out_set_parameters: enter: usecase(38: afe-proxy-playback) kvpairs: routing=65536
05-06 11:34:08.427   485  1587 D audio_hw_primary: out_standby: enter: stream (0xf227c800) usecase(38: afe-proxy-playback)
05-06 11:34:08.427   485  1587 E AudioFlinger: no wake lock to update!
05-06 11:34:08.429   485   485 D audio_hw_primary: adev_open_input_stream: enter: sample_rate(48000) channel_mask(0xc) devices(0x80000040)        stream_handle(0xf2225fc0) io_handle(10) source(1)
05-06 11:34:08.429   485   485 D audio_hw_primary: adev_open_input_stream: enter: sample_rate(48000) channel_mask(0xc) devices(0x80000040)        stream_handle(0xf2225fc0) io_handle(10) source(1)
05-06 11:34:08.429   485   485 W APM::AudioPolicyManager: Cannot open input stream for device 80000040 on hw module primary
05-06 11:34:08.429   485   485 D audio_hw_primary: adev_open_input_stream: enter: sample_rate(48000) channel_mask(0xfc) devices(0x80000004)        stream_handle(0xf2225fc0) io_handle(11) source(1)
05-06 11:34:08.436   485  1588 I AudioFlinger: AudioFlinger's thread 0xf0a00000 ready to run
05-06 11:34:08.436   485   485 D audio_hw_primary: adev_close_input_stream: enter:stream_handle(0xf2225fc0)
05-06 11:34:08.436   485   485 D audio_hw_primary: in_standby: enter: stream (0xf2225fc0) usecase(16: audio-record)
05-06 11:34:08.437   485   485 D audio_hw_primary: adev_open_input_stream: enter: sample_rate(48000) channel_mask(0xc) devices(0x80000040)        stream_handle(0xf2225fc0) io_handle(12) source(1)
05-06 11:34:08.437   485   485 D audio_hw_primary: adev_open_input_stream: enter: sample_rate(48000) channel_mask(0xc) devices(0x80000040)        stream_handle(0xf2225fc0) io_handle(12) source(1)
05-06 11:34:08.437   485   485 W APM::AudioPolicyManager: Cannot open input stream for device 80000040 on hw module primary
05-06 11:34:08.442   485   485 I bt_a2dp_hw: adev_open:  adev_open in A2dp_hw module
05-06 11:34:08.442   485   485 I AudioFlinger: loadHwModule() Loaded a2dp audio interface from A2DP Audio HW HAL (audio) handle 13
05-06 11:34:08.448   485   485 I AudioFlinger: loadHwModule() Loaded usb audio interface from USB audio HW HAL (audio) handle 14
05-06 11:34:08.454   485   485 I r_submix: adev_open(name=audio_hw_if)
05-06 11:34:08.454   485   485 I r_submix: adev_init_check()
05-06 11:34:08.454   485   485 I AudioFlinger: loadHwModule() Loaded r_submix audio interface from Wifi Display audio HAL (audio) handle 15
05-06 11:34:08.454   485   485 D r_submix: adev_open_input_stream(addr=0)
05-06 11:34:08.454   485   485 D r_submix: submix_audio_device_create_pipe_l(addr=0, idx=9)
05-06 11:34:08.454   485   485 D r_submix:   now using address 0 for route 9
05-06 11:34:08.457   485  1589 I AudioFlinger: AudioFlinger's thread 0xf0a00000 ready to run
05-06 11:34:08.457   485   485 D r_submix: adev_close_input_stream()
05-06 11:34:08.457   485   485 D r_submix: submix_audio_device_release_pipe_l(idx=9) addr=0
05-06 11:34:08.457   485   485 D r_submix: submix_audio_device_destroy_pipe_l(): pipe destroyed
05-06 11:34:08.457   485   485 W APM::AudioPolicyManager: Input device 80000040 unreachable
05-06 11:34:08.458   485   485 W APM::AudioPolicyManager: Input device 80002000 unreachable
05-06 11:34:08.458   485   485 I AudioPolicyManagerCustom: removing AUDIO_CHANNEL_IN_5POINT1 from input profile as SSR(surround sound record) is not supported on this chipset variant
05-06 11:34:08.462   485   485 D sound_trigger_hw: stdev_open: Enter
05-06 11:34:08.462   485   485 I sound_trigger_platform: platform_stdev_init: Enter
05-06 11:34:08.481   552   828 I ServiceManager: Waiting for service sensorservice...
05-06 11:34:08.714   820  1252 W dex2oat : Skipping class com.quicinc.tcmiface.DpmTcmIface from /system/framework/org.apache.http.legacy.boot.jar previously found in /system/framework/okhttp.jar
05-06 11:34:08.904   485   485 I sound_trigger_platform: platform_stdev_init: acdb_init: msm8996-tasha-mtp-snd-card
05-06 11:34:08.904   485   485 D ACDB-LOADER: ACDB -> already initialized, exit
05-06 11:34:08.904   485   485 D sound_trigger_platform: platform_stdev_init Opening device /dev/snd/hwC0D1000
05-06 11:34:08.905   485   485 D sound_trigger_platform: get_codec_version: codec version WCD9335_2_0
05-06 11:34:08.905   485   485 I sound_trigger_hw: stdev_get_properties
05-06 11:34:08.905   485   485 I SoundTriggerHwService: loaded default module Sound Trigger HAL, handle 1
05-06 11:34:08.905   485   485 I RadioService: RadioService
05-06 11:34:08.905   485   485 I RadioService: onFirstRef
05-06 11:34:08.906   485   485 E RadioService: couldn't load radio module radio.primary (No such file or directory)
05-06 11:34:08.927   820  1252 W dex2oat : Method processed more than once: void android.icu.text.NumberFormat.<clinit>()
05-06 11:34:09.061   885  1287 W dex2oat : Skipping class com.quicinc.tcmiface.DpmTcmIface from /system/framework/org.apache.http.legacy.boot.jar previously found in /system/framework/okhttp.jar
05-06 11:34:09.089   820  1252 W dex2oat : Method processed more than once: java.lang.String java.lang.AbstractStringBuilder.substring(int)
05-06 11:34:09.143   820  1252 W dex2oat : Method processed more than once: void java.util.Properties.load(java.io.Reader)
05-06 11:34:09.189   820  1252 W dex2oat : Method processed more than once: java.lang.String java.lang.IntegralToString.stringOf(char[])
05-06 11:34:09.209   885   885 W dex2oat : Method processed more than once: void android.icu.text.NumberFormat.<clinit>()
05-06 11:34:09.267   820  1252 W dex2oat : Method processed more than once: java.lang.String com.android.org.bouncycastle.util.Strings.toLowerCase(java.lang.String)
05-06 11:34:09.307   567   747 E slim_daemon: [NDK] bindNDKSensors: Sensor server is unavailable.
05-06 11:34:09.360   885   885 W dex2oat : Method processed more than once: java.lang.String java.lang.AbstractStringBuilder.substring(int)
05-06 11:34:09.416   885   885 W dex2oat : Method processed more than once: void java.util.Properties.load(java.io.Reader)
05-06 11:34:09.441   525   563 E QCALOG  : [MessageQ] ProcessNewMessage: [XTWiFi-PE] unknown deliver target [OS-Agent]
05-06 11:34:09.462   885   885 W dex2oat : Method processed more than once: java.lang.String java.lang.IntegralToString.stringOf(char[])
05-06 11:34:09.482   552   828 I ServiceManager: Waiting for service sensorservice...
05-06 11:34:09.528   566   786 W XTCC-5.1.0.10: [CS-RIL-LISTENER] timerCallback fired for ril update registering, re-register
05-06 11:34:09.529   525   563 E QCALOG  : [MessageQ] ProcessNewMessage: [XT-CS] unknown deliver target [OS-Agent]
05-06 11:34:09.529   525   563 E QCALOG  : [MessageQ] ProcessNewMessage: [XT-CS] unknown deliver target [OS-Agent]
05-06 11:34:09.542   885   885 W dex2oat : Method processed more than once: java.lang.String com.android.org.bouncycastle.util.Strings.toLowerCase(java.lang.String)
05-06 11:34:10.106   820   820 W dex2oat : Method processed more than once: java.lang.String com.android.dex.Mutf8.decode(com.android.dex.util.ByteInput, char[])
05-06 11:34:10.199   820   820 W dex2oat : Method processed more than once: void android.net.Uri.<clinit>()
05-06 11:34:10.308   567   747 E slim_daemon: [NDK] bindNDKSensors: Sensor server is unavailable.
05-06 11:34:10.392   885   885 W dex2oat : Method processed more than once: java.lang.String com.android.dex.Mutf8.decode(com.android.dex.util.ByteInput, char[])
05-06 11:34:10.487   885   885 W dex2oat : Method processed more than once: void android.net.Uri.<clinit>()
05-06 11:34:10.528   566   788 W XTCC-5.1.0.10: [FDAL_ZPP_MGR] RequestNewZppFix: Getting ZPP
05-06 11:34:10.534   566   788 W XTCC-5.1.0.10: [FDAL_ZPP_MGR] RequestNewZppFix 0.000000 0.000000 0.000000: ZPP Return Flag 0x0
05-06 11:34:10.535   566   788 W XTCC-5.1.0.10: [FDAL_ZPP_MGR] RequestNewZppFix Expand the HEPE of previous ZPP fix. Not done
05-06 11:34:10.562   820   820 W dex2oat : Method processed more than once: void android.text.TextUtils.<clinit>()
05-06 11:34:10.754   820   820 W dex2oat : Skipping class com.quicinc.tcmiface.DpmTcmIface from /system/framework/org.apache.http.legacy.boot.jar previously found in /system/framework/okhttp.jar
05-06 11:34:10.792   820   820 I dex2oat : Explicit concurrent mark sweep GC freed 43529(10MB) AllocSpace objects, 1(20KB) LOS objects, 15% free, 22MB/26MB, paused 151us total 28.522ms
05-06 11:34:10.866   885   885 W dex2oat : Method processed more than once: void android.text.TextUtils.<clinit>()
05-06 11:34:11.119   885  1287 W dex2oat : Skipping class com.quicinc.tcmiface.DpmTcmIface from /system/framework/org.apache.http.legacy.boot.jar previously found in /system/framework/okhttp.jar
05-06 11:34:11.165   885   885 I dex2oat : Explicit concurrent mark sweep GC freed 43514(6MB) AllocSpace objects, 1(20KB) LOS objects, 23% free, 13MB/17MB, paused 111us total 33.634ms
05-06 11:34:11.309   567   747 E slim_daemon: [NDK] bindNDKSensors: Sensor server is unavailable.
05-06 11:34:11.483   552   828 I ServiceManager: Waiting for service sensorservice...
05-06 11:34:12.311   567   747 E slim_daemon: [NDK] bindNDKSensors: Sensor server is unavailable.
05-06 11:34:12.483   552   828 I ServiceManager: Waiting for service sensorservice...
05-06 11:34:13.312   567   747 E slim_daemon: [NDK] bindNDKSensors: Sensor server is unavailable.
05-06 11:34:13.484   552   828 I ServiceManager: Waiting for service sensorservice...
05-06 11:34:14.315   567   747 E slim_daemon: [NDK] bindNDKSensors: Sensor server is unavailable.
05-06 11:34:14.441   525   563 E QCALOG  : [MessageQ] ProcessNewMessage: [XTWiFi-PE] unknown deliver target [OS-Agent]
05-06 11:34:14.484   552   828 I ServiceManager: Waiting for service sensorservice...
05-06 11:34:14.529   566   786 W XTCC-5.1.0.10: [CS-RIL-LISTENER] timerCallback fired for ril update registering, re-register
05-06 11:34:14.529   525   563 E QCALOG  : [MessageQ] ProcessNewMessage: [XT-CS] unknown deliver target [OS-Agent]
05-06 11:34:14.529   525   563 E QCALOG  : [MessageQ] ProcessNewMessage: [XT-CS] unknown deliver target [OS-Agent]
05-06 11:34:15.315   567   747 E slim_daemon: [NDK] bindNDKSensors: Sensor server is unavailable.
05-06 11:34:15.485   552   828 I ServiceManager: Waiting for service sensorservice...
05-06 11:34:16.317   567   747 E slim_daemon: [NDK] bindNDKSensors: Sensor server is unavailable.
05-06 11:34:17.318   567   747 E slim_daemon: [NDK] bindNDKSensors: Sensor server is unavailable.
05-06 11:34:17.485   552   828 I ServiceManager: Waiting for service sensorservice...
05-06 11:34:18.318   567   747 E slim_daemon: [NDK] bindNDKSensors: Sensor server is unavailable.
05-06 11:34:18.486   552   828 I ServiceManager: Waiting for service sensorservice...
05-06 11:34:19.162   820  1251 I dex2oat : Method exceeds compiler instruction limit: 25337 in void org.ccil.cowan.tagsoup.HTMLSchema.<init>()
05-06 11:34:19.319   567   747 E slim_daemon: [NDK] bindNDKSensors: Sensor server is unavailable.
05-06 11:34:19.441   525   563 E QCALOG  : [MessageQ] ProcessNewMessage: [XTWiFi-PE] unknown deliver target [OS-Agent]
05-06 11:34:19.486   552   828 I ServiceManager: Waiting for service sensorservice...
05-06 11:34:19.529   525   563 E QCALOG  : [MessageQ] ProcessNewMessage: [XT-CS] unknown deliver target [OS-Agent]
05-06 11:34:19.529   566   786 W XTCC-5.1.0.10: [CS-RIL-LISTENER] timerCallback fired for ril update registering, re-register
05-06 11:34:19.534   525   563 E QCALOG  : [MessageQ] ProcessNewMessage: [XT-CS] unknown deliver target [OS-Agent]
05-06 11:34:19.688   885  1287 I dex2oat : Method exceeds compiler instruction limit: 25337 in void org.ccil.cowan.tagsoup.HTMLSchema.<init>()
05-06 11:34:20.319   567   747 E slim_daemon: [NDK] bindNDKSensors: Sensor server is unavailable.
05-06 11:34:20.487   552   828 I ServiceManager: Waiting for service sensorservice...
05-06 11:34:21.320   567   747 E slim_daemon: [NDK] bindNDKSensors: Sensor server is unavailable.
05-06 11:34:21.487   552   828 I ServiceManager: Waiting for service sensorservice...
05-06 11:34:22.320   567   747 E slim_daemon: [NDK] bindNDKSensors: Sensor server is unavailable.
05-06 11:34:23.321   567   747 E slim_daemon: [NDK] bindNDKSensors: Sensor server is unavailable.
05-06 11:34:23.488   552   828 I ServiceManager: Waiting for service sensorservice...
05-06 11:34:24.321   567   747 E slim_daemon: [NDK] bindNDKSensors: Sensor server is unavailable.
05-06 11:34:24.443   525   563 E QCALOG  : [MessageQ] ProcessNewMessage: [XTWiFi-PE] unknown deliver target [OS-Agent]
05-06 11:34:24.488   552   828 I ServiceManager: Waiting for service sensorservice...
05-06 11:34:24.529   525   563 E QCALOG  : [MessageQ] ProcessNewMessage: [XT-CS] unknown deliver target [OS-Agent]
05-06 11:34:24.530   566   786 W XTCC-5.1.0.10: [CS-RIL-LISTENER] timerCallback fired for ril update registering, re-register
05-06 11:34:24.530   525   563 E QCALOG  : [MessageQ] ProcessNewMessage: [XT-CS] unknown deliver target [OS-Agent]
05-06 11:34:25.323   567   747 E slim_daemon: [NDK] bindNDKSensors: Sensor server is unavailable.
05-06 11:34:25.411   885   885 W dex2oat : Compilation of void android.os.BatteryStats.dumpLocked(android.content.Context, java.io.PrintWriter, java.lang.String, int, int, boolean) took 147.643ms
05-06 11:34:25.488   552   828 I ServiceManager: Waiting for service sensorservice...
05-06 11:34:26.323   567   747 E slim_daemon: [NDK] bindNDKSensors: Sensor server is unavailable.
05-06 11:34:26.489   552   828 I ServiceManager: Waiting for service sensorservice...
05-06 11:34:27.324   567   747 E slim_daemon: [NDK] bindNDKSensors: Sensor server is unavailable.
05-06 11:34:27.489   552   828 I ServiceManager: Waiting for service sensorservice...
05-06 11:34:27.939   820  1253 W dex2oat : Compilation of boolean android.app.ActivityManagerNative.onTransact(int, android.os.Parcel, android.os.Parcel, int) took 141.141ms
05-06 11:34:28.260   885  1285 W dex2oat : Compilation of boolean android.app.ActivityManagerNative.onTransact(int, android.os.Parcel, android.os.Parcel, int) took 129.184ms
05-06 11:34:28.325   567   747 E slim_daemon: [NDK] bindNDKSensors: Sensor server is unavailable.
05-06 11:34:29.285   820  1252 W dex2oat : Compilation of boolean android.app.admin.IDevicePolicyManager$Stub.onTransact(int, android.os.Parcel, android.os.Parcel, int) took 123.591ms
05-06 11:34:29.325   567   747 E slim_daemon: [NDK] bindNDKSensors: Sensor server is unavailable.
05-06 11:34:29.443   525   563 E QCALOG  : [MessageQ] ProcessNewMessage: [XTWiFi-PE] unknown deliver target [OS-Agent]
05-06 11:34:29.450   885  1286 W dex2oat : Compilation of boolean android.app.admin.IDevicePolicyManager$Stub.onTransact(int, android.os.Parcel, android.os.Parcel, int) took 127.228ms
05-06 11:34:29.491   552   828 I ServiceManager: Waiting for service sensorservice...
05-06 11:34:29.529   525   563 E QCALOG  : [MessageQ] ProcessNewMessage: [XT-CS] unknown deliver target [OS-Agent]
05-06 11:34:29.530   566   786 W XTCC-5.1.0.10: [CS-RIL-LISTENER] timerCallback fired for ril update registering, re-register
05-06 11:34:29.530   525   563 E QCALOG  : [MessageQ] ProcessNewMessage: [XT-CS] unknown deliver target [OS-Agent]
05-06 11:34:30.326   567   747 E slim_daemon: [NDK] bindNDKSensors: Sensor server is unavailable.
05-06 11:34:30.491   552   828 I ServiceManager: Waiting for service sensorservice...
05-06 11:34:31.133   475   914 E Sensors : sns_smr_util.c(106):Unable to initialize service 266 with QCCI, timed out (30000 ms)
05-06 11:34:31.133   475   914 E Sensors : sns_acm_mr.c(543):Error getting info for service 10
05-06 11:34:31.143   475   935 E Sensors : sns_smr_util.c(106):Unable to initialize service 287 with QCCI, timed out (30000 ms)
05-06 11:34:31.143   475   935 E Sensors : sns_acm_mr.c(543):Error getting info for service 31
05-06 11:34:31.153   475   957 E Sensors : sns_smr_util.c(106):Unable to initialize service 309 with QCCI, timed out (30000 ms)
05-06 11:34:31.153   475   957 E Sensors : sns_acm_mr.c(543):Error getting info for service 53
05-06 11:34:31.156   475   955 E Sensors : sns_smr_util.c(106):Unable to initialize service 307 with QCCI, timed out (30000 ms)
05-06 11:34:31.156   475   955 E Sensors : sns_acm_mr.c(543):Error getting info for service 51
05-06 11:34:31.157   475   959 E Sensors : sns_smr_util.c(106):Unable to initialize service 311 with QCCI, timed out (30000 ms)
05-06 11:34:31.157   475   959 E Sensors : sns_acm_mr.c(543):Error getting info for service 55
05-06 11:34:31.327   567   747 E slim_daemon: [NDK] bindNDKSensors: Sensor server is unavailable.
05-06 11:34:31.492   552   828 I ServiceManager: Waiting for service sensorservice...
05-06 11:34:32.327   567   747 E slim_daemon: [NDK] bindNDKSensors: Sensor server is unavailable.
05-06 11:34:32.492   552   828 I ServiceManager: Waiting for service sensorservice...
05-06 11:34:33.328   567   747 E slim_daemon: [NDK] bindNDKSensors: Sensor server is unavailable.
05-06 11:34:33.493   552   828 I ServiceManager: Waiting for service sensorservice...
05-06 11:34:34.328   567   747 E slim_daemon: [NDK] bindNDKSensors: Sensor server is unavailable.
05-06 11:34:34.443   525   563 E QCALOG  : [MessageQ] ProcessNewMessage: [XTWiFi-PE] unknown deliver target [OS-Agent]
05-06 11:34:34.530   525   563 E QCALOG  : [MessageQ] ProcessNewMessage: [XT-CS] unknown deliver target [OS-Agent]
05-06 11:34:34.530   566   786 W XTCC-5.1.0.10: [CS-RIL-LISTENER] timerCallback fired for ril update registering, re-register
05-06 11:34:34.530   525   563 E QCALOG  : [MessageQ] ProcessNewMessage: [XT-CS] unknown deliver target [OS-Agent]
05-06 11:34:35.102   820  1253 W dex2oat : Compilation of void com.android.internal.telephony.uicc.SIMRecords.handleMessage(android.os.Message) took 126.610ms
05-06 11:34:35.329   567   747 E slim_daemon: [NDK] bindNDKSensors: Sensor server is unavailable.
05-06 11:34:35.493   552   828 I ServiceManager: Waiting for service sensorservice...
05-06 11:34:35.735   885   885 W dex2oat : Compilation of void com.android.internal.telephony.uicc.SIMRecords.handleMessage(android.os.Message) took 107.898ms
05-06 11:34:36.329   567   747 E slim_daemon: [NDK] bindNDKSensors: Sensor server is unavailable.
05-06 11:34:36.494   552   828 I ServiceManager: Waiting for service sensorservice...
05-06 11:34:37.074   820  1253 W dex2oat : Skipping class com.quicinc.tcmiface.DpmTcmIface from /system/framework/org.apache.http.legacy.boot.jar previously found in /system/framework/okhttp.jar
05-06 11:34:37.175   885   885 W dex2oat : Skipping class com.quicinc.tcmiface.DpmTcmIface from /system/framework/org.apache.http.legacy.boot.jar previously found in /system/framework/okhttp.jar
05-06 11:34:37.330   567   747 E slim_daemon: [NDK] bindNDKSensors: Sensor server is unavailable.
05-06 11:34:37.494   552   828 I ServiceManager: Waiting for service sensorservice...
05-06 11:34:38.241   524   614 E QMI_FW  : QMUXD: WARNING qmi_qmux_if_pwr_up_init failed! rc=-1
05-06 11:34:38.243   524   614 E QMI_FW  : QMUXD: WARNING qmi_qmux_if_pwr_up_init failed! rc=-1
05-06 11:34:38.244   524   614 E QMI_FW  : QMUXD: WARNING qmi_qmux_if_pwr_up_init failed! rc=-1
05-06 11:34:38.331   567   747 E slim_daemon: [NDK] bindNDKSensors: Sensor server is unavailable.
05-06 11:34:38.495   552   828 I ServiceManager: Waiting for service sensorservice...
05-06 11:34:39.332   567   747 E slim_daemon: [NDK] bindNDKSensors: Sensor server is unavailable.
05-06 11:34:39.444   525   563 E QCALOG  : [MessageQ] ProcessNewMessage: [XTWiFi-PE] unknown deliver target [OS-Agent]
05-06 11:34:39.496   552   828 I ServiceManager: Waiting for service sensorservice...
05-06 11:34:39.530   525   563 E QCALOG  : [MessageQ] ProcessNewMessage: [XT-CS] unknown deliver target [OS-Agent]
05-06 11:34:39.531   566   786 W XTCC-5.1.0.10: [CS-RIL-LISTENER] timerCallback fired for ril update registering, re-register
05-06 11:34:39.531   525   563 E QCALOG  : [MessageQ] ProcessNewMessage: [XT-CS] unknown deliver target [OS-Agent]
05-06 11:34:39.552   885   885 I dex2oat : Explicit concurrent mark sweep GC freed 34483(8MB) AllocSpace objects, 0(0B) LOS objects, 32% free, 8MB/12MB, paused 105us total 22.101ms
05-06 11:34:39.561   820   820 I dex2oat : Explicit concurrent mark sweep GC freed 34493(14MB) AllocSpace objects, 0(0B) LOS objects, 26% free, 11MB/15MB, paused 148us total 22.250ms
05-06 11:34:40.333   567   747 E slim_daemon: [NDK] bindNDKSensors: Sensor server is unavailable.
05-06 11:34:41.333   567   747 E slim_daemon: [NDK] bindNDKSensors: Sensor server is unavailable.
05-06 11:34:41.497   552   828 I ServiceManager: Waiting for service sensorservice...
05-06 11:34:41.651   885   885 I dex2oat : dex2oat took 40.571s (threads: 4) arena alloc=3MB java alloc=8MB native alloc=76MB free=18MB
05-06 11:34:41.793   820   820 I dex2oat : dex2oat took 41.354s (threads: 4) arena alloc=2MB java alloc=11MB native alloc=92MB free=19MB
05-06 11:34:41.811   514   514 D ICU     : No timezone override file found: /data/misc/zoneinfo/current/icu/icu_tzdata.dat
05-06 11:34:41.857   514   514 I Radio-JNI: register_android_hardware_Radio DONE
05-06 11:34:41.866   514   514 I SamplingProfilerIntegration: Profiling disabled.
05-06 11:34:41.866   514   514 D Zygote  : begin preload
05-06 11:34:41.867   514   514 I Zygote  : Preloading classes...
05-06 11:34:41.915   507   507 D ICU     : No timezone override file found: /data/misc/zoneinfo/current/icu/icu_tzdata.dat
05-06 11:34:41.917   514   514 D skia    : [SkFontConfigParser] /system/etc/fonts.xml:103:4: warning: 'DINPro' alias target not found
05-06 11:34:41.917   514   514 D skia    : [SkFontConfigParser] /system/etc/fonts.xml:104:4: warning: 'DINPro' alias target not found
05-06 11:34:41.918   514   514 D skia    : [SkFontConfigParser] /system/etc/fonts.xml:105:4: warning: 'DINPro' alias target not found
05-06 11:34:41.955   507   507 I Radio-JNI: register_android_hardware_Radio DONE
05-06 11:34:41.960   507   507 I SamplingProfilerIntegration: Profiling disabled.
05-06 11:34:41.960   507   507 D Zygote  : begin preload
05-06 11:34:41.960   507   507 I Zygote  : Preloading classes...
05-06 11:34:41.997   507   507 D skia    : [SkFontConfigParser] /system/etc/fonts.xml:103:4: warning: 'DINPro' alias target not found
05-06 11:34:41.997   507   507 D skia    : [SkFontConfigParser] /system/etc/fonts.xml:104:4: warning: 'DINPro' alias target not found
05-06 11:34:41.997   507   507 D skia    : [SkFontConfigParser] /system/etc/fonts.xml:105:4: warning: 'DINPro' alias target not found
05-06 11:34:42.133   507   507 E Minikin : addFont failed to create font /system/fonts/Padauk.ttf
05-06 11:34:42.134   514   514 E Minikin : addFont failed to create font /system/fonts/Padauk.ttf
05-06 11:34:42.147   514   514 E Minikin : addFont failed to create font /system/fonts/NanumGothic.ttf
05-06 11:34:42.147   514   514 E Minikin : addFont failed to create font /system/fonts/DroidSansFallback.ttf
05-06 11:34:42.147   514   514 E Minikin : addFont failed to create font /system/fonts/MTLmr3m.ttf
05-06 11:34:42.148   507   507 E Minikin : addFont failed to create font /system/fonts/NanumGothic.ttf
05-06 11:34:42.148   507   507 E Minikin : addFont failed to create font /system/fonts/DroidSansFallback.ttf
05-06 11:34:42.148   507   507 E Minikin : addFont failed to create font /system/fonts/MTLmr3m.ttf
05-06 11:34:42.244   507   507 V DngCreator_JNI: DngCreator_nativeClassInit:
05-06 11:34:42.244   514   514 V DngCreator_JNI: DngCreator_nativeClassInit:
05-06 11:34:42.334   567   747 E slim_daemon: [NDK] bindNDKSensors: Sensor server is unavailable.
05-06 11:34:42.350   507   507 I art     : Thread[1,tid=507,Native,Thread*=0x7f9d53ba00,peer=0x12c2c100,"main"] recursive attempt to load library "/system/lib64/libmedia_jni.so"
05-06 11:34:42.350   507   507 D MtpDeviceJNI: register_android_mtp_MtpDevice
05-06 11:34:42.351   507   507 I art     : Thread[1,tid=507,Native,Thread*=0x7f9d53ba00,peer=0x12c2c100,"main"] recursive attempt to load library "/system/lib64/libmedia_jni.so"
05-06 11:34:42.351   507   507 I art     : Thread[1,tid=507,Native,Thread*=0x7f9d53ba00,peer=0x12c2c100,"main"] recursive attempt to load library "/system/lib64/libmedia_jni.so"
05-06 11:34:42.352   514   514 I art     : Thread[1,tid=514,Native,Thread*=0xf52f6500,peer=0x12c35100,"main"] recursive attempt to load library "/system/lib/libmedia_jni.so"
05-06 11:34:42.352   514   514 D MtpDeviceJNI: register_android_mtp_MtpDevice
05-06 11:34:42.352   514   514 I art     : Thread[1,tid=514,Native,Thread*=0xf52f6500,peer=0x12c35100,"main"] recursive attempt to load library "/system/lib/libmedia_jni.so"
05-06 11:34:42.353   514   514 I art     : Thread[1,tid=514,Native,Thread*=0xf52f6500,peer=0x12c35100,"main"] recursive attempt to load library "/system/lib/libmedia_jni.so"
05-06 11:34:42.480  1605  1605 I dex2oat : /system/bin/dex2oat --dex-file=/system/framework/tcmclient.jar --oat-file=/data/dalvik-cache/arm64/system@framework@tcmclient.jar@classes.dex
05-06 11:34:42.480  1605  1605 E cutils-trace: Error opening trace file: No such file or directory (2)
05-06 11:34:42.483  1606  1606 I dex2oat : /system/bin/dex2oat --dex-file=/system/framework/tcmclient.jar --oat-file=/data/dalvik-cache/arm/system@framework@tcmclient.jar@classes.dex
05-06 11:34:42.483  1606  1606 E cutils-trace: Error opening trace file: No such file or directory (2)
05-06 11:34:42.497   552   828 I ServiceManager: Waiting for service sensorservice...
05-06 11:34:42.535  1605  1605 I dex2oat : dex2oat took 55.987ms (threads: 4) arena alloc=190KB java alloc=38KB native alloc=1320KB free=1239KB
05-06 11:34:42.538  1606  1606 I dex2oat : dex2oat took 55.299ms (threads: 4) arena alloc=328KB java alloc=35KB native alloc=1447KB free=1368KB
05-06 11:34:42.617   507   507 I System  : Loaded time zone names for "" in 35ms (33ms in ICU)
05-06 11:34:42.632   514   514 I System  : Loaded time zone names for "" in 37ms (36ms in ICU)
05-06 11:34:42.637   507   507 I System  : Loaded time zone names for "en_US" in 20ms (18ms in ICU)
05-06 11:34:42.657   514   514 I System  : Loaded time zone names for "en_US" in 25ms (23ms in ICU)
05-06 11:34:42.659   507   507 I System  : Loaded time zone names for "zh_CN" in 22ms (20ms in ICU)
05-06 11:34:42.670   507   507 I Zygote  : ...preloaded 3831 classes in 710ms.
05-06 11:34:42.670   507   507 I art     : VMRuntime.preloadDexCaches starting
05-06 11:34:42.687   514   514 I System  : Loaded time zone names for "zh_CN" in 30ms (28ms in ICU)
05-06 11:34:42.698   514   514 I Zygote  : ...preloaded 3831 classes in 831ms.
05-06 11:34:42.698   514   514 I art     : VMRuntime.preloadDexCaches starting
05-06 11:34:42.734   507   507 I art     : VMRuntime.preloadDexCaches strings total=267616 before=46632 after=46632
05-06 11:34:42.734   507   507 I art     : VMRuntime.preloadDexCaches types total=21791 before=7425 after=7457
05-06 11:34:42.735   507   507 I art     : VMRuntime.preloadDexCaches fields total=112321 before=36568 after=36790
05-06 11:34:42.735   507   507 I art     : VMRuntime.preloadDexCaches methods total=180369 before=73777 after=74316
05-06 11:34:42.735   507   507 I art     : VMRuntime.preloadDexCaches finished
05-06 11:34:42.764  1615  1615 D idmap   : error: no read access to /vendor/overlay: No such file or directory
05-06 11:34:42.769   514   514 I art     : VMRuntime.preloadDexCaches strings total=267616 before=46632 after=46632
05-06 11:34:42.769   514   514 I art     : VMRuntime.preloadDexCaches types total=21791 before=7425 after=7457
05-06 11:34:42.769   514   514 I art     : VMRuntime.preloadDexCaches fields total=112321 before=36568 after=36790
05-06 11:34:42.769   514   514 I art     : VMRuntime.preloadDexCaches methods total=180369 before=73777 after=74316
05-06 11:34:42.769   514   514 I art     : VMRuntime.preloadDexCaches finished
05-06 11:34:42.790  1616  1616 D idmap   : error: no read access to /vendor/overlay: No such file or directory
05-06 11:34:42.799   507   507 I Zygote  : Preloading resources...
05-06 11:34:42.799   514   514 I Zygote  : Preloading resources...
05-06 11:34:42.808   507   507 W Resources: Preloaded drawable resource #0x1080096 (android:drawable/toast_frame) that varies with configuration!!
05-06 11:34:42.808   514   514 W Resources: Preloaded drawable resource #0x1080096 (android:drawable/toast_frame) that varies with configuration!!
05-06 11:34:43.169   507   507 W Resources: Preloaded drawable resource #0x10806ef (android:drawable/text_select_handle_left_material) that varies with configuration!!
05-06 11:34:43.171   507   507 W Resources: Preloaded drawable resource #0x10806f5 (android:drawable/text_select_handle_right_material) that varies with configuration!!
05-06 11:34:43.172   507   507 I Zygote  : ...preloaded 342 resources in 373ms.
05-06 11:34:43.185   507   507 I Zygote  : ...preloaded 41 resources in 13ms.
05-06 11:34:43.187   507   507 D libEGL  : loaded /vendor/lib64/egl/libEGL_adreno.so
05-06 11:34:43.203   507   507 D libEGL  : loaded /vendor/lib64/egl/libGLESv1_CM_adreno.so
05-06 11:34:43.213   507   507 D libEGL  : loaded /vendor/lib64/egl/libGLESv2_adreno.so
05-06 11:34:43.226   507   507 I Zygote  : Preloading shared libraries...
05-06 11:34:43.233   514   514 W Resources: Preloaded drawable resource #0x10806ef (android:drawable/text_select_handle_left_material) that varies with configuration!!
05-06 11:34:43.235   514   514 W Resources: Preloaded drawable resource #0x10806f5 (android:drawable/text_select_handle_right_material) that varies with configuration!!
05-06 11:34:43.236   514   514 I Zygote  : ...preloaded 342 resources in 437ms.
05-06 11:34:43.243   507   507 D Zygote  : end preload
05-06 11:34:43.243   507   507 I art     : Starting a blocking GC Explicit
05-06 11:34:43.249   514   514 I Zygote  : ...preloaded 41 resources in 13ms.
05-06 11:34:43.252   507   507 I art     : Explicit concurrent mark sweep GC freed 3537(190KB) AllocSpace objects, 0(0B) LOS objects, 40% free, 15MB/25MB, paused 93us total 8.389ms
05-06 11:34:43.254   507   507 I art     : Starting a blocking GC Explicit
05-06 11:34:43.262   507   507 I art     : Explicit concurrent mark sweep GC freed 423(17KB) AllocSpace objects, 0(0B) LOS objects, 39% free, 15MB/25MB, paused 99us total 7.675ms
05-06 11:34:43.263   514   514 D libEGL  : loaded /vendor/lib/egl/libEGL_adreno.so
05-06 11:34:43.263   507  1604 I art     : Starting a blocking GC HeapTrim
05-06 11:34:43.266   507   507 I art     : Starting a blocking GC Background
05-06 11:34:43.303   507   507 I Zygote  : System server process 1617 has been created
05-06 11:34:43.306   507   507 I Zygote  : Accepting command socket connections
05-06 11:34:43.317   514   514 D libEGL  : loaded /vendor/lib/egl/libGLESv1_CM_adreno.so
05-06 11:34:43.327   514   514 D libEGL  : loaded /vendor/lib/egl/libGLESv2_adreno.so
05-06 11:34:43.334   567   747 E slim_daemon: [NDK] bindNDKSensors: Sensor server is unavailable.
05-06 11:34:43.346   514   514 I Zygote  : Preloading shared libraries...
05-06 11:34:43.354   514   514 D Zygote  : end preload
05-06 11:34:43.355   514   514 I art     : Starting a blocking GC Explicit
05-06 11:34:43.362   514   514 I art     : Explicit concurrent mark sweep GC freed 2132(111KB) AllocSpace objects, 1(36KB) LOS objects, 40% free, 15MB/25MB, paused 114us total 7.435ms
05-06 11:34:43.364   514   514 I art     : Starting a blocking GC Explicit
05-06 11:34:43.371   514   514 I art     : Explicit concurrent mark sweep GC freed 304(11KB) AllocSpace objects, 0(0B) LOS objects, 39% free, 15MB/25MB, paused 117us total 6.793ms
05-06 11:34:43.371   514   514 I Zygote  : Accepting command socket connections
05-06 11:34:43.377  1617  1617 I Zygote  : Process: zygote socket opened, supported ABIS: armeabi-v7a,armeabi
05-06 11:34:43.379  1617  1617 I InstallerConnection: connecting...
05-06 11:34:43.379   486   486 I installd: new connection
05-06 11:34:43.418  1628  1628 I dex2oat : Starting dex2oat.
05-06 11:34:43.419  1628  1628 E cutils-trace: Error opening trace file: No such file or directory (2)
05-06 11:34:43.501   552   828 I ServiceManager: Waiting for service sensorservice...
05-06 11:34:44.335   567   747 E slim_daemon: [NDK] bindNDKSensors: Sensor server is unavailable.
05-06 11:34:44.444   525   563 E QCALOG  : [MessageQ] ProcessNewMessage: [XTWiFi-PE] unknown deliver target [OS-Agent]
05-06 11:34:44.502   552   828 I ServiceManager: Waiting for service sensorservice...
05-06 11:34:44.530   525   563 E QCALOG  : [MessageQ] ProcessNewMessage: [XT-CS] unknown deliver target [OS-Agent]
05-06 11:34:44.531   566   786 W XTCC-5.1.0.10: [CS-RIL-LISTENER] timerCallback fired for ril update registering, re-register
05-06 11:34:44.531   525   563 E QCALOG  : [MessageQ] ProcessNewMessage: [XT-CS] unknown deliver target [OS-Agent]
05-06 11:34:44.784  1628  1631 W dex2oat : No verified method for method calling String.<init>: java.lang.String java.io.ByteArrayOutputStream.toString()
05-06 11:34:44.945  1628  1632 W dex2oat : No verified method for method calling String.<init>: java.lang.String com.android.internal.widget.LockPatternUtils.patternStringToBaseZero(java.lang.String)
05-06 11:34:44.959  1628  1632 W dex2oat : No verified method for method calling String.<init>: java.lang.String com.android.internal.widget.LockPatternUtils.patternStringToBaseZero(java.lang.String)
05-06 11:34:45.027  1628  1630 W dex2oat : No verified method for method calling String.<init>: java.lang.String com.android.internal.widget.LockPatternUtils.patternStringToBaseZero(java.lang.String)
05-06 11:34:45.336   567   747 E slim_daemon: [NDK] bindNDKSensors: Sensor server is unavailable.
05-06 11:34:45.503   552   828 I ServiceManager: Waiting for service sensorservice...
05-06 11:34:46.080  1628  1632 W dex2oat : No verified method for method calling String.<init>: java.util.List android.net.LinkProperties.getAllInterfaceNames()
05-06 11:34:46.097  1628  1632 W dex2oat : No verified method for method calling String.<init>: java.util.List android.net.LinkProperties.getAllInterfaceNames()
05-06 11:34:46.150  1628  1632 W dex2oat : No verified method for method calling String.<init>: java.util.List android.net.LinkProperties.getAllInterfaceNames()
05-06 11:34:46.337   567   747 E slim_daemon: [NDK] bindNDKSensors: Sensor server is unavailable.
05-06 11:34:47.337   567   747 E slim_daemon: [NDK] bindNDKSensors: Sensor server is unavailable.
05-06 11:34:47.505   552   828 I ServiceManager: Waiting for service sensorservice...
05-06 11:34:47.582  1628  1628 W dex2oat : Compilation of android.content.pm.PackageParser$Package com.android.server.pm.PackageManagerService.scanPackageDirtyLI(android.content.pm.PackageParser$Package, int, int, long, android.os.UserHandle) took 124.859ms
05-06 11:34:48.338   567   747 E slim_daemon: [NDK] bindNDKSensors: Sensor server is unavailable.
05-06 11:34:48.506   552   828 I ServiceManager: Waiting for service sensorservice...
05-06 11:34:48.665  1628  1628 I dex2oat : dex2oat took 5.247s (threads: 4) arena alloc=7MB java alloc=5MB native alloc=33MB free=4MB
05-06 11:34:48.745  1633  1633 I dex2oat : Starting dex2oat.
05-06 11:34:48.745  1633  1633 E cutils-trace: Error opening trace file: No such file or directory (2)
05-06 11:34:48.833  1633  1633 I dex2oat : dex2oat took 88.589ms (threads: 4) arena alloc=152KB java alloc=89KB native alloc=1748KB free=1835KB
05-06 11:34:48.876  1638  1638 I dex2oat : Starting dex2oat.
05-06 11:34:48.876  1638  1638 E cutils-trace: Error opening trace file: No such file or directory (2)
05-06 11:34:49.340   567   747 E slim_daemon: [NDK] bindNDKSensors: Sensor server is unavailable.
05-06 11:34:49.445   525   563 E QCALOG  : [MessageQ] ProcessNewMessage: [XTWiFi-PE] unknown deliver target [OS-Agent]
05-06 11:34:49.508   552   828 I ServiceManager: Waiting for service sensorservice...
05-06 11:34:49.530   525   563 E QCALOG  : [MessageQ] ProcessNewMessage: [XT-CS] unknown deliver target [OS-Agent]
05-06 11:34:49.531   566   786 W XTCC-5.1.0.10: [CS-RIL-LISTENER] timerCallback fired for ril update registering, re-register
05-06 11:34:49.532   525   563 E QCALOG  : [MessageQ] ProcessNewMessage: [XT-CS] unknown deliver target [OS-Agent]
05-06 11:34:50.295  1638  1638 W dex2oat : No verified method for method calling String.<init>: java.lang.String java.io.ByteArrayOutputStream.toString()
05-06 11:34:50.340   567   747 E slim_daemon: [NDK] bindNDKSensors: Sensor server is unavailable.
05-06 11:34:50.400  1638  1642 W dex2oat : No verified method for method calling String.<init>: java.lang.String java.io.ByteArrayOutputStream.toString()
05-06 11:34:50.510   552   828 I ServiceManager: Waiting for service sensorservice...
05-06 11:34:50.605  1638  1638 I dex2oat : dex2oat took 1.729s (threads: 4) arena alloc=2MB java alloc=2MB native alloc=11MB free=2MB
05-06 11:34:50.647  1617  1617 I InstallerConnection: disconnecting...
05-06 11:34:50.648   486   486 E installd: eof
05-06 11:34:50.648   486   486 E installd: failed to read size
05-06 11:34:50.648   486   486 I installd: closing connection
05-06 11:34:50.682  1617  1617 I SystemServer: Entered the Android system server!
05-06 11:34:50.761  1617  1617 I SystemServiceManager: Starting com.android.server.pm.Installer
05-06 11:34:50.762  1617  1617 I Installer: Waiting for installd to be ready.
05-06 11:34:50.762  1617  1617 I InstallerConnection: connecting...
05-06 11:34:50.763   486   486 I installd: new connection
05-06 11:34:50.763  1617  1617 I SystemServiceManager: Starting com.android.server.am.ActivityManagerService$Lifecycle
05-06 11:34:50.955  1617  1617 I XXXXXX  : choosing minFree values for 64 Bit
05-06 11:34:50.955  1617  1617 I XXXXXX  : choosing minFree values for 64 Bit
05-06 11:34:50.955  1617  1617 I XXXXXX  : choosing minFree values for 64 Bit
05-06 11:34:50.960  1617  1617 I XXXXXX  : choosing minFree values for 64 Bit
05-06 11:34:50.960  1617  1617 I XXXXXX  : choosing minFree values for 64 Bit
05-06 11:34:50.960  1617  1617 I XXXXXX  : choosing minFree values for 64 Bit
05-06 11:34:50.964  1617  1617 I ActivityManager: Memory class: 384
05-06 11:34:50.968  1617  1646 I ServiceThread: Enabled StrictMode logging for ActivityManager looper.
05-06 11:34:50.971  1617  1647 I ServiceThread: Enabled StrictMode logging for android.ui looper.
05-06 11:34:50.982  1617  1617 D BatteryStatsImpl: Reading daily items from /data/system/batterystats-daily.xml
05-06 11:34:50.987  1617  1617 I AppOps  : No existing app ops /data/system/appops.xml; starting empty
05-06 11:34:51.068  1617  1617 I IntentFirewall: Read new rules (A:0 B:0 S:0)
05-06 11:34:51.077  1617  1651 I ServiceThread: Enabled StrictMode logging for android.display looper.
05-06 11:34:51.084  1617  1617 D AppOps  : AppOpsService published
05-06 11:34:51.085  1617  1617 I SystemServiceManager: Starting com.android.server.power.PowerManagerService
05-06 11:34:51.086  1617  1653 I ServiceThread: Enabled StrictMode logging for PowerManagerService looper.
05-06 11:34:51.094  1617  1617 I QCOM PowerHAL: QCOM power HAL initing.
05-06 11:34:51.095  1617  1617 W libsuspend: Error writing 'on' to /sys/power/state: Invalid argument
05-06 11:34:51.095  1617  1617 I libsuspend: Selected wakeup count
05-06 11:34:51.099  1617  1617 I SystemServiceManager: Starting com.android.server.lights.LightsService
05-06 11:34:51.101  1617  1617 I SystemServiceManager: Starting com.android.server.display.DisplayManagerService
05-06 11:34:51.105  1617  1617 I SystemServiceManager: Starting phase 100
05-06 11:34:51.121  1617  1651 I DisplayManagerService: Display device added: DisplayDeviceInfo{"": uniqueId="local:0", 1080 x 1920, modeId 1, defaultModeId 1, supportedModes [{id=1, width=1080, height=1920, fps=60.000004}], colorTransformId 1, defaultColorTransformId 1, supportedColorTransforms [{id=1, colorTransform=0}], density 480, 428.625 x 427.789 dpi, appVsyncOff 0, presDeadline 17666666, touch INTERNAL, rotation 0, type BUILT_IN, state UNKNOWN, FLAG_DEFAULT_DISPLAY, FLAG_ROTATES_WITH_CONTENT, FLAG_SECURE, FLAG_SUPPORTS_PROTECTED_BUFFERS}
05-06 11:34:51.122   470   470 D SurfaceFlinger: Set power mode=2, type=0 flinger=0x7f7ae03c00
05-06 11:34:51.123   470   470 D SurfaceFlinger: Screen type=0 is already mode=2
05-06 11:34:51.124  1617  1651 I DisplayManagerService: Display device changed state: "", ON
05-06 11:34:51.124  1617  1617 I SystemServer: Package Manager
05-06 11:34:51.128  1617  1617 W SELinuxMMAC: Error opening /data/system/seapp_hash. Assuming first boot.
05-06 11:34:51.132  1617  1617 W FileUtils: Failed to chmod(/data/system/packages.list): android.system.ErrnoException: chmod failed: ENOENT (No such file or directory)
05-06 11:34:51.135  1617  1617 W SystemConfig: No directory /system/etc/sysconfig, skipping
05-06 11:34:51.204  1617  1617 D SELinuxMMAC: Using policy file /system/etc/security/mac_permissions.xml
05-06 11:34:51.208  1617  1617 E SELinuxMMAC: Duplicate policy entry: cert=308204a8308... seinfo=release
05-06 11:34:51.208  1617  1617 W SELinuxMMAC: ERROR! Duplicate entries found parsing /system/etc/security/mac_permissions.xml
05-06 11:34:51.208  1617  1617 I PackageManager: No settings file; creating initial state
05-06 11:34:51.246  1657  1657 I dex2oat : Starting dex2oat.
05-06 11:34:51.246  1657  1657 E cutils-trace: Error opening trace file: No such file or directory (2)
05-06 11:34:51.341   567   747 E slim_daemon: [NDK] bindNDKSensors: Sensor server is unavailable.
05-06 11:34:51.392  1657  1657 I dex2oat : dex2oat took 147.924ms (threads: 4) arena alloc=44KB java alloc=150KB native alloc=2MB free=2MB
05-06 11:34:51.434  1662  1662 I dex2oat : Starting dex2oat.
05-06 11:34:51.435  1662  1662 E cutils-trace: Error opening trace file: No such file or directory (2)
05-06 11:34:51.492  1662  1662 I dex2oat : dex2oat took 58.790ms (threads: 4) arena alloc=132KB java alloc=57KB native alloc=1500KB free=1571KB
05-06 11:34:51.510   552   828 I ServiceManager: Waiting for service sensorservice...
05-06 11:34:51.530  1667  1667 I dex2oat : Starting dex2oat.
05-06 11:34:51.530  1667  1667 E cutils-trace: Error opening trace file: No such file or directory (2)
05-06 11:34:51.679  1667  1667 I dex2oat : Skipping compilation of com.android.vcard.VCardEntry$PostalData com.android.vcard.VCardEntry$PostalData.constructPostalData(java.util.List, int, java.lang.String, boolean, int): it contains a non natural loop
05-06 11:34:51.712  1667  1669 W dex2oat : No verified method for method calling String.<init>: java.lang.String android.text.SpannableStringBuilder.toString()
05-06 11:34:51.951  1667  1667 I dex2oat : dex2oat took 421.825ms (threads: 4) arena alloc=4MB java alloc=532KB native alloc=7MB free=4MB
05-06 11:34:51.998  1672  1672 I dex2oat : Starting dex2oat.
05-06 11:34:51.999  1672  1672 E cutils-trace: Error opening trace file: No such file or directory (2)
05-06 11:34:52.068  1672  1672 I dex2oat : dex2oat took 70.643ms (threads: 4) arena alloc=284KB java alloc=102KB native alloc=1667KB free=1916KB
05-06 11:34:52.105  1677  1677 I dex2oat : Starting dex2oat.
05-06 11:34:52.105  1677  1677 E cutils-trace: Error opening trace file: No such file or directory (2)
05-06 11:34:52.311  1677  1677 I dex2oat : dex2oat took 207.208ms (threads: 4) arena alloc=4MB java alloc=326KB native alloc=6MB free=5MB
05-06 11:34:52.342   567   747 E slim_daemon: [NDK] bindNDKSensors: Sensor server is unavailable.
05-06 11:34:52.348  1682  1682 I dex2oat : Starting dex2oat.
05-06 11:34:52.348  1682  1682 E cutils-trace: Error opening trace file: No such file or directory (2)
05-06 11:34:52.397  1682  1682 I dex2oat : dex2oat took 49.130ms (threads: 4) arena alloc=76KB java alloc=157KB native alloc=1766KB free=1817KB
05-06 11:34:52.434  1687  1687 I dex2oat : Starting dex2oat.
05-06 11:34:52.434  1687  1687 E cutils-trace: Error opening trace file: No such file or directory (2)
05-06 11:34:52.499  1687  1687 I dex2oat : dex2oat took 65.730ms (threads: 4) arena alloc=445KB java alloc=124KB native alloc=1769KB free=1558KB
05-06 11:34:52.536  1692  1692 I dex2oat : Starting dex2oat.
05-06 11:34:52.536  1692  1692 E cutils-trace: Error opening trace file: No such file or directory (2)
05-06 11:34:52.578  1692  1692 I dex2oat : dex2oat took 42.080ms (threads: 4) arena alloc=102KB java alloc=49KB native alloc=1513KB free=1558KB
05-06 11:34:52.614  1697  1697 I dex2oat : Starting dex2oat.
05-06 11:34:52.614  1697  1697 E cutils-trace: Error opening trace file: No such file or directory (2)
05-06 11:34:52.721  1697  1697 I dex2oat : dex2oat took 107.582ms (threads: 4) arena alloc=736KB java alloc=171KB native alloc=2MB free=2MB
05-06 11:34:52.756  1702  1702 I dex2oat : Starting dex2oat.
05-06 11:34:52.756  1702  1702 E cutils-trace: Error opening trace file: No such file or directory (2)
05-06 11:34:52.791  1702  1702 I dex2oat : dex2oat took 34.925ms (threads: 4) arena alloc=61KB java alloc=51KB native alloc=1216KB free=1087KB
05-06 11:34:52.833  1707  1707 I dex2oat : Starting dex2oat.
05-06 11:34:52.833  1707  1707 E cutils-trace: Error opening trace file: No such file or directory (2)
05-06 11:34:52.966  1707  1707 I dex2oat : dex2oat took 134.056ms (threads: 4) arena alloc=3MB java alloc=144KB native alloc=4MB free=5MB
05-06 11:34:53.002  1712  1712 I dex2oat : Starting dex2oat.
05-06 11:34:53.002  1712  1712 E cutils-trace: Error opening trace file: No such file or directory (2)
05-06 11:34:53.093  1712  1712 I dex2oat : dex2oat took 91.493ms (threads: 4) arena alloc=1558KB java alloc=79KB native alloc=3MB free=3MB
05-06 11:34:53.129  1717  1717 I dex2oat : Starting dex2oat.
05-06 11:34:53.129  1717  1717 E cutils-trace: Error opening trace file: No such file or directory (2)
05-06 11:34:53.155  1717  1717 I dex2oat : dex2oat took 27.027ms (threads: 4) arena alloc=6KB java alloc=20KB native alloc=913KB free=878KB
05-06 11:34:53.200  1722  1722 I dex2oat : Starting dex2oat.
05-06 11:34:53.201  1722  1722 E cutils-trace: Error opening trace file: No such file or directory (2)
05-06 11:34:53.343   567   747 E slim_daemon: [NDK] bindNDKSensors: Sensor server is unavailable.
05-06 11:34:53.355  1722  1722 I dex2oat : dex2oat took 156.314ms (threads: 4) arena alloc=932KB java alloc=203KB native alloc=2MB free=3MB
05-06 11:34:53.394  1727  1727 I dex2oat : Starting dex2oat.
05-06 11:34:53.394  1727  1727 E cutils-trace: Error opening trace file: No such file or directory (2)
05-06 11:34:53.511   552   828 I ServiceManager: Waiting for service sensorservice...
05-06 11:34:53.569  1727  1727 I dex2oat : dex2oat took 176.008ms (threads: 4) arena alloc=230KB java alloc=248KB native alloc=2MB free=2002KB
05-06 11:34:53.614  1732  1732 I dex2oat : Starting dex2oat.
05-06 11:34:53.614  1732  1732 E cutils-trace: Error opening trace file: No such file or directory (2)
05-06 11:34:53.657  1732  1732 I dex2oat : dex2oat took 43.983ms (threads: 4) arena alloc=290KB java alloc=65KB native alloc=1656KB free=1671KB
05-06 11:34:53.662  1617  1617 E art     : DexFile_getDexOptNeeded file '/system/framework/org.apache.http.legacy.jar' does not exist
