05-04 18:28:45.079   537  1876 D mm-camera: <MCT   >< INFO> 4309: mct_pipeline_start_session_thread: E pproc
05-04 18:28:45.080   537  1876 D mm-camera: <MCT   >< INFO> 4316: mct_pipeline_start_session_thread: Calling start_session on Module pproc
05-04 18:28:45.080   537  1875 D mm-camera: <MCT   >< INFO> 4319: mct_pipeline_start_session_thread: Module stats start_session rc = 1
05-04 18:28:45.080   537  1875 D mm-camera: <MCT   >< INFO> 4327: mct_pipeline_start_session_thread: started_num = 3, success = 3
05-04 18:28:45.080   537  1873 D mm-camera: <MCT   >< INFO> 4319: mct_pipeline_start_session_thread: Module isp start_session rc = 1
05-04 18:28:45.080   537  1875 D mm-camera: <MCT   >< INFO> 4334: mct_pipeline_start_session_thread: X stats
05-04 18:28:45.080   537  1873 D mm-camera: <MCT   >< INFO> 4327: mct_pipeline_start_session_thread: started_num = 4, success = 4
05-04 18:28:45.080   537  1873 D mm-camera: <MCT   >< INFO> 4334: mct_pipeline_start_session_thread: X isp
05-04 18:28:45.085   537  1881 D mm-camera: <MCT   >< INFO> 4309: mct_pipeline_start_session_thread: E imglib
05-04 18:28:45.085   537  1881 D mm-camera: <MCT   >< INFO> 4316: mct_pipeline_start_session_thread: Calling start_session on Module imglib
05-04 18:28:45.085   537  1881 D mm-camera: <IMGLIB>< INFO> 1771: module_imglib_start_session: module_imglib_start_session:1771 ###Img_Loglevel 1, moduleMask 65535
05-04 18:28:45.085   537  1881 D mm-camera: <MCT   >< INFO> 4319: mct_pipeline_start_session_thread: Module imglib start_session rc = 1
05-04 18:28:45.085   537  1881 D mm-camera: <MCT   >< INFO> 4327: mct_pipeline_start_session_thread: started_num = 5, success = 5
05-04 18:28:45.086   537  1881 D mm-camera: <MCT   >< INFO> 4334: mct_pipeline_start_session_thread: X imglib
05-04 18:28:45.088   537  1876 D mm-camera: <MCT   >< INFO> 4319: mct_pipeline_start_session_thread: Module pproc start_session rc = 1
05-04 18:28:45.088   537  1876 D mm-camera: <MCT   >< INFO> 4327: mct_pipeline_start_session_thread: started_num = 6, success = 6
05-04 18:28:45.088   537  1876 D mm-camera: <MCT   >< INFO> 4334: mct_pipeline_start_session_thread: X pproc
05-04 18:28:45.103   537  1886 D mm-camera: <MCT   >< INFO> 4224: mct_pipeline_start_stream_internal: Adding session stream streamid= 0xf for session=2
05-04 18:28:45.104   537  1886 D mm-camera: <MCT   >< INFO> 4272: mct_pipeline_start_stream_internal: Linking session stream for session 2
05-04 18:28:45.104   537  1886 D mm-camera: <MCT   >< INFO> 463: mct_stream_start_link: Start linking Session-stream 0x2000f
05-04 18:28:45.104   537  1886 D mm-camera: <ISP   >< INFO> 822: isp_port_check_caps_reserve: port 0xf389a400 ide 2000f type 10 dim 0 0
05-04 18:28:45.104   537  1886 D mm-camera: <PPROC >< INFO> 446: pproc_port_add_modules_to_stream: stream 10 int_link = 0xf22c2c80
05-04 18:28:45.104   537  1886 D mm-camera: <PPROC >< INFO> 458: pproc_port_add_modules_to_stream: :LINK linking mods tmod and ppeiscore for identity 2000f
05-04 18:28:45.104   537  1886 D mm-camera: <PPROC >< INFO> 458: pproc_port_add_modules_to_stream: :LINK linking mods ppeiscore and c2d for identity 2000f
05-04 18:28:45.104   537  1886 D mm-camera: <PPROC >< INFO> 458: pproc_port_add_modules_to_stream: :LINK linking mods c2d and cpp for identity 2000f
05-04 18:28:45.105   537  1886 D mm-camera: <CPP   >< INFO> 2111: cpp_module_notify_add_stream: :width 0, height 0, stride 0, scanline 0, framelen 0
05-04 18:28:45.105   537  1886 E mm-camera: <CPP   ><ERROR> 2207: cpp_module_notify_add_stream: failed, CPP current version can not support rotation
05-04 18:28:45.105   537  1886 D mm-camera: <CPP   >< INFO> 2273: cpp_module_notify_add_stream: : stream 10, fmt 1, asf_mode 0, sharpness_level 0.000000,asf mask 0, denoise 0, denoise_mask 0, dsdn mask 0,dsdn enable 0, tnr mask 0, tnr enable 0, ds_mask 0
05-04 18:28:45.105   537  1886 D mm-camera: <PPROC >< INFO> 458: pproc_port_add_modules_to_stream: :LINK linking mods cpp and paaf for identity 2000f
05-04 18:28:45.105   537  1886 D mm-camera: <PPROC >< INFO> 458: pproc_port_add_modules_to_stream: :LINK linking mods paaf and llvd for identity 2000f
05-04 18:28:45.106   537  1886 D mm-camera: <MCT   >< INFO> 4281: mct_pipeline_start_stream_internal: Session stream linked successfully session 2
05-04 18:28:45.163   537  1871 E mm-camera: <SENSOR><ERROR> sony_imx298_eeprom_get_raw_data: 288: Enter
05-04 18:28:45.163   537  1871 E mm-camera: <SENSOR><ERROR> sony_imx298_eeprom_get_raw_data: 295: Exit
05-04 18:28:45.174  1814  1814 I System  : Loaded time zone names for "" in 25ms (24ms in ICU)
05-04 18:28:45.176   502   679 I ThermalEngine: ACTION: CLUSTER - Setting CLUSTER[1] to voltage 890 freq = 1804800
05-04 18:28:45.176   502   679 I ThermalEngine: Mitigation:CLUSTER[1]: 890 mV freq = 1804800 kHz
05-04 18:28:45.178   502   679 I ThermalEngine: handle_thresh_sig: SS Id SKIN-SS-GOLD-AND-SILVER, Read xo_therm_buf 42000mC
05-04 18:28:45.188   537  1871 E mm-camera: <SENSOR><ERROR> sony_imx298_autofocus_calibration: 350: Enter
05-04 18:28:45.188   537  1871 E mm-camera: <SENSOR><ERROR> sony_imx298_autofocus_calibration: 391: adjusted code_per_step: 115, qvalue: 128
05-04 18:28:45.191   537  1888 E mm-camera: <SENSOR><ERROR> 2847: sensor_get_cur_chromatix_name_for_type: chromatix for res_idx = 0 special_mode_mask = 0     module = 4 chromatix_type = 0 is NULL
05-04 18:28:45.191  1814  1814 I System  : Loaded time zone names for "en_US" in 17ms (16ms in ICU)
05-04 18:28:45.192   537  1888 D mm-camera: <IMGLIB>< INFO> 2059: module_faceproc_query_mod: Caps ROI 10 scene_mode_cnt 1 HW analysis supported 1
05-04 18:28:45.192   537  1888 D mm-camera: <MCT   >< INFO> 1587: mct_pipeline_append_fps_entry:  Added hal_table[0]: (15.000000, 24.000000)
05-04 18:28:45.192   537  1888 D mm-camera: <MCT   >< INFO> 1600: mct_pipeline_append_fps_entry:  Added hal_table[1]: (24.000000, 24.000000)
05-04 18:28:45.192   537  1888 D mm-camera: <MCT   >< INFO> 1587: mct_pipeline_append_fps_entry:  Added hal_table[2]: (15.000000, 25.000000)
05-04 18:28:45.192   537  1888 D mm-camera: <MCT   >< INFO> 1600: mct_pipeline_append_fps_entry:  Added hal_table[3]: (25.000000, 25.000000)
05-04 18:28:45.192   537  1888 D mm-camera: <MCT   >< INFO> 1587: mct_pipeline_append_fps_entry:  Added hal_table[4]: (8.000000, 30.000000)
05-04 18:28:45.192   537  1888 D mm-camera: <MCT   >< INFO> 1600: mct_pipeline_append_fps_entry:  Added hal_table[5]: (30.000000, 30.000000)
05-04 18:28:45.192   537  1888 D mm-camera: <MCT   >< INFO> 1587: mct_pipeline_append_fps_entry:  Added hal_table[6]: (15.000000, 30.000000)
05-04 18:28:45.192   537  1888 D mm-camera: <MCT   >< INFO> 2735: mct_pipeline_fill_dimensions_snapshot: Cam 0: FPS range selection complete. Publishing 7 ranges.
05-04 18:28:45.195   537   537 D mm-camera: <MCT   >< INFO> 189: mct_controller_destroy: Initiating destroy sequence for session = 2
05-04 18:28:45.196   537   537 D mm-camera: <MCT   >< INFO> 207: mct_controller_destroy: serv_thread closed
05-04 18:28:45.197   537   537 D mm-camera: <MCT   >< INFO> 222: mct_controller_destroy: bus_handler thread closed
05-04 18:28:45.197   537   537 D mm-camera: <MCT   >< INFO> 4393: mct_pipeline_stop_session: Initiating stop_session on session 2
05-04 18:28:45.198   537   537 D mm-camera: <MCT   >< INFO> 3389: mct_pipeline_process_set: command=800000b
05-04 18:28:45.198   537   537 D mm-camera: <MCT   >< INFO> 3607: mct_pipeline_process_set: Issuing DEL_STREAM on stream 0x2000f and stream type=10
05-04 18:28:45.198   537   537 D mm-camera: <IFACE >< INFO> 666: iface_unreserve_sink_port: stream_id f mode 0 
05-04 18:28:45.198   537   537 D mm-camera: <ISP   >< INFO> 911: isp_port_check_caps_unreserve: ide 2000f port 0xf389a400
05-04 18:28:45.201   537   537 D mm-camera: <MCT   >< INFO> 3618: mct_pipeline_process_set: Stream 0x2000f and stream type=10, successfully deleted
05-04 18:28:45.202   537  1907 D mm-camera: <MCT   >< INFO> 4114: mct_pipeline_stop_session_thread: Stop module name: sensor - E
05-04 18:28:45.204   537  1908 D mm-camera: <MCT   >< INFO> 4114: mct_pipeline_stop_session_thread: Stop module name: iface - E
05-04 18:28:45.205   537  1909 D mm-camera: <MCT   >< INFO> 4114: mct_pipeline_stop_session_thread: Stop module name: isp - E
05-04 18:28:45.205   537  1909 D mm-camera: <ISP   >< INFO> 476: isp_module_stop_session: session id 2
05-04 18:28:45.205   537  1908 D mm-camera: <MCT   >< INFO> 4122: mct_pipeline_stop_session_thread: Stop module name: iface - X
05-04 18:28:45.205   537  1910 D mm-camera: <MCT   >< INFO> 4114: mct_pipeline_stop_session_thread: Stop module name: stats - E
05-04 18:28:45.207   537  1911 D mm-camera: <MCT   >< INFO> 4114: mct_pipeline_stop_session_thread: Stop module name: pproc - E
05-04 18:28:45.212  1814  1814 I System  : Loaded time zone names for "zh_CN" in 20ms (19ms in ICU)
05-04 18:28:45.212   537  1913 D mm-camera: <MCT   >< INFO> 4114: mct_pipeline_stop_session_thread: Stop module name: imglib - E
05-04 18:28:45.212   537   537 D mm-camera: <MCT   >< INFO> 4446: mct_pipeline_stop_session: Modules left: 5
05-04 18:28:45.214   537  1909 D mm-camera: <MCT   >< INFO> 4122: mct_pipeline_stop_session_thread: Stop module name: isp - X
05-04 18:28:45.214   537   537 D mm-camera: <MCT   >< INFO> 4446: mct_pipeline_stop_session: Modules left: 4
05-04 18:28:45.215   537  1913 D mm-camera: <MCT   >< INFO> 4122: mct_pipeline_stop_session_thread: Stop module name: imglib - X
05-04 18:28:45.216   537   537 D mm-camera: <MCT   >< INFO> 4446: mct_pipeline_stop_session: Modules left: 3
05-04 18:28:45.218   537  1911 D mm-camera: <MCT   >< INFO> 4122: mct_pipeline_stop_session_thread: Stop module name: pproc - X
05-04 18:28:45.218   537   537 D mm-camera: <MCT   >< INFO> 4446: mct_pipeline_stop_session: Modules left: 2
05-04 18:28:45.219   537  1910 D mm-camera: <MCT   >< INFO> 4122: mct_pipeline_stop_session_thread: Stop module name: stats - X
05-04 18:28:45.220   537   537 D mm-camera: <MCT   >< INFO> 4446: mct_pipeline_stop_session: Modules left: 1
05-04 18:28:45.221  1814  1814 I Zygote  : ...preloaded 3831 classes in 355ms.
05-04 18:28:45.221  1814  1814 I art     : VMRuntime.preloadDexCaches starting
05-04 18:28:45.275  1814  1814 I art     : VMRuntime.preloadDexCaches strings total=267616 before=46632 after=46632
05-04 18:28:45.276  1814  1814 I art     : VMRuntime.preloadDexCaches types total=21791 before=7425 after=7457
05-04 18:28:45.276  1814  1814 I art     : VMRuntime.preloadDexCaches fields total=112321 before=36568 after=36790
05-04 18:28:45.276  1814  1814 I art     : VMRuntime.preloadDexCaches methods total=180369 before=73777 after=74316
05-04 18:28:45.276  1814  1814 I art     : VMRuntime.preloadDexCaches finished
05-04 18:28:45.294  1920  1920 D idmap   : error: no read access to /vendor/overlay: No such file or directory
05-04 18:28:45.300  1814  1814 I Zygote  : Preloading resources...
05-04 18:28:45.302  1814  1814 W Resources: Preloaded drawable resource #0x1080096 (android:drawable/toast_frame) that varies with configuration!!
05-04 18:28:45.461   537  1907 D mm-camera: <MCT   >< INFO> 4122: mct_pipeline_stop_session_thread: Stop module name: sensor - X
05-04 18:28:45.462   537   537 D mm-camera: <MCT   >< INFO> 4446: mct_pipeline_stop_session: Modules left: 0
05-04 18:28:45.462   537   537 D mm-camera: <MCT   >< INFO> 4455: mct_pipeline_stop_session: Stopped session 2 successfully
05-04 18:28:45.462   537   537 D mm-camera: <MCT   >< INFO> 4742: mct_pipeline_destroy: E: session:2
05-04 18:28:45.462   537   537 D mm-camera: <MCT   >< INFO> 4808: mct_pipeline_destroy: X: Pipeline destroyed successfully session =2
05-04 18:28:45.462   537   537 D mm-camera: <MCT   >< INFO> 246: mct_controller_destroy: X Successfully closed mct_controller session 2
05-04 18:28:45.463  1813  1813 I QCamera : <HAL><INFO> static int qcamera::QCamera3HardwareInterface::getCamInfo(uint32_t, camera_info*): 7935: camera 0 resource cost is 100
05-04 18:28:45.463  1813  1813 I QCamera : <HAL><INFO> int qcamera::QCamera2Factory::getCameraInfo(int, camera_info*): 346: Camera id 1 API version 256
05-04 18:28:45.464   537   537 D mm-camera: < INFO> 395: void enable_memleak_trace(int): start memleak tracking.
05-04 18:28:45.470   537   537 D mm-camera: <MCT   >< INFO> 63: mct_controller_new: Creating new mct_controller with session-id 3
05-04 18:28:45.471   537  1942 D mm-camera: <MCT   >< INFO> 4309: mct_pipeline_start_session_thread: E sensor
05-04 18:28:45.471   537  1942 D mm-camera: <MCT   >< INFO> 4316: mct_pipeline_start_session_thread: Calling start_session on Module sensor
05-04 18:28:45.471   537  1943 D mm-camera: <MCT   >< INFO> 4309: mct_pipeline_start_session_thread: E iface
05-04 18:28:45.471   537  1943 D mm-camera: <MCT   >< INFO> 4316: mct_pipeline_start_session_thread: Calling start_session on Module iface
05-04 18:28:45.472   537  1945 D mm-camera: <MCT   >< INFO> 4309: mct_pipeline_start_session_thread: E isp
05-04 18:28:45.472   537  1945 D mm-camera: <MCT   >< INFO> 4316: mct_pipeline_start_session_thread: Calling start_session on Module isp
05-04 18:28:45.472   537  1945 D mm-camera: <ISP   >< INFO> 190: isp_module_start_session: session id 3
05-04 18:28:45.473   537  1947 D mm-camera: <MCT   >< INFO> 4309: mct_pipeline_start_session_thread: E stats
05-04 18:28:45.473   537  1947 D mm-camera: <MCT   >< INFO> 4316: mct_pipeline_start_session_thread: Calling start_session on Module stats
05-04 18:28:45.479   537  1948 D mm-camera: <MCT   >< INFO> 4309: mct_pipeline_start_session_thread: E pproc
05-04 18:28:45.479   537  1948 D mm-camera: <MCT   >< INFO> 4316: mct_pipeline_start_session_thread: Calling start_session on Module pproc
05-04 18:28:45.480   537  1943 D mm-camera: <MCT   >< INFO> 4319: mct_pipeline_start_session_thread: Module iface start_session rc = 1
05-04 18:28:45.480   537  1943 D mm-camera: <MCT   >< INFO> 4327: mct_pipeline_start_session_thread: started_num = 1, success = 1
05-04 18:28:45.480   537  1943 D mm-camera: <MCT   >< INFO> 4334: mct_pipeline_start_session_thread: X iface
05-04 18:28:45.482   537  1950 D mm-camera: <MCT   >< INFO> 4309: mct_pipeline_start_session_thread: E imglib
05-04 18:28:45.482   537  1950 D mm-camera: <MCT   >< INFO> 4316: mct_pipeline_start_session_thread: Calling start_session on Module imglib
05-04 18:28:45.482   537  1950 D mm-camera: <IMGLIB>< INFO> 1771: module_imglib_start_session: module_imglib_start_session:1771 ###Img_Loglevel 1, moduleMask 65535
05-04 18:28:45.483   537  1947 D mm-camera: <STATS_AIS >< INFO> 338: gyro_port_use_dsps_iface: Use DSPS interface as it supports
05-04 18:28:45.483   537  1950 D mm-camera: <MCT   >< INFO> 4319: mct_pipeline_start_session_thread: Module imglib start_session rc = 1
05-04 18:28:45.484   537  1950 D mm-camera: <MCT   >< INFO> 4327: mct_pipeline_start_session_thread: started_num = 2, success = 2
05-04 18:28:45.485   537  1950 D mm-camera: <MCT   >< INFO> 4334: mct_pipeline_start_session_thread: X imglib
05-04 18:28:45.489   537  1947 D mm-camera: <MCT   >< INFO> 4319: mct_pipeline_start_session_thread: Module stats start_session rc = 1
05-04 18:28:45.490   537  1947 D mm-camera: <MCT   >< INFO> 4327: mct_pipeline_start_session_thread: started_num = 3, success = 3
05-04 18:28:45.490   537  1947 D mm-camera: <MCT   >< INFO> 4334: mct_pipeline_start_session_thread: X stats
05-04 18:28:45.492   537  1948 D mm-camera: <MCT   >< INFO> 4319: mct_pipeline_start_session_thread: Module pproc start_session rc = 1
05-04 18:28:45.493   537  1948 D mm-camera: <MCT   >< INFO> 4327: mct_pipeline_start_session_thread: started_num = 4, success = 4
05-04 18:28:45.493   537  1948 D mm-camera: <MCT   >< INFO> 4334: mct_pipeline_start_session_thread: X pproc
05-04 18:28:45.494   537  1945 D mm-camera: <MCT   >< INFO> 4319: mct_pipeline_start_session_thread: Module isp start_session rc = 1
05-04 18:28:45.494   537  1945 D mm-camera: <MCT   >< INFO> 4327: mct_pipeline_start_session_thread: started_num = 5, success = 5
05-04 18:28:45.494   537  1945 D mm-camera: <MCT   >< INFO> 4334: mct_pipeline_start_session_thread: X isp
05-04 18:28:45.494   537  1942 D mm-camera: <MCT   >< INFO> 4319: mct_pipeline_start_session_thread: Module sensor start_session rc = 1
05-04 18:28:45.495   537  1942 D mm-camera: <MCT   >< INFO> 4327: mct_pipeline_start_session_thread: started_num = 6, success = 6
05-04 18:28:45.495   537  1942 D mm-camera: <MCT   >< INFO> 4334: mct_pipeline_start_session_thread: X sensor
05-04 18:28:45.502   609   758 E slim_daemon: [NDK] bindNDKSensors: Sensor server is unavailable.
05-04 18:28:45.505   537  1960 D mm-camera: <MCT   >< INFO> 4224: mct_pipeline_start_stream_internal: Adding session stream streamid= 0xf for session=3
05-04 18:28:45.506   537  1960 D mm-camera: <MCT   >< INFO> 4272: mct_pipeline_start_stream_internal: Linking session stream for session 3
05-04 18:28:45.506   537  1960 D mm-camera: <MCT   >< INFO> 463: mct_stream_start_link: Start linking Session-stream 0x3000f
05-04 18:28:45.506   537  1960 E mm-camera: <SENSOR><ERROR> 86: port_sensor_caps_reserve: session id doesn't match: 3 : 2
05-04 18:28:45.507   537  1960 E mm-camera: <SENSOR><ERROR> 86: port_sensor_caps_reserve: session id doesn't match: 3 : 2
05-04 18:28:45.507   537  1960 D mm-camera: <IFACE >< INFO> 333: iface_util_find_primary_cid: iface_util_find_primary_cid:333 error cannot find primary sensor format cids 1
05-04 18:28:45.507   537  1960 D mm-camera: <ISP   >< INFO> 822: isp_port_check_caps_reserve: port 0xf389a400 ide 3000f type 10 dim 0 0
05-04 18:28:45.507   537  1960 D mm-camera: <PPROC >< INFO> 446: pproc_port_add_modules_to_stream: stream 10 int_link = 0xf22c2c80
05-04 18:28:45.507   537  1960 D mm-camera: <PPROC >< INFO> 458: pproc_port_add_modules_to_stream: :LINK linking mods tmod and ppeiscore for identity 3000f
05-04 18:28:45.508   537  1960 D mm-camera: <PPROC >< INFO> 458: pproc_port_add_modules_to_stream: :LINK linking mods ppeiscore and c2d for identity 3000f
05-04 18:28:45.508   537  1960 D mm-camera: <PPROC >< INFO> 458: pproc_port_add_modules_to_stream: :LINK linking mods c2d and cpp for identity 3000f
05-04 18:28:45.508   537  1960 D mm-camera: <CPP   >< INFO> 2111: cpp_module_notify_add_stream: :width 0, height 0, stride 0, scanline 0, framelen 0
05-04 18:28:45.508   537  1960 E mm-camera: <CPP   ><ERROR> 2207: cpp_module_notify_add_stream: failed, CPP current version can not support rotation
05-04 18:28:45.508   537  1960 D mm-camera: <CPP   >< INFO> 2273: cpp_module_notify_add_stream: : stream 10, fmt 1, asf_mode 0, sharpness_level 0.000000,asf mask 0, denoise 0, denoise_mask 0, dsdn mask 0,dsdn enable 0, tnr mask 0, tnr enable 0, ds_mask 0
05-04 18:28:45.508   537  1960 D mm-camera: <PPROC >< INFO> 458: pproc_port_add_modules_to_stream: :LINK linking mods cpp and paaf for identity 3000f
05-04 18:28:45.508   537  1960 D mm-camera: <PPROC >< INFO> 458: pproc_port_add_modules_to_stream: :LINK linking mods paaf and llvd for identity 3000f
05-04 18:28:45.510   537  1960 D mm-camera: <MCT   >< INFO> 4281: mct_pipeline_start_stream_internal: Session stream linked successfully session 3
05-04 18:28:45.511   537  1961 E mm-camera: <SENSOR><ERROR> 2847: sensor_get_cur_chromatix_name_for_type: chromatix for res_idx = 0 special_mode_mask = 0     module = 4 chromatix_type = 0 is NULL
05-04 18:28:45.511   537  1961 D mm-camera: <IMGLIB>< INFO> 2059: module_faceproc_query_mod: Caps ROI 10 scene_mode_cnt 1 HW analysis supported 1
05-04 18:28:45.511   537  1961 D mm-camera: <MCT   >< INFO> 1587: mct_pipeline_append_fps_entry:  Added hal_table[0]: (7.000000, 30.000000)
05-04 18:28:45.512   537  1961 D mm-camera: <MCT   >< INFO> 1600: mct_pipeline_append_fps_entry:  Added hal_table[1]: (30.000000, 30.000000)
05-04 18:28:45.512   537  1961 D mm-camera: <MCT   >< INFO> 1587: mct_pipeline_append_fps_entry:  Added hal_table[2]: (8.000000, 30.000000)
05-04 18:28:45.512   537  1961 D mm-camera: <MCT   >< INFO> 2735: mct_pipeline_fill_dimensions_snapshot: Cam 1: FPS range selection complete. Publishing 3 ranges.
05-04 18:28:45.516   537   537 D mm-camera: <MCT   >< INFO> 189: mct_controller_destroy: Initiating destroy sequence for session = 3
05-04 18:28:45.516   537   537 D mm-camera: <MCT   >< INFO> 207: mct_controller_destroy: serv_thread closed
05-04 18:28:45.518   537   537 D mm-camera: <MCT   >< INFO> 222: mct_controller_destroy: bus_handler thread closed
05-04 18:28:45.518   537   537 D mm-camera: <MCT   >< INFO> 4393: mct_pipeline_stop_session: Initiating stop_session on session 3
05-04 18:28:45.518   537   537 D mm-camera: <MCT   >< INFO> 3389: mct_pipeline_process_set: command=800000b
05-04 18:28:45.518   537   537 D mm-camera: <MCT   >< INFO> 3607: mct_pipeline_process_set: Issuing DEL_STREAM on stream 0x3000f and stream type=10
05-04 18:28:45.518   537   537 D mm-camera: <IFACE >< INFO> 666: iface_unreserve_sink_port: stream_id f mode 0 
05-04 18:28:45.518   537   537 D mm-camera: <ISP   >< INFO> 911: isp_port_check_caps_unreserve: ide 3000f port 0xf389a400
05-04 18:28:45.521   537   537 D mm-camera: <MCT   >< INFO> 3618: mct_pipeline_process_set: Stream 0x3000f and stream type=10, successfully deleted
05-04 18:28:45.521   537  1971 D mm-camera: <MCT   >< INFO> 4114: mct_pipeline_stop_session_thread: Stop module name: sensor - E
05-04 18:28:45.522   537  1972 D mm-camera: <MCT   >< INFO> 4114: mct_pipeline_stop_session_thread: Stop module name: iface - E
05-04 18:28:45.524   537  1972 D mm-camera: <MCT   >< INFO> 4122: mct_pipeline_stop_session_thread: Stop module name: iface - X
05-04 18:28:45.523   537  1973 D mm-camera: <MCT   >< INFO> 4114: mct_pipeline_stop_session_thread: Stop module name: isp - E
05-04 18:28:45.524   537  1973 D mm-camera: <ISP   >< INFO> 476: isp_module_stop_session: session id 3
05-04 18:28:45.526   537  1973 D mm-camera: <MCT   >< INFO> 4122: mct_pipeline_stop_session_thread: Stop module name: isp - X
05-04 18:28:45.530   537  1971 D mm-camera: <MCT   >< INFO> 4122: mct_pipeline_stop_session_thread: Stop module name: sensor - X
05-04 18:28:45.531   537  1974 D mm-camera: <MCT   >< INFO> 4114: mct_pipeline_stop_session_thread: Stop module name: stats - E
05-04 18:28:45.532   537  1976 D mm-camera: <MCT   >< INFO> 4114: mct_pipeline_stop_session_thread: Stop module name: pproc - E
05-04 18:28:45.535   537   537 D mm-camera: <MCT   >< INFO> 4446: mct_pipeline_stop_session: Modules left: 5
05-04 18:28:45.535   537   537 D mm-camera: <MCT   >< INFO> 4446: mct_pipeline_stop_session: Modules left: 4
05-04 18:28:45.535   537   537 D mm-camera: <MCT   >< INFO> 4446: mct_pipeline_stop_session: Modules left: 3
05-04 18:28:45.535   537  1977 D mm-camera: <MCT   >< INFO> 4114: mct_pipeline_stop_session_thread: Stop module name: imglib - E
05-04 18:28:45.537   537  1974 D mm-camera: <MCT   >< INFO> 4122: mct_pipeline_stop_session_thread: Stop module name: stats - X
05-04 18:28:45.538   537   537 D mm-camera: <MCT   >< INFO> 4446: mct_pipeline_stop_session: Modules left: 2
05-04 18:28:45.538   537  1977 D mm-camera: <MCT   >< INFO> 4122: mct_pipeline_stop_session_thread: Stop module name: imglib - X
05-04 18:28:45.538   537   537 D mm-camera: <MCT   >< INFO> 4446: mct_pipeline_stop_session: Modules left: 1
05-04 18:28:45.539   537  1976 D mm-camera: <MCT   >< INFO> 4122: mct_pipeline_stop_session_thread: Stop module name: pproc - X
05-04 18:28:45.539   537   537 D mm-camera: <MCT   >< INFO> 4446: mct_pipeline_stop_session: Modules left: 0
05-04 18:28:45.540   537   537 D mm-camera: <MCT   >< INFO> 4455: mct_pipeline_stop_session: Stopped session 3 successfully
05-04 18:28:45.540   537   537 D mm-camera: <MCT   >< INFO> 4742: mct_pipeline_destroy: E: session:3
05-04 18:28:45.540   537   537 D mm-camera: <MCT   >< INFO> 4808: mct_pipeline_destroy: X: Pipeline destroyed successfully session =3
05-04 18:28:45.540   537   537 D mm-camera: <MCT   >< INFO> 246: mct_controller_destroy: X Successfully closed mct_controller session 3
05-04 18:28:45.541  1813  1813 I QCamera : <HAL><INFO> static int qcamera::QCamera3HardwareInterface::getCamInfo(uint32_t, camera_info*): 7935: camera 1 resource cost is 100
05-04 18:28:45.541  1813  1813 I QCamera : <HAL><INFO> int qcamera::QCamera2Factory::getCameraInfo(int, camera_info*): 346: Camera id 0 API version 256
05-04 18:28:45.541  1813  1813 I QCamera : <HAL><INFO> static int qcamera::QCamera3HardwareInterface::getCamInfo(uint32_t, camera_info*): 7935: camera 0 resource cost is 100
05-04 18:28:45.541  1813  1813 I QCamera : <HAL><INFO> int qcamera::QCamera2Factory::getCameraInfo(int, camera_info*): 346: Camera id 1 API version 256
05-04 18:28:45.541  1813  1813 I QCamera : <HAL><INFO> static int qcamera::QCamera3HardwareInterface::getCamInfo(uint32_t, camera_info*): 7935: camera 1 resource cost is 100
05-04 18:28:45.542  1813  1813 I ServiceManager: Waiting for service media.camera.proxy...
05-04 18:28:45.594  1814  1814 W Resources: Preloaded drawable resource #0x10806ef (android:drawable/text_select_handle_left_material) that varies with configuration!!
05-04 18:28:45.596  1814  1814 W Resources: Preloaded drawable resource #0x10806f5 (android:drawable/text_select_handle_right_material) that varies with configuration!!
05-04 18:28:45.596  1814  1814 I Zygote  : ...preloaded 342 resources in 297ms.
05-04 18:28:45.605  1814  1814 I Zygote  : ...preloaded 41 resources in 9ms.
05-04 18:28:45.607  1814  1814 D libEGL  : loaded /vendor/lib64/egl/libEGL_adreno.so
05-04 18:28:45.620  1814  1814 D libEGL  : loaded /vendor/lib64/egl/libGLESv1_CM_adreno.so
05-04 18:28:45.628  1814  1814 D libEGL  : loaded /vendor/lib64/egl/libGLESv2_adreno.so
05-04 18:28:45.638  1814  1814 I Zygote  : Preloading shared libraries...
05-04 18:28:45.643  1814  1814 D Zygote  : end preload
05-04 18:28:45.643  1814  1814 I art     : Starting a blocking GC Explicit
05-04 18:28:45.649  1814  1814 I art     : Explicit concurrent mark sweep GC freed 1039(50KB) AllocSpace objects, 1(36KB) LOS objects, 39% free, 15MB/25MB, paused 93us total 5.929ms
05-04 18:28:45.650  1814  1814 I art     : Starting a blocking GC Explicit
05-04 18:28:45.658  1814  1814 I art     : Explicit concurrent mark sweep GC freed 194(6KB) AllocSpace objects, 0(0B) LOS objects, 40% free, 15MB/25MB, paused 100us total 7.875ms
05-04 18:28:45.659  1814  1848 I art     : Starting a blocking GC HeapTrim
05-04 18:28:45.662  1814  1814 I art     : Starting a blocking GC Background
05-04 18:28:45.697  1814  1814 I Zygote  : System server process 1997 has been created
05-04 18:28:45.700  1814  1814 I Zygote  : Accepting command socket connections
05-04 18:28:45.718  1997  1997 I Zygote  : Process: zygote socket opened, supported ABIS: armeabi-v7a,armeabi
05-04 18:28:45.718  1997  1997 I InstallerConnection: connecting...
05-04 18:28:45.720   489   489 I installd: new connection
05-04 18:28:45.722  1997  1997 I InstallerConnection: disconnecting...
05-04 18:28:45.723   489   489 E installd: eof
05-04 18:28:45.723   489   489 E installd: failed to read size
05-04 18:28:45.723   489   489 I installd: closing connection
05-04 18:28:45.729  1997  1997 D AndroidRuntime: Shutting down VM
05-04 18:28:45.730  1997  1997 E AndroidRuntime: *** FATAL EXCEPTION IN SYSTEM PROCESS: main
05-04 18:28:45.730  1997  1997 E AndroidRuntime: java.lang.VerifyError: Rejecting class com.android.server.SystemServer because it failed compile-time verification (declaration of 'com.android.server.SystemServer' appears in /system/framework/services.jar)
05-04 18:28:45.730  1997  1997 E AndroidRuntime: 	at java.lang.Class.classForName(Native Method)
05-04 18:28:45.730  1997  1997 E AndroidRuntime: 	at java.lang.Class.forName(Class.java:324)
05-04 18:28:45.730  1997  1997 E AndroidRuntime: 	at com.android.internal.os.RuntimeInit.invokeStaticMain(RuntimeInit.java:203)
05-04 18:28:45.730  1997  1997 E AndroidRuntime: 	at com.android.internal.os.RuntimeInit.applicationInit(RuntimeInit.java:326)
05-04 18:28:45.730  1997  1997 E AndroidRuntime: 	at com.android.internal.os.RuntimeInit.zygoteInit(RuntimeInit.java:278)
05-04 18:28:45.730  1997  1997 E AndroidRuntime: 	at com.android.internal.os.ZygoteInit.handleSystemServerProcess(ZygoteInit.java:458)
05-04 18:28:45.730  1997  1997 E AndroidRuntime: 	at com.android.internal.os.ZygoteInit.startSystemServer(ZygoteInit.java:545)
05-04 18:28:45.730  1997  1997 E AndroidRuntime: 	at com.android.internal.os.ZygoteInit.main(ZygoteInit.java:608)
05-04 18:28:45.733  1997  1997 E AndroidRuntime: Error reporting crash
05-04 18:28:45.733  1997  1997 E AndroidRuntime: java.lang.NullPointerException: Attempt to invoke interface method 'void android.app.IActivityManager.handleApplicationCrash(android.os.IBinder, android.app.ApplicationErrorReport$CrashInfo)' on a null object reference
05-04 18:28:45.733  1997  1997 E AndroidRuntime: 	at com.android.internal.os.RuntimeInit$UncaughtHandler.uncaughtException(RuntimeInit.java:90)
05-04 18:28:45.733  1997  1997 E AndroidRuntime: 	at java.lang.ThreadGroup.uncaughtException(ThreadGroup.java:693)
05-04 18:28:45.733  1997  1997 E AndroidRuntime: 	at java.lang.ThreadGroup.uncaughtException(ThreadGroup.java:690)
05-04 18:28:45.733  1997  1997 I Process : Sending signal. PID: 1997 SIG: 9
05-04 18:28:45.741  1814  1814 E Zygote  : Exit zygote because system server (1997) has terminated
05-04 18:28:45.762   470   470 I ServiceManager: service 'DisplayFeatureControl' died
05-04 18:28:45.762   470   470 I ServiceManager: service 'media.audio_flinger' died
05-04 18:28:45.762   470   470 I ServiceManager: service 'media.player' died
05-04 18:28:45.762   470   470 I ServiceManager: service 'media.resource_manager' died
05-04 18:28:46.503   609   758 E slim_daemon: [NDK] bindNDKSensors: Sensor server is unavailable.
05-04 18:28:47.505   609   758 E slim_daemon: [NDK] bindNDKSensors: Sensor server is unavailable.
05-04 18:28:48.346   529   613 E QMI_FW  : QMUXD: WARNING qmi_qmux_if_pwr_up_init failed! rc=-1
05-04 18:28:48.349   529   613 E QMI_FW  : QMUXD: WARNING qmi_qmux_if_pwr_up_init failed! rc=-1
05-04 18:28:48.353   529   613 E QMI_FW  : QMUXD: WARNING qmi_qmux_if_pwr_up_init failed! rc=-1
05-04 18:28:48.508   609   758 E slim_daemon: [NDK] bindNDKSensors: Sensor server is unavailable.
05-04 18:28:48.822  2021  2021 D DisplayFeatureService: supported id: 1
05-04 18:28:48.822  2021  2021 D DisplayFeatureService: supported id: 2
05-04 18:28:48.822  2021  2021 D DisplayFeatureService: supported id: 3
05-04 18:28:48.822  2021  2021 D DisplayFeatureService: supported id: 4
05-04 18:28:48.822  2021  2021 D DisplayFeatureService: supported id: 5
05-04 18:28:48.822  2021  2021 D DisplayFeatureService: supported id: 6
05-04 18:28:48.823  2021  2021 I displayfeature: ServiceManager: 0x7fad7210c0
05-04 18:28:48.829  2021  2021 I DisplayFeatureService: add DisplayFeatureControl into ServiceManager
05-04 18:28:48.835  2018  2018 I Netd    : Netd 1.0 starting
05-04 18:28:48.836  2018  2018 D QtiConnectivityAdapter: Successfully loaded libconnectivitycontroller
05-04 18:28:48.836  2018  2018 D         : initConnectivityController cons 
05-04 18:28:48.836  2018  2018 D ConnectivityController: QtiTetherCommand cons done
05-04 18:28:48.836  2018  2018 I libconnctrl: Creating a NetlinkRelay
05-04 18:28:48.836  2018  2018 I libconnctrl: NetlinkRelay constructor
05-04 18:28:48.836  2018  2018 D TetherController: Setting IP forward enable = 0
05-04 18:28:48.841  2018  2018 E         : Failed to open libdatactrl, some features may not be present.
05-04 18:28:49.059  2019  2019 V MediaUtils: physMem: 2846552064
05-04 18:28:49.060  2019  2019 V MediaUtils: requested limit: 1850258800
05-04 18:28:49.060  2019  2019 V MediaUtils: actual limit: 1850258800
05-04 18:28:49.060  2019  2019 V MediaUtils: original limits: 4294967295/4294967295
05-04 18:28:49.060  2019  2019 V MediaUtils: new limits: 1850258800/4294967295
05-04 18:28:49.061  2019  2019 I mediaserver: ServiceManager: 0xf680e120
05-04 18:28:49.063  2019  2019 I AudioFlinger: Using 300 mSec as standby time.
05-04 18:28:49.064  2019  2019 E BatteryNotifier: batterystats service unavailable!
05-04 18:28:49.065  2019  2019 E BatteryNotifier: batterystats service unavailable!
05-04 18:28:49.065  2019  2019 I CameraService: CameraService started (pid=2019)
05-04 18:28:49.066  2019  2019 I CameraService: CameraService process starting
05-04 18:28:49.066  2019  2019 E BatteryNotifier: batterystats service unavailable!
05-04 18:28:49.066  2019  2019 E BatteryNotifier: batterystats service unavailable!
05-04 18:28:49.074  2022  2022 I Dpps    : static DppsServer *DppsServer::GetInstance(): DppsServer ref count increased to 1
05-04 18:28:49.076  2022  2022 I Dpps    : AbaContext():18 ABA context instantiation
05-04 18:28:49.076  2022  2022 I Dpps    : AmbientLightContext():17 AL context instantiation
05-04 18:28:49.077  2022  2022 I Dpps    : InitFeatureContext():171 Initialize feature context
05-04 18:28:49.077  2022  2022 I Dpps    : InitFeatureContext():203 ABA context is not enabled
05-04 18:28:49.077  2022  2022 I Dpps    : InitContext():69 display_fd 5, panel 0, sensor type 2 display_type 0
05-04 18:28:49.077  2022  2022 I Dpps    : OpenCommonSysfsFds():341 lcd_bl_event_fd_ is 8
05-04 18:28:49.077  2022  2022 I Dpps    : OpenCommonSysfsFds():350 blank_event_fd_ is 9
05-04 18:28:49.077  2022  2022 I Dpps    : OpenCommonSysfsFds():358 lcd_brightness_fd_ is 11
05-04 18:28:49.077  2022  2022 I Dpps    : SelectLightSensor():468 sensor_type 2
05-04 18:28:49.077  2022  2022 I Dpps    : SelectLightSensor():471 sensor_type_ 2
05-04 18:28:49.077  2022  2022 I Dpps    : InitLightSensor():503 sensor_type_ 2
05-04 18:28:49.077  2022  2022 I Dpps    : InitLightSensor():524 light sensor initialization ret 0
05-04 18:28:49.077  2022  2022 I Dpps    : CreateAmbientLightThread():141 Create AL thread
05-04 18:28:49.077  2022  2022 I Dpps    : CreateAmbientLightThread():160 Create AL thread done ret 0
05-04 18:28:49.077  2022  2022 I Dpps    : InitFeatureContext():223 Initialize feature context done ret 0
05-04 18:28:49.078  2022  2040 I Dpps    : ProcessAmbientLightThread():98 AL thread execution started
05-04 18:28:49.080  2022  2039 I Dpps    : PollThreadLoop():111 Getting manager and light sensor instance
05-04 18:28:49.081  2022  2039 I ServiceManager: Waiting for service permission...
05-04 18:28:49.128  2020  2020 D AndroidRuntime: >>>>>> START com.android.internal.os.ZygoteInit uid 0 <<<<<<
05-04 18:28:49.133  2020  2020 D AndroidRuntime: CheckJNI is OFF
05-04 18:28:49.133  2020  2020 E cutils-trace: Error opening trace file: No such file or directory (2)
05-04 18:28:49.133  2020  2020 I art     : option[0]=-Xzygote
05-04 18:28:49.133  2020  2020 I art     : option[1]=-Xstacktracefile:/data/anr/traces.txt
05-04 18:28:49.133  2020  2020 I art     : option[2]=exit
05-04 18:28:49.133  2020  2020 I art     : option[3]=vfprintf
05-04 18:28:49.134  2020  2020 I art     : option[4]=sensitiveThread
05-04 18:28:49.134  2020  2020 I art     : option[5]=-verbose:gc
05-04 18:28:49.134  2020  2020 I art     : option[6]=-Xms8m
05-04 18:28:49.134  2020  2020 I art     : option[7]=-Xmx1024m
05-04 18:28:49.134  2020  2020 I art     : option[8]=-XX:HeapGrowthLimit=384m
05-04 18:28:49.134  2020  2020 I art     : option[9]=-XX:HeapMinFree=512k
05-04 18:28:49.134  2020  2020 I art     : option[10]=-XX:HeapMaxFree=8m
05-04 18:28:49.134  2020  2020 I art     : option[11]=-XX:HeapTargetUtilization=0.75
05-04 18:28:49.134  2020  2020 I art     : option[12]=-agentlib:jdwp=transport=dt_android_adb,suspend=n,server=y
05-04 18:28:49.134  2020  2020 I art     : option[13]=-Xlockprofthreshold:500
05-04 18:28:49.134  2020  2020 I art     : option[14]=-Ximage-compiler-option
05-04 18:28:49.134  2020  2020 I art     : option[15]=--runtime-arg
05-04 18:28:49.134  2020  2020 I art     : option[16]=-Ximage-compiler-option
05-04 18:28:49.134  2020  2020 I art     : option[17]=-Xms64m
05-04 18:28:49.134  2020  2020 I art     : option[18]=-Ximage-compiler-option
05-04 18:28:49.134  2020  2020 I art     : option[19]=--runtime-arg
05-04 18:28:49.134  2020  2020 I art     : option[20]=-Ximage-compiler-option
05-04 18:28:49.134  2020  2020 I art     : option[21]=-Xmx64m
05-04 18:28:49.134  2020  2020 I art     : option[22]=-Ximage-compiler-option
05-04 18:28:49.134  2020  2020 I art     : option[23]=--image-classes=/system/etc/preloaded-classes
05-04 18:28:49.134  2020  2020 I art     : option[24]=-Xcompiler-option
05-04 18:28:49.134  2020  2020 I art     : option[25]=--runtime-arg
05-04 18:28:49.134  2020  2020 I art     : option[26]=-Xcompiler-option
05-04 18:28:49.134  2020  2020 I art     : option[27]=-Xms64m
05-04 18:28:49.134  2020  2020 I art     : option[28]=-Xcompiler-option
05-04 18:28:49.134  2020  2020 I art     : option[29]=--runtime-arg
05-04 18:28:49.134  2020  2020 I art     : option[30]=-Xcompiler-option
05-04 18:28:49.134  2020  2020 I art     : option[31]=-Xmx512m
05-04 18:28:49.135  2020  2020 I art     : option[32]=-Ximage-compiler-option
05-04 18:28:49.135  2020  2020 I art     : option[33]=--instruction-set-variant=kryo
05-04 18:28:49.135  2020  2020 I art     : option[34]=-Xcompiler-option
05-04 18:28:49.135  2020  2020 I art     : option[35]=--instruction-set-variant=kryo
05-04 18:28:49.135  2020  2020 I art     : option[36]=-Ximage-compiler-option
05-04 18:28:49.135  2020  2020 I art     : option[37]=--instruction-set-features=default
05-04 18:28:49.135  2020  2020 I art     : option[38]=-Xcompiler-option
05-04 18:28:49.135  2020  2020 I art     : option[39]=--instruction-set-features=default
05-04 18:28:49.135  2020  2020 I art     : option[40]=-Duser.locale=zh-CN
05-04 18:28:49.135  2020  2020 I art     : option[41]=--cpu-abilist=arm64-v8a
05-04 18:28:49.135  2020  2020 I art     : option[42]=-Xfingerprint:Xiaomi/gemini/gemini:6.0.1/MMB29M/builder.20170504173549_R:userdebug/test-keys
05-04 18:28:49.176  2020  2020 D ICU     : No timezone override file found: /data/misc/zoneinfo/current/icu/icu_tzdata.dat
05-04 18:28:49.199  2020  2020 I Radio-JNI: register_android_hardware_Radio DONE
05-04 18:28:49.203  2020  2020 I SamplingProfilerIntegration: Profiling disabled.
05-04 18:28:49.203  2020  2020 D Zygote  : begin preload
05-04 18:28:49.204  2020  2020 I Zygote  : Preloading classes...
05-04 18:28:49.232  2020  2020 D skia    : [SkFontConfigParser] /system/etc/fonts.xml:103:4: warning: 'DINPro' alias target not found
05-04 18:28:49.232  2020  2020 D skia    : [SkFontConfigParser] /system/etc/fonts.xml:104:4: warning: 'DINPro' alias target not found
05-04 18:28:49.232  2020  2020 D skia    : [SkFontConfigParser] /system/etc/fonts.xml:105:4: warning: 'DINPro' alias target not found
05-04 18:28:49.256  2020  2020 E Minikin : addFont failed to create font /system/fonts/Padauk.ttf
05-04 18:28:49.267  2020  2020 E Minikin : addFont failed to create font /system/fonts/NanumGothic.ttf
05-04 18:28:49.267  2020  2020 E Minikin : addFont failed to create font /system/fonts/DroidSansFallback.ttf
05-04 18:28:49.267  2020  2020 E Minikin : addFont failed to create font /system/fonts/MTLmr3m.ttf
05-04 18:28:49.312  2020  2020 V DngCreator_JNI: DngCreator_nativeClassInit:
05-04 18:28:49.373  2020  2020 I art     : Thread[1,tid=2020,Native,Thread*=0x7fa207ba00,peer=0x12c2c100,"main"] recursive attempt to load library "/system/lib64/libmedia_jni.so"
05-04 18:28:49.373  2020  2020 D MtpDeviceJNI: register_android_mtp_MtpDevice
05-04 18:28:49.373  2020  2020 I art     : Thread[1,tid=2020,Native,Thread*=0x7fa207ba00,peer=0x12c2c100,"main"] recursive attempt to load library "/system/lib64/libmedia_jni.so"
05-04 18:28:49.373  2020  2020 I art     : Thread[1,tid=2020,Native,Thread*=0x7fa207ba00,peer=0x12c2c100,"main"] recursive attempt to load library "/system/lib64/libmedia_jni.so"
05-04 18:28:49.478   532   585 E QCALOG  : [MessageQ] ProcessNewMessage: [XTWiFi-PE] unknown deliver target [OS-Agent]
05-04 18:28:49.482  2020  2020 I System  : Loaded time zone names for "" in 25ms (24ms in ICU)
05-04 18:28:49.501  2020  2020 I System  : Loaded time zone names for "en_US" in 19ms (17ms in ICU)
05-04 18:28:49.507  2019  2019 E cutils-trace: Error opening trace file: No such file or directory (2)
05-04 18:28:49.507  2019  2019 I QCamera : <MCI><INFO> get_num_of_cameras: 1852: dev_info[id=0,name='video2']
05-04 18:28:49.507  2019  2019 I QCamera : <MCI><INFO> get_num_of_cameras: 1852: dev_info[id=1,name='video3']
05-04 18:28:49.507  2019  2019 I QCamera : <MCI><INFO> sort_camera_info: 1707: Camera id: 0 facing: 0, type: 1 is_yuv: 0
05-04 18:28:49.507  2019  2019 I QCamera : <MCI><INFO> sort_camera_info: 1707: Camera id: 1 facing: 1, type: 0 is_yuv: 0
05-04 18:28:49.507  2019  2019 I QCamera : <MCI><INFO> sort_camera_info: 1710: Number of cameras 2 sorted 2
05-04 18:28:49.507  2019  2019 I QCamera : <MCI><INFO> get_num_of_cameras: 1870: num_cameras=2
05-04 18:28:49.507  2019  2019 I CameraService: Loaded "QCamera Module" camera module
05-04 18:28:49.507  2019  2019 I QCamera : <HAL><INFO> int qcamera::QCamera2Factory::getCameraInfo(int, camera_info*): 346: Camera id 0 API version 256
05-04 18:28:49.508   537   537 D mm-camera: < INFO> 395: void enable_memleak_trace(int): start memleak tracking.
05-04 18:28:49.511   609   758 E slim_daemon: [NDK] bindNDKSensors: Sensor server is unavailable.
05-04 18:28:49.518   537   537 D mm-camera: <MCT   >< INFO> 63: mct_controller_new: Creating new mct_controller with session-id 2
05-04 18:28:49.518   537  2086 D mm-camera: <MCT   >< INFO> 4309: mct_pipeline_start_session_thread: E sensor
05-04 18:28:49.518   537  2086 D mm-camera: <MCT   >< INFO> 4316: mct_pipeline_start_session_thread: Calling start_session on Module sensor
05-04 18:28:49.521  2020  2020 I System  : Loaded time zone names for "zh_CN" in 19ms (18ms in ICU)
05-04 18:28:49.521   537  2088 D mm-camera: <MCT   >< INFO> 4309: mct_pipeline_start_session_thread: E iface
05-04 18:28:49.524   537  2088 D mm-camera: <MCT   >< INFO> 4316: mct_pipeline_start_session_thread: Calling start_session on Module iface
05-04 18:28:49.524   537  2089 D mm-camera: <MCT   >< INFO> 4309: mct_pipeline_start_session_thread: E isp
05-04 18:28:49.525   537  2089 D mm-camera: <MCT   >< INFO> 4316: mct_pipeline_start_session_thread: Calling start_session on Module isp
05-04 18:28:49.525   537  2089 D mm-camera: <ISP   >< INFO> 190: isp_module_start_session: session id 2
05-04 18:28:49.527   537  2091 D mm-camera: <MCT   >< INFO> 4309: mct_pipeline_start_session_thread: E stats
05-04 18:28:49.527   537  2091 D mm-camera: <MCT   >< INFO> 4316: mct_pipeline_start_session_thread: Calling start_session on Module stats
05-04 18:28:49.529   537  2093 D mm-camera: <MCT   >< INFO> 4309: mct_pipeline_start_session_thread: E pproc
05-04 18:28:49.529   537  2093 D mm-camera: <MCT   >< INFO> 4316: mct_pipeline_start_session_thread: Calling start_session on Module pproc
05-04 18:28:49.530   537  2095 D mm-camera: <MCT   >< INFO> 4309: mct_pipeline_start_session_thread: E imglib
05-04 18:28:49.530   537  2095 D mm-camera: <MCT   >< INFO> 4316: mct_pipeline_start_session_thread: Calling start_session on Module imglib
05-04 18:28:49.530   537  2095 D mm-camera: <IMGLIB>< INFO> 1771: module_imglib_start_session: module_imglib_start_session:1771 ###Img_Loglevel 1, moduleMask 65535
05-04 18:28:49.531   537  2086 D mm-camera: <MCT   >< INFO> 4319: mct_pipeline_start_session_thread: Module sensor start_session rc = 1
05-04 18:28:49.531   537  2086 D mm-camera: <MCT   >< INFO> 4327: mct_pipeline_start_session_thread: started_num = 1, success = 1
05-04 18:28:49.531   537  2086 D mm-camera: <MCT   >< INFO> 4334: mct_pipeline_start_session_thread: X sensor
05-04 18:28:49.531   537  2095 D mm-camera: <MCT   >< INFO> 4319: mct_pipeline_start_session_thread: Module imglib start_session rc = 1
05-04 18:28:49.531   537  2095 D mm-camera: <MCT   >< INFO> 4327: mct_pipeline_start_session_thread: started_num = 2, success = 2
05-04 18:28:49.531   537  2095 D mm-camera: <MCT   >< INFO> 4334: mct_pipeline_start_session_thread: X imglib
05-04 18:28:49.532   537  2088 D mm-camera: <MCT   >< INFO> 4319: mct_pipeline_start_session_thread: Module iface start_session rc = 1
05-04 18:28:49.533   537  2088 D mm-camera: <MCT   >< INFO> 4327: mct_pipeline_start_session_thread: started_num = 3, success = 3
05-04 18:28:49.533   537  2088 D mm-camera: <MCT   >< INFO> 4334: mct_pipeline_start_session_thread: X iface
05-04 18:28:49.533   537  2091 D mm-camera: <STATS_AIS >< INFO> 338: gyro_port_use_dsps_iface: Use DSPS interface as it supports
05-04 18:28:49.534  2020  2020 I Zygote  : ...preloaded 3831 classes in 330ms.
05-04 18:28:49.534  2020  2020 I art     : VMRuntime.preloadDexCaches starting
05-04 18:28:49.537   537  2091 D mm-camera: <MCT   >< INFO> 4319: mct_pipeline_start_session_thread: Module stats start_session rc = 1
05-04 18:28:49.537   537  2091 D mm-camera: <MCT   >< INFO> 4327: mct_pipeline_start_session_thread: started_num = 4, success = 4
05-04 18:28:49.537   537  2091 D mm-camera: <MCT   >< INFO> 4334: mct_pipeline_start_session_thread: X stats
05-04 18:28:49.537   537  2093 D mm-camera: <MCT   >< INFO> 4319: mct_pipeline_start_session_thread: Module pproc start_session rc = 1
05-04 18:28:49.537   537  2093 D mm-camera: <MCT   >< INFO> 4327: mct_pipeline_start_session_thread: started_num = 5, success = 5
05-04 18:28:49.537   537  2093 D mm-camera: <MCT   >< INFO> 4334: mct_pipeline_start_session_thread: X pproc
05-04 18:28:49.544   537  2089 D mm-camera: <MCT   >< INFO> 4319: mct_pipeline_start_session_thread: Module isp start_session rc = 1
05-04 18:28:49.545   537  2089 D mm-camera: <MCT   >< INFO> 4327: mct_pipeline_start_session_thread: started_num = 6, success = 6
05-04 18:28:49.545   537  2089 D mm-camera: <MCT   >< INFO> 4334: mct_pipeline_start_session_thread: X isp
05-04 18:28:49.545   532   585 E QCALOG  : [MessageQ] ProcessNewMessage: [XT-CS] unknown deliver target [OS-Agent]
05-04 18:28:49.545   608   782 W XTCC-5.1.0.10: [CS-RIL-LISTENER] timerCallback fired for ril update registering, re-register
05-04 18:28:49.546   532   585 E QCALOG  : [MessageQ] ProcessNewMessage: [XT-CS] unknown deliver target [OS-Agent]
05-04 18:28:49.551   537  2103 D mm-camera: <MCT   >< INFO> 4224: mct_pipeline_start_stream_internal: Adding session stream streamid= 0xf for session=2
05-04 18:28:49.551   537  2103 D mm-camera: <MCT   >< INFO> 4272: mct_pipeline_start_stream_internal: Linking session stream for session 2
05-04 18:28:49.551   537  2103 D mm-camera: <MCT   >< INFO> 463: mct_stream_start_link: Start linking Session-stream 0x2000f
05-04 18:28:49.551   537  2103 D mm-camera: <ISP   >< INFO> 822: isp_port_check_caps_reserve: port 0xf389a400 ide 2000f type 10 dim 0 0
05-04 18:28:49.552   537  2103 D mm-camera: <PPROC >< INFO> 446: pproc_port_add_modules_to_stream: stream 10 int_link = 0xf22c2c80
05-04 18:28:49.552   537  2103 D mm-camera: <PPROC >< INFO> 458: pproc_port_add_modules_to_stream: :LINK linking mods tmod and ppeiscore for identity 2000f
05-04 18:28:49.552   537  2103 D mm-camera: <PPROC >< INFO> 458: pproc_port_add_modules_to_stream: :LINK linking mods ppeiscore and c2d for identity 2000f
05-04 18:28:49.552   537  2103 D mm-camera: <PPROC >< INFO> 458: pproc_port_add_modules_to_stream: :LINK linking mods c2d and cpp for identity 2000f
05-04 18:28:49.553   537  2103 D mm-camera: <CPP   >< INFO> 2111: cpp_module_notify_add_stream: :width 0, height 0, stride 0, scanline 0, framelen 0
05-04 18:28:49.553   537  2103 E mm-camera: <CPP   ><ERROR> 2207: cpp_module_notify_add_stream: failed, CPP current version can not support rotation
05-04 18:28:49.553   537  2103 D mm-camera: <CPP   >< INFO> 2273: cpp_module_notify_add_stream: : stream 10, fmt 1, asf_mode 0, sharpness_level 0.000000,asf mask 0, denoise 0, denoise_mask 0, dsdn mask 0,dsdn enable 0, tnr mask 0, tnr enable 0, ds_mask 0
05-04 18:28:49.553   537  2103 D mm-camera: <PPROC >< INFO> 458: pproc_port_add_modules_to_stream: :LINK linking mods cpp and paaf for identity 2000f
05-04 18:28:49.553   537  2103 D mm-camera: <PPROC >< INFO> 458: pproc_port_add_modules_to_stream: :LINK linking mods paaf and llvd for identity 2000f
05-04 18:28:49.554   537  2103 D mm-camera: <MCT   >< INFO> 4281: mct_pipeline_start_stream_internal: Session stream linked successfully session 2
05-04 18:28:49.591  2020  2020 I art     : VMRuntime.preloadDexCaches strings total=267616 before=46632 after=46632
05-04 18:28:49.591  2020  2020 I art     : VMRuntime.preloadDexCaches types total=21791 before=7425 after=7457
05-04 18:28:49.591  2020  2020 I art     : VMRuntime.preloadDexCaches fields total=112321 before=36568 after=36790
05-04 18:28:49.591  2020  2020 I art     : VMRuntime.preloadDexCaches methods total=180369 before=73777 after=74316
05-04 18:28:49.591  2020  2020 I art     : VMRuntime.preloadDexCaches finished
05-04 18:28:49.609  2117  2117 D idmap   : error: no read access to /vendor/overlay: No such file or directory
05-04 18:28:49.615  2020  2020 I Zygote  : Preloading resources...
05-04 18:28:49.618  2020  2020 W Resources: Preloaded drawable resource #0x1080096 (android:drawable/toast_frame) that varies with configuration!!
05-04 18:28:49.618   537  2087 E mm-camera: <SENSOR><ERROR> sony_imx298_eeprom_get_raw_data: 288: Enter
05-04 18:28:49.618   537  2087 E mm-camera: <SENSOR><ERROR> sony_imx298_eeprom_get_raw_data: 295: Exit
05-04 18:28:49.643   537  2087 E mm-camera: <SENSOR><ERROR> sony_imx298_autofocus_calibration: 350: Enter
05-04 18:28:49.643   537  2087 E mm-camera: <SENSOR><ERROR> sony_imx298_autofocus_calibration: 391: adjusted code_per_step: 115, qvalue: 128
05-04 18:28:49.647   537  2104 E mm-camera: <SENSOR><ERROR> 2847: sensor_get_cur_chromatix_name_for_type: chromatix for res_idx = 0 special_mode_mask = 0     module = 4 chromatix_type = 0 is NULL
