--------- beginning of main
05-04 18:28:03.035   436   436 W auditd  : type=2000 audit(0.0:1): initialized
05-04 18:28:05.570   436   436 I auditd  : type=1403 audit(0.0:2): policy loaded auid=4294967295 ses=4294967295
--------- beginning of system
05-04 18:28:06.483   437   437 I vold    : Vold 3.0 (the awakening) firing up
05-04 18:28:06.484   437   437 V vold    : Detected support for: exfat ext4 f2fs ntfs vfat
05-04 18:28:08.729   449   449 I /system/bin/tzdatacheck: tzdata file /data/misc/zoneinfo/current/tzdata does not exist. No action required.
05-04 18:28:08.786   456   456 I aosp    : Welcome to Android 6.0.1 / The Android Open Source Project 
05-04 18:28:09.004   502   502 E ThermalEngine: bcl_setup: Error opening /sys/devices/soc/soc:qcom,bcl/iavail
05-04 18:28:09.004   502   502 E ThermalEngine: add_tgt_sensors_set: Error adding bcl
05-04 18:28:09.004   502   502 E ThermalEngine: sensors_init: Error adding BCL TS
05-04 18:28:09.004   502   502 I ThermalEngine: Loading config file for virtual sensor
05-04 18:28:09.004   502   502 I ThermalEngine: Loading configuration file /system/etc/thermal-engine-8996.conf
05-04 18:28:09.005   502   502 I ThermalEngine: Parsing section global
05-04 18:28:09.006   502   502 I ThermalEngine: [VIRTUAL-CPUS]
05-04 18:28:09.006   502   502 I ThermalEngine: #algo_type virtual
05-04 18:28:09.006   502   502 I ThermalEngine: trip_sensor tsens_tz_sensor11
05-04 18:28:09.006   502   502 I ThermalEngine: set_point 75000
05-04 18:28:09.006   502   502 I ThermalEngine: set_point_clr 65000
05-04 18:28:09.006   502   502 I ThermalEngine: sensors tsens_tz_sensor4 tsens_tz_sensor6 tsens_tz_sensor9 tsens_tz_sensor11
05-04 18:28:09.006   502   502 I ThermalEngine: weights
05-04 18:28:09.007   502   502 I ThermalEngine: sampling 250
05-04 18:28:09.007   502   502 I ThermalEngine: math 2
05-04 18:28:09.007   502   502 I ThermalEngine: Loading configuration file /system/etc/thermal-engine-8996.conf
05-04 18:28:09.007   502   502 I ThermalEngine: Parsing section global
05-04 18:28:09.007   502   502 I ThermalEngine: Found section 'SS-CPUS-ALL'
05-04 18:28:09.007   502   502 I ThermalEngine: Algo Type 'ss'
05-04 18:28:09.007   502   502 I ThermalEngine: Parsing section SS-CPUS-ALL
05-04 18:28:09.008   502   502 I ThermalEngine: Found field 'sampling'
05-04 18:28:09.008   502   502 I ThermalEngine: Found field 'sensor'
05-04 18:28:09.008   502   502 I ThermalEngine: Found field 'device'
05-04 18:28:09.008   502   502 I ThermalEngine: Found field 'set_point'
05-04 18:28:09.008   502   502 I ThermalEngine: Found field 'set_point_clr'
05-04 18:28:09.008   502   502 I ThermalEngine: Found field 'time_constant'
05-04 18:28:09.008   502   502 I ThermalEngine: Found field 'device_perf_floor'
05-04 18:28:09.008   502   502 I ThermalEngine: Created section 'SKIN-SS-GOLD'
05-04 18:28:09.008   502   502 I ThermalEngine: Algo Type 'ss'
05-04 18:28:09.008   502   502 I ThermalEngine: Parsing section SKIN-SS-GOLD
05-04 18:28:09.008   502   502 I ThermalEngine: Found field 'sampling'
05-04 18:28:09.008   502   502 I ThermalEngine: Found field 'sensor'
05-04 18:28:09.008   502   502 I ThermalEngine: Found field 'device'
05-04 18:28:09.008   502   502 I ThermalEngine: Found field 'set_point'
05-04 18:28:09.009   502   502 I ThermalEngine: Found field 'set_point_clr'
05-04 18:28:09.009   502   502 I ThermalEngine: Found field 'time_constant'
05-04 18:28:09.009   502   502 I ThermalEngine: Found field 'device_perf_floor'
05-04 18:28:09.009   502   502 I ThermalEngine: Created section 'SKIN-SS-GOLD-AND-SILVER'
05-04 18:28:09.009   502   502 I ThermalEngine: Algo Type 'ss'
05-04 18:28:09.009   502   502 I ThermalEngine: Parsing section SKIN-SS-GOLD-AND-SILVER
05-04 18:28:09.009   502   502 I ThermalEngine: Found field 'sampling'
05-04 18:28:09.009   502   502 I ThermalEngine: Found field 'sensor'
05-04 18:28:09.009   502   502 I ThermalEngine: Found field 'device'
05-04 18:28:09.009   502   502 I ThermalEngine: Found field 'set_point'
05-04 18:28:09.009   502   502 I ThermalEngine: Found field 'set_point_clr'
05-04 18:28:09.009   502   502 I ThermalEngine: Found field 'time_constant'
05-04 18:28:09.009   502   502 I ThermalEngine: Found field 'device_perf_floor'
05-04 18:28:09.009   502   502 I ThermalEngine: Created section 'SKIN-SS-CPUS-ALL'
05-04 18:28:09.010   502   502 I ThermalEngine: Algo Type 'ss'
05-04 18:28:09.010   502   502 I ThermalEngine: Parsing section SKIN-SS-CPUS-ALL
05-04 18:28:09.010   502   502 I ThermalEngine: Found field 'sampling'
05-04 18:28:09.010   502   502 I ThermalEngine: Found field 'sensor'
05-04 18:28:09.010   502   502 I ThermalEngine: Found field 'device'
05-04 18:28:09.010   502   502 I ThermalEngine: Found field 'set_point'
05-04 18:28:09.010   502   502 I ThermalEngine: Found field 'set_point_clr'
05-04 18:28:09.010   502   502 I ThermalEngine: Found field 'time_constant'
05-04 18:28:09.010   502   502 I ThermalEngine: Found section 'SS-GPU'
05-04 18:28:09.010   502   502 I ThermalEngine: Algo Type 'ss'
05-04 18:28:09.010   502   502 I ThermalEngine: Parsing section SS-GPU
05-04 18:28:09.010   502   502 I ThermalEngine: Found field 'sampling'
05-04 18:28:09.010   502   502 I ThermalEngine: Found field 'sensor'
05-04 18:28:09.010   502   502 I ThermalEngine: Found field 'device'
05-04 18:28:09.010   502   502 I ThermalEngine: Found field 'set_point'
05-04 18:28:09.010   502   502 I ThermalEngine: Found field 'set_point_clr'
05-04 18:28:09.010   502   502 I ThermalEngine: Found field 'time_constant'
05-04 18:28:09.010   502   502 I ThermalEngine: Found field 'device_perf_floor'
05-04 18:28:09.010   502   502 I ThermalEngine: Created section 'GPU_management'
05-04 18:28:09.011   502   502 I ThermalEngine: Algo Type 'monitor'
05-04 18:28:09.011   502   502 I ThermalEngine: Parsing section GPU_management
05-04 18:28:09.011   502   502 I ThermalEngine: Found field 'sensor'
05-04 18:28:09.011   502   502 I ThermalEngine: Found field 'sampling'
05-04 18:28:09.011   502   502 I ThermalEngine: Found field 'thresholds'
05-04 18:28:09.011   502   502 I ThermalEngine: Found field 'thresholds_clr'
05-04 18:28:09.011   502   502 I ThermalEngine: Found field 'actions'
05-04 18:28:09.011   502   502 I ThermalEngine: Found field 'action_info'
05-04 18:28:09.011   502   502 I ThermalEngine: Created section 'SKIN-BATTERY-MONITOR'
05-04 18:28:09.011   502   502 I ThermalEngine: Algo Type 'monitor'
05-04 18:28:09.011   502   502 I ThermalEngine: Parsing section SKIN-BATTERY-MONITOR
05-04 18:28:09.011   502   502 I ThermalEngine: Found field 'sampling'
05-04 18:28:09.011   502   502 I ThermalEngine: Found field 'sensor'
05-04 18:28:09.011   502   502 I ThermalEngine: Found field 'thresholds'
05-04 18:28:09.011   502   502 I ThermalEngine: Found field 'thresholds_clr'
05-04 18:28:09.012   502   502 I ThermalEngine: Found field 'actions'
05-04 18:28:09.012   502   502 I ThermalEngine: Found field 'action_info'
05-04 18:28:09.012   502   502 I ThermalEngine: Created section 'CAMERA-CAMCORDER-MONITOR'
05-04 18:28:09.012   502   502 I ThermalEngine: Algo Type 'monitor'
05-04 18:28:09.022   502   502 I ThermalEngine: set_point 45000
05-04 18:28:09.022   502   502 I ThermalEngine: set_point_clr 43000
05-04 18:28:09.022   502   502 I ThermalEngine: time_constant 0
05-04 18:28:09.205   645   645 E Diag_Lib: qpLogDiagInit <== result : 1
05-04 18:28:09.205   645   645 E Diag_Lib: DATAD : gIsQXDMDisabled 0, gIsADBDisabled 1, gIsDebugDisabled 0, gIsIMSLogsDisabled 0
05-04 18:28:09.225   619   619 E ANDR-PERF-TARGET-INIT: Inside InitializeTarget
05-04 18:28:09.236   542   542 V AudioDaemonMain: Audio daemon starting sequence..
05-04 18:28:09.237   542   542 V AudioDaemon: Start audiod daemon
05-04 18:28:09.247   619   619 E ANDR-PERF-OPTSDATA: Error: core_ctl_cpu is not initialized for this target
05-04 18:28:09.247   619   619 E ANDR-PERF-OPTSDATA: Error: Core ctl not present
05-04 18:28:09.247   619   619 E ANDR-PERF-OPTSDATA: Error: core_ctl not present or min/max cpu nodes initialization failed
05-04 18:28:09.247   542   729 V AudioDaemon: readyToRun: open snd card state node files
05-04 18:28:09.247   542   729 V AudioDaemon: Start threadLoop()
05-04 18:28:09.247   542   729 D AudioDaemon: Opening sound card state : /proc/asound/card---/state
05-04 18:28:09.247   542   729 E AudioDaemon: Open /proc/asound/card---/state failed : No such file or directory
05-04 18:28:09.247   542   729 V AudioDaemon: bool android::AudioDaemon::getStateFDs(std::__1::vector<std::__1::pair<int, int> >&): 0 sound cards detected
05-04 18:28:09.247   542   729 E AudioDaemon: Sleeping for 100 ms
05-04 18:28:09.268   619   732 E ANDR-PERF-MPCTL: perflock: Workload detect thread created
05-04 18:28:09.268   619   732 E ANDR-PERF-MPCTL: perflock: iobusy pfd initialized
05-04 18:28:09.268   619   732 E ANDR-PERF-MPCTL: perflock: mode pfd initialized
05-04 18:28:09.268   619   732 E ANDR-PERF-MPCTL: perflock: Read file 0: 0
05-04 18:28:09.268   619   732 E ANDR-PERF-MPCTL: perflock: Read file 1: 0
05-04 18:28:09.268   619   732 E ANDR-PERF-MPCTL: perflock: Mode change 0
05-04 18:28:09.268   619   732 E cutils-trace: Error opening trace file: No such file or directory (2)
05-04 18:28:09.269   619   733 E ANDR-PERF-MPCTL:  before pthread_cond_wait 1780, chk_core_online_poll
05-04 18:28:09.300   473   473 I irsc_util: Starting irsc tool
05-04 18:28:09.304   474   474 I rmt_storage: Shared memory initialised successfully.
05-04 18:28:09.304   473   473 I irsc_util: Num of entries:285
05-04 18:28:09.304   474   474 I rmt_storage: Registering modemst1: 0x4a /boot/modem_fs1
05-04 18:28:09.305   474   474 I rmt_storage: Registering modemst2: 0x4b /boot/modem_fs2
05-04 18:28:09.305   474   474 I rmt_storage: Registering fsc: 0xff /boot/modem_fsc
05-04 18:28:09.305   474   474 I rmt_storage: Registering fsg: 0x58 /boot/modem_fsg
05-04 18:28:09.305   473   473 I irsc_util: Ending irsc tool
05-04 18:28:09.307   474   474 I rmt_storage: 4 GPT partitions found
05-04 18:28:09.307   474   474 E rmt_storage: debug open failed with errno 2
05-04 18:28:09.307   474   474 I rmt_storage: Capset success!
05-04 18:28:09.324   480   480 D QSEECOMD: : qseecom listener services process entry PPID = 1
05-04 18:28:09.324   480   480 E QSEECOMD: : Listener: index = 0, hierarchy = 0
05-04 18:28:09.329   480   480 D QSEECOMD: : Init dlopen(librpmb.so, RTLD_NOW) succeeds
05-04 18:28:09.329   480   480 D QSEECOMD: : Init::Init dlsym(g_FSHandle rpmb_init_service) succeeds
05-04 18:28:09.335   480   480 I rpmb_ufs: RPMB Mult (512-byte sector) = 8192, Rel_sec_cnt = 32
05-04 18:28:09.336   480   480 E DrmLibRpmb: rpmb_init succeeded! with ret = 0
05-04 18:28:09.336   480   480 D QSEECOMD: : Init rpmb_init_service ret = 0
05-04 18:28:09.336   480   480 D QSEECOMD: : RPMB system services: init (Listener ID = 8192)
05-04 18:28:09.336   480   480 E QSEECOMD: : Listener: index = 1, hierarchy = 0
05-04 18:28:09.337   480   480 D QSEECOMD: : Init dlopen(libssd.so, RTLD_NOW) succeeds
05-04 18:28:09.337   480   480 D QSEECOMD: : Init::Init dlsym(g_FSHandle ssd_init_service) succeeds
05-04 18:28:09.337   480   480 E SSD     : ssd_init_service succeeded!
05-04 18:28:09.337   480   480 D QSEECOMD: : Init ssd_init_service ret = 0
05-04 18:28:09.337   480   480 D QSEECOMD: : SSD system services: init (Listener ID = 12288)
05-04 18:28:09.337   480   480 E QSEECOMD: : Listener: index = 2, hierarchy = 0
05-04 18:28:09.347   542   729 D AudioDaemon: Opening sound card state : /proc/asound/card---/state
05-04 18:28:09.348   542   729 E AudioDaemon: Open /proc/asound/card---/state failed : No such file or directory
05-04 18:28:09.348   542   729 V AudioDaemon: bool android::AudioDaemon::getStateFDs(std::__1::vector<std::__1::pair<int, int> >&): 0 sound cards detected
05-04 18:28:09.348   542   729 E AudioDaemon: Sleeping for 100 ms
05-04 18:28:09.357   472   472 I SDM     : ExtensionInterface::CreateExtensionInterface: 
05-04 18:28:09.357   472   472 I SDM     : SDM-EXTENSION Version: Date: 09/12/16, Commit: 5df439e, Change: I3549090471
05-04 18:28:09.358   472   472 I SDM     : HWInfo::GetHWResourceInfo: SDE Version = 500, SDE Revision = 10070002, RGB = 4, VIG = 4, DMA = 2, Cursor = 2
05-04 18:28:09.358   472   472 I SDM     : HWInfo::GetHWResourceInfo: Upscale Ratio = 20, Downscale Ratio = 4, Blending Stages = 7
05-04 18:28:09.358   472   472 I SDM     : HWInfo::GetHWResourceInfo: BWC = 0, UBWC = 1, Decimation = 1, Tile Format = 0
05-04 18:28:09.359   472   472 I SDM     : HWInfo::GetHWResourceInfo: SourceSplit = 1
05-04 18:28:09.359   472   472 I SDM     : HWInfo::GetHWResourceInfo: MaxLowBw = 9600000 , MaxHighBw = 9600000
05-04 18:28:09.359   472   472 I SDM     : HWInfo::GetHWResourceInfo: MaxPipeBw = 4500000 KBps, MaxSDEClock = 412500000 Hz, ClockFudgeFactor = 1.050000
05-04 18:28:09.359   472   472 I SDM     : HWInfo::GetHWResourceInfo: Prefill factors: Tiled_NV12 = 8, Tiled = 4, Linear = 1, Scale = 1, Fudge_factor = 2
05-04 18:28:09.359   472   472 I SDM     : HWInfo::GetHWResourceInfo: ROTATOR = 2, Rotator Downscale = 1
05-04 18:28:09.362   472   472 I SDM     : CoreInterface::CreateCore: Open interface handle = 0x7faf90c700
05-04 18:28:09.362   472   472 I SDM     : HWInfo::GetFirstDisplayInterfaceType: First display is internal display
05-04 18:28:09.362   472   472 I SDM     : CPUHint::Init: CPU Hint Pre-enable Window 50
05-04 18:28:09.363   472   472 I SDM     : CPUHint::Init: Successfully Loaded Vendor Extension Library symbols
05-04 18:28:09.363   472   472 W SDM     : HWDevice::GetHWPanelMaxBrightnessFromNode: Max brightness level = 255
05-04 18:28:09.364   472   472 W SDM     : HWDevice::GetHWPanelMaxBrightnessFromNode: Max brightness level = 255
05-04 18:28:09.364   472   472 I SDM     : HWDevice::PopulateHWPanelInfo: Device type = 0, Display Port = 1, Display Mode = 2, Device Node = 0, Is Primary = 1
05-04 18:28:09.364   472   472 I SDM     : HWDevice::PopulateHWPanelInfo: Partial Update = 0, Dynamic FPS = 0
05-04 18:28:09.364   472   472 I SDM     : HWDevice::PopulateHWPanelInfo: Align: left = 0, width = 0, top = 0, height = 0
05-04 18:28:09.364   472   472 I SDM     : HWDevice::PopulateHWPanelInfo: ROI: min_width = 0, min_height = 0, need_merge = 0
05-04 18:28:09.364   472   472 I SDM     : HWDevice::PopulateHWPanelInfo: FPS: min = 0, max =0
05-04 18:28:09.364   472   472 I SDM     : HWDevice::PopulateHWPanelInfo: Left Split = 0, Right Split = 0
05-04 18:28:09.364   469   469 I lowmemorykiller: Using in-kernel low memory killer interface
05-04 18:28:09.364   472   472 I SDM     : HWInfo::GetHWResourceInfo: SDE Version = 500, SDE Revision = 10070002, RGB = 4, VIG = 4, DMA = 2, Cursor = 2
05-04 18:28:09.365   472   472 I SDM     : HWInfo::GetHWResourceInfo: Upscale Ratio = 20, Downscale Ratio = 4, Blending Stages = 7
05-04 18:28:09.365   472   472 I SDM     : HWInfo::GetHWResourceInfo: BWC = 0, UBWC = 1, Decimation = 1, Tile Format = 0
05-04 18:28:09.365   472   472 I SDM     : HWInfo::GetHWResourceInfo: SourceSplit = 1
05-04 18:28:09.365   472   472 I SDM     : HWInfo::GetHWResourceInfo: MaxLowBw = 9600000 , MaxHighBw = 9600000
05-04 18:28:09.365   472   472 I SDM     : HWInfo::GetHWResourceInfo: MaxPipeBw = 4500000 KBps, MaxSDEClock = 412500000 Hz, ClockFudgeFactor = 1.050000
05-04 18:28:09.365   472   472 I SDM     : HWInfo::GetHWResourceInfo: Prefill factors: Tiled_NV12 = 8, Tiled = 4, Linear = 1, Scale = 1, Fudge_factor = 2
05-04 18:28:09.365   472   472 I SDM     : HWInfo::GetHWResourceInfo: ROTATOR = 2, Rotator Downscale = 1
05-04 18:28:09.368   472   472 E cutils-trace: Error opening trace file: No such file or directory (2)
05-04 18:28:09.368   472   472 W SDM     : HWDevice::GetHWPanelMaxBrightnessFromNode: Max brightness level = 255
05-04 18:28:09.369   472   472 W SDM     : HWDevice::GetHWPanelMaxBrightnessFromNode: Max brightness level = 255
05-04 18:28:09.369   472   472 W SDM     : HWDevice::GetHWPanelInfoByNode: Failed to open msm_fb_panel_info node device node 2
05-04 18:28:09.369   472   472 I SDM     : HWInfo::GetHWResourceInfo: SDE Version = 500, SDE Revision = 10070002, RGB = 4, VIG = 4, DMA = 2, Cursor = 2
05-04 18:28:09.369   472   472 I SDM     : HWInfo::GetHWResourceInfo: Upscale Ratio = 20, Downscale Ratio = 4, Blending Stages = 7
05-04 18:28:09.369   472   472 I SDM     : HWInfo::GetHWResourceInfo: BWC = 0, UBWC = 1, Decimation = 1, Tile Format = 0
05-04 18:28:09.369   472   472 I SDM     : HWInfo::GetHWResourceInfo: SourceSplit = 1
05-04 18:28:09.369   472   472 I SDM     : HWInfo::GetHWResourceInfo: MaxLowBw = 9600000 , MaxHighBw = 9600000
05-04 18:28:09.369   472   472 I SDM     : HWInfo::GetHWResourceInfo: MaxPipeBw = 4500000 KBps, MaxSDEClock = 412500000 Hz, ClockFudgeFactor = 1.050000
05-04 18:28:09.369   472   472 I SDM     : HWInfo::GetHWResourceInfo: Prefill factors: Tiled_NV12 = 8, Tiled = 4, Linear = 1, Scale = 1, Fudge_factor = 2
05-04 18:28:09.370   472   472 I SDM     : HWInfo::GetHWResourceInfo: ROTATOR = 2, Rotator Downscale = 1
05-04 18:28:09.370   472   472 W SDM     : ColorManager::CreateColorManagerProxy: PAV2 version is versions = 11, version = 11 
05-04 18:28:09.370   472   472 I SDM     : HWCDisplay::Init: Blit Engine Init failed, Blit Composition will not be used!!
05-04 18:28:09.370   472   472 I SDM     : HWCDisplay::SetFrameBufferResolution: New framebuffer resolution (1080x1920)
05-04 18:28:09.371   472   472 I SDM     : HWCColorManager::CreateColorManager: Successfully loaded libsdm-disp-apis.so
05-04 18:28:09.378   472   472 I SDM     : HWCColorManager::CreateColorManager: Successfully loaded libsdm-disp-apis.so and libsdm-diag.so and diag_init'ed
05-04 18:28:09.378   472   472 I SurfaceFlinger: Using composer version 1.5
05-04 18:28:09.379   472   472 W SDM     : HWCDisplay::GetDisplayAttributes: Spurious attribute type = 6
05-04 18:28:09.380   472   472 I SurfaceFlinger: EGL information:
05-04 18:28:09.380   472   472 I SurfaceFlinger: vendor    : Android
05-04 18:28:09.380   472   472 I SurfaceFlinger: version   : 1.4 Android META-EGL
05-04 18:28:09.380   472   472 I SurfaceFlinger: extensions: EGL_KHR_get_all_proc_addresses EGL_ANDROID_presentation_time EGL_KHR_swap_buffers_with_damage EGL_KHR_image EGL_KHR_image_base EGL_KHR_lock_surface EGL_KHR_gl_texture_2D_image EGL_KHR_gl_texture_3D_image EGL_KHR_gl_texture_cubemap_image EGL_KHR_gl_renderbuffer_image EGL_KHR_reusable_sync EGL_KHR_fence_sync EGL_KHR_create_context EGL_KHR_surfaceless_context EGL_EXT_create_context_robustness EGL_ANDROID_image_native_buffer EGL_KHR_wait_sync EGL_ANDROID_recordable EGL_KHR_partial_update EGL_KHR_create_context_no_error 
05-04 18:28:09.380   472   472 I SurfaceFlinger: Client API: OpenGL_ES
05-04 18:28:09.380   472   472 I SurfaceFlinger: EGLSurface: 8-8-8-8, config=0x7faf76d780
05-04 18:28:09.385   472   472 I SurfaceFlinger: OpenGL ES informations:
05-04 18:28:09.385   472   472 I SurfaceFlinger: vendor    : Qualcomm
05-04 18:28:09.385   472   472 I SurfaceFlinger: renderer  : Adreno (TM) 530
05-04 18:28:09.385   485   485 I         : debuggerd: starting
05-04 18:28:09.385   472   472 I SurfaceFlinger: version   : OpenGL ES 3.2 V@145.0 (GIT@Ifb508eebcd)
05-04 18:28:09.385   472   472 I SurfaceFlinger: extensions: GL_OES_EGL_image GL_OES_EGL_image_external GL_OES_EGL_sync GL_OES_vertex_half_float GL_OES_framebuffer_object GL_OES_rgb8_rgba8 GL_OES_compressed_ETC1_RGB8_texture GL_AMD_compressed_ATC_texture GL_KHR_texture_compression_astc_ldr GL_KHR_texture_compression_astc_hdr GL_OES_texture_compression_astc GL_OES_texture_npot GL_EXT_texture_filter_anisotropic GL_EXT_texture_format_BGRA8888 GL_OES_texture_3D GL_EXT_color_buffer_float GL_EXT_color_buffer_half_float GL_QCOM_alpha_test GL_OES_depth24 GL_OES_packed_depth_stencil GL_OES_depth_texture GL_OES_depth_texture_cube_map GL_EXT_sRGB GL_OES_texture_float GL_OES_texture_float_linear GL_OES_texture_half_float GL_OES_texture_half_float_linear GL_EXT_texture_type_2_10_10_10_REV GL_EXT_texture_sRGB_decode GL_OES_element_index_uint GL_EXT_copy_image GL_EXT_geometry_shader GL_EXT_tessellation_shader GL_OES_texture_stencil8 GL_EXT_shader_io_blocks GL_OES_shader_image_atomic GL_OES_sample_variables GL_EXT_texture_border_clamp GL_EXT_multisampled_render_to_texture
05-04 18:28:09.385   472   472 I SurfaceFlinger: GL_MAX_TEXTURE_SIZE = 16384
05-04 18:28:09.385   472   472 I SurfaceFlinger: GL_MAX_VIEWPORT_DIMS = 16384
05-04 18:28:09.391   472   472 D SurfaceFlinger: Set power mode=2, type=0 flinger=0x7fb1343c00
05-04 18:28:09.391   472   472 I SDM     : HWCDisplay::SetPowerMode: display = 0, mode = 2
05-04 18:28:09.391   472   472 I SDM     : DisplayBase::SetDisplayState: Set state = 1, display 0
05-04 18:28:09.391   472   472 W SDM     : HWDevice::GetHWPanelMaxBrightnessFromNode: Max brightness level = 255
05-04 18:28:09.392   472   472 W SDM     : HWDevice::GetHWPanelMaxBrightnessFromNode: Max brightness level = 255
05-04 18:28:09.392   472   472 W SDM     : HWDevice::GetHWPanelInfoByNode: Failed to open msm_fb_panel_info node device node 2
05-04 18:28:09.395   479   479 I PerMgrSrv: Adding entry for modem : offTimeout : 500 ackTimeout : 200
05-04 18:28:09.397   479   479 I PerMgrSrv: Adding entry for slpi : offTimeout : 5000 ackTimeout : 200
05-04 18:28:09.402   479   479 I PerMgrSrv: Peripheral Mananager service start
05-04 18:28:09.402   479   479 I PerMgrSrv: power-off timeout 500,ms; event-ack timeout 200,ms; debug-mode false
05-04 18:28:09.403   479   479 I PerMgrSrv: Statistics for : modem
05-04 18:28:09.403   479   479 I PerMgrSrv: modem: Current State : is off-line
05-04 18:28:09.403   479   479 I PerMgrSrv: modem: Voter/Listener count : 0/0
05-04 18:28:09.403   479   479 I PerMgrSrv: modem: Power on count : 0
05-04 18:28:09.403   479   479 I PerMgrSrv: modem: Power off count: 0
05-04 18:28:09.403   479   479 I PerMgrSrv: modem: Client list:
05-04 18:28:09.403   479   479 I PerMgrSrv: Statistics for : slpi
05-04 18:28:09.403   479   479 I PerMgrSrv: slpi: Current State : is off-line
05-04 18:28:09.403   479   479 I PerMgrSrv: slpi: Voter/Listener count : 0/0
05-04 18:28:09.403   479   479 I PerMgrSrv: slpi: Power on count : 0
05-04 18:28:09.403   479   479 I PerMgrSrv: slpi: Power off count: 0
05-04 18:28:09.403   479   479 I PerMgrSrv: slpi: Client list:
05-04 18:28:09.404   490   490 I qcom-bluetooth: /system/etc/init.qcom.bt.sh: init.qcom.bt.sh config = onboot 
05-04 18:28:09.408   479   512 I PerMgrSrv: QMI service start
05-04 18:28:09.419   483   483 I Netd    : Netd 1.0 starting
05-04 18:28:09.422   608   608 W XTCC-5.1.0.10: [CCC-Main] wifi: 1, ap cell: 0, modem cell: 0, waa: 0, sstp: 0
05-04 18:28:09.423   608   608 E XTCC-5.1.0.10: [StorageMgr] init tile_folder = /data/misc/location/xtwifi
05-04 18:28:09.423   609   609 D LocSvc_utils_cfg: D/loc_read_conf: using /etc/gps.conf
05-04 18:28:09.423   609   609 D LocSvc_utils_cfg: D/int loc_read_conf_r(FILE*, const loc_param_s_type*, uint32_t):283]: num_params: 1
05-04 18:28:09.423   609   609 D LocSvc_utils_cfg: D/loc_set_config_entry: PARAM DEBUG_LEVEL = 2
05-04 18:28:09.423   609   609 D LocSvc_utils_cfg: D/int loc_read_conf_r(FILE*, const loc_param_s_type*, uint32_t):283]: num_params: 2
05-04 18:28:09.424   609   609 D LocSvc_utils_cfg: D/loc_set_config_entry: PARAM DEBUG_LEVEL = 2
05-04 18:28:09.424   609   609 D LocSvc_utils_cfg: D/int loc_read_conf_r(FILE*, const loc_param_s_type*, uint32_t):287]: fgets returned NULL
05-04 18:28:09.425   483   483 D QtiConnectivityAdapter: Successfully loaded libconnectivitycontroller
05-04 18:28:09.425   483   483 D         : initConnectivityController cons 
05-04 18:28:09.425   483   483 D ConnectivityController: QtiTetherCommand cons done
05-04 18:28:09.426   483   483 I libconnctrl: Creating a NetlinkRelay
05-04 18:28:09.426   483   483 I libconnctrl: NetlinkRelay constructor
05-04 18:28:09.427   483   483 D TetherController: Setting IP forward enable = 0
05-04 18:28:09.430   493   493 I tftp_server: Starting...
05-04 18:28:09.430   493   493 D tftp_server: pid=493 tid=493 tftp-server : DBG :[tftp_os_wakelocks_la.c, 203] Capset success!
05-04 18:28:09.430   493   493 E tftp_server: pid=493 tid=493 tftp-server : ERR :[tftp_server_folders_la.c, 166] Failed to auto_dir for(/persist/rfs/shared/) errno = -13 (Permission denied)
05-04 18:28:09.430   493   493 E tftp_server: pid=493 tid=493 tftp-server : ERR :[tftp_server_folders_la.c, 166] Failed to auto_dir for(/persist/rfs/msm/mpss/) errno = -13 (Permission denied)
05-04 18:28:09.430   493   493 E tftp_server: pid=493 tid=493 tftp-server : ERR :[tftp_server_folders_la.c, 166] Failed to auto_dir for(/persist/rfs/msm/adsp/) errno = -13 (Permission denied)
05-04 18:28:09.430   493   493 E tftp_server: pid=493 tid=493 tftp-server : ERR :[tftp_server_folders_la.c, 166] Failed to auto_dir for(/persist/rfs/mdm/mpss/) errno = -13 (Permission denied)
05-04 18:28:09.430   493   493 E tftp_server: pid=493 tid=493 tftp-server : ERR :[tftp_server_folders_la.c, 166] Failed to auto_dir for(/persist/rfs/mdm/adsp/) errno = -13 (Permission denied)
05-04 18:28:09.430   493   493 E tftp_server: pid=493 tid=493 tftp-server : ERR :[tftp_server_folders_la.c, 166] Failed to auto_dir for(/persist/rfs/mdm/sparrow/) errno = -13 (Permission denied)
05-04 18:28:09.431   493   493 E tftp_server: pid=493 tid=493 tftp-server : ERR :[tftp_server_folders_la.c, 166] Failed to auto_dir for(/persist/rfs/apq/gnss/) errno = -13 (Permission denied)
05-04 18:28:09.431   493   493 E tftp_server: pid=493 tid=493 tftp-server : ERR :[tftp_server.c, 572] Server folder init failed! error = 1.
05-04 18:28:09.431   493   493 E tftp_server: pid=493 tid=493 tftp-server : ERR :[tftp_server.c, 573] Attempting to continue.... some paths maybe inaccessible.
05-04 18:28:09.432   472   472 I SurfaceFlinger: SurfaceFlinger is starting
05-04 18:28:09.433   483   483 E         : Failed to open libdatactrl, some features may not be present.
05-04 18:28:09.438   472   472 I SurfaceFlinger: SurfaceFlinger's main thread ready to run. Initializing graphics H/W...
05-04 18:28:09.444   489   489 I installd: installd firing up
05-04 18:28:09.448   542   729 D AudioDaemon: Opening sound card state : /proc/asound/card---/state
05-04 18:28:09.449   542   729 E AudioDaemon: Open /proc/asound/card---/state failed : No such file or directory
05-04 18:28:09.449   542   729 V AudioDaemon: bool android::AudioDaemon::getStateFDs(std::__1::vector<std::__1::pair<int, int> >&): 0 sound cards detected
05-04 18:28:09.449   542   729 E AudioDaemon: Sleeping for 100 ms
05-04 18:28:09.457   477   520 E Sensors : sns_reg.c(459):sys.panel.vendor is not available, retry again
05-04 18:28:09.466   472   472 D libEGL  : loaded /vendor/lib64/egl/libEGL_adreno.so
05-04 18:28:09.468   609   609 E         : E/open failed: /dev/mdm: No such file or directory
05-04 18:28:09.471   609   758 E slim_daemon: [NDK] bindNDKSensors: Sensor server is unavailable.
05-04 18:28:09.471   493   493 E tftp_server: pid=493 tid=493 tftp-server : ERR :[tftp_server.c, 192] Stat if /system/rfs/msm/mpss/shared/server_info.txt failed with -13
05-04 18:28:09.471   493   493 E tftp_server: pid=493 tid=493 tftp-server : ERR :[tftp_server.c, 230] Info file creation failed..!
05-04 18:28:09.472   484   484 I         : debuggerd: starting
05-04 18:28:09.476   608   608 I xtwifi-client: type=1400 audit(0.0:5): avc: denied { write } for name="property_service" dev="tmpfs" ino=13565 scontext=u:r:location:s0 tcontext=u:object_r:property_socket:s0 tclass=sock_file permissive=1
05-04 18:28:09.476   608   608 I xtwifi-client: type=1400 audit(0.0:6): avc: denied { connectto } for path="/dev/socket/property_service" scontext=u:r:location:s0 tcontext=u:r:init:s0 tclass=unix_stream_socket permissive=1
05-04 18:28:09.476   608   608 E XTCC-5.1.0.10: [CacheMgr] populateSavedBalacklistedAps: failed: 101
05-04 18:28:09.476   493   493 D tftp_server: pid=493 tid=493 tftp-server : DBG :[tftp_server.c, 594] Server waiting for client-connection.
05-04 18:28:09.477   532   585 E QCALOG  : [MessageQ] ProcessNewMessage: [NOT_REGISTERED:608] unknown deliver target [OS-Agent]
05-04 18:28:09.478   608   608 E XTCC-5.1.0.10: [FDAL_Manager] init: failed to retrieve WLAN_FDAL_ENABLEMENT_CONTROL, default true
05-04 18:28:09.487   609   765 E         : E/open failed: /dev/mdm: No such file or directory
05-04 18:28:09.491   608   770 E         : E/open failed: /dev/mdm: No such file or directory
05-04 18:28:09.492   608   770 E Diag_Lib:  Diag_LSM_Init: Failed to open handle to diag driver, error = 13
05-04 18:28:09.527   480   480 D QSEECOMD: : Init dlopen(libsecureui.so, RTLD_NOW) succeeds
05-04 18:28:09.527   480   480 D QSEECOMD: : Init::Init dlsym(g_FSHandle secure_ui_init) succeeds
05-04 18:28:09.527   480   480 D QSEECOMD: : Init secure_ui_init ret = 0
05-04 18:28:09.527   480   480 D QSEECOMD: : secure UI services: init (Listener ID = 16384)
05-04 18:28:09.528   480   480 D QSEECOMD: : Parent qseecom daemon process paused!! 
05-04 18:28:09.537   472   472 D libEGL  : loaded /vendor/lib64/egl/libGLESv1_CM_adreno.so
05-04 18:28:09.545   472   472 D libEGL  : loaded /vendor/lib64/egl/libGLESv2_adreno.so
05-04 18:28:09.549   542   729 D AudioDaemon: Opening sound card state : /proc/asound/card---/state
05-04 18:28:09.549   542   729 E AudioDaemon: Open /proc/asound/card---/state failed : No such file or directory
05-04 18:28:09.549   542   729 V AudioDaemon: bool android::AudioDaemon::getStateFDs(std::__1::vector<std::__1::pair<int, int> >&): 0 sound cards detected
05-04 18:28:09.549   542   729 E AudioDaemon: Sleeping for 100 ms
05-04 18:28:09.562   545   545 D QSEECOMD: : qseecom listener service threads starting!!! 
05-04 18:28:09.563   545   545 D QSEECOMD: : Total listener services to start = 8
05-04 18:28:09.563   545   545 E QSEECOMD: : Listener: index = 0, hierarchy = 1
05-04 18:28:09.563   545   545 D QSEECOMD: : Init dlopen(librpmb.so, RTLD_NOW) succeeds
05-04 18:28:09.563   545   545 D QSEECOMD: : Init::Init dlsym(g_FSHandle rpmb_start) succeeds
05-04 18:28:09.563   545   545 D QSEECOMAPI: QSEECom_register_listener 8192 sb_length = 0x5000
05-04 18:28:09.575   472   472 I Adreno  : QUALCOMM build                   : 0a3bdfc, Ifb508eebcd
05-04 18:28:09.575   472   472 I Adreno  : Build Date                       : 08/04/16
05-04 18:28:09.575   472   472 I Adreno  : OpenGL ES Shader Compiler Version: XE031.09.00.03
05-04 18:28:09.575   472   472 I Adreno  : Local Branch                     : 
05-04 18:28:09.575   472   472 I Adreno  : Remote Branch                    : 
05-04 18:28:09.575   472   472 I Adreno  : Remote Branch                    : 
05-04 18:28:09.575   472   472 I Adreno  : Reconstruct Branch               : 
05-04 18:28:09.581   504   504 E adsprpc : vendor/qcom/proprietary/adsprpc/src/adsprpcd.c:26:adsp daemon starting
05-04 18:28:09.581   545   545 D QSEECOMD: : Init rpmb_start ret = 0
05-04 18:28:09.581   545   545 D QSEECOMD: : RPMB system services: Started (Listener ID = 8192)
05-04 18:28:09.581   545   545 E QSEECOMD: : Listener: index = 1, hierarchy = 1
05-04 18:28:09.581   545   545 D QSEECOMD: : Init dlopen(libssd.so, RTLD_NOW) succeeds
05-04 18:28:09.581   545   545 D QSEECOMD: : Init::Init dlsym(g_FSHandle ssd_start) succeeds
05-04 18:28:09.581   545   545 D QSEECOMAPI: QSEECom_register_listener 12288 sb_length = 0x5000
05-04 18:28:09.586   527   527 I perfprofd: starting Android Wide Profiling daemon
05-04 18:28:09.586   527   527 E perfprofd: unable to open configuration file /data/data/com.google.android.gms/files/perfprofd.conf
05-04 18:28:09.586   527   527 I perfprofd: random seed set to 1967021763
05-04 18:28:09.589   504   504 E adsprpc : vendor/qcom/proprietary/adsprpc/src/adsp_default_listener.c:28:adsp_default_listener_start started
05-04 18:28:09.592   502   502 I ThermalEngine: Thermal daemon started
05-04 18:28:09.593   502   502 I ThermalEngine: Using target config file '/system/etc/thermal-engine-8996.conf'
05-04 18:28:09.593   502   502 I ThermalEngine: devices_manager_init: Init
05-04 18:28:09.593   502   502 I ThermalEngine: Number of gpus :1
05-04 18:28:09.593   502   502 I Thermal-IOCTL: KTM IOCTL interface "/dev/msm_thermal_query" opened
05-04 18:28:09.594   502   502 E ThermalEngine: update_cpu_topology: Cluster Info[0]. Cluster Id: 0 cpu_bits:0x3 sync:1
05-04 18:28:09.594   502   502 E ThermalEngine: update_cpu_topology: Cluster Info[1]. Cluster Id: 1 cpu_bits:0xc sync:1
05-04 18:28:09.594   502   502 E ThermalEngine: adding voltage device 
05-04 18:28:09.594   545   545 D QSEECOMD: : Init ssd_start ret = 0
05-04 18:28:09.594   545   545 D QSEECOMD: : SSD system services: Started (Listener ID = 12288)
05-04 18:28:09.594   545   545 E QSEECOMD: : Listener: index = 2, hierarchy = 1
05-04 18:28:09.595   545   545 D QSEECOMD: : Init dlopen(libsecureui.so, RTLD_NOW) succeeds
05-04 18:28:09.595   545   545 D QSEECOMD: : Init::Init dlsym(g_FSHandle secure_ui_start) succeeds
05-04 18:28:09.595   545   545 D QSEECOMAPI: QSEECom_register_listener 16384 sb_length = 0x10a8
05-04 18:28:09.595   502   502 I ThermalEngine: vdd_rstr_init: Init KTM VDD RSTR enabled: 0
05-04 18:28:09.596   502   502 I ThermalEngine: cpr_band_init: Could not read /sys/module/msm_thermal/cpr_band/curr_cpr_band
05-04 18:28:09.596   502   502 I ThermalEngine: sensors_manager_init: Init
05-04 18:28:09.598   491   491 I keystore: Found keymaster1 module Keymaster QTI HAL, version 100
05-04 18:28:09.598   491   491 I SoftKeymaster: system/keymaster/soft_keymaster_device.cpp, Line 122: Creating device
05-04 18:28:09.598   491   491 D SoftKeymaster: system/keymaster/soft_keymaster_device.cpp, Line 123: Device address: 0x7fae323000
05-04 18:28:09.607   492   492 E QCNEA   : Cne Version 4.9
05-04 18:28:09.621   545   545 D QSEECOMD: : Init secure_ui_start ret = 0
05-04 18:28:09.621   545   545 D QSEECOMD: : secure UI services: Started (Listener ID = 16384)
05-04 18:28:09.621   545   545 E QSEECOMD: : Listener: index = 3, hierarchy = 1
05-04 18:28:09.636   545   545 D QSEECOMD: : Init dlopen(libdrmtime.so, RTLD_NOW) succeeds
05-04 18:28:09.636   545   545 D QSEECOMD: : Init::Init dlsym(g_FSHandle atime_start) succeeds
05-04 18:28:09.636   545   545 D DrmLibTime: QSEE Time Listener: atime_start
05-04 18:28:09.636   545   545 D QSEECOMAPI: QSEECom_register_listener 11 sb_length = 0x5000
05-04 18:28:09.648   545   545 D DrmLibTime: registering fs service to QSEECom is done!
05-04 18:28:09.648   545   545 D DrmLibTime: begin to create a thread!
05-04 18:28:09.648   545   545 D DrmLibTime: Creating a pthread in atime_start is done! return 0
05-04 18:28:09.648   545   545 D QSEECOMD: : Init atime_start ret = 0
05-04 18:28:09.648   545   545 D QSEECOMD: : time services: Started (Listener ID = 11)
05-04 18:28:09.648   545   545 E QSEECOMD: : Listener: index = 4, hierarchy = 1
05-04 18:28:09.648   545   545 D QSEECOMD: : Init dlopen(libdrmfs.so, RTLD_NOW) succeeds
05-04 18:28:09.648   545   545 D QSEECOMD: : Init::Init dlsym(g_FSHandle fs_start) succeeds
05-04 18:28:09.648   545   545 D QSEECOMAPI: QSEECom_register_listener 10 sb_length = 0x5000
05-04 18:28:09.649   545   545 D QSEECOMD: : Init fs_start ret = 0
05-04 18:28:09.649   545   545 D QSEECOMD: : file system services: Started (Listener ID = 10)
05-04 18:28:09.649   545   545 E QSEECOMD: : Listener: index = 5, hierarchy = 1
05-04 18:28:09.649   545   545 D QSEECOMD: : Init dlopen(libdrmfs.so, RTLD_NOW) succeeds
05-04 18:28:09.649   545   545 D QSEECOMD: : Init::Init dlsym(g_FSHandle gpfs_start) succeeds
05-04 18:28:09.649   545   545 D QSEECOMAPI: QSEECom_register_listener 28672 sb_length = 0x7e000
05-04 18:28:09.650   542   729 D AudioDaemon: Opening sound card state : /proc/asound/card---/state
05-04 18:28:09.650   542   729 E AudioDaemon: Open /proc/asound/card---/state failed : No such file or directory
05-04 18:28:09.650   542   729 V AudioDaemon: bool android::AudioDaemon::getStateFDs(std::__1::vector<std::__1::pair<int, int> >&): 0 sound cards detected
05-04 18:28:09.650   542   729 E AudioDaemon: Sleeping for 100 ms
05-04 18:28:09.665   787   787 I qcom-bluetooth: /system/etc/init.qcom.bt.sh: Bluetooth stack is Bluedroid 
05-04 18:28:09.668   541   541 D QC-time-services: Daemon:genoff_pre_init::Base = 0
05-04 18:28:09.668   541   541 D QC-time-services: Daemon:ats_rtc_init: Time read from RTC -- year = 117, month = 4,day = 4
05-04 18:28:09.668   541   541 D QC-time-services: Daemon:Value read from RTC seconds = 1493893689000
05-04 18:28:09.668   541   541 D QC-time-services: Daemon:genoff_init_config: ATS_RTC initialized with rc: 0
05-04 18:28:09.668   541   541 D QC-time-services: Daemon:genoff_pre_init::Base = 1
05-04 18:28:09.668   541   541 D QC-time-services: Daemon: Storage Name: ats_1 
05-04 18:28:09.668   541   541 D QC-time-services: Daemon:Opening File: /data/time/ats_1
05-04 18:28:09.668   541   541 D QC-time-services: Daemon:time_persistent_memory_opr:Genoff Read operation 
05-04 18:28:09.668   541   541 D QC-time-services: Daemon:Unable to open filefor read
05-04 18:28:09.668   541   541 D QC-time-services: Daemon:genoff_post_init:Error in accessing storage
05-04 18:28:09.668   541   541 D QC-time-services: Daemon:genoff_pre_init::Base = 2
05-04 18:28:09.668   541   541 D QC-time-services: Daemon: Storage Name: ats_2 
05-04 18:28:09.668   541   541 D QC-time-services: Daemon:Opening File: /data/time/ats_2
05-04 18:28:09.668   541   541 D QC-time-services: Daemon:time_persistent_memory_opr:Genoff Read operation 
05-04 18:28:09.668   541   541 D QC-time-services: Daemon:Unable to open filefor read
05-04 18:28:09.668   541   541 D QC-time-services: Daemon:genoff_post_init:Error in accessing storage
05-04 18:28:09.668   541   541 D QC-time-services: Daemon:genoff_pre_init::Base = 3
05-04 18:28:09.669   541   541 D QC-time-services: Daemon: Storage Name: ats_3 
05-04 18:28:09.669   541   541 D QC-time-services: Daemon:Opening File: /data/time/ats_3
05-04 18:28:09.669   541   541 D QC-time-services: Daemon:time_persistent_memory_opr:Genoff Read operation 
05-04 18:28:09.669   541   541 D QC-time-services: Daemon:Unable to open filefor read
05-04 18:28:09.669   541   541 D QC-time-services: Daemon:genoff_post_init:Error in accessing storage
05-04 18:28:09.671   505   505 E Diag_Lib: qpLogDiagInit <== result : 1
05-04 18:28:09.671   505   505 E Diag_Lib: QMID : gIsQXDMDisabled 0, gIsADBDisabled 1, gIsDebugDisabled 0, gIsIMSLogsDisabled 0
05-04 18:28:09.675   526   526 I gatekeeperd: Starting gatekeeperd...
05-04 18:28:09.676   472   472 D SurfaceFlinger: shader cache generated - 24 shaders in 277.230286 ms
05-04 18:28:09.681   543   543 I TLOC    : [main       ]"TLOC DAEMON main thread [Compiled on: Jul 30 2016:04:05:38]"
05-04 18:28:09.681   543   543 D TLOC    : [TLOCDaemon ]"---------- TLOC Daemon Starts ----------"
05-04 18:28:09.685   545   587 D DrmLibTime: QSEE Time Listener: dispatch
05-04 18:28:09.685   545   587 D DrmLibTime: before calling ioctl to read the next time_cmd
05-04 18:28:09.686   500   500 E Energy-Aware: Freq 1804800 does not have power data
05-04 18:28:09.686   472   472 D qdutils : DEBUG_CALC_FPS: 0
05-04 18:28:09.687   472   472 D qdutils : period: 10
05-04 18:28:09.687   472   472 D qdutils : ignorethresh_us: 500000
05-04 18:28:09.687   545   545 D QSEECOMD: : Init gpfs_start ret = 0
05-04 18:28:09.687   545   545 D QSEECOMD: : gpfile system services: Started (Listener ID = 28672)
05-04 18:28:09.687   545   545 E QSEECOMD: : Listener: index = 6, hierarchy = 1
05-04 18:28:09.698   544   544 D DisplayFeatureService: supported id: 1
05-04 18:28:09.699   477   520 E Sensors : sns_reg.c(459):sys.panel.vendor is not available, retry again
05-04 18:28:09.708   526   526 D gatekeeper_device: HwGkOpen called
05-04 18:28:09.709   541   541 D QC-time-services: Daemon:genoff_pre_init::Base = 4
05-04 18:28:09.709   541   541 D QC-time-services: Daemon: Storage Name: ats_4 
05-04 18:28:09.709   541   541 D QC-time-services: Daemon:Opening File: /data/time/ats_4
05-04 18:28:09.709   541   541 D QC-time-services: Daemon:time_persistent_memory_opr:Genoff Read operation 
05-04 18:28:09.710   541   541 D QC-time-services: Daemon:Unable to open filefor read
05-04 18:28:09.710   541   541 D QC-time-services: Daemon:genoff_post_init:Error in accessing storage
05-04 18:28:09.710   541   541 D QC-time-services: Daemon:genoff_pre_init::Base = 5
05-04 18:28:09.710   541   541 D QC-time-services: Daemon: Storage Name: ats_5 
05-04 18:28:09.710   541   541 D QC-time-services: Daemon:Opening File: /data/time/ats_5
05-04 18:28:09.710   541   541 D QC-time-services: Daemon:time_persistent_memory_opr:Genoff Read operation 
05-04 18:28:09.710   541   541 D QC-time-services: Daemon:Unable to open filefor read
05-04 18:28:09.710   541   541 D QC-time-services: Daemon:genoff_post_init:Error in accessing storage
05-04 18:28:09.710   541   541 D QC-time-services: Daemon:genoff_pre_init::Base = 6
05-04 18:28:09.710   541   541 D QC-time-services: Daemon: Storage Name: ats_6 
05-04 18:28:09.710   541   541 D QC-time-services: Daemon:Opening File: /data/time/ats_6
05-04 18:28:09.710   541   541 D QC-time-services: Daemon:time_persistent_memory_opr:Genoff Read operation 
05-04 18:28:09.710   541   541 D QC-time-services: Daemon:Unable to open filefor read
05-04 18:28:09.710   541   541 D QC-time-services: Daemon:genoff_post_init:Error in accessing storage
05-04 18:28:09.710   541   541 D QC-time-services: Daemon:genoff_pre_init::Base = 7
05-04 18:28:09.710   541   541 D QC-time-services: Daemon: Storage Name: ats_7 
05-04 18:28:09.710   541   541 D QC-time-services: Daemon:Opening File: /data/time/ats_7
05-04 18:28:09.710   541   541 D QC-time-services: Daemon:time_persistent_memory_opr:Genoff Read operation 
05-04 18:28:09.710   541   541 D QC-time-services: Daemon:Unable to open filefor read
05-04 18:28:09.710   541   541 D QC-time-services: Daemon:genoff_post_init:Error in accessing storage
05-04 18:28:09.710   541   541 D QC-time-services: Daemon:genoff_pre_init::Base = 8
05-04 18:28:09.710   541   541 D QC-time-services: Daemon: Storage Name: ats_8 
05-04 18:28:09.710   541   541 D QC-time-services: Daemon:Opening File: /data/time/ats_8
05-04 18:28:09.710   541   541 D QC-time-services: Daemon:time_persistent_memory_opr:Genoff Read operation 
05-04 18:28:09.710   541   541 D QC-time-services: Daemon:Unable to open filefor read
05-04 18:28:09.710   541   541 D QC-time-services: Daemon:genoff_post_init:Error in accessing storage
05-04 18:28:09.710   541   541 D QC-time-services: Daemon:genoff_pre_init::Base = 9
05-04 18:28:09.710   541   541 D QC-time-services: Daemon: Storage Name: ats_9 
05-04 18:28:09.710   541   541 D QC-time-services: Daemon:Opening File: /data/time/ats_9
05-04 18:28:09.710   541   541 D QC-time-services: Daemon:time_persistent_memory_opr:Genoff Read operation 
05-04 18:28:09.710   541   541 D QC-time-services: Daemon:Unable to open filefor read
05-04 18:28:09.710   541   541 D QC-time-services: Daemon:genoff_post_init:Error in accessing storage
05-04 18:28:09.711   541   541 D QC-time-services: Daemon:genoff_pre_init::Base = 10
05-04 18:28:09.711   541   541 D QC-time-services: Daemon: Storage Name: ats_10 
05-04 18:28:09.711   541   541 D QC-time-services: Daemon:Opening File: /data/time/ats_10
05-04 18:28:09.711   541   541 D QC-time-services: Daemon:time_persistent_memory_opr:Genoff Read operation 
05-04 18:28:09.711   541   541 D QC-time-services: Daemon:Unable to open filefor read
05-04 18:28:09.711   541   541 D QC-time-services: Daemon:genoff_post_init:Error in accessing storage
05-04 18:28:09.711   541   541 D QC-time-services: Daemon:genoff_pre_init::Base = 11
05-04 18:28:09.711   541   541 D QC-time-services: Daemon: Storage Name: ats_11 
05-04 18:28:09.711   541   541 D QC-time-services: Daemon:Opening File: /data/time/ats_11
05-04 18:28:09.711   541   541 D QC-time-services: Daemon:time_persistent_memory_opr:Genoff Read operation 
05-04 18:28:09.711   541   541 D QC-time-services: Daemon:Unable to open filefor read
05-04 18:28:09.711   541   541 D QC-time-services: Daemon:genoff_post_init:Error in accessing storage
05-04 18:28:09.711   541   541 D QC-time-services: Daemon:genoff_pre_init::Base = 12
05-04 18:28:09.711   541   541 D QC-time-services: Daemon: Storage Name: ats_12 
05-04 18:28:09.711   541   541 D QC-time-services: Daemon:Opening File: /data/time/ats_12
05-04 18:28:09.711   541   541 D QC-time-services: Daemon:time_persistent_memory_opr:Genoff Read operation 
05-04 18:28:09.711   541   541 D QC-time-services: Daemon:Unable to open filefor read
05-04 18:28:09.711   541   541 D QC-time-services: Daemon:genoff_post_init:Error in accessing storage
05-04 18:28:09.711   541   541 D QC-time-services: Daemon:genoff_pre_init::Base = 13
05-04 18:28:09.711   541   541 D QC-time-services: Daemon: Storage Name: ats_13 
05-04 18:28:09.711   541   541 D QC-time-services: Daemon:Opening File: /data/time/ats_13
05-04 18:28:09.711   541   541 D QC-time-services: Daemon:time_persistent_memory_opr:Genoff Read operation 
05-04 18:28:09.711   541   541 D QC-time-services: Daemon:Unable to open filefor read
05-04 18:28:09.711   541   541 D QC-time-services: Daemon:genoff_post_init:Error in accessing storage
05-04 18:28:09.711   541   541 D QC-time-services: Daemon:genoff_pre_init::Base = 14
05-04 18:28:09.711   541   541 D QC-time-services: Daemon: Storage Name: ats_14 
05-04 18:28:09.711   541   541 D QC-time-services: Daemon:Opening File: /data/time/ats_14
05-04 18:28:09.711   541   541 D QC-time-services: Daemon:time_persistent_memory_opr:Genoff Read operation 
05-04 18:28:09.711   541   541 D QC-time-services: Daemon:Unable to open filefor read
05-04 18:28:09.711   541   541 D QC-time-services: Daemon:genoff_post_init:Error in accessing storage
05-04 18:28:09.711   541   541 D QC-time-services: Daemon:genoff_init_config: Other bases initilized, exiting genoff_init
05-04 18:28:09.712   541   541 D QC-time-services: Daemon:rtc_get: Time read from RTC -- MM/DD/YY HH:MM:SS4/4/117 10:28:9
05-04 18:28:09.712   541   541 D QC-time-services: Daemon:Value read from RTC mseconds = 1493893689000
05-04 18:28:09.712   541   541 D QC-time-services: Daemon:Value read from QTimer mseconds = 10231
05-04 18:28:09.712   541   541 D QC-time-services: Daemon:genoff_opr: Base = 1, val = 548189212672, operation = 1
05-04 18:28:09.712   541   541 D QC-time-services: Daemon: genoff get for 1
05-04 18:28:09.712   541   541 D QC-time-services: Daemon:Value read from QTimer mseconds = 10231
05-04 18:28:09.712   541   541 D QC-time-services: Daemon:Value read from RTC mseconds on boot = 1493893689000
05-04 18:28:09.712   541   541 D QC-time-services: Daemon:Value read from QTimer mseconds = 10231
05-04 18:28:09.712   541   541 D QC-time-services: Daemon:Value read from generic offset = 0
05-04 18:28:09.712   541   541 D QC-time-services: Daemon:Delta read on boot mseconds = 1493893678769
05-04 18:28:09.712   541   541 D QC-time-services: Daemon:Final Time = 1493893689000
05-04 18:28:09.712   541   541 E QC-time-services: Daemon:genoff_boot_tod_init: Unable to open alarm device
05-04 18:28:09.712   541   541 E QC-time-services: Daemon:genoff_boot_tod_init: Updating system time to sec=1493893689, usec=0
05-04 18:28:09.719   545   545 D QSEECOMD: : Init dlopen(libqisl.so, RTLD_NOW) succeeds
05-04 18:28:09.719   545   545 D QSEECOMD: : Init::Init dlsym(g_FSHandle qisl_start) succeeds
05-04 18:28:09.720   620   620 I init    : type=1400 audit(0.0:3): avc: denied { create } for name="iop" scontext=u:r:init:s0 tcontext=u:object_r:socket_device:s0 tclass=sock_file permissive=1
05-04 18:28:09.720   620   620 I init    : type=1400 audit(0.0:4): avc: denied { setattr } for name="iop" dev="tmpfs" ino=15327 scontext=u:r:init:s0 tcontext=u:object_r:socket_device:s0 tclass=sock_file permissive=1
05-04 18:28:09.723   544   544 D DisplayFeatureService: supported id: 2
05-04 18:28:09.723   544   544 D DisplayFeatureService: supported id: 3
05-04 18:28:09.723   544   544 D DisplayFeatureService: supported id: 4
05-04 18:28:09.723   544   544 D DisplayFeatureService: supported id: 5
05-04 18:28:09.723   544   544 D DisplayFeatureService: supported id: 6
05-04 18:28:09.725   550   550 E PerMgrProxy: Starting pm-proxy service
05-04 18:28:09.726   545   631 I QISL    : QSEE Interrupt Service Listener Thread is started
05-04 18:28:09.727   539   539 I fingerprintd: Starting fingerprintd
05-04 18:28:09.727   545   631 D QSEECOMAPI: QSEECom_register_listener 36864 sb_length = 0x1f4
05-04 18:28:09.731   544   544 I displayfeature: ServiceManager: 0x7f980a10c0
05-04 18:28:09.737   544   544 I DisplayFeatureService: add DisplayFeatureControl into ServiceManager
05-04 18:28:09.737   543   543 D TLOC    : [TLOCChannel]"The channel was initialized successfully for TLOCD"
05-04 18:28:09.737   543   543 D TLOC    : [TLOCChannel]"The channel was initialized successfully for TLOCL"
05-04 18:28:09.737   543   543 D TLOC    : [TLOCChannel]"The channel was initialized successfully for MODEM"
05-04 18:28:09.737   543   543 D TLOC    : [TLOCChannel]"TLOCChannel was initialized successfully"
05-04 18:28:09.737   543   543 D TLOC    : [TLOCChannel] "TLOCChannel is already initialized"
05-04 18:28:09.742   545   631 I QISL    : QSEE Interrupt Service Listener was activated successfully
05-04 18:28:09.742   545   545 D QSEECOMD: : Init qisl_start ret = 0
05-04 18:28:09.742   545   545 D QSEECOMD: : interrupt services: Started (Listener ID = 36864)
05-04 18:28:09.742   545   545 E QSEECOMD: : Listener: index = 7, hierarchy = 1
05-04 18:28:09.745   529   613 E QMI_FW  : QMUXD: WARNING qmi_qmux_if_pwr_up_init failed! rc=-1
05-04 18:28:09.746   545   545 D QSEECOMD: : Init dlopen(libGPreqcancel.so, RTLD_NOW) succeeds
05-04 18:28:09.746   545   545 D QSEECOMD: : Init::Init dlsym(g_FSHandle gp_reqcancel_start) succeeds
