05-06 10:24:34.863  1618  1618 W PackageManager: Permission com.meizu.permission.mtp.LOCK from package com.android.providers.media in an unknown group android.permission-group.SYSTEM_TOOLS
05-06 10:24:34.906  1618  1618 I PackageManager: /system/priv-app/Mms changed; collecting certs
05-06 10:24:35.090  1618  1618 E NativeLibraryHelper: Failed to load assets verifier: 0
05-06 10:24:35.094  1618  1618 E PackageManager: Package: Package{f6fcdcc com.android.mms} has multiple bundled libs, but is not multiarch.
05-06 10:24:35.098  1618  1618 I PackageManager: /system/priv-app/MmsService changed; collecting certs
05-06 10:24:35.108  1618  1618 E NativeLibraryHelper: Failed to load assets verifier: 0
05-06 10:24:35.140  1618  1618 I PackageManager: /system/priv-app/Music changed; collecting certs
05-06 10:24:35.372   595   750 E slim_daemon: [NDK] bindNDKSensors: Sensor server is unavailable.
05-06 10:24:35.382  1618  1618 I PackageManager: /system/priv-app/MusicFX changed; collecting certs
05-06 10:24:35.473  1618  1618 E NativeLibraryHelper: Failed to load assets verifier: 0
05-06 10:24:35.498  1618  1618 W PackageParser: Unknown element under <manifest>: receiver at /system/priv-app/MzAccountPlugin/MzAccountPlugin.apk Binary XML file line #54
05-06 10:24:35.501  1618  1618 I PackageManager: /system/priv-app/MzAccountPlugin changed; collecting certs
05-06 10:24:35.590   555   830 I ServiceManager: Waiting for service sensorservice...
05-06 10:24:35.661  1618  1618 I PackageManager: /system/priv-app/MzBackup changed; collecting certs
05-06 10:24:35.791  1618  1618 E NativeLibraryHelper: Failed to load assets verifier: 0
05-06 10:24:35.812  1618  1618 I PackageManager: /system/priv-app/MzCallSetting changed; collecting certs
05-06 10:24:35.912  1618  1618 E NativeLibraryHelper: Failed to load assets verifier: 0
05-06 10:24:35.940  1618  1618 W PackageParser: Unknown element under <manifest>: receiver at /system/priv-app/MzInput/MzInput.apk Binary XML file line #64
05-06 10:24:35.942  1618  1618 I PackageManager: /system/priv-app/MzInput changed; collecting certs
05-06 10:24:36.226  1618  1618 E NativeLibraryHelper: Failed to load assets verifier: 0
05-06 10:24:36.257  1618  1618 I PackageManager: /system/priv-app/NetContactService changed; collecting certs
05-06 10:24:36.373   595   750 E slim_daemon: [NDK] bindNDKSensors: Sensor server is unavailable.
05-06 10:24:36.488  1618  1618 E NativeLibraryHelper: Failed to load assets verifier: 0
05-06 10:24:36.495  1618  1618 I PackageManager: /system/priv-app/OneTimeInitializer changed; collecting certs
05-06 10:24:36.503  1618  1618 E NativeLibraryHelper: Failed to load assets verifier: 0
05-06 10:24:36.518  1618  1618 W PackageParser: Ignoring duplicate uses-permissions/uses-permissions-sdk-m: android.permission.WRITE_SECURE_SETTINGS in package: com.android.packageinstaller at: Binary XML file line #22
05-06 10:24:36.518  1618  1618 W PackageParser: Ignoring duplicate uses-permissions/uses-permissions-sdk-m: com.meizu.flyme.appcenter.permission.action.perform in package: com.android.packageinstaller at: Binary XML file line #36
05-06 10:24:36.518  1618  1618 W PackageParser: Ignoring duplicate uses-permissions/uses-permissions-sdk-m: android.permission.GET_TASKS in package: com.android.packageinstaller at: Binary XML file line #37
05-06 10:24:36.518  1618  1618 W PackageParser: Ignoring duplicate uses-permissions/uses-permissions-sdk-m: android.permission.GET_ACCOUNTS in package: com.android.packageinstaller at: Binary XML file line #38
05-06 10:24:36.518  1618  1618 W PackageParser: Ignoring duplicate uses-permissions/uses-permissions-sdk-m: android.permission.GET_PACKAGE_SIZE in package: com.android.packageinstaller at: Binary XML file line #39
05-06 10:24:36.518  1618  1618 W PackageParser: Ignoring duplicate uses-permissions/uses-permissions-sdk-m: com.meizu.flyme.appcenter.permission.EXTERNAL_INSTALL in package: com.android.packageinstaller at: Binary XML file line #40
05-06 10:24:36.518  1618  1618 W PackageParser: Ignoring duplicate uses-permissions/uses-permissions-sdk-m: com.meizu.mstore.permission.CHECK_UPDATE in package: com.android.packageinstaller at: Binary XML file line #41
05-06 10:24:36.520  1618  1618 I PackageManager: /system/priv-app/PackageInstaller changed; collecting certs
05-06 10:24:36.590   555   830 I ServiceManager: Waiting for service sensorservice...
05-06 10:24:36.653  1618  1618 E NativeLibraryHelper: Failed to load assets verifier: 0
05-06 10:24:36.669  1618  1618 I PackageManager: /system/priv-app/PerfUI changed; collecting certs
05-06 10:24:36.765  1618  1618 E NativeLibraryHelper: Failed to load assets verifier: 0
05-06 10:24:36.780  1618  1618 I PackageManager: /system/priv-app/PowerSaveModeHome changed; collecting certs
05-06 10:24:36.860  1618  1618 E NativeLibraryHelper: Failed to load assets verifier: 0
05-06 10:24:36.866  1618  1618 I PackageManager: /system/priv-app/ProxyHandler changed; collecting certs
05-06 10:24:36.876  1618  1618 E NativeLibraryHelper: Failed to load assets verifier: 0
05-06 10:24:36.881  1618  1618 W PackageParser: Ignoring duplicate uses-permissions/uses-permissions-sdk-m: android.permission.READ_PHONE_STATE in package: com.meizu.sceneinfo at: Binary XML file line #16
05-06 10:24:36.882  1618  1618 I PackageManager: /system/priv-app/SceneInfo changed; collecting certs
05-06 10:24:36.892  1618  1618 E NativeLibraryHelper: Failed to load assets verifier: 0
05-06 10:24:36.892  1618  1618 E PackageManager: Package: Package{6271791 com.meizu.sceneinfo} has multiple bundled libs, but is not multiarch.
05-06 10:24:36.925  1618  1618 W PackageParser: Ignoring duplicate uses-permissions/uses-permissions-sdk-m: android.permission.RECEIVE_BOOT_COMPLETED in package: com.android.settings at: Binary XML file line #62
05-06 10:24:36.961  1618  1618 I PackageManager: /system/priv-app/Settings changed; collecting certs
05-06 10:24:37.232  1618  1618 E NativeLibraryHelper: Failed to load assets verifier: 0
05-06 10:24:37.243  1618  1618 I PackageManager: /system/priv-app/SettingsProvider changed; collecting certs
05-06 10:24:37.253  1618  1618 E NativeLibraryHelper: Failed to load assets verifier: 0
05-06 10:24:37.257  1618  1618 I PackageManager: /system/priv-app/SharedStorageBackup changed; collecting certs
05-06 10:24:37.266  1618  1618 E NativeLibraryHelper: Failed to load assets verifier: 0
05-06 10:24:37.273  1618  1618 W PackageParser: Ignoring duplicate uses-permissions/uses-permissions-sdk-m: android.permission.INSTALL_GRANT_RUNTIME_PERMISSIONS in package: com.android.shell at: Binary XML file line #101
05-06 10:24:37.274  1618  1618 I PackageManager: /system/priv-app/Shell changed; collecting certs
05-06 10:24:37.285  1618  1618 E NativeLibraryHelper: Failed to load assets verifier: 0
05-06 10:24:37.305  1618  1618 I PackageManager: /system/priv-app/SoundRecorder changed; collecting certs
05-06 10:24:37.375   595   750 E slim_daemon: [NDK] bindNDKSensors: Sensor server is unavailable.
05-06 10:24:37.401  1618  1618 E NativeLibraryHelper: Failed to load assets verifier: 0
05-06 10:24:37.408  1618  1618 I PackageManager: /system/priv-app/StatementService changed; collecting certs
05-06 10:24:37.416  1618  1618 E NativeLibraryHelper: Failed to load assets verifier: 0
05-06 10:24:37.442  1618  1618 W PackageParser: No actions in intent filter at /system/priv-app/SystemUI/SystemUI.apk Binary XML file line #184
05-06 10:24:37.444  1618  1618 I PackageManager: /system/priv-app/SystemUI changed; collecting certs
05-06 10:24:37.675  1618  1618 I PackageManager: New shared user android.uid.systemui: id=10033
05-06 10:24:37.681  1618  1618 E NativeLibraryHelper: Failed to load assets verifier: 0
05-06 10:24:37.685  1618  1618 E PackageManager: Package: Package{26d67be com.android.systemui} has multiple bundled libs, but is not multiarch.
05-06 10:24:37.705  1618  1618 I PackageManager: /system/priv-app/SystemUITools changed; collecting certs
05-06 10:24:37.824  1618  1618 E NativeLibraryHelper: Failed to load assets verifier: 0
05-06 10:24:37.830  1618  1618 E PackageManager: Package: Package{e313b21 com.flyme.systemuitools} has multiple bundled libs, but is not multiarch.
05-06 10:24:37.836  1618  1618 I PackageManager: /system/priv-app/Tag changed; collecting certs
05-06 10:24:37.846  1618  1618 E NativeLibraryHelper: Failed to load assets verifier: 0
05-06 10:24:37.868  1618  1618 W PackageParser: Ignoring duplicate uses-permissions/uses-permissions-sdk-m: android.permission.READ_PRIVILEGED_PHONE_STATE in package: com.android.phone at: Binary XML file line #59
05-06 10:24:37.881  1618  1618 I PackageManager: /system/priv-app/TeleService changed; collecting certs
05-06 10:24:38.000  1618  1618 E NativeLibraryHelper: Failed to load assets verifier: 0
05-06 10:24:38.019  1618  1618 I PackageManager: /system/priv-app/Telecom changed; collecting certs
05-06 10:24:38.094  1618  1618 E NativeLibraryHelper: Failed to load assets verifier: 0
05-06 10:24:38.103  1618  1618 I PackageManager: /system/priv-app/TelephonyProvider changed; collecting certs
05-06 10:24:38.112  1618  1618 E NativeLibraryHelper: Failed to load assets verifier: 0
05-06 10:24:38.134  1618  1618 W PackageParser: Ignoring duplicate uses-permissions/uses-permissions-sdk-m: android.permission.WRITE_EXTERNAL_STORAGE in package: com.meizu.media.video at: Binary XML file line #69
05-06 10:24:38.138  1618  1618 I PackageManager: /system/priv-app/Video changed; collecting certs
05-06 10:24:38.371  1618  1618 I PackageManager: /system/priv-app/VoiceAssistant changed; collecting certs
05-06 10:24:38.375   595   750 E slim_daemon: [NDK] bindNDKSensors: Sensor server is unavailable.
05-06 10:24:38.453   537   568 E QCALOG  : [MessageQ] ProcessNewMessage: [XTWiFi-PE] unknown deliver target [OS-Agent]
05-06 10:24:38.497  1618  1618 E NativeLibraryHelper: Failed to load assets verifier: 0
05-06 10:24:38.500  1618  1618 E PackageManager: Package: Package{58c5c62 com.meizu.voiceassistant} has multiple bundled libs, but is not multiarch.
05-06 10:24:38.509  1618  1618 I PackageManager: /system/priv-app/VpnDialogs changed; collecting certs
05-06 10:24:38.545   537   568 E QCALOG  : [MessageQ] ProcessNewMessage: [XT-CS] unknown deliver target [OS-Agent]
05-06 10:24:38.547   594   779 W XTCC-5.1.0.10: [CS-RIL-LISTENER] timerCallback fired for ril update registering, re-register
05-06 10:24:38.548   537   568 E QCALOG  : [MessageQ] ProcessNewMessage: [XT-CS] unknown deliver target [OS-Agent]
05-06 10:24:38.581  1618  1618 E NativeLibraryHelper: Failed to load assets verifier: 0
05-06 10:24:38.591   555   830 I ServiceManager: Waiting for service sensorservice...
05-06 10:24:38.606  1618  1618 I PackageManager: /system/priv-app/Wallet changed; collecting certs
05-06 10:24:38.722  1618  1618 E NativeLibraryHelper: Failed to load assets verifier: 0
05-06 10:24:38.732  1618  1618 I PackageManager: /system/priv-app/WallpaperCropper changed; collecting certs
05-06 10:24:38.741  1618  1618 E NativeLibraryHelper: Failed to load assets verifier: 0
05-06 10:24:38.761  1618  1618 W PackageParser: Ignoring duplicate uses-permissions/uses-permissions-sdk-m: android.permission.READ_EXTERNAL_STORAGE in package: com.meizu.yellowpage at: Binary XML file line #55
05-06 10:24:38.764  1618  1618 I PackageManager: /system/priv-app/YellowPage changed; collecting certs
05-06 10:24:38.840  1618  1618 E NativeLibraryHelper: Failed to load assets verifier: 0
05-06 10:24:38.886  1618  1618 I PackageManager: /system/app/AlarmClock changed; collecting certs
05-06 10:24:38.968  1618  1618 E NativeLibraryHelper: Failed to load assets verifier: 0
05-06 10:24:39.004  1618  1618 I PackageManager: /system/app/AppCenter changed; collecting certs
05-06 10:24:39.124  1618  1618 E NativeLibraryHelper: Failed to load assets verifier: 0
05-06 10:24:39.145  1618  1618 W PackageParser: Ignoring duplicate uses-permissions/uses-permissions-sdk-m: android.permission.READ_CONTACTS in package: com.android.bluetooth at: Binary XML file line #64
05-06 10:24:39.147  1618  1618 W PackageParser: No actions in intent filter at /system/app/Bluetooth/Bluetooth.apk Binary XML file line #235
05-06 10:24:39.149  1618  1618 I PackageManager: /system/app/Bluetooth changed; collecting certs
05-06 10:24:39.163  1618  1618 E NativeLibraryHelper: Failed to load assets verifier: 0
05-06 10:24:39.175  1618  1618 W PackageParser: Unknown element under <application>: uses-feature at /system/app/BluetoothExt/BluetoothExt.apk Binary XML file line #57
05-06 10:24:39.176  1618  1618 W PackageParser: No actions in intent filter at /system/app/BluetoothExt/BluetoothExt.apk Binary XML file line #137
05-06 10:24:39.176  1618  1618 W PackageParser: No actions in intent filter at /system/app/BluetoothExt/BluetoothExt.apk Binary XML file line #161
05-06 10:24:39.176  1618  1618 I PackageManager: /system/app/BluetoothExt changed; collecting certs
05-06 10:24:39.190  1618  1618 E NativeLibraryHelper: Failed to load assets verifier: 0
05-06 10:24:39.202  1618  1618 I PackageManager: /system/app/BluetoothMidiService changed; collecting certs
05-06 10:24:39.214  1618  1618 E NativeLibraryHelper: Failed to load assets verifier: 0
05-06 10:24:39.222  1618  1618 I PackageManager: /system/app/Bridge changed; collecting certs
05-06 10:24:39.233  1618  1618 E NativeLibraryHelper: Failed to load assets verifier: 0
05-06 10:24:39.261  1618  1618 W PackageParser: Ignoring duplicate uses-permissions/uses-permissions-sdk-m: android.permission.READ_EXTERNAL_STORAGE in package: com.meizu.flyme.calculator at: Binary XML file line #48
05-06 10:24:39.263  1618  1618 I PackageManager: /system/app/Calculator changed; collecting certs
05-06 10:24:39.376   595   750 E slim_daemon: [NDK] bindNDKSensors: Sensor server is unavailable.
05-06 10:24:39.440  1618  1618 E NativeLibraryHelper: Failed to load assets verifier: 0
05-06 10:24:39.477  1618  1618 I PackageManager: /system/app/Calendar changed; collecting certs
05-06 10:24:39.591   555   830 I ServiceManager: Waiting for service sensorservice...
05-06 10:24:39.665  1618  1618 E NativeLibraryHelper: Failed to load assets verifier: 0
05-06 10:24:39.693  1618  1618 I PackageManager: /system/app/Camera changed; collecting certs
05-06 10:24:39.903  1618  1618 E NativeLibraryHelper: Failed to load assets verifier: 0
05-06 10:24:39.910  1618  1618 I PackageManager: /system/app/CaptivePortalLogin changed; collecting certs
05-06 10:24:39.920  1618  1618 E NativeLibraryHelper: Failed to load assets verifier: 0
05-06 10:24:39.937  1618  1618 I PackageManager: /system/app/CertInstaller changed; collecting certs
05-06 10:24:40.027  1618  1618 E NativeLibraryHelper: Failed to load assets verifier: 0
05-06 10:24:40.069  1618  1618 I PackageManager: /system/app/ConnectivitySettings changed; collecting certs
05-06 10:24:40.179   477   497 E Sensors : sns_debug_main.c(420):Debug Timer Callback called
05-06 10:24:40.180   477   497 E Sensors : sns_debug_main.c(313):Setting SNS TX MODE to STREAMING!
05-06 10:24:40.180   477   497 E Sensors : sns_debug_main.c(319):Set SNS TX MODE return val:1
05-06 10:24:40.231  1618  1618 E NativeLibraryHelper: Failed to load assets verifier: 0
05-06 10:24:40.242  1618  1618 I PackageManager: /system/app/CosMaster changed; collecting certs
05-06 10:24:40.259  1618  1618 E NativeLibraryHelper: Failed to load assets verifier: 0
05-06 10:24:40.262  1618  1618 E PackageManager: Package: Package{5fa69f2 com.flyme.virtual.softsim} has multiple bundled libs, but is not multiarch.
05-06 10:24:40.285  1618  1618 I PackageManager: /system/app/DesktopBackup changed; collecting certs
05-06 10:24:40.326   727   727 I perfd   : type=1400 audit(0.0:7): avc: denied { kill } for capability=5 scontext=u:r:perfd:s0 tcontext=u:r:perfd:s0 tclass=capability permissive=1
05-06 10:24:40.378   595   750 E slim_daemon: [NDK] bindNDKSensors: Sensor server is unavailable.
05-06 10:24:40.386  1618  1618 E NativeLibraryHelper: Failed to load assets verifier: 0
05-06 10:24:40.388  1618  1618 W PackageManager: Permission com.meizu.desktopbackup.permission.READ_WRITE_SYNC_INFO from package com.meizu.desktopbackup in an unknown group android.permission-group.PERSONAL_INFO
05-06 10:24:40.409  1618  1618 I PackageManager: /system/app/DocumentsUI changed; collecting certs
05-06 10:24:40.503  1618  1618 E NativeLibraryHelper: Failed to load assets verifier: 0
05-06 10:24:40.525  1618  1618 I PackageManager: /system/app/DownloadProviderUi changed; collecting certs
05-06 10:24:40.591   555   830 I ServiceManager: Waiting for service sensorservice...
05-06 10:24:40.629  1618  1618 E NativeLibraryHelper: Failed to load assets verifier: 0
05-06 10:24:40.658  1618  1618 W PackageParser: No actions in intent filter at /system/app/FileManager/FileManager.apk Binary XML file line #258
05-06 10:24:40.661  1618  1618 I PackageManager: /system/app/FileManager changed; collecting certs
05-06 10:24:40.786  1618  1618 E NativeLibraryHelper: Failed to load assets verifier: 0
05-06 10:24:40.811  1618  1618 W PackageParser: Unknown element under <manifest>: meta-data at /system/app/GameCenter/GameCenter.apk Binary XML file line #60
05-06 10:24:40.816  1618  1618 I PackageManager: /system/app/GameCenter changed; collecting certs
05-06 10:24:41.019  1618  1618 E NativeLibraryHelper: Failed to load assets verifier: 0
05-06 10:24:41.030  1618  1618 I PackageManager: /system/app/HTMLViewer changed; collecting certs
05-06 10:24:41.038  1618  1618 E NativeLibraryHelper: Failed to load assets verifier: 0
05-06 10:24:41.049  1618  1618 I PackageManager: /system/app/IflytekSpeechService changed; collecting certs
05-06 10:24:41.067  1618  1618 E NativeLibraryHelper: Failed to load assets verifier: 0
05-06 10:24:41.072  1618  1618 I PackageManager: /system/app/KeyChain changed; collecting certs
05-06 10:24:41.081  1618  1618 E NativeLibraryHelper: Failed to load assets verifier: 0
05-06 10:24:41.109  1618  1618 I PackageManager: /system/app/Life changed; collecting certs
05-06 10:24:41.257  1618  1618 I PackageManager: /system/app/LockScreenFramework changed; collecting certs
05-06 10:24:41.272  1618  1618 E NativeLibraryHelper: Failed to load assets verifier: 0
05-06 10:24:41.290  1618  1618 W PackageParser: Ignoring duplicate uses-permissions/uses-permissions-sdk-m: android.permission.MANAGE_ACCOUNTS in package: com.meizu.flyme.mall at: Binary XML file line #18
05-06 10:24:41.290  1618  1618 W PackageParser: Ignoring duplicate uses-permissions/uses-permissions-sdk-m: android.permission.USE_CREDENTIALS in package: com.meizu.flyme.mall at: Binary XML file line #19
05-06 10:24:41.295  1618  1618 I PackageManager: /system/app/Mall changed; collecting certs
05-06 10:24:41.379   595   750 E slim_daemon: [NDK] bindNDKSensors: Sensor server is unavailable.
05-06 10:24:41.401  1618  1618 E NativeLibraryHelper: Failed to load assets verifier: 0
05-06 10:24:41.447  1618  1618 I PackageManager: /system/app/Map changed; collecting certs
05-06 10:24:41.592   555   830 I ServiceManager: Waiting for service sensorservice...
05-06 10:24:41.666  1618  1618 I PackageManager: /system/app/MzAccount changed; collecting certs
05-06 10:24:41.802  1618  1618 E NativeLibraryHelper: Failed to load assets verifier: 0
05-06 10:24:41.803  1618  1618 E PackageManager: Package: Package{d4c7b13 com.meizu.account} has multiple bundled libs, but is not multiarch.
05-06 10:24:41.821  1618  1618 W PackageParser: Ignoring duplicate uses-permissions/uses-permissions-sdk-m: android.permission.READ_EXTERNAL_STORAGE in package: com.meizu.battery at: Binary XML file line #76
05-06 10:24:41.822  1618  1618 W PackageParser: No actions in intent filter at /system/app/MzBatteryManager/MzBatteryManager.apk Binary XML file line #184
05-06 10:24:41.823  1618  1618 I PackageManager: /system/app/MzBatteryManager changed; collecting certs
05-06 10:24:41.953  1618  1618 E NativeLibraryHelper: Failed to load assets verifier: 0
05-06 10:24:41.965  1618  1618 I PackageManager: /system/app/MzCloudService changed; collecting certs
05-06 10:24:41.974  1618  1618 E NativeLibraryHelper: Failed to load assets verifier: 0
05-06 10:24:41.999  1618  1618 I PackageManager: /system/app/MzCompaign changed; collecting certs
05-06 10:24:42.139  1618  1618 E NativeLibraryHelper: Failed to load assets verifier: 0
05-06 10:24:42.151  1618  1618 I PackageManager: /system/app/MzCountService changed; collecting certs
05-06 10:24:42.159  1618  1618 E NativeLibraryHelper: Failed to load assets verifier: 0
05-06 10:24:42.175  1618  1618 W PackageParser: Ignoring duplicate uses-permissions/uses-permissions-sdk-m: android.permission.READ_EXTERNAL_STORAGE in package: com.meizu.account.pay at: Binary XML file line #39
05-06 10:24:42.178  1618  1618 I PackageManager: /system/app/MzPay changed; collecting certs
05-06 10:24:42.284  1618  1618 E NativeLibraryHelper: Failed to load assets verifier: 0
05-06 10:24:42.309  1618  1618 I PackageManager: /system/app/MzPhoneLocationService changed; collecting certs
05-06 10:24:42.380   595   750 E slim_daemon: [NDK] bindNDKSensors: Sensor server is unavailable.
05-06 10:24:42.409  1618  1618 E NativeLibraryHelper: Failed to load assets verifier: 0
05-06 10:24:42.454  1618  1618 I PackageManager: /system/app/MzSecurity changed; collecting certs
05-06 10:24:42.592   555   830 I ServiceManager: Waiting for service sensorservice...
05-06 10:24:42.611  1618  1618 E NativeLibraryHelper: Failed to load assets verifier: 0
05-06 10:24:42.614  1618  1618 E PackageManager: Package: Package{c2f3abb com.meizu.safe} has multiple bundled libs, but is not multiarch.
05-06 10:24:42.638  1618  1618 I PackageManager: /system/app/MzSetupWizard changed; collecting certs
05-06 10:24:42.731  1618  1618 E NativeLibraryHelper: Failed to load assets verifier: 0
05-06 10:24:42.734  1618  1618 E PackageManager: Package: Package{1d47098 com.meizu.setup} has multiple bundled libs, but is not multiarch.
05-06 10:24:42.754  1618  1618 I PackageManager: /system/app/MzShare changed; collecting certs
05-06 10:24:42.859  1618  1618 E NativeLibraryHelper: Failed to load assets verifier: 0
05-06 10:24:42.879  1618  1618 I PackageManager: /system/app/MzSimContacts changed; collecting certs
05-06 10:24:42.979  1618  1618 E NativeLibraryHelper: Failed to load assets verifier: 0
05-06 10:24:43.001  1618  1618 W PackageParser: No actions in intent filter at /system/app/MzSyncService/MzSyncService.apk Binary XML file line #345
05-06 10:24:43.002  1618  1618 I PackageManager: /system/app/MzSyncService changed; collecting certs
05-06 10:24:43.120  1618  1618 E NativeLibraryHelper: Failed to load assets verifier: 0
05-06 10:24:43.122  1618  1618 W PackageManager: Permission com.meizu.mzsyncservice.permission.READ_WRITE_SYNC_INFO from package com.meizu.mzsyncservice in an unknown group android.permission-group.PERSONAL_INFO
05-06 10:24:43.142  1618  1618 I PackageManager: /system/app/MzUpdate changed; collecting certs
05-06 10:24:43.252  1618  1618 E NativeLibraryHelper: Failed to load assets verifier: 0
05-06 10:24:43.256  1618  1618 E PackageManager: Package: Package{83304ff com.meizu.flyme.update} has multiple bundled libs, but is not multiarch.
05-06 10:24:43.277  1618  1618 I PackageManager: /system/app/NetAdmin changed; collecting certs
05-06 10:24:43.374  1618  1618 E NativeLibraryHelper: Failed to load assets verifier: 0
05-06 10:24:43.377  1618  1618 E PackageManager: Package: Package{1ba980b com.flyme.netadmin} has multiple bundled libs, but is not multiarch.
05-06 10:24:43.381   595   750 E slim_daemon: [NDK] bindNDKSensors: Sensor server is unavailable.
05-06 10:24:43.392  1618  1618 W PackageParser: Unknown element under <manifest>: meta-data at /system/app/NotePaper/NotePaper.apk Binary XML file line #13
05-06 10:24:43.402  1618  1618 I PackageManager: /system/app/NotePaper changed; collecting certs
05-06 10:24:43.454   537   568 E QCALOG  : [MessageQ] ProcessNewMessage: [XTWiFi-PE] unknown deliver target [OS-Agent]
05-06 10:24:43.545   537   568 E QCALOG  : [MessageQ] ProcessNewMessage: [XT-CS] unknown deliver target [OS-Agent]
05-06 10:24:43.548   594   779 W XTCC-5.1.0.10: [CS-RIL-LISTENER] timerCallback fired for ril update registering, re-register
05-06 10:24:43.549   537   568 E QCALOG  : [MessageQ] ProcessNewMessage: [XT-CS] unknown deliver target [OS-Agent]
05-06 10:24:43.572  1618  1618 E NativeLibraryHelper: Failed to load assets verifier: 0
05-06 10:24:43.581  1618  1618 I PackageManager: /system/app/PacProcessor changed; collecting certs
05-06 10:24:43.588  1618  1618 E NativeLibraryHelper: Failed to load assets verifier: 0
05-06 10:24:43.589  1618  1618 E PackageManager: Package: Package{1c127c7 com.android.pacprocessor} has multiple bundled libs, but is not multiarch.
05-06 10:24:43.606  1618  1618 W PackageParser: No actions in intent filter at /system/app/Pedometer/Pedometer.apk Binary XML file line #187
05-06 10:24:43.607  1618  1618 I PackageManager: /system/app/Pedometer changed; collecting certs
05-06 10:24:43.829  1618  1618 E NativeLibraryHelper: Failed to load assets verifier: 0
05-06 10:24:43.838  1618  1618 I PackageManager: /system/app/PicoTts changed; collecting certs
05-06 10:24:43.849  1618  1618 E NativeLibraryHelper: Failed to load assets verifier: 0
05-06 10:24:43.858  1618  1618 I PackageManager: /system/app/PrintSpooler changed; collecting certs
05-06 10:24:43.872  1618  1618 E NativeLibraryHelper: Failed to load assets verifier: 0
05-06 10:24:43.879  1618  1618 I PackageManager: /system/app/PrivacyController changed; collecting certs
05-06 10:24:43.889  1618  1618 I PackageManager: New shared user flyme.uid.private_file: id=10069
05-06 10:24:43.892  1618  1618 E NativeLibraryHelper: Failed to load assets verifier: 0
05-06 10:24:43.916  1618  1618 I PackageManager: /system/app/Reader changed; collecting certs
05-06 10:24:44.103  1618  1618 I PackageManager: /system/app/RoamingPay changed; collecting certs
05-06 10:24:44.199  1618  1618 E NativeLibraryHelper: Failed to load assets verifier: 0
05-06 10:24:44.221  1618  1618 W PackageParser: No actions in intent filter at /system/app/Search/Search.apk Binary XML file line #231
05-06 10:24:44.222  1618  1618 I PackageManager: /system/app/Search changed; collecting certs
05-06 10:24:44.327  1618  1618 I PackageManager: /system/app/Stk changed; collecting certs
05-06 10:24:44.337  1618  1618 E NativeLibraryHelper: Failed to load assets verifier: 0
05-06 10:24:44.350  1618  1618 I PackageManager: /system/app/SystemWallpaper changed; collecting certs
05-06 10:24:44.382   595   750 E slim_daemon: [NDK] bindNDKSensors: Sensor server is unavailable.
05-06 10:24:44.436  1618  1618 E NativeLibraryHelper: Failed to load assets verifier: 0
05-06 10:24:44.440  1618  1618 E PackageManager: Package: Package{6d08b09 com.meizu.systemwallpaper} has multiple bundled libs, but is not multiarch.
05-06 10:24:44.460  1618  1618 I PackageManager: /system/app/ToolBox changed; collecting certs
05-06 10:24:44.593   555   830 I ServiceManager: Waiting for service sensorservice...
05-06 10:24:44.623  1618  1618 E NativeLibraryHelper: Failed to load assets verifier: 0
05-06 10:24:44.631  1618  1618 I PackageManager: /system/app/UserDictionaryProvider changed; collecting certs
05-06 10:24:44.638  1618  1618 E NativeLibraryHelper: Failed to load assets verifier: 0
05-06 10:24:44.641  1618  1618 I PackageManager: /system/app/WAPPushManager changed; collecting certs
05-06 10:24:44.649  1618  1618 E NativeLibraryHelper: Failed to load assets verifier: 0
05-06 10:24:44.668  1618  1618 W PackageParser: Unknown element under <application>: uses-permission at /system/app/Weather/Weather.apk Binary XML file line #371
05-06 10:24:44.668  1618  1618 W PackageParser: Unknown element under <application>: uses-permission at /system/app/Weather/Weather.apk Binary XML file line #372
05-06 10:24:44.668  1618  1618 W PackageParser: Unknown element under <application>: uses-permission at /system/app/Weather/Weather.apk Binary XML file line #373
05-06 10:24:44.668  1618  1618 W PackageParser: Unknown element under <application>: uses-permission at /system/app/Weather/Weather.apk Binary XML file line #374
05-06 10:24:44.668  1618  1618 W PackageParser: Unknown element under <application>: uses-permission at /system/app/Weather/Weather.apk Binary XML file line #375
05-06 10:24:44.668  1618  1618 W PackageParser: Unknown element under <application>: uses-permission at /system/app/Weather/Weather.apk Binary XML file line #376
05-06 10:24:44.668  1618  1618 W PackageParser: Unknown element under <application>: uses-permission at /system/app/Weather/Weather.apk Binary XML file line #377
05-06 10:24:44.668  1618  1618 W PackageParser: Unknown element under <application>: uses-permission at /system/app/Weather/Weather.apk Binary XML file line #378
05-06 10:24:44.669  1618  1618 I PackageManager: /system/app/Weather changed; collecting certs
05-06 10:24:44.799  1618  1618 E NativeLibraryHelper: Failed to load assets verifier: 0
05-06 10:24:44.807  1618  1618 I PackageManager: /system/app/vlife-sdk-mx changed; collecting certs
05-06 10:24:44.828  1618  1618 E NativeLibraryHelper: Failed to load assets verifier: 0
05-06 10:24:44.836  1618  1618 I PackageManager: /system/app/webview changed; collecting certs
05-06 10:24:44.868  1618  1618 E NativeLibraryHelper: Failed to load assets verifier: 0
05-06 10:24:44.868  1618  1618 E NativeLibraryHelper: Failed to load assets verifier: 0
05-06 10:24:44.876  1618  1618 W PackageParser: Ignoring duplicate uses-permissions/uses-permissions-sdk-m: android.permission.CHANGE_WIFI_STATE in package: com.android.nfc at: Binary XML file line #47
05-06 10:24:44.876  1618  1618 W PackageParser: Ignoring duplicate uses-permissions/uses-permissions-sdk-m: android.permission.ACCESS_WIFI_STATE in package: com.android.nfc at: Binary XML file line #48
05-06 10:24:44.878  1618  1618 I PackageManager: /system/vendor/app/NQNfcNci changed; collecting certs
05-06 10:24:44.889  1618  1618 E NativeLibraryHelper: Failed to load assets verifier: 0
05-06 10:24:44.893  1618  1618 I PackageManager: /system/vendor/app/colorservice changed; collecting certs
05-06 10:24:44.904  1618  1618 E NativeLibraryHelper: Failed to load assets verifier: 0
05-06 10:24:44.905  1618  1618 W PackageManager: Permission com.qti.snapdragon.sdk.permission.DISPLAY_SETTINGS from package com.qti.service.colorservice in an unknown group android.permission-group.SYSTEM_TOOLS
05-06 10:24:44.906  1618  1618 W PackageManager: Failed to parse /system/vendor/app/ims: Missing base APK in /system/vendor/app/ims
05-06 10:24:44.906  1618  1618 D PackageManager: No files in app dir /oem/app
05-06 10:24:44.908  1618  1618 D PackageManager: No files in app dir /data/app
05-06 10:24:44.908  1618  1618 D PackageManager: No files in app dir /data/app-private
05-06 10:24:44.908  1618  1618 W PackageManager: Package com.meizu.flyme.wallet desires unavailable shared library org.simalliance.openmobileapi; ignoring!
05-06 10:24:44.908  1618  1618 W PackageManager: Package org.codeaurora.bluetooth desires unavailable shared library com.quicinc.wbc; ignoring!
05-06 10:24:44.908  1618  1618 W PackageManager: Package com.meizu.media.gallery desires unavailable shared library com.google.android.media.effects; ignoring!
05-06 10:24:44.908  1618  1618 E PackageManager: updateAllSharedLibrariesLPw failed: Package com.android.systemui requires unavailable shared library com.meizu.camera; failing!
05-06 10:24:44.909  1618  1618 I PackageManager: Adjusting ABI for : com.meizu.netcontactservice to armeabi
05-06 10:24:44.910  1618  1618 I PackageManager.DexOptimizer: Running dexopt (dex2oat) on: /system/priv-app/NetContactService/NetContactService.apk pkg=com.meizu.netcontactservice isa=arm vmSafeMode=false debuggable=false oatDir = null bootComplete=false
05-06 10:24:44.936  2090  2090 I dex2oat : Starting dex2oat.
05-06 10:24:44.936  2090  2090 E cutils-trace: Error opening trace file: No such file or directory (2)
05-06 10:24:45.263  2090  2094 W dex2oat : Before Android 4.1, method int android.support.v7.widget.ListViewCompat.lookForSelectablePosition(int, boolean) would have incorrectly overridden the package-private method in android.widget.ListView
05-06 10:24:45.310  2090  2094 W dex2oat : Before Android 4.1, method void com.meizu.common.preference.SwitchPreference.syncSummaryView(android.view.View) would have incorrectly overridden the package-private method in android.preference.TwoStatePreference
05-06 10:24:45.382   595   750 E slim_daemon: [NDK] bindNDKSensors: Sensor server is unavailable.
05-06 10:24:45.594   555   830 I ServiceManager: Waiting for service sensorservice...
05-06 10:24:46.383   595   750 E slim_daemon: [NDK] bindNDKSensors: Sensor server is unavailable.
05-06 10:24:46.594   555   830 I ServiceManager: Waiting for service sensorservice...
05-06 10:24:47.383   595   750 E slim_daemon: [NDK] bindNDKSensors: Sensor server is unavailable.
05-06 10:24:47.594   555   830 I ServiceManager: Waiting for service sensorservice...
05-06 10:24:47.883  2090  2094 W dex2oat : No verified method for method calling String.<init>: java.lang.String java.io.ByteArrayOutputStream.toString()
05-06 10:24:48.384   595   750 E slim_daemon: [NDK] bindNDKSensors: Sensor server is unavailable.
05-06 10:24:48.454   537   568 E QCALOG  : [MessageQ] ProcessNewMessage: [XTWiFi-PE] unknown deliver target [OS-Agent]
05-06 10:24:48.545   537   568 E QCALOG  : [MessageQ] ProcessNewMessage: [XT-CS] unknown deliver target [OS-Agent]
05-06 10:24:48.549   594   779 W XTCC-5.1.0.10: [CS-RIL-LISTENER] timerCallback fired for ril update registering, re-register
05-06 10:24:48.550   537   568 E QCALOG  : [MessageQ] ProcessNewMessage: [XT-CS] unknown deliver target [OS-Agent]
05-06 10:24:48.595   555   830 I ServiceManager: Waiting for service sensorservice...
05-06 10:24:48.765  2090  2090 I dex2oat : dex2oat took 3.828s (threads: 4) arena alloc=5MB java alloc=6MB native alloc=26MB free=3MB
05-06 10:24:48.788  1618  1618 I PackageManager: Adjusting ABI for : com.meizu.logreport to arm64-v8a
05-06 10:24:48.789  1618  1618 I PackageManager.DexOptimizer: Running dexopt (dex2oat) on: /system/priv-app/LogReport/LogReport.apk pkg=com.meizu.logreport isa=arm64 vmSafeMode=false debuggable=false oatDir = null bootComplete=false
05-06 10:24:48.818  2095  2095 I dex2oat : Starting dex2oat.
05-06 10:24:48.819  2095  2095 E cutils-trace: Error opening trace file: No such file or directory (2)
05-06 10:24:48.971  2095  2097 W dex2oat : Before Android 4.1, method void com.meizu.common.preference.SwitchPreference.syncSummaryView(android.view.View) would have incorrectly overridden the package-private method in android.preference.TwoStatePreference
05-06 10:24:49.384   595   750 E slim_daemon: [NDK] bindNDKSensors: Sensor server is unavailable.
05-06 10:24:50.061  2095  2098 W dex2oat : No verified method for method calling String.<init>: java.lang.String java.io.ByteArrayOutputStream.toString()
05-06 10:24:50.205  2095  2097 W dex2oat : No verified method for method calling String.<init>: java.lang.String java.io.ByteArrayOutputStream.toString()
05-06 10:24:50.385  2095  2095 I dex2oat : dex2oat took 1.567s (threads: 4) arena alloc=2038KB java alloc=6MB native alloc=12MB free=2MB
05-06 10:24:50.386   595   750 E slim_daemon: [NDK] bindNDKSensors: Sensor server is unavailable.
05-06 10:24:50.398  1618  1618 I PackageManager: Adjusting ABI for : com.android.location.fused to arm64-v8a
05-06 10:24:50.399  1618  1618 I PackageManager.DexOptimizer: Running dexopt (dex2oat) on: /system/priv-app/FusedLocation/FusedLocation.apk pkg=com.android.location.fused isa=arm64 vmSafeMode=false debuggable=false oatDir = null bootComplete=false
05-06 10:24:50.425  2100  2100 I dex2oat : Starting dex2oat.
05-06 10:24:50.425  2100  2100 E cutils-trace: Error opening trace file: No such file or directory (2)
05-06 10:24:50.468  2100  2100 I dex2oat : dex2oat took 44.483ms (threads: 4) arena alloc=76KB java alloc=46KB native alloc=1734KB free=1593KB
05-06 10:24:50.473  1618  1618 I PackageManager: Adjusting ABI for : com.android.settings to arm64-v8a
05-06 10:24:50.475  1618  1618 I PackageManager.DexOptimizer: Running dexopt (dex2oat) on: /system/priv-app/Settings/Settings.apk pkg=com.android.settings isa=arm64 vmSafeMode=false debuggable=false oatDir = null bootComplete=false
05-06 10:24:50.500  2105  2105 I dex2oat : Starting dex2oat.
05-06 10:24:50.500  2105  2105 E cutils-trace: Error opening trace file: No such file or directory (2)
05-06 10:24:50.596   555   830 I ServiceManager: Waiting for service sensorservice...
05-06 10:24:50.828  2105  2109 W dex2oat : Before Android 4.1, method int android.support.v7.widget.ListViewCompat.lookForSelectablePosition(int, boolean) would have incorrectly overridden the package-private method in android.widget.ListView
05-06 10:24:50.897  2105  2105 W dex2oat : Before Android 4.1, method void com.meizu.common.preference.SwitchPreference.syncSummaryView(android.view.View) would have incorrectly overridden the package-private method in android.preference.TwoStatePreference
05-06 10:24:51.138   512   679 I ThermalEngine: algo_monitor: Thresh EVT
05-06 10:24:51.140   512   679 I ThermalEngine: handle_thresh_sig: SS Id SKIN-SS-GOLD, Read xo_therm_buf 41000mC
05-06 10:24:51.386   595   750 E slim_daemon: [NDK] bindNDKSensors: Sensor server is unavailable.
05-06 10:24:51.596   555   830 I ServiceManager: Waiting for service sensorservice...
05-06 10:24:52.081  2105  2107 W dex2oat : No verified method for method calling String.<init>: java.lang.String com.android.internal.widget.LockPatternUtils.patternToString(java.util.List)
05-06 10:24:52.094  2105  2108 W dex2oat : No verified method for method calling String.<init>: java.lang.String com.android.internal.widget.LockPatternUtils.patternToString(java.util.List)
05-06 10:24:52.387   595   750 E slim_daemon: [NDK] bindNDKSensors: Sensor server is unavailable.
05-06 10:24:52.597   555   830 I ServiceManager: Waiting for service sensorservice...
05-06 10:24:53.387   595   750 E slim_daemon: [NDK] bindNDKSensors: Sensor server is unavailable.
05-06 10:24:53.454   537   568 E QCALOG  : [MessageQ] ProcessNewMessage: [XTWiFi-PE] unknown deliver target [OS-Agent]
05-06 10:24:53.545   537   568 E QCALOG  : [MessageQ] ProcessNewMessage: [XT-CS] unknown deliver target [OS-Agent]
05-06 10:24:53.549   594   779 W XTCC-5.1.0.10: [CS-RIL-LISTENER] timerCallback fired for ril update registering, re-register
05-06 10:24:53.550   537   568 E QCALOG  : [MessageQ] ProcessNewMessage: [XT-CS] unknown deliver target [OS-Agent]
05-06 10:24:53.597   555   830 I ServiceManager: Waiting for service sensorservice...
05-06 10:24:53.816  2105  2107 W dex2oat : No verified method for method calling String.<init>: java.lang.String java.io.ByteArrayOutputStream.toString()
05-06 10:24:54.388   595   750 E slim_daemon: [NDK] bindNDKSensors: Sensor server is unavailable.
05-06 10:24:54.491  2105  2105 I dex2oat : dex2oat took 3.991s (threads: 4) arena alloc=3MB java alloc=15MB native alloc=26MB free=4MB
05-06 10:24:54.510  1618  1618 I PackageManager: Adjusting ABI for : com.qti.service.colorservice to arm64-v8a
05-06 10:24:54.511  1618  1618 I PackageManager.DexOptimizer: Running dexopt (dex2oat) on: /system/vendor/app/colorservice/colorservice.apk pkg=com.qti.service.colorservice isa=arm64 vmSafeMode=false debuggable=false oatDir = null bootComplete=false
05-06 10:24:54.545  2110  2110 I dex2oat : Starting dex2oat.
05-06 10:24:54.545  2110  2110 E cutils-trace: Error opening trace file: No such file or directory (2)
05-06 10:24:54.596  2110  2110 I dex2oat : dex2oat took 51.848ms (threads: 4) arena alloc=112KB java alloc=49KB native alloc=1499KB free=1316KB
05-06 10:24:54.598   555   830 I ServiceManager: Waiting for service sensorservice...
05-06 10:24:54.601   490   490 E installd: invalid apk path '/system/vendor/app/colorservice' (bad prefix)
05-06 10:24:54.602  1618  1618 I PackageManager: Adjusting ABI for : com.meizu.experiencedatasync to arm64-v8a
05-06 10:24:54.602  1618  1618 I PackageManager.DexOptimizer: Running dexopt (dex2oat) on: /system/priv-app/ExperienceDataSync/ExperienceDataSync.apk pkg=com.meizu.experiencedatasync isa=arm64 vmSafeMode=false debuggable=false oatDir = null bootComplete=false
05-06 10:24:54.628  2115  2115 I dex2oat : Starting dex2oat.
05-06 10:24:54.628  2115  2115 E cutils-trace: Error opening trace file: No such file or directory (2)
05-06 10:24:54.746  2115  2118 W dex2oat : No verified method for method calling String.<init>: java.lang.String java.io.ByteArrayOutputStream.toString()
05-06 10:24:54.916  2115  2115 I dex2oat : dex2oat took 289.342ms (threads: 4) arena alloc=835KB java alloc=630KB native alloc=3MB free=1941KB
05-06 10:24:54.923  1618  1618 I PackageManager: Adjusting ABI for : com.meizu.mzcountservice to arm64-v8a
05-06 10:24:54.923  1618  1618 I PackageManager.DexOptimizer: Running dexopt (dex2oat) on: /system/app/MzCountService/MzCountService.apk pkg=com.meizu.mzcountservice isa=arm64 vmSafeMode=false debuggable=false oatDir = null bootComplete=false
05-06 10:24:54.950  2120  2120 I dex2oat : Starting dex2oat.
05-06 10:24:54.950  2120  2120 E cutils-trace: Error opening trace file: No such file or directory (2)
05-06 10:24:55.111  2120  2120 I dex2oat : dex2oat took 161.726ms (threads: 4) arena alloc=613KB java alloc=396KB native alloc=2MB free=2MB
05-06 10:24:55.116  1618  1618 I PackageManager: Adjusting ABI for : com.android.packageinstaller to arm64-v8a
05-06 10:24:55.117  1618  1618 I PackageManager.DexOptimizer: Running dexopt (dex2oat) on: /system/priv-app/PackageInstaller/PackageInstaller.apk pkg=com.android.packageinstaller isa=arm64 vmSafeMode=false debuggable=false oatDir = null bootComplete=false
05-06 10:24:55.148  2125  2125 I dex2oat : Starting dex2oat.
05-06 10:24:55.148  2125  2125 E cutils-trace: Error opening trace file: No such file or directory (2)
05-06 10:24:55.354  2125  2128 W dex2oat : Before Android 4.1, method int android.support.v7.widget.ListViewCompat.lookForSelectablePosition(int, boolean) would have incorrectly overridden the package-private method in android.widget.ListView
05-06 10:24:55.367  2125  2129 W dex2oat : Before Android 4.1, method void com.meizu.common.preference.SwitchPreference.syncSummaryView(android.view.View) would have incorrectly overridden the package-private method in android.preference.TwoStatePreference
05-06 10:24:55.389   595   750 E slim_daemon: [NDK] bindNDKSensors: Sensor server is unavailable.
05-06 10:24:56.389   595   750 E slim_daemon: [NDK] bindNDKSensors: Sensor server is unavailable.
05-06 10:24:56.598   555   830 I ServiceManager: Waiting for service sensorservice...
05-06 10:24:56.734  2125  2128 W dex2oat : No verified method for method calling String.<init>: java.lang.String java.io.ByteArrayOutputStream.toString()
05-06 10:24:57.081  2125  2125 I dex2oat : dex2oat took 1.933s (threads: 4) arena alloc=3MB java alloc=7MB native alloc=14MB free=2MB
05-06 10:24:57.097  1618  1618 I PackageManager: Adjusting ABI for : com.android.providers.settings to arm64-v8a
05-06 10:24:57.098  1618  1618 I PackageManager.DexOptimizer: Running dexopt (dex2oat) on: /system/priv-app/SettingsProvider/SettingsProvider.apk pkg=com.android.providers.settings isa=arm64 vmSafeMode=false debuggable=false oatDir = null bootComplete=false
05-06 10:24:57.124  2130  2130 I dex2oat : Starting dex2oat.
05-06 10:24:57.124  2130  2130 E cutils-trace: Error opening trace file: No such file or directory (2)
05-06 10:24:57.246  2130  2130 I dex2oat : dex2oat took 123.466ms (threads: 4) arena alloc=3MB java alloc=166KB native alloc=4MB free=4MB
05-06 10:24:57.251  1618  1618 I PackageManager: Adjusting ABI for : flyme to arm64-v8a
05-06 10:24:57.252   490   490 E installd: invalid apk path '/system/framework/flyme-res' (bad prefix)
05-06 10:24:57.252  1618  1618 I PackageManager: Adjusting ABI for : com.meizu.flyme.easylauncher to arm64-v8a
05-06 10:24:57.253  1618  1618 I PackageManager.DexOptimizer: Running dexopt (dex2oat) on: /system/priv-app/EasyLauncher/EasyLauncher.apk pkg=com.meizu.flyme.easylauncher isa=arm64 vmSafeMode=false debuggable=false oatDir = null bootComplete=false
05-06 10:24:57.277  2135  2135 I dex2oat : Starting dex2oat.
05-06 10:24:57.278  2135  2135 E cutils-trace: Error opening trace file: No such file or directory (2)
05-06 10:24:57.390   595   750 E slim_daemon: [NDK] bindNDKSensors: Sensor server is unavailable.
05-06 10:24:57.599   555   830 I ServiceManager: Waiting for service sensorservice...
05-06 10:24:58.390   595   750 E slim_daemon: [NDK] bindNDKSensors: Sensor server is unavailable.
05-06 10:24:58.454   537   568 E QCALOG  : [MessageQ] ProcessNewMessage: [XTWiFi-PE] unknown deliver target [OS-Agent]
05-06 10:24:58.545   537   568 E QCALOG  : [MessageQ] ProcessNewMessage: [XT-CS] unknown deliver target [OS-Agent]
05-06 10:24:58.550   594   779 W XTCC-5.1.0.10: [CS-RIL-LISTENER] timerCallback fired for ril update registering, re-register
05-06 10:24:58.550   537   568 E QCALOG  : [MessageQ] ProcessNewMessage: [XT-CS] unknown deliver target [OS-Agent]
05-06 10:24:58.599   555   830 I ServiceManager: Waiting for service sensorservice...
05-06 10:24:58.698  2135  2139 W dex2oat : No verified method for method calling String.<init>: java.lang.String java.io.ByteArrayOutputStream.toString()
05-06 10:24:59.228  2135  2135 I dex2oat : dex2oat took 1.951s (threads: 4) arena alloc=3MB java alloc=6MB native alloc=14MB free=2MB
05-06 10:24:59.244  1618  1618 I PackageManager: Adjusting ABI for : com.android.keychain to arm64-v8a
05-06 10:24:59.245  1618  1618 I PackageManager.DexOptimizer: Running dexopt (dex2oat) on: /system/app/KeyChain/KeyChain.apk pkg=com.android.keychain isa=arm64 vmSafeMode=false debuggable=false oatDir = null bootComplete=false
05-06 10:24:59.273  2140  2140 I dex2oat : Starting dex2oat.
05-06 10:24:59.273  2140  2140 E cutils-trace: Error opening trace file: No such file or directory (2)
05-06 10:24:59.327  2140  2140 I dex2oat : dex2oat took 54.435ms (threads: 4) arena alloc=137KB java alloc=150KB native alloc=1690KB free=1893KB
05-06 10:24:59.332  1618  1618 I PackageManager: Adjusting ABI for : com.meizu.connectivitysettings to arm64-v8a
05-06 10:24:59.333  1618  1618 I PackageManager.DexOptimizer: Running dexopt (dex2oat) on: /system/app/ConnectivitySettings/ConnectivitySettings.apk pkg=com.meizu.connectivitysettings isa=arm64 vmSafeMode=false debuggable=false oatDir = null bootComplete=false
05-06 10:24:59.359  2145  2145 I dex2oat : Starting dex2oat.
05-06 10:24:59.359  2145  2145 E cutils-trace: Error opening trace file: No such file or directory (2)
05-06 10:24:59.391   595   750 E slim_daemon: [NDK] bindNDKSensors: Sensor server is unavailable.
05-06 10:24:59.558  2145  2149 W dex2oat : Before Android 4.1, method int android.support.v7.widget.ListViewCompat.lookForSelectablePosition(int, boolean) would have incorrectly overridden the package-private method in android.widget.ListView
05-06 10:24:59.572  2145  2145 W dex2oat : Before Android 4.1, method void com.meizu.common.preference.SwitchPreference.syncSummaryView(android.view.View) would have incorrectly overridden the package-private method in android.preference.TwoStatePreference
05-06 10:24:59.599   555   830 I ServiceManager: Waiting for service sensorservice...
05-06 10:25:00.387  2145  2145 W dex2oat : No verified method for method calling String.<init>: java.lang.String android.text.SpannableStringBuilder.toString()
05-06 10:25:00.391   595   750 E slim_daemon: [NDK] bindNDKSensors: Sensor server is unavailable.
05-06 10:25:00.600   555   830 I ServiceManager: Waiting for service sensorservice...
05-06 10:25:01.392   595   750 E slim_daemon: [NDK] bindNDKSensors: Sensor server is unavailable.
05-06 10:25:01.554  2145  2145 I dex2oat : dex2oat took 2.195s (threads: 4) arena alloc=3MB java alloc=8MB native alloc=16MB free=3MB
05-06 10:25:01.569  1618  1618 I PackageManager: Adjusting ABI for : com.meizu.flyme.childrenlauncher to arm64-v8a
05-06 10:25:01.570  1618  1618 I PackageManager.DexOptimizer: Running dexopt (dex2oat) on: /system/priv-app/ChildrenLauncher/ChildrenLauncher.apk pkg=com.meizu.flyme.childrenlauncher isa=arm64 vmSafeMode=false debuggable=false oatDir = null bootComplete=false
05-06 10:25:01.599  2150  2150 I dex2oat : Starting dex2oat.
05-06 10:25:01.599  2150  2150 E cutils-trace: Error opening trace file: No such file or directory (2)
05-06 10:25:02.392   595   750 E slim_daemon: [NDK] bindNDKSensors: Sensor server is unavailable.
05-06 10:25:02.559  2150  2154 W dex2oat : No verified method for method calling String.<init>: java.lang.String java.io.ByteArrayOutputStream.toString()
05-06 10:25:02.600   555   830 I ServiceManager: Waiting for service sensorservice...
05-06 10:25:03.033  2150  2150 I dex2oat : dex2oat took 1.434s (threads: 4) arena alloc=3MB java alloc=3MB native alloc=12MB free=2MB
05-06 10:25:03.048  1618  1618 I PackageManager: Adjusting ABI for : com.android.inputdevices to arm64-v8a
05-06 10:25:03.049  1618  1618 I PackageManager.DexOptimizer: Running dexopt (dex2oat) on: /system/priv-app/InputDevices/InputDevices.apk pkg=com.android.inputdevices isa=arm64 vmSafeMode=false debuggable=false oatDir = null bootComplete=false
05-06 10:25:03.079  2155  2155 I dex2oat : Starting dex2oat.
05-06 10:25:03.079  2155  2155 E cutils-trace: Error opening trace file: No such file or directory (2)
05-06 10:25:03.104  2155  2155 I dex2oat : dex2oat took 26.315ms (threads: 4) arena alloc=6KB java alloc=17KB native alloc=915KB free=620KB
05-06 10:25:03.111  1618  1618 I PackageManager: Adjusting ABI for : com.meizu.battery to arm64-v8a
