05-04 18:28:49.647   537  2104 D mm-camera: <IMGLIB>< INFO> 2059: module_faceproc_query_mod: Caps ROI 10 scene_mode_cnt 1 HW analysis supported 1
05-04 18:28:49.647   537  2104 D mm-camera: <MCT   >< INFO> 1587: mct_pipeline_append_fps_entry:  Added hal_table[0]: (15.000000, 24.000000)
05-04 18:28:49.647   537  2104 D mm-camera: <MCT   >< INFO> 1600: mct_pipeline_append_fps_entry:  Added hal_table[1]: (24.000000, 24.000000)
05-04 18:28:49.647   537  2104 D mm-camera: <MCT   >< INFO> 1587: mct_pipeline_append_fps_entry:  Added hal_table[2]: (15.000000, 25.000000)
05-04 18:28:49.647   537  2104 D mm-camera: <MCT   >< INFO> 1600: mct_pipeline_append_fps_entry:  Added hal_table[3]: (25.000000, 25.000000)
05-04 18:28:49.647   537  2104 D mm-camera: <MCT   >< INFO> 1587: mct_pipeline_append_fps_entry:  Added hal_table[4]: (8.000000, 30.000000)
05-04 18:28:49.648   537  2104 D mm-camera: <MCT   >< INFO> 1600: mct_pipeline_append_fps_entry:  Added hal_table[5]: (30.000000, 30.000000)
05-04 18:28:49.648   537  2104 D mm-camera: <MCT   >< INFO> 1587: mct_pipeline_append_fps_entry:  Added hal_table[6]: (15.000000, 30.000000)
05-04 18:28:49.648   537  2104 D mm-camera: <MCT   >< INFO> 2735: mct_pipeline_fill_dimensions_snapshot: Cam 0: FPS range selection complete. Publishing 7 ranges.
05-04 18:28:49.650   537   537 D mm-camera: <MCT   >< INFO> 189: mct_controller_destroy: Initiating destroy sequence for session = 2
05-04 18:28:49.652   537   537 D mm-camera: <MCT   >< INFO> 207: mct_controller_destroy: serv_thread closed
05-04 18:28:49.652   537   537 D mm-camera: <MCT   >< INFO> 222: mct_controller_destroy: bus_handler thread closed
05-04 18:28:49.653   537   537 D mm-camera: <MCT   >< INFO> 4393: mct_pipeline_stop_session: Initiating stop_session on session 2
05-04 18:28:49.653   537   537 D mm-camera: <MCT   >< INFO> 3389: mct_pipeline_process_set: command=800000b
05-04 18:28:49.653   537   537 D mm-camera: <MCT   >< INFO> 3607: mct_pipeline_process_set: Issuing DEL_STREAM on stream 0x2000f and stream type=10
05-04 18:28:49.653   537   537 D mm-camera: <IFACE >< INFO> 666: iface_unreserve_sink_port: stream_id f mode 0 
05-04 18:28:49.653   537   537 D mm-camera: <ISP   >< INFO> 911: isp_port_check_caps_unreserve: ide 2000f port 0xf389a400
05-04 18:28:49.655   537   537 D mm-camera: <MCT   >< INFO> 3618: mct_pipeline_process_set: Stream 0x2000f and stream type=10, successfully deleted
05-04 18:28:49.655   537  2125 D mm-camera: <MCT   >< INFO> 4114: mct_pipeline_stop_session_thread: Stop module name: sensor - E
05-04 18:28:49.656   537  2126 D mm-camera: <MCT   >< INFO> 4114: mct_pipeline_stop_session_thread: Stop module name: iface - E
05-04 18:28:49.656   537  2127 D mm-camera: <MCT   >< INFO> 4114: mct_pipeline_stop_session_thread: Stop module name: isp - E
05-04 18:28:49.656   537  2127 D mm-camera: <ISP   >< INFO> 476: isp_module_stop_session: session id 2
05-04 18:28:49.656   537  2126 D mm-camera: <MCT   >< INFO> 4122: mct_pipeline_stop_session_thread: Stop module name: iface - X
05-04 18:28:49.658   537  2127 D mm-camera: <MCT   >< INFO> 4122: mct_pipeline_stop_session_thread: Stop module name: isp - X
05-04 18:28:49.661   537  2128 D mm-camera: <MCT   >< INFO> 4114: mct_pipeline_stop_session_thread: Stop module name: stats - E
05-04 18:28:49.661   537  2129 D mm-camera: <MCT   >< INFO> 4114: mct_pipeline_stop_session_thread: Stop module name: pproc - E
05-04 18:28:49.663   537   537 D mm-camera: <MCT   >< INFO> 4446: mct_pipeline_stop_session: Modules left: 5
05-04 18:28:49.663   537  2130 D mm-camera: <MCT   >< INFO> 4114: mct_pipeline_stop_session_thread: Stop module name: imglib - E
05-04 18:28:49.663   537   537 D mm-camera: <MCT   >< INFO> 4446: mct_pipeline_stop_session: Modules left: 4
05-04 18:28:49.665   537  2130 D mm-camera: <MCT   >< INFO> 4122: mct_pipeline_stop_session_thread: Stop module name: imglib - X
05-04 18:28:49.666   537   537 D mm-camera: <MCT   >< INFO> 4446: mct_pipeline_stop_session: Modules left: 3
05-04 18:28:49.671   537  2129 D mm-camera: <MCT   >< INFO> 4122: mct_pipeline_stop_session_thread: Stop module name: pproc - X
05-04 18:28:49.672   537   537 D mm-camera: <MCT   >< INFO> 4446: mct_pipeline_stop_session: Modules left: 2
05-04 18:28:49.674   537  2128 D mm-camera: <MCT   >< INFO> 4122: mct_pipeline_stop_session_thread: Stop module name: stats - X
05-04 18:28:49.674   537   537 D mm-camera: <MCT   >< INFO> 4446: mct_pipeline_stop_session: Modules left: 1
05-04 18:28:49.905  2020  2020 W Resources: Preloaded drawable resource #0x10806ef (android:drawable/text_select_handle_left_material) that varies with configuration!!
05-04 18:28:49.907  2020  2020 W Resources: Preloaded drawable resource #0x10806f5 (android:drawable/text_select_handle_right_material) that varies with configuration!!
05-04 18:28:49.907  2020  2020 I Zygote  : ...preloaded 342 resources in 292ms.
05-04 18:28:49.914  2020  2020 I Zygote  : ...preloaded 41 resources in 7ms.
05-04 18:28:49.916  2020  2020 D libEGL  : loaded /vendor/lib64/egl/libEGL_adreno.so
05-04 18:28:49.928   537  2125 D mm-camera: <MCT   >< INFO> 4122: mct_pipeline_stop_session_thread: Stop module name: sensor - X
05-04 18:28:49.928  2020  2020 D libEGL  : loaded /vendor/lib64/egl/libGLESv1_CM_adreno.so
05-04 18:28:49.928   537   537 D mm-camera: <MCT   >< INFO> 4446: mct_pipeline_stop_session: Modules left: 0
05-04 18:28:49.929   537   537 D mm-camera: <MCT   >< INFO> 4455: mct_pipeline_stop_session: Stopped session 2 successfully
05-04 18:28:49.929   537   537 D mm-camera: <MCT   >< INFO> 4742: mct_pipeline_destroy: E: session:2
05-04 18:28:49.929   537   537 D mm-camera: <MCT   >< INFO> 4808: mct_pipeline_destroy: X: Pipeline destroyed successfully session =2
05-04 18:28:49.929   537   537 D mm-camera: <MCT   >< INFO> 246: mct_controller_destroy: X Successfully closed mct_controller session 2
05-04 18:28:49.930  2019  2019 I QCamera : <HAL><INFO> static int qcamera::QCamera3HardwareInterface::getCamInfo(uint32_t, camera_info*): 7935: camera 0 resource cost is 100
05-04 18:28:49.930  2019  2019 I QCamera : <HAL><INFO> int qcamera::QCamera2Factory::getCameraInfo(int, camera_info*): 346: Camera id 1 API version 256
05-04 18:28:49.931   537   537 D mm-camera: < INFO> 395: void enable_memleak_trace(int): start memleak tracking.
05-04 18:28:49.936  2020  2020 D libEGL  : loaded /vendor/lib64/egl/libGLESv2_adreno.so
05-04 18:28:49.947  2020  2020 I Zygote  : Preloading shared libraries...
05-04 18:28:49.949   537   537 D mm-camera: <MCT   >< INFO> 63: mct_controller_new: Creating new mct_controller with session-id 3
05-04 18:28:49.950   537  2160 D mm-camera: <MCT   >< INFO> 4309: mct_pipeline_start_session_thread: E sensor
05-04 18:28:49.950   537  2160 D mm-camera: <MCT   >< INFO> 4316: mct_pipeline_start_session_thread: Calling start_session on Module sensor
05-04 18:28:49.950   537  2162 D mm-camera: <MCT   >< INFO> 4309: mct_pipeline_start_session_thread: E iface
05-04 18:28:49.950   537  2162 D mm-camera: <MCT   >< INFO> 4316: mct_pipeline_start_session_thread: Calling start_session on Module iface
05-04 18:28:49.951  2020  2020 D Zygote  : end preload
05-04 18:28:49.952  2020  2020 I art     : Starting a blocking GC Explicit
05-04 18:28:49.954   537  2162 D mm-camera: <MCT   >< INFO> 4319: mct_pipeline_start_session_thread: Module iface start_session rc = 1
05-04 18:28:49.954   537  2162 D mm-camera: <MCT   >< INFO> 4327: mct_pipeline_start_session_thread: started_num = 1, success = 1
05-04 18:28:49.954   537  2162 D mm-camera: <MCT   >< INFO> 4334: mct_pipeline_start_session_thread: X iface
05-04 18:28:49.954   537  2165 D mm-camera: <MCT   >< INFO> 4309: mct_pipeline_start_session_thread: E isp
05-04 18:28:49.954   537  2165 D mm-camera: <MCT   >< INFO> 4316: mct_pipeline_start_session_thread: Calling start_session on Module isp
05-04 18:28:49.954   537  2165 D mm-camera: <ISP   >< INFO> 190: isp_module_start_session: session id 3
05-04 18:28:49.959   537  2166 D mm-camera: <MCT   >< INFO> 4309: mct_pipeline_start_session_thread: E stats
05-04 18:28:49.961   537  2166 D mm-camera: <MCT   >< INFO> 4316: mct_pipeline_start_session_thread: Calling start_session on Module stats
05-04 18:28:49.961  2020  2020 I art     : Explicit concurrent mark sweep GC freed 14447(723KB) AllocSpace objects, 2(72KB) LOS objects, 40% free, 15MB/25MB, paused 106us total 9.637ms
05-04 18:28:49.963   537  2168 D mm-camera: <MCT   >< INFO> 4309: mct_pipeline_start_session_thread: E pproc
05-04 18:28:49.964   537  2168 D mm-camera: <MCT   >< INFO> 4316: mct_pipeline_start_session_thread: Calling start_session on Module pproc
05-04 18:28:49.964   537  2166 D mm-camera: <STATS_AIS >< INFO> 338: gyro_port_use_dsps_iface: Use DSPS interface as it supports
05-04 18:28:49.965   537  2170 D mm-camera: <MCT   >< INFO> 4309: mct_pipeline_start_session_thread: E imglib
05-04 18:28:49.965   537  2170 D mm-camera: <MCT   >< INFO> 4316: mct_pipeline_start_session_thread: Calling start_session on Module imglib
05-04 18:28:49.965   537  2170 D mm-camera: <IMGLIB>< INFO> 1771: module_imglib_start_session: module_imglib_start_session:1771 ###Img_Loglevel 1, moduleMask 65535
05-04 18:28:49.966   537  2160 D mm-camera: <MCT   >< INFO> 4319: mct_pipeline_start_session_thread: Module sensor start_session rc = 1
05-04 18:28:49.966   537  2160 D mm-camera: <MCT   >< INFO> 4327: mct_pipeline_start_session_thread: started_num = 2, success = 2
05-04 18:28:49.966   537  2160 D mm-camera: <MCT   >< INFO> 4334: mct_pipeline_start_session_thread: X sensor
05-04 18:28:49.967   537  2170 D mm-camera: <MCT   >< INFO> 4319: mct_pipeline_start_session_thread: Module imglib start_session rc = 1
05-04 18:28:49.967   537  2170 D mm-camera: <MCT   >< INFO> 4327: mct_pipeline_start_session_thread: started_num = 3, success = 3
05-04 18:28:49.967   537  2170 D mm-camera: <MCT   >< INFO> 4334: mct_pipeline_start_session_thread: X imglib
05-04 18:28:49.973  2020  2020 I art     : Starting a blocking GC Explicit
05-04 18:28:49.975   537  2166 D mm-camera: <MCT   >< INFO> 4319: mct_pipeline_start_session_thread: Module stats start_session rc = 1
05-04 18:28:49.975   537  2166 D mm-camera: <MCT   >< INFO> 4327: mct_pipeline_start_session_thread: started_num = 4, success = 4
05-04 18:28:49.975   537  2166 D mm-camera: <MCT   >< INFO> 4334: mct_pipeline_start_session_thread: X stats
05-04 18:28:49.977   537  2168 D mm-camera: <MCT   >< INFO> 4319: mct_pipeline_start_session_thread: Module pproc start_session rc = 1
05-04 18:28:49.977   537  2168 D mm-camera: <MCT   >< INFO> 4327: mct_pipeline_start_session_thread: started_num = 5, success = 5
05-04 18:28:49.977   537  2168 D mm-camera: <MCT   >< INFO> 4334: mct_pipeline_start_session_thread: X pproc
05-04 18:28:49.978   537  2165 D mm-camera: <MCT   >< INFO> 4319: mct_pipeline_start_session_thread: Module isp start_session rc = 1
05-04 18:28:49.978   537  2165 D mm-camera: <MCT   >< INFO> 4327: mct_pipeline_start_session_thread: started_num = 6, success = 6
05-04 18:28:49.978   537  2165 D mm-camera: <MCT   >< INFO> 4334: mct_pipeline_start_session_thread: X isp
05-04 18:28:49.983   537  2178 D mm-camera: <MCT   >< INFO> 4224: mct_pipeline_start_stream_internal: Adding session stream streamid= 0xf for session=3
05-04 18:28:49.983   537  2178 D mm-camera: <MCT   >< INFO> 4272: mct_pipeline_start_stream_internal: Linking session stream for session 3
05-04 18:28:49.983   537  2178 D mm-camera: <MCT   >< INFO> 463: mct_stream_start_link: Start linking Session-stream 0x3000f
05-04 18:28:49.983   537  2178 E mm-camera: <SENSOR><ERROR> 86: port_sensor_caps_reserve: session id doesn't match: 3 : 2
05-04 18:28:49.983   537  2178 E mm-camera: <SENSOR><ERROR> 86: port_sensor_caps_reserve: session id doesn't match: 3 : 2
05-04 18:28:49.983   537  2178 D mm-camera: <IFACE >< INFO> 333: iface_util_find_primary_cid: iface_util_find_primary_cid:333 error cannot find primary sensor format cids 1
05-04 18:28:49.983   537  2178 D mm-camera: <ISP   >< INFO> 822: isp_port_check_caps_reserve: port 0xf389a400 ide 3000f type 10 dim 0 0
05-04 18:28:49.984   537  2178 D mm-camera: <PPROC >< INFO> 446: pproc_port_add_modules_to_stream: stream 10 int_link = 0xf22c2c80
05-04 18:28:49.984   537  2178 D mm-camera: <PPROC >< INFO> 458: pproc_port_add_modules_to_stream: :LINK linking mods tmod and ppeiscore for identity 3000f
05-04 18:28:49.984   537  2178 D mm-camera: <PPROC >< INFO> 458: pproc_port_add_modules_to_stream: :LINK linking mods ppeiscore and c2d for identity 3000f
05-04 18:28:49.985   537  2178 D mm-camera: <PPROC >< INFO> 458: pproc_port_add_modules_to_stream: :LINK linking mods c2d and cpp for identity 3000f
05-04 18:28:49.985   537  2178 D mm-camera: <CPP   >< INFO> 2111: cpp_module_notify_add_stream: :width 0, height 0, stride 0, scanline 0, framelen 0
05-04 18:28:49.985   537  2178 E mm-camera: <CPP   ><ERROR> 2207: cpp_module_notify_add_stream: failed, CPP current version can not support rotation
05-04 18:28:49.985   537  2178 D mm-camera: <CPP   >< INFO> 2273: cpp_module_notify_add_stream: : stream 10, fmt 1, asf_mode 0, sharpness_level 0.000000,asf mask 0, denoise 0, denoise_mask 0, dsdn mask 0,dsdn enable 0, tnr mask 0, tnr enable 0, ds_mask 0
05-04 18:28:49.985   537  2178 D mm-camera: <PPROC >< INFO> 458: pproc_port_add_modules_to_stream: :LINK linking mods cpp and paaf for identity 3000f
05-04 18:28:49.985   537  2178 D mm-camera: <PPROC >< INFO> 458: pproc_port_add_modules_to_stream: :LINK linking mods paaf and llvd for identity 3000f
05-04 18:28:49.987   537  2178 D mm-camera: <MCT   >< INFO> 4281: mct_pipeline_start_stream_internal: Session stream linked successfully session 3
05-04 18:28:49.989  2020  2020 I art     : Explicit concurrent mark sweep GC freed 2503(118KB) AllocSpace objects, 0(0B) LOS objects, 39% free, 15MB/25MB, paused 67us total 15.900ms
05-04 18:28:49.990  2020  2053 I art     : Starting a blocking GC HeapTrim
05-04 18:28:49.992  2020  2020 I art     : Starting a blocking GC Background
05-04 18:28:49.994   537  2179 E mm-camera: <SENSOR><ERROR> 2847: sensor_get_cur_chromatix_name_for_type: chromatix for res_idx = 0 special_mode_mask = 0     module = 4 chromatix_type = 0 is NULL
05-04 18:28:49.994   537  2179 D mm-camera: <IMGLIB>< INFO> 2059: module_faceproc_query_mod: Caps ROI 10 scene_mode_cnt 1 HW analysis supported 1
05-04 18:28:49.994   537  2179 D mm-camera: <MCT   >< INFO> 1587: mct_pipeline_append_fps_entry:  Added hal_table[0]: (7.000000, 30.000000)
05-04 18:28:49.994   537  2179 D mm-camera: <MCT   >< INFO> 1600: mct_pipeline_append_fps_entry:  Added hal_table[1]: (30.000000, 30.000000)
05-04 18:28:49.994   537  2179 D mm-camera: <MCT   >< INFO> 1587: mct_pipeline_append_fps_entry:  Added hal_table[2]: (8.000000, 30.000000)
05-04 18:28:49.994   537  2179 D mm-camera: <MCT   >< INFO> 2735: mct_pipeline_fill_dimensions_snapshot: Cam 1: FPS range selection complete. Publishing 3 ranges.
05-04 18:28:49.996   537   537 D mm-camera: <MCT   >< INFO> 189: mct_controller_destroy: Initiating destroy sequence for session = 3
05-04 18:28:49.998   537   537 D mm-camera: <MCT   >< INFO> 207: mct_controller_destroy: serv_thread closed
05-04 18:28:49.998   537   537 D mm-camera: <MCT   >< INFO> 222: mct_controller_destroy: bus_handler thread closed
05-04 18:28:49.998   537   537 D mm-camera: <MCT   >< INFO> 4393: mct_pipeline_stop_session: Initiating stop_session on session 3
05-04 18:28:49.999   537   537 D mm-camera: <MCT   >< INFO> 3389: mct_pipeline_process_set: command=800000b
05-04 18:28:49.999   537   537 D mm-camera: <MCT   >< INFO> 3607: mct_pipeline_process_set: Issuing DEL_STREAM on stream 0x3000f and stream type=10
05-04 18:28:49.999   537   537 D mm-camera: <IFACE >< INFO> 666: iface_unreserve_sink_port: stream_id f mode 0 
05-04 18:28:49.999   537   537 D mm-camera: <ISP   >< INFO> 911: isp_port_check_caps_unreserve: ide 3000f port 0xf389a400
05-04 18:28:50.001   537   537 D mm-camera: <MCT   >< INFO> 3618: mct_pipeline_process_set: Stream 0x3000f and stream type=10, successfully deleted
05-04 18:28:50.003   537  2189 D mm-camera: <MCT   >< INFO> 4114: mct_pipeline_stop_session_thread: Stop module name: sensor - E
05-04 18:28:50.003   537  2191 D mm-camera: <MCT   >< INFO> 4114: mct_pipeline_stop_session_thread: Stop module name: iface - E
05-04 18:28:50.003   537  2191 D mm-camera: <MCT   >< INFO> 4122: mct_pipeline_stop_session_thread: Stop module name: iface - X
05-04 18:28:50.008   537  2192 D mm-camera: <MCT   >< INFO> 4114: mct_pipeline_stop_session_thread: Stop module name: isp - E
05-04 18:28:50.008   537  2192 D mm-camera: <ISP   >< INFO> 476: isp_module_stop_session: session id 3
05-04 18:28:50.008   537  2193 D mm-camera: <MCT   >< INFO> 4114: mct_pipeline_stop_session_thread: Stop module name: stats - E
05-04 18:28:50.010   537  2194 D mm-camera: <MCT   >< INFO> 4114: mct_pipeline_stop_session_thread: Stop module name: pproc - E
05-04 18:28:50.011   537  2189 D mm-camera: <MCT   >< INFO> 4122: mct_pipeline_stop_session_thread: Stop module name: sensor - X
05-04 18:28:50.011   537   537 D mm-camera: <MCT   >< INFO> 4446: mct_pipeline_stop_session: Modules left: 5
05-04 18:28:50.011   537   537 D mm-camera: <MCT   >< INFO> 4446: mct_pipeline_stop_session: Modules left: 4
05-04 18:28:50.014   537  2195 D mm-camera: <MCT   >< INFO> 4114: mct_pipeline_stop_session_thread: Stop module name: imglib - E
05-04 18:28:50.020   537  2195 D mm-camera: <MCT   >< INFO> 4122: mct_pipeline_stop_session_thread: Stop module name: imglib - X
05-04 18:28:50.020   537   537 D mm-camera: <MCT   >< INFO> 4446: mct_pipeline_stop_session: Modules left: 3
05-04 18:28:50.023   537  2192 D mm-camera: <MCT   >< INFO> 4122: mct_pipeline_stop_session_thread: Stop module name: isp - X
05-04 18:28:50.023   537   537 D mm-camera: <MCT   >< INFO> 4446: mct_pipeline_stop_session: Modules left: 2
05-04 18:28:50.025   537  2194 D mm-camera: <MCT   >< INFO> 4122: mct_pipeline_stop_session_thread: Stop module name: pproc - X
05-04 18:28:50.025   537   537 D mm-camera: <MCT   >< INFO> 4446: mct_pipeline_stop_session: Modules left: 1
05-04 18:28:50.026   537  2193 D mm-camera: <MCT   >< INFO> 4122: mct_pipeline_stop_session_thread: Stop module name: stats - X
05-04 18:28:50.026   537   537 D mm-camera: <MCT   >< INFO> 4446: mct_pipeline_stop_session: Modules left: 0
05-04 18:28:50.027   537   537 D mm-camera: <MCT   >< INFO> 4455: mct_pipeline_stop_session: Stopped session 3 successfully
05-04 18:28:50.027   537   537 D mm-camera: <MCT   >< INFO> 4742: mct_pipeline_destroy: E: session:3
05-04 18:28:50.027   537   537 D mm-camera: <MCT   >< INFO> 4808: mct_pipeline_destroy: X: Pipeline destroyed successfully session =3
05-04 18:28:50.027   537   537 D mm-camera: <MCT   >< INFO> 246: mct_controller_destroy: X Successfully closed mct_controller session 3
05-04 18:28:50.028  2020  2020 I Zygote  : System server process 2198 has been created
05-04 18:28:50.030  2020  2020 I Zygote  : Accepting command socket connections
05-04 18:28:50.030  2019  2019 I QCamera : <HAL><INFO> static int qcamera::QCamera3HardwareInterface::getCamInfo(uint32_t, camera_info*): 7935: camera 1 resource cost is 100
05-04 18:28:50.030  2019  2019 I QCamera : <HAL><INFO> int qcamera::QCamera2Factory::getCameraInfo(int, camera_info*): 346: Camera id 0 API version 256
05-04 18:28:50.030  2019  2019 I QCamera : <HAL><INFO> static int qcamera::QCamera3HardwareInterface::getCamInfo(uint32_t, camera_info*): 7935: camera 0 resource cost is 100
05-04 18:28:50.031  2019  2019 I QCamera : <HAL><INFO> int qcamera::QCamera2Factory::getCameraInfo(int, camera_info*): 346: Camera id 1 API version 256
05-04 18:28:50.031  2019  2019 I QCamera : <HAL><INFO> static int qcamera::QCamera3HardwareInterface::getCamInfo(uint32_t, camera_info*): 7935: camera 1 resource cost is 100
05-04 18:28:50.031  2019  2019 I ServiceManager: Waiting for service media.camera.proxy...
05-04 18:28:50.050  2198  2198 I Zygote  : Process: zygote socket opened, supported ABIS: armeabi-v7a,armeabi
05-04 18:28:50.051  2198  2198 I InstallerConnection: connecting...
05-04 18:28:50.051   489   489 I installd: new connection
05-04 18:28:50.054  2198  2198 I InstallerConnection: disconnecting...
05-04 18:28:50.054   489   489 E installd: eof
05-04 18:28:50.054   489   489 E installd: failed to read size
05-04 18:28:50.054   489   489 I installd: closing connection
05-04 18:28:50.062  2198  2198 D AndroidRuntime: Shutting down VM
05-04 18:28:50.064  2198  2198 E AndroidRuntime: *** FATAL EXCEPTION IN SYSTEM PROCESS: main
05-04 18:28:50.064  2198  2198 E AndroidRuntime: java.lang.VerifyError: Rejecting class com.android.server.SystemServer because it failed compile-time verification (declaration of 'com.android.server.SystemServer' appears in /system/framework/services.jar)
05-04 18:28:50.064  2198  2198 E AndroidRuntime: 	at java.lang.Class.classForName(Native Method)
05-04 18:28:50.064  2198  2198 E AndroidRuntime: 	at java.lang.Class.forName(Class.java:324)
05-04 18:28:50.064  2198  2198 E AndroidRuntime: 	at com.android.internal.os.RuntimeInit.invokeStaticMain(RuntimeInit.java:203)
05-04 18:28:50.064  2198  2198 E AndroidRuntime: 	at com.android.internal.os.RuntimeInit.applicationInit(RuntimeInit.java:326)
05-04 18:28:50.064  2198  2198 E AndroidRuntime: 	at com.android.internal.os.RuntimeInit.zygoteInit(RuntimeInit.java:278)
05-04 18:28:50.064  2198  2198 E AndroidRuntime: 	at com.android.internal.os.ZygoteInit.handleSystemServerProcess(ZygoteInit.java:458)
05-04 18:28:50.064  2198  2198 E AndroidRuntime: 	at com.android.internal.os.ZygoteInit.startSystemServer(ZygoteInit.java:545)
05-04 18:28:50.064  2198  2198 E AndroidRuntime: 	at com.android.internal.os.ZygoteInit.main(ZygoteInit.java:608)
05-04 18:28:50.065  2198  2198 E AndroidRuntime: Error reporting crash
05-04 18:28:50.065  2198  2198 E AndroidRuntime: java.lang.NullPointerException: Attempt to invoke interface method 'void android.app.IActivityManager.handleApplicationCrash(android.os.IBinder, android.app.ApplicationErrorReport$CrashInfo)' on a null object reference
05-04 18:28:50.065  2198  2198 E AndroidRuntime: 	at com.android.internal.os.RuntimeInit$UncaughtHandler.uncaughtException(RuntimeInit.java:90)
05-04 18:28:50.065  2198  2198 E AndroidRuntime: 	at java.lang.ThreadGroup.uncaughtException(ThreadGroup.java:693)
05-04 18:28:50.065  2198  2198 E AndroidRuntime: 	at java.lang.ThreadGroup.uncaughtException(ThreadGroup.java:690)
05-04 18:28:50.065  2198  2198 I Process : Sending signal. PID: 2198 SIG: 9
05-04 18:28:50.077  2020  2020 E Zygote  : Exit zygote because system server (2198) has terminated
05-04 18:28:50.083  2022  2039 I ServiceManager: Waiting for service permission...
05-04 18:28:50.103   470   470 I ServiceManager: service 'media.audio_flinger' died
05-04 18:28:50.103   470   470 I ServiceManager: service 'media.player' died
05-04 18:28:50.103   470   470 I ServiceManager: service 'media.resource_manager' died
05-04 18:28:50.104   470   470 I ServiceManager: service 'DisplayFeatureControl' died
05-04 18:28:50.513   609   758 E slim_daemon: [NDK] bindNDKSensors: Sensor server is unavailable.
05-04 18:28:51.515   609   758 E slim_daemon: [NDK] bindNDKSensors: Sensor server is unavailable.
05-04 18:28:52.516   609   758 E slim_daemon: [NDK] bindNDKSensors: Sensor server is unavailable.
05-04 18:28:53.518   609   758 E slim_daemon: [NDK] bindNDKSensors: Sensor server is unavailable.
05-04 18:28:54.148  2222  2222 D DisplayFeatureService: supported id: 1
05-04 18:28:54.148  2222  2222 D DisplayFeatureService: supported id: 2
05-04 18:28:54.149  2222  2222 D DisplayFeatureService: supported id: 3
05-04 18:28:54.149  2222  2222 D DisplayFeatureService: supported id: 4
05-04 18:28:54.149  2222  2222 D DisplayFeatureService: supported id: 5
05-04 18:28:54.149  2222  2222 D DisplayFeatureService: supported id: 6
05-04 18:28:54.154  2222  2222 I displayfeature: ServiceManager: 0x7fab4a10c0
05-04 18:28:54.155  2222  2222 I DisplayFeatureService: add DisplayFeatureControl into ServiceManager
05-04 18:28:54.160  2219  2219 I Netd    : Netd 1.0 starting
05-04 18:28:54.161  2219  2219 D QtiConnectivityAdapter: Successfully loaded libconnectivitycontroller
05-04 18:28:54.161  2219  2219 D         : initConnectivityController cons 
05-04 18:28:54.161  2219  2219 D ConnectivityController: QtiTetherCommand cons done
05-04 18:28:54.161  2219  2219 I libconnctrl: Creating a NetlinkRelay
05-04 18:28:54.162  2219  2219 I libconnctrl: NetlinkRelay constructor
05-04 18:28:54.162  2219  2219 D TetherController: Setting IP forward enable = 0
05-04 18:28:54.167  2219  2219 E         : Failed to open libdatactrl, some features may not be present.
05-04 18:28:54.384  2220  2220 V MediaUtils: physMem: 2846552064
05-04 18:28:54.384  2220  2220 V MediaUtils: requested limit: 1850258800
05-04 18:28:54.384  2220  2220 V MediaUtils: actual limit: 1850258800
05-04 18:28:54.384  2220  2220 V MediaUtils: original limits: 4294967295/4294967295
05-04 18:28:54.384  2220  2220 V MediaUtils: new limits: 1850258800/4294967295
05-04 18:28:54.385  2220  2220 I mediaserver: ServiceManager: 0xf630e120
05-04 18:28:54.386  2220  2220 I AudioFlinger: Using 300 mSec as standby time.
05-04 18:28:54.386  2220  2220 E BatteryNotifier: batterystats service unavailable!
05-04 18:28:54.387  2220  2220 E BatteryNotifier: batterystats service unavailable!
05-04 18:28:54.387  2220  2220 I CameraService: CameraService started (pid=2220)
05-04 18:28:54.387  2220  2220 I CameraService: CameraService process starting
05-04 18:28:54.388  2220  2220 E BatteryNotifier: batterystats service unavailable!
05-04 18:28:54.388  2220  2220 E BatteryNotifier: batterystats service unavailable!
05-04 18:28:54.398  2221  2221 D AndroidRuntime: >>>>>> START com.android.internal.os.ZygoteInit uid 0 <<<<<<
05-04 18:28:54.403  2221  2221 D AndroidRuntime: CheckJNI is OFF
05-04 18:28:54.403  2221  2221 E cutils-trace: Error opening trace file: No such file or directory (2)
05-04 18:28:54.403  2221  2221 I art     : option[0]=-Xzygote
05-04 18:28:54.404  2221  2221 I art     : option[1]=-Xstacktracefile:/data/anr/traces.txt
05-04 18:28:54.404  2221  2221 I art     : option[2]=exit
05-04 18:28:54.404  2221  2221 I art     : option[3]=vfprintf
05-04 18:28:54.404  2221  2221 I art     : option[4]=sensitiveThread
05-04 18:28:54.404  2221  2221 I art     : option[5]=-verbose:gc
05-04 18:28:54.404  2221  2221 I art     : option[6]=-Xms8m
05-04 18:28:54.404  2221  2221 I art     : option[7]=-Xmx1024m
05-04 18:28:54.404  2221  2221 I art     : option[8]=-XX:HeapGrowthLimit=384m
05-04 18:28:54.404  2221  2221 I art     : option[9]=-XX:HeapMinFree=512k
05-04 18:28:54.404  2221  2221 I art     : option[10]=-XX:HeapMaxFree=8m
05-04 18:28:54.404  2221  2221 I art     : option[11]=-XX:HeapTargetUtilization=0.75
05-04 18:28:54.404  2221  2221 I art     : option[12]=-agentlib:jdwp=transport=dt_android_adb,suspend=n,server=y
05-04 18:28:54.404  2221  2221 I art     : option[13]=-Xlockprofthreshold:500
05-04 18:28:54.404  2221  2221 I art     : option[14]=-Ximage-compiler-option
05-04 18:28:54.404  2221  2221 I art     : option[15]=--runtime-arg
05-04 18:28:54.404  2221  2221 I art     : option[16]=-Ximage-compiler-option
05-04 18:28:54.404  2221  2221 I art     : option[17]=-Xms64m
05-04 18:28:54.405  2221  2221 I art     : option[18]=-Ximage-compiler-option
05-04 18:28:54.405  2221  2221 I art     : option[19]=--runtime-arg
05-04 18:28:54.405  2221  2221 I art     : option[20]=-Ximage-compiler-option
05-04 18:28:54.405  2221  2221 I art     : option[21]=-Xmx64m
05-04 18:28:54.405  2221  2221 I art     : option[22]=-Ximage-compiler-option
05-04 18:28:54.405  2221  2221 I art     : option[23]=--image-classes=/system/etc/preloaded-classes
05-04 18:28:54.405  2221  2221 I art     : option[24]=-Xcompiler-option
05-04 18:28:54.405  2221  2221 I art     : option[25]=--runtime-arg
05-04 18:28:54.405  2221  2221 I art     : option[26]=-Xcompiler-option
05-04 18:28:54.405  2221  2221 I art     : option[27]=-Xms64m
05-04 18:28:54.405  2221  2221 I art     : option[28]=-Xcompiler-option
05-04 18:28:54.405  2221  2221 I art     : option[29]=--runtime-arg
05-04 18:28:54.405  2221  2221 I art     : option[30]=-Xcompiler-option
05-04 18:28:54.405  2221  2221 I art     : option[31]=-Xmx512m
05-04 18:28:54.405  2221  2221 I art     : option[32]=-Ximage-compiler-option
05-04 18:28:54.405  2221  2221 I art     : option[33]=--instruction-set-variant=kryo
05-04 18:28:54.405  2221  2221 I art     : option[34]=-Xcompiler-option
05-04 18:28:54.405  2221  2221 I art     : option[35]=--instruction-set-variant=kryo
05-04 18:28:54.405  2221  2221 I art     : option[36]=-Ximage-compiler-option
05-04 18:28:54.405  2221  2221 I art     : option[37]=--instruction-set-features=default
05-04 18:28:54.406  2221  2221 I art     : option[38]=-Xcompiler-option
05-04 18:28:54.406  2221  2221 I art     : option[39]=--instruction-set-features=default
05-04 18:28:54.406  2221  2221 I art     : option[40]=-Duser.locale=zh-CN
05-04 18:28:54.406  2221  2221 I art     : option[41]=--cpu-abilist=arm64-v8a
05-04 18:28:54.406  2221  2221 I art     : option[42]=-Xfingerprint:Xiaomi/gemini/gemini:6.0.1/MMB29M/builder.20170504173549_R:userdebug/test-keys
05-04 18:28:54.455  2221  2221 D ICU     : No timezone override file found: /data/misc/zoneinfo/current/icu/icu_tzdata.dat
05-04 18:28:54.479   532   585 E QCALOG  : [MessageQ] ProcessNewMessage: [XTWiFi-PE] unknown deliver target [OS-Agent]
05-04 18:28:54.480  2221  2221 I Radio-JNI: register_android_hardware_Radio DONE
05-04 18:28:54.486  2221  2221 I SamplingProfilerIntegration: Profiling disabled.
05-04 18:28:54.486  2221  2221 D Zygote  : begin preload
05-04 18:28:54.487  2221  2221 I Zygote  : Preloading classes...
05-04 18:28:54.509  2223  2223 I Dpps    : static DppsServer *DppsServer::GetInstance(): DppsServer ref count increased to 1
05-04 18:28:54.509  2223  2223 I Dpps    : AbaContext():18 ABA context instantiation
05-04 18:28:54.509  2223  2223 I Dpps    : AmbientLightContext():17 AL context instantiation
05-04 18:28:54.510  2223  2223 I Dpps    : InitFeatureContext():171 Initialize feature context
05-04 18:28:54.510  2223  2223 I Dpps    : InitFeatureContext():203 ABA context is not enabled
05-04 18:28:54.510  2223  2223 I Dpps    : InitContext():69 display_fd 5, panel 0, sensor type 2 display_type 0
05-04 18:28:54.510  2223  2223 I Dpps    : OpenCommonSysfsFds():341 lcd_bl_event_fd_ is 8
05-04 18:28:54.510  2223  2223 I Dpps    : OpenCommonSysfsFds():350 blank_event_fd_ is 9
05-04 18:28:54.510  2223  2223 I Dpps    : OpenCommonSysfsFds():358 lcd_brightness_fd_ is 11
05-04 18:28:54.510  2223  2223 I Dpps    : SelectLightSensor():468 sensor_type 2
05-04 18:28:54.510  2223  2223 I Dpps    : SelectLightSensor():471 sensor_type_ 2
05-04 18:28:54.510  2223  2223 I Dpps    : InitLightSensor():503 sensor_type_ 2
05-04 18:28:54.511  2223  2223 I Dpps    : InitLightSensor():524 light sensor initialization ret 0
05-04 18:28:54.511  2223  2223 I Dpps    : CreateAmbientLightThread():141 Create AL thread
05-04 18:28:54.511  2223  2223 I Dpps    : CreateAmbientLightThread():160 Create AL thread done ret 0
05-04 18:28:54.511  2223  2223 I Dpps    : InitFeatureContext():223 Initialize feature context done ret 0
05-04 18:28:54.511  2223  2249 I Dpps    : PollThreadLoop():111 Getting manager and light sensor instance
05-04 18:28:54.512  2223  2250 I Dpps    : ProcessAmbientLightThread():98 AL thread execution started
05-04 18:28:54.512  2223  2249 I ServiceManager: Waiting for service permission...
05-04 18:28:54.516  2221  2221 D skia    : [SkFontConfigParser] /system/etc/fonts.xml:103:4: warning: 'DINPro' alias target not found
05-04 18:28:54.516  2221  2221 D skia    : [SkFontConfigParser] /system/etc/fonts.xml:104:4: warning: 'DINPro' alias target not found
05-04 18:28:54.516  2221  2221 D skia    : [SkFontConfigParser] /system/etc/fonts.xml:105:4: warning: 'DINPro' alias target not found
05-04 18:28:54.519   609   758 E slim_daemon: [NDK] bindNDKSensors: Sensor server is unavailable.
05-04 18:28:54.541  2221  2221 E Minikin : addFont failed to create font /system/fonts/Padauk.ttf
05-04 18:28:54.545   532   585 E QCALOG  : [MessageQ] ProcessNewMessage: [XT-CS] unknown deliver target [OS-Agent]
05-04 18:28:54.546   608   782 W XTCC-5.1.0.10: [CS-RIL-LISTENER] timerCallback fired for ril update registering, re-register
05-04 18:28:54.546   532   585 E QCALOG  : [MessageQ] ProcessNewMessage: [XT-CS] unknown deliver target [OS-Agent]
05-04 18:28:54.553  2221  2221 E Minikin : addFont failed to create font /system/fonts/NanumGothic.ttf
05-04 18:28:54.554  2221  2221 E Minikin : addFont failed to create font /system/fonts/DroidSansFallback.ttf
05-04 18:28:54.554  2221  2221 E Minikin : addFont failed to create font /system/fonts/MTLmr3m.ttf
05-04 18:28:54.599  2221  2221 V DngCreator_JNI: DngCreator_nativeClassInit:
05-04 18:28:54.659  2221  2221 I art     : Thread[1,tid=2221,Native,Thread*=0x7f885bba00,peer=0x12c2c100,"main"] recursive attempt to load library "/system/lib64/libmedia_jni.so"
05-04 18:28:54.660  2221  2221 D MtpDeviceJNI: register_android_mtp_MtpDevice
05-04 18:28:54.660  2221  2221 I art     : Thread[1,tid=2221,Native,Thread*=0x7f885bba00,peer=0x12c2c100,"main"] recursive attempt to load library "/system/lib64/libmedia_jni.so"
05-04 18:28:54.660  2221  2221 I art     : Thread[1,tid=2221,Native,Thread*=0x7f885bba00,peer=0x12c2c100,"main"] recursive attempt to load library "/system/lib64/libmedia_jni.so"
05-04 18:28:54.762  2221  2221 I System  : Loaded time zone names for "" in 24ms (23ms in ICU)
05-04 18:28:54.779  2221  2221 I System  : Loaded time zone names for "en_US" in 16ms (16ms in ICU)
05-04 18:28:54.797  2221  2221 I System  : Loaded time zone names for "zh_CN" in 17ms (17ms in ICU)
05-04 18:28:54.806  2221  2221 I Zygote  : ...preloaded 3831 classes in 319ms.
05-04 18:28:54.806  2221  2221 I art     : VMRuntime.preloadDexCaches starting
05-04 18:28:54.864  2221  2221 I art     : VMRuntime.preloadDexCaches strings total=267616 before=46632 after=46632
05-04 18:28:54.864  2221  2221 I art     : VMRuntime.preloadDexCaches types total=21791 before=7425 after=7457
05-04 18:28:54.864  2221  2221 I art     : VMRuntime.preloadDexCaches fields total=112321 before=36568 after=36790
05-04 18:28:54.864  2221  2221 I art     : VMRuntime.preloadDexCaches methods total=180369 before=73777 after=74316
05-04 18:28:54.864  2221  2221 I art     : VMRuntime.preloadDexCaches finished
05-04 18:28:54.868  2220  2220 E cutils-trace: Error opening trace file: No such file or directory (2)
05-04 18:28:54.869  2220  2220 I QCamera : <MCI><INFO> get_num_of_cameras: 1852: dev_info[id=0,name='video2']
05-04 18:28:54.869  2220  2220 I QCamera : <MCI><INFO> get_num_of_cameras: 1852: dev_info[id=1,name='video3']
05-04 18:28:54.869  2220  2220 I QCamera : <MCI><INFO> sort_camera_info: 1707: Camera id: 0 facing: 0, type: 1 is_yuv: 0
05-04 18:28:54.869  2220  2220 I QCamera : <MCI><INFO> sort_camera_info: 1707: Camera id: 1 facing: 1, type: 0 is_yuv: 0
05-04 18:28:54.869  2220  2220 I QCamera : <MCI><INFO> sort_camera_info: 1710: Number of cameras 2 sorted 2
05-04 18:28:54.869  2220  2220 I QCamera : <MCI><INFO> get_num_of_cameras: 1870: num_cameras=2
05-04 18:28:54.869  2220  2220 I CameraService: Loaded "QCamera Module" camera module
05-04 18:28:54.869  2220  2220 I QCamera : <HAL><INFO> int qcamera::QCamera2Factory::getCameraInfo(int, camera_info*): 346: Camera id 0 API version 256
05-04 18:28:54.870   537   537 D mm-camera: < INFO> 395: void enable_memleak_trace(int): start memleak tracking.
05-04 18:28:54.876   537   537 D mm-camera: <MCT   >< INFO> 63: mct_controller_new: Creating new mct_controller with session-id 2
05-04 18:28:54.877   537  2287 D mm-camera: <MCT   >< INFO> 4309: mct_pipeline_start_session_thread: E sensor
05-04 18:28:54.877   537  2287 D mm-camera: <MCT   >< INFO> 4316: mct_pipeline_start_session_thread: Calling start_session on Module sensor
05-04 18:28:54.877   537  2288 D mm-camera: <MCT   >< INFO> 4309: mct_pipeline_start_session_thread: E iface
05-04 18:28:54.877   537  2288 D mm-camera: <MCT   >< INFO> 4316: mct_pipeline_start_session_thread: Calling start_session on Module iface
05-04 18:28:54.879   537  2290 D mm-camera: <MCT   >< INFO> 4309: mct_pipeline_start_session_thread: E isp
05-04 18:28:54.879   537  2288 D mm-camera: <MCT   >< INFO> 4319: mct_pipeline_start_session_thread: Module iface start_session rc = 1
05-04 18:28:54.879   537  2290 D mm-camera: <MCT   >< INFO> 4316: mct_pipeline_start_session_thread: Calling start_session on Module isp
05-04 18:28:54.879   537  2290 D mm-camera: <ISP   >< INFO> 190: isp_module_start_session: session id 2
05-04 18:28:54.879   537  2288 D mm-camera: <MCT   >< INFO> 4327: mct_pipeline_start_session_thread: started_num = 1, success = 1
05-04 18:28:54.879   537  2288 D mm-camera: <MCT   >< INFO> 4334: mct_pipeline_start_session_thread: X iface
05-04 18:28:54.880   537  2292 D mm-camera: <MCT   >< INFO> 4309: mct_pipeline_start_session_thread: E stats
05-04 18:28:54.881   537  2292 D mm-camera: <MCT   >< INFO> 4316: mct_pipeline_start_session_thread: Calling start_session on Module stats
05-04 18:28:54.884   537  2294 D mm-camera: <MCT   >< INFO> 4309: mct_pipeline_start_session_thread: E pproc
05-04 18:28:54.885   537  2294 D mm-camera: <MCT   >< INFO> 4316: mct_pipeline_start_session_thread: Calling start_session on Module pproc
05-04 18:28:54.885  2286  2286 D idmap   : error: no read access to /vendor/overlay: No such file or directory
05-04 18:28:54.887   537  2292 D mm-camera: <STATS_AIS >< INFO> 338: gyro_port_use_dsps_iface: Use DSPS interface as it supports
05-04 18:28:54.888   537  2295 D mm-camera: <MCT   >< INFO> 4309: mct_pipeline_start_session_thread: E imglib
05-04 18:28:54.888   537  2295 D mm-camera: <MCT   >< INFO> 4316: mct_pipeline_start_session_thread: Calling start_session on Module imglib
05-04 18:28:54.888   537  2295 D mm-camera: <IMGLIB>< INFO> 1771: module_imglib_start_session: module_imglib_start_session:1771 ###Img_Loglevel 1, moduleMask 65535
05-04 18:28:54.891   537  2287 D mm-camera: <MCT   >< INFO> 4319: mct_pipeline_start_session_thread: Module sensor start_session rc = 1
05-04 18:28:54.891   537  2287 D mm-camera: <MCT   >< INFO> 4327: mct_pipeline_start_session_thread: started_num = 2, success = 2
05-04 18:28:54.891   537  2287 D mm-camera: <MCT   >< INFO> 4334: mct_pipeline_start_session_thread: X sensor
05-04 18:28:54.893   537  2295 D mm-camera: <MCT   >< INFO> 4319: mct_pipeline_start_session_thread: Module imglib start_session rc = 1
05-04 18:28:54.893   537  2295 D mm-camera: <MCT   >< INFO> 4327: mct_pipeline_start_session_thread: started_num = 3, success = 3
05-04 18:28:54.893   537  2295 D mm-camera: <MCT   >< INFO> 4334: mct_pipeline_start_session_thread: X imglib
05-04 18:28:54.893   537  2292 D mm-camera: <MCT   >< INFO> 4319: mct_pipeline_start_session_thread: Module stats start_session rc = 1
05-04 18:28:54.893   537  2292 D mm-camera: <MCT   >< INFO> 4327: mct_pipeline_start_session_thread: started_num = 4, success = 4
05-04 18:28:54.893   537  2292 D mm-camera: <MCT   >< INFO> 4334: mct_pipeline_start_session_thread: X stats
05-04 18:28:54.894  2221  2221 I Zygote  : Preloading resources...
05-04 18:28:54.897   537  2294 D mm-camera: <MCT   >< INFO> 4319: mct_pipeline_start_session_thread: Module pproc start_session rc = 1
05-04 18:28:54.897   537  2294 D mm-camera: <MCT   >< INFO> 4327: mct_pipeline_start_session_thread: started_num = 5, success = 5
05-04 18:28:54.897   537  2294 D mm-camera: <MCT   >< INFO> 4334: mct_pipeline_start_session_thread: X pproc
05-04 18:28:54.897  2221  2221 W Resources: Preloaded drawable resource #0x1080096 (android:drawable/toast_frame) that varies with configuration!!
05-04 18:28:54.899   537  2290 D mm-camera: <MCT   >< INFO> 4319: mct_pipeline_start_session_thread: Module isp start_session rc = 1
05-04 18:28:54.899   537  2290 D mm-camera: <MCT   >< INFO> 4327: mct_pipeline_start_session_thread: started_num = 6, success = 6
05-04 18:28:54.900   537  2290 D mm-camera: <MCT   >< INFO> 4334: mct_pipeline_start_session_thread: X isp
05-04 18:28:54.904   537  2305 D mm-camera: <MCT   >< INFO> 4224: mct_pipeline_start_stream_internal: Adding session stream streamid= 0xf for session=2
05-04 18:28:54.905   537  2305 D mm-camera: <MCT   >< INFO> 4272: mct_pipeline_start_stream_internal: Linking session stream for session 2
05-04 18:28:54.905   537  2305 D mm-camera: <MCT   >< INFO> 463: mct_stream_start_link: Start linking Session-stream 0x2000f
05-04 18:28:54.905   537  2305 D mm-camera: <ISP   >< INFO> 822: isp_port_check_caps_reserve: port 0xf389a400 ide 2000f type 10 dim 0 0
05-04 18:28:54.905   537  2305 D mm-camera: <PPROC >< INFO> 446: pproc_port_add_modules_to_stream: stream 10 int_link = 0xf22c2c80
05-04 18:28:54.905   537  2305 D mm-camera: <PPROC >< INFO> 458: pproc_port_add_modules_to_stream: :LINK linking mods tmod and ppeiscore for identity 2000f
05-04 18:28:54.906   537  2305 D mm-camera: <PPROC >< INFO> 458: pproc_port_add_modules_to_stream: :LINK linking mods ppeiscore and c2d for identity 2000f
05-04 18:28:54.906   537  2305 D mm-camera: <PPROC >< INFO> 458: pproc_port_add_modules_to_stream: :LINK linking mods c2d and cpp for identity 2000f
05-04 18:28:54.906   537  2305 D mm-camera: <CPP   >< INFO> 2111: cpp_module_notify_add_stream: :width 0, height 0, stride 0, scanline 0, framelen 0
05-04 18:28:54.906   537  2305 E mm-camera: <CPP   ><ERROR> 2207: cpp_module_notify_add_stream: failed, CPP current version can not support rotation
05-04 18:28:54.906   537  2305 D mm-camera: <CPP   >< INFO> 2273: cpp_module_notify_add_stream: : stream 10, fmt 1, asf_mode 0, sharpness_level 0.000000,asf mask 0, denoise 0, denoise_mask 0, dsdn mask 0,dsdn enable 0, tnr mask 0, tnr enable 0, ds_mask 0
05-04 18:28:54.906   537  2305 D mm-camera: <PPROC >< INFO> 458: pproc_port_add_modules_to_stream: :LINK linking mods cpp and paaf for identity 2000f
05-04 18:28:54.906   537  2305 D mm-camera: <PPROC >< INFO> 458: pproc_port_add_modules_to_stream: :LINK linking mods paaf and llvd for identity 2000f
05-04 18:28:54.908   537  2305 D mm-camera: <MCT   >< INFO> 4281: mct_pipeline_start_stream_internal: Session stream linked successfully session 2
05-04 18:28:54.978   537  2289 E mm-camera: <SENSOR><ERROR> sony_imx298_eeprom_get_raw_data: 288: Enter
05-04 18:28:54.978   537  2289 E mm-camera: <SENSOR><ERROR> sony_imx298_eeprom_get_raw_data: 295: Exit
05-04 18:28:55.004   537  2289 E mm-camera: <SENSOR><ERROR> sony_imx298_autofocus_calibration: 350: Enter
05-04 18:28:55.004   537  2289 E mm-camera: <SENSOR><ERROR> sony_imx298_autofocus_calibration: 391: adjusted code_per_step: 115, qvalue: 128
05-04 18:28:55.009   537  2306 E mm-camera: <SENSOR><ERROR> 2847: sensor_get_cur_chromatix_name_for_type: chromatix for res_idx = 0 special_mode_mask = 0     module = 4 chromatix_type = 0 is NULL
05-04 18:28:55.009   537  2306 D mm-camera: <IMGLIB>< INFO> 2059: module_faceproc_query_mod: Caps ROI 10 scene_mode_cnt 1 HW analysis supported 1
05-04 18:28:55.009   537  2306 D mm-camera: <MCT   >< INFO> 1587: mct_pipeline_append_fps_entry:  Added hal_table[0]: (15.000000, 24.000000)
05-04 18:28:55.010   537  2306 D mm-camera: <MCT   >< INFO> 1600: mct_pipeline_append_fps_entry:  Added hal_table[1]: (24.000000, 24.000000)
05-04 18:28:55.010   537  2306 D mm-camera: <MCT   >< INFO> 1587: mct_pipeline_append_fps_entry:  Added hal_table[2]: (15.000000, 25.000000)
05-04 18:28:55.010   537  2306 D mm-camera: <MCT   >< INFO> 1600: mct_pipeline_append_fps_entry:  Added hal_table[3]: (25.000000, 25.000000)
05-04 18:28:55.010   537  2306 D mm-camera: <MCT   >< INFO> 1587: mct_pipeline_append_fps_entry:  Added hal_table[4]: (8.000000, 30.000000)
05-04 18:28:55.010   537  2306 D mm-camera: <MCT   >< INFO> 1600: mct_pipeline_append_fps_entry:  Added hal_table[5]: (30.000000, 30.000000)
05-04 18:28:55.010   537  2306 D mm-camera: <MCT   >< INFO> 1587: mct_pipeline_append_fps_entry:  Added hal_table[6]: (15.000000, 30.000000)
05-04 18:28:55.010   537  2306 D mm-camera: <MCT   >< INFO> 2735: mct_pipeline_fill_dimensions_snapshot: Cam 0: FPS range selection complete. Publishing 7 ranges.
05-04 18:28:55.012   537   537 D mm-camera: <MCT   >< INFO> 189: mct_controller_destroy: Initiating destroy sequence for session = 2
05-04 18:28:55.013   537   537 D mm-camera: <MCT   >< INFO> 207: mct_controller_destroy: serv_thread closed
05-04 18:28:55.014   537   537 D mm-camera: <MCT   >< INFO> 222: mct_controller_destroy: bus_handler thread closed
05-04 18:28:55.014   537   537 D mm-camera: <MCT   >< INFO> 4393: mct_pipeline_stop_session: Initiating stop_session on session 2
05-04 18:28:55.014   537   537 D mm-camera: <MCT   >< INFO> 3389: mct_pipeline_process_set: command=800000b
05-04 18:28:55.014   537   537 D mm-camera: <MCT   >< INFO> 3607: mct_pipeline_process_set: Issuing DEL_STREAM on stream 0x2000f and stream type=10
05-04 18:28:55.014   537   537 D mm-camera: <IFACE >< INFO> 666: iface_unreserve_sink_port: stream_id f mode 0 
05-04 18:28:55.014   537   537 D mm-camera: <ISP   >< INFO> 911: isp_port_check_caps_unreserve: ide 2000f port 0xf389a400
05-04 18:28:55.018   537   537 D mm-camera: <MCT   >< INFO> 3618: mct_pipeline_process_set: Stream 0x2000f and stream type=10, successfully deleted
05-04 18:28:55.018   537  2325 D mm-camera: <MCT   >< INFO> 4114: mct_pipeline_stop_session_thread: Stop module name: sensor - E
05-04 18:28:55.019   537  2326 D mm-camera: <MCT   >< INFO> 4114: mct_pipeline_stop_session_thread: Stop module name: iface - E
05-04 18:28:55.019   537  2326 D mm-camera: <MCT   >< INFO> 4122: mct_pipeline_stop_session_thread: Stop module name: iface - X
05-04 18:28:55.024   537  2327 D mm-camera: <MCT   >< INFO> 4114: mct_pipeline_stop_session_thread: Stop module name: isp - E
05-04 18:28:55.025   537  2327 D mm-camera: <ISP   >< INFO> 476: isp_module_stop_session: session id 2
05-04 18:28:55.025   537  2328 D mm-camera: <MCT   >< INFO> 4114: mct_pipeline_stop_session_thread: Stop module name: stats - E
05-04 18:28:55.030   537  2329 D mm-camera: <MCT   >< INFO> 4114: mct_pipeline_stop_session_thread: Stop module name: pproc - E
05-04 18:28:55.031   537  2327 D mm-camera: <MCT   >< INFO> 4122: mct_pipeline_stop_session_thread: Stop module name: isp - X
05-04 18:28:55.035   537  2329 D mm-camera: <MCT   >< INFO> 4122: mct_pipeline_stop_session_thread: Stop module name: pproc - X
05-04 18:28:55.037   537  2328 D mm-camera: <MCT   >< INFO> 4122: mct_pipeline_stop_session_thread: Stop module name: stats - X
05-04 18:28:55.038   537  2331 D mm-camera: <MCT   >< INFO> 4114: mct_pipeline_stop_session_thread: Stop module name: imglib - E
05-04 18:28:55.038   537   537 D mm-camera: <MCT   >< INFO> 4446: mct_pipeline_stop_session: Modules left: 5
05-04 18:28:55.038   537   537 D mm-camera: <MCT   >< INFO> 4446: mct_pipeline_stop_session: Modules left: 4
05-04 18:28:55.038   537   537 D mm-camera: <MCT   >< INFO> 4446: mct_pipeline_stop_session: Modules left: 3
05-04 18:28:55.038   537   537 D mm-camera: <MCT   >< INFO> 4446: mct_pipeline_stop_session: Modules left: 2
05-04 18:28:55.038   537  2331 D mm-camera: <MCT   >< INFO> 4122: mct_pipeline_stop_session_thread: Stop module name: imglib - X
05-04 18:28:55.038   537   537 D mm-camera: <MCT   >< INFO> 4446: mct_pipeline_stop_session: Modules left: 1
05-04 18:28:55.093   502   679 I ThermalEngine: algo_monitor: Thresh EVT
05-04 18:28:55.094   502   679 I ThermalEngine: handle_thresh_sig: SS Id SKIN-SS-GOLD-AND-SILVER, Read xo_therm_buf 41000mC
05-04 18:28:55.096   502   676 I ThermalEngine: handle_thresh_sig: TM Id SKIN-BATTERY-MONITOR Sensor xo_therm_buf Temp 41000
05-04 18:28:55.096   502   676 I ThermalEngine: TM Id 'SKIN-BATTERY-MONITOR' Sensor 'xo_therm_buf' - alarm cleared 1 at 41.0 degC
05-04 18:28:55.098   502   676 I ThermalEngine: handle_thresh_sig: TM Id GPU_management Sensor xo_therm_buf Temp 41000
05-04 18:28:55.099   502   676 I ThermalEngine: TM Id 'GPU_management' Sensor 'xo_therm_buf' - alarm cleared 2 at 41.0 degC
05-04 18:28:55.099   502   676 I ThermalEngine: j=0 i=0 TM Id GPU_management Sensor xo_therm_buf: Action gpu value 510000000
05-04 18:28:55.099   502   676 I ThermalEngine: ACTION: GPU - Setting GPU[0] to 510000000
05-04 18:28:55.188  2221  2221 W Resources: Preloaded drawable resource #0x10806ef (android:drawable/text_select_handle_left_material) that varies with configuration!!
05-04 18:28:55.189  2221  2221 W Resources: Preloaded drawable resource #0x10806f5 (android:drawable/text_select_handle_right_material) that varies with configuration!!
05-04 18:28:55.190  2221  2221 I Zygote  : ...preloaded 342 resources in 296ms.
05-04 18:28:55.197  2221  2221 I Zygote  : ...preloaded 41 resources in 7ms.
05-04 18:28:55.198  2221  2221 D libEGL  : loaded /vendor/lib64/egl/libEGL_adreno.so
05-04 18:28:55.211  2221  2221 D libEGL  : loaded /vendor/lib64/egl/libGLESv1_CM_adreno.so
05-04 18:28:55.219  2221  2221 D libEGL  : loaded /vendor/lib64/egl/libGLESv2_adreno.so
05-04 18:28:55.230  2221  2221 I Zygote  : Preloading shared libraries...
05-04 18:28:55.234  2221  2221 D Zygote  : end preload
05-04 18:28:55.234  2221  2221 I art     : Starting a blocking GC Explicit
05-04 18:28:55.242  2221  2221 I art     : Explicit concurrent mark sweep GC freed 9205(438KB) AllocSpace objects, 2(72KB) LOS objects, 39% free, 15MB/25MB, paused 94us total 7.366ms
05-04 18:28:55.263  2221  2221 I art     : Starting a blocking GC Explicit
05-04 18:28:55.269  2221  2221 I art     : Explicit concurrent mark sweep GC freed 1801(81KB) AllocSpace objects, 0(0B) LOS objects, 39% free, 15MB/25MB, paused 75us total 6.022ms
05-04 18:28:55.269  2221  2245 I art     : Starting a blocking GC HeapTrim
