05-04 18:28:39.536  1625  1625 E Minikin : addFont failed to create font /system/fonts/MTLmr3m.ttf
05-04 18:28:39.545   532   585 E QCALOG  : [MessageQ] ProcessNewMessage: [XT-CS] unknown deliver target [OS-Agent]
05-04 18:28:39.545   608   782 W XTCC-5.1.0.10: [CS-RIL-LISTENER] timerCallback fired for ril update registering, re-register
05-04 18:28:39.545   532   585 E QCALOG  : [MessageQ] ProcessNewMessage: [XT-CS] unknown deliver target [OS-Agent]
05-04 18:28:39.562   502   679 I ThermalEngine: ACTION: CLUSTER - Setting CLUSTER[1] to voltage 890 freq = 1804800
05-04 18:28:39.562   502   679 I ThermalEngine: Mitigation:CLUSTER[1]: 890 mV freq = 1804800 kHz
05-04 18:28:39.564   502   679 I ThermalEngine: handle_thresh_sig: SS Id SKIN-SS-GOLD-AND-SILVER, Read xo_therm_buf 43000mC
05-04 18:28:39.582  1625  1625 V DngCreator_JNI: DngCreator_nativeClassInit:
05-04 18:28:39.642  1625  1625 I art     : Thread[1,tid=1625,Native,Thread*=0x7f99f3ba00,peer=0x12c2c100,"main"] recursive attempt to load library "/system/lib64/libmedia_jni.so"
05-04 18:28:39.642  1625  1625 D MtpDeviceJNI: register_android_mtp_MtpDevice
05-04 18:28:39.643  1625  1625 I art     : Thread[1,tid=1625,Native,Thread*=0x7f99f3ba00,peer=0x12c2c100,"main"] recursive attempt to load library "/system/lib64/libmedia_jni.so"
05-04 18:28:39.643  1625  1625 I art     : Thread[1,tid=1625,Native,Thread*=0x7f99f3ba00,peer=0x12c2c100,"main"] recursive attempt to load library "/system/lib64/libmedia_jni.so"
05-04 18:28:39.745  1625  1625 I System  : Loaded time zone names for "" in 24ms (23ms in ICU)
05-04 18:28:39.762  1625  1625 I System  : Loaded time zone names for "en_US" in 17ms (16ms in ICU)
05-04 18:28:39.780  1625  1625 I System  : Loaded time zone names for "zh_CN" in 18ms (17ms in ICU)
05-04 18:28:39.789  1625  1625 I Zygote  : ...preloaded 3831 classes in 320ms.
05-04 18:28:39.789  1625  1625 I art     : VMRuntime.preloadDexCaches starting
05-04 18:28:39.846  1625  1625 I art     : VMRuntime.preloadDexCaches strings total=267616 before=46632 after=46632
05-04 18:28:39.846  1625  1625 I art     : VMRuntime.preloadDexCaches types total=21791 before=7425 after=7457
05-04 18:28:39.846  1625  1625 I art     : VMRuntime.preloadDexCaches fields total=112321 before=36568 after=36790
05-04 18:28:39.846  1625  1625 I art     : VMRuntime.preloadDexCaches methods total=180369 before=73777 after=74316
05-04 18:28:39.846  1625  1625 I art     : VMRuntime.preloadDexCaches finished
05-04 18:28:39.864  1626  1626 E cutils-trace: Error opening trace file: No such file or directory (2)
05-04 18:28:39.864  1626  1626 I QCamera : <MCI><INFO> get_num_of_cameras: 1852: dev_info[id=0,name='video2']
05-04 18:28:39.864  1626  1626 I QCamera : <MCI><INFO> get_num_of_cameras: 1852: dev_info[id=1,name='video3']
05-04 18:28:39.865  1626  1626 I QCamera : <MCI><INFO> sort_camera_info: 1707: Camera id: 0 facing: 0, type: 1 is_yuv: 0
05-04 18:28:39.865  1626  1626 I QCamera : <MCI><INFO> sort_camera_info: 1707: Camera id: 1 facing: 1, type: 0 is_yuv: 0
05-04 18:28:39.865  1626  1626 I QCamera : <MCI><INFO> sort_camera_info: 1710: Number of cameras 2 sorted 2
05-04 18:28:39.865  1626  1626 I QCamera : <MCI><INFO> get_num_of_cameras: 1870: num_cameras=2
05-04 18:28:39.865  1626  1626 I CameraService: Loaded "QCamera Module" camera module
05-04 18:28:39.865  1626  1626 I QCamera : <HAL><INFO> int qcamera::QCamera2Factory::getCameraInfo(int, camera_info*): 346: Camera id 0 API version 256
05-04 18:28:39.865   537   537 D mm-camera: < INFO> 395: void enable_memleak_trace(int): start memleak tracking.
05-04 18:28:39.866  1688  1688 D idmap   : error: no read access to /vendor/overlay: No such file or directory
05-04 18:28:39.872  1625  1625 I Zygote  : Preloading resources...
05-04 18:28:39.874   537   537 D mm-camera: <MCT   >< INFO> 63: mct_controller_new: Creating new mct_controller with session-id 2
05-04 18:28:39.874   537  1691 D mm-camera: <MCT   >< INFO> 4309: mct_pipeline_start_session_thread: E sensor
05-04 18:28:39.874   537  1691 D mm-camera: <MCT   >< INFO> 4316: mct_pipeline_start_session_thread: Calling start_session on Module sensor
05-04 18:28:39.875  1625  1625 W Resources: Preloaded drawable resource #0x1080096 (android:drawable/toast_frame) that varies with configuration!!
05-04 18:28:39.875   537  1692 D mm-camera: <MCT   >< INFO> 4309: mct_pipeline_start_session_thread: E iface
05-04 18:28:39.875   537  1692 D mm-camera: <MCT   >< INFO> 4316: mct_pipeline_start_session_thread: Calling start_session on Module iface
05-04 18:28:39.876   537  1692 D mm-camera: <MCT   >< INFO> 4319: mct_pipeline_start_session_thread: Module iface start_session rc = 1
05-04 18:28:39.876   537  1694 D mm-camera: <MCT   >< INFO> 4309: mct_pipeline_start_session_thread: E isp
05-04 18:28:39.876   537  1692 D mm-camera: <MCT   >< INFO> 4327: mct_pipeline_start_session_thread: started_num = 1, success = 1
05-04 18:28:39.876   537  1692 D mm-camera: <MCT   >< INFO> 4334: mct_pipeline_start_session_thread: X iface
05-04 18:28:39.876   537  1694 D mm-camera: <MCT   >< INFO> 4316: mct_pipeline_start_session_thread: Calling start_session on Module isp
05-04 18:28:39.876   537  1694 D mm-camera: <ISP   >< INFO> 190: isp_module_start_session: session id 2
05-04 18:28:39.878   537  1696 D mm-camera: <MCT   >< INFO> 4309: mct_pipeline_start_session_thread: E stats
05-04 18:28:39.878   537  1696 D mm-camera: <MCT   >< INFO> 4316: mct_pipeline_start_session_thread: Calling start_session on Module stats
05-04 18:28:39.881   537  1697 D mm-camera: <MCT   >< INFO> 4309: mct_pipeline_start_session_thread: E pproc
05-04 18:28:39.881   537  1697 D mm-camera: <MCT   >< INFO> 4316: mct_pipeline_start_session_thread: Calling start_session on Module pproc
05-04 18:28:39.882   537  1699 D mm-camera: <MCT   >< INFO> 4309: mct_pipeline_start_session_thread: E imglib
05-04 18:28:39.883   537  1699 D mm-camera: <MCT   >< INFO> 4316: mct_pipeline_start_session_thread: Calling start_session on Module imglib
05-04 18:28:39.883   537  1699 D mm-camera: <IMGLIB>< INFO> 1771: module_imglib_start_session: module_imglib_start_session:1771 ###Img_Loglevel 1, moduleMask 65535
05-04 18:28:39.884   537  1699 D mm-camera: <MCT   >< INFO> 4319: mct_pipeline_start_session_thread: Module imglib start_session rc = 1
05-04 18:28:39.884   537  1699 D mm-camera: <MCT   >< INFO> 4327: mct_pipeline_start_session_thread: started_num = 2, success = 2
05-04 18:28:39.884   537  1699 D mm-camera: <MCT   >< INFO> 4334: mct_pipeline_start_session_thread: X imglib
05-04 18:28:39.887   537  1697 D mm-camera: <MCT   >< INFO> 4319: mct_pipeline_start_session_thread: Module pproc start_session rc = 1
05-04 18:28:39.887   537  1697 D mm-camera: <MCT   >< INFO> 4327: mct_pipeline_start_session_thread: started_num = 3, success = 3
05-04 18:28:39.887   537  1697 D mm-camera: <MCT   >< INFO> 4334: mct_pipeline_start_session_thread: X pproc
05-04 18:28:39.887   537  1696 D mm-camera: <STATS_AIS >< INFO> 338: gyro_port_use_dsps_iface: Use DSPS interface as it supports
05-04 18:28:39.887   537  1694 D mm-camera: <MCT   >< INFO> 4319: mct_pipeline_start_session_thread: Module isp start_session rc = 1
05-04 18:28:39.887   537  1694 D mm-camera: <MCT   >< INFO> 4327: mct_pipeline_start_session_thread: started_num = 4, success = 4
05-04 18:28:39.887   537  1694 D mm-camera: <MCT   >< INFO> 4334: mct_pipeline_start_session_thread: X isp
05-04 18:28:39.888   537  1696 D mm-camera: <MCT   >< INFO> 4319: mct_pipeline_start_session_thread: Module stats start_session rc = 1
05-04 18:28:39.889   537  1696 D mm-camera: <MCT   >< INFO> 4327: mct_pipeline_start_session_thread: started_num = 5, success = 5
05-04 18:28:39.889   537  1696 D mm-camera: <MCT   >< INFO> 4334: mct_pipeline_start_session_thread: X stats
05-04 18:28:39.889   537  1691 D mm-camera: <MCT   >< INFO> 4319: mct_pipeline_start_session_thread: Module sensor start_session rc = 1
05-04 18:28:39.889   537  1691 D mm-camera: <MCT   >< INFO> 4327: mct_pipeline_start_session_thread: started_num = 6, success = 6
05-04 18:28:39.889   537  1691 D mm-camera: <MCT   >< INFO> 4334: mct_pipeline_start_session_thread: X sensor
05-04 18:28:39.899   537  1708 D mm-camera: <MCT   >< INFO> 4224: mct_pipeline_start_stream_internal: Adding session stream streamid= 0xf for session=2
05-04 18:28:39.901   537  1708 D mm-camera: <MCT   >< INFO> 4272: mct_pipeline_start_stream_internal: Linking session stream for session 2
05-04 18:28:39.901   537  1708 D mm-camera: <MCT   >< INFO> 463: mct_stream_start_link: Start linking Session-stream 0x2000f
05-04 18:28:39.901   537  1708 D mm-camera: <ISP   >< INFO> 822: isp_port_check_caps_reserve: port 0xf389a400 ide 2000f type 10 dim 0 0
05-04 18:28:39.901   537  1708 D mm-camera: <PPROC >< INFO> 446: pproc_port_add_modules_to_stream: stream 10 int_link = 0xf22c2c80
05-04 18:28:39.901   537  1708 D mm-camera: <PPROC >< INFO> 458: pproc_port_add_modules_to_stream: :LINK linking mods tmod and ppeiscore for identity 2000f
05-04 18:28:39.902   537  1708 D mm-camera: <PPROC >< INFO> 458: pproc_port_add_modules_to_stream: :LINK linking mods ppeiscore and c2d for identity 2000f
05-04 18:28:39.902   537  1708 D mm-camera: <PPROC >< INFO> 458: pproc_port_add_modules_to_stream: :LINK linking mods c2d and cpp for identity 2000f
05-04 18:28:39.902   537  1708 D mm-camera: <CPP   >< INFO> 2111: cpp_module_notify_add_stream: :width 0, height 0, stride 0, scanline 0, framelen 0
05-04 18:28:39.902   537  1708 E mm-camera: <CPP   ><ERROR> 2207: cpp_module_notify_add_stream: failed, CPP current version can not support rotation
05-04 18:28:39.902   537  1708 D mm-camera: <CPP   >< INFO> 2273: cpp_module_notify_add_stream: : stream 10, fmt 1, asf_mode 0, sharpness_level 0.000000,asf mask 0, denoise 0, denoise_mask 0, dsdn mask 0,dsdn enable 0, tnr mask 0, tnr enable 0, ds_mask 0
05-04 18:28:39.902   537  1708 D mm-camera: <PPROC >< INFO> 458: pproc_port_add_modules_to_stream: :LINK linking mods cpp and paaf for identity 2000f
05-04 18:28:39.903   537  1708 D mm-camera: <PPROC >< INFO> 458: pproc_port_add_modules_to_stream: :LINK linking mods paaf and llvd for identity 2000f
05-04 18:28:39.904   537  1708 D mm-camera: <MCT   >< INFO> 4281: mct_pipeline_start_stream_internal: Session stream linked successfully session 2
05-04 18:28:39.976   537  1693 E mm-camera: <SENSOR><ERROR> sony_imx298_eeprom_get_raw_data: 288: Enter
05-04 18:28:39.976   537  1693 E mm-camera: <SENSOR><ERROR> sony_imx298_eeprom_get_raw_data: 295: Exit
05-04 18:28:40.003   537  1693 E mm-camera: <SENSOR><ERROR> sony_imx298_autofocus_calibration: 350: Enter
05-04 18:28:40.003   537  1693 E mm-camera: <SENSOR><ERROR> sony_imx298_autofocus_calibration: 391: adjusted code_per_step: 115, qvalue: 128
05-04 18:28:40.008   537  1709 E mm-camera: <SENSOR><ERROR> 2847: sensor_get_cur_chromatix_name_for_type: chromatix for res_idx = 0 special_mode_mask = 0     module = 4 chromatix_type = 0 is NULL
05-04 18:28:40.008   537  1709 D mm-camera: <IMGLIB>< INFO> 2059: module_faceproc_query_mod: Caps ROI 10 scene_mode_cnt 1 HW analysis supported 1
05-04 18:28:40.008   537  1709 D mm-camera: <MCT   >< INFO> 1587: mct_pipeline_append_fps_entry:  Added hal_table[0]: (15.000000, 24.000000)
05-04 18:28:40.008   537  1709 D mm-camera: <MCT   >< INFO> 1600: mct_pipeline_append_fps_entry:  Added hal_table[1]: (24.000000, 24.000000)
05-04 18:28:40.008   537  1709 D mm-camera: <MCT   >< INFO> 1587: mct_pipeline_append_fps_entry:  Added hal_table[2]: (15.000000, 25.000000)
05-04 18:28:40.008   537  1709 D mm-camera: <MCT   >< INFO> 1600: mct_pipeline_append_fps_entry:  Added hal_table[3]: (25.000000, 25.000000)
05-04 18:28:40.008   537  1709 D mm-camera: <MCT   >< INFO> 1587: mct_pipeline_append_fps_entry:  Added hal_table[4]: (8.000000, 30.000000)
05-04 18:28:40.009   537  1709 D mm-camera: <MCT   >< INFO> 1600: mct_pipeline_append_fps_entry:  Added hal_table[5]: (30.000000, 30.000000)
05-04 18:28:40.009   537  1709 D mm-camera: <MCT   >< INFO> 1587: mct_pipeline_append_fps_entry:  Added hal_table[6]: (15.000000, 30.000000)
05-04 18:28:40.009   537  1709 D mm-camera: <MCT   >< INFO> 2735: mct_pipeline_fill_dimensions_snapshot: Cam 0: FPS range selection complete. Publishing 7 ranges.
05-04 18:28:40.013   537   537 D mm-camera: <MCT   >< INFO> 189: mct_controller_destroy: Initiating destroy sequence for session = 2
05-04 18:28:40.013   537   537 D mm-camera: <MCT   >< INFO> 207: mct_controller_destroy: serv_thread closed
05-04 18:28:40.014   537   537 D mm-camera: <MCT   >< INFO> 222: mct_controller_destroy: bus_handler thread closed
05-04 18:28:40.014   537   537 D mm-camera: <MCT   >< INFO> 4393: mct_pipeline_stop_session: Initiating stop_session on session 2
05-04 18:28:40.014   537   537 D mm-camera: <MCT   >< INFO> 3389: mct_pipeline_process_set: command=800000b
05-04 18:28:40.014   537   537 D mm-camera: <MCT   >< INFO> 3607: mct_pipeline_process_set: Issuing DEL_STREAM on stream 0x2000f and stream type=10
05-04 18:28:40.014   537   537 D mm-camera: <IFACE >< INFO> 666: iface_unreserve_sink_port: stream_id f mode 0 
05-04 18:28:40.014   537   537 D mm-camera: <ISP   >< INFO> 911: isp_port_check_caps_unreserve: ide 2000f port 0xf389a400
05-04 18:28:40.015   537   537 D mm-camera: <MCT   >< INFO> 3618: mct_pipeline_process_set: Stream 0x2000f and stream type=10, successfully deleted
05-04 18:28:40.016   537  1729 D mm-camera: <MCT   >< INFO> 4114: mct_pipeline_stop_session_thread: Stop module name: sensor - E
05-04 18:28:40.016   537  1730 D mm-camera: <MCT   >< INFO> 4114: mct_pipeline_stop_session_thread: Stop module name: iface - E
05-04 18:28:40.017   537  1730 D mm-camera: <MCT   >< INFO> 4122: mct_pipeline_stop_session_thread: Stop module name: iface - X
05-04 18:28:40.017   537  1731 D mm-camera: <MCT   >< INFO> 4114: mct_pipeline_stop_session_thread: Stop module name: isp - E
05-04 18:28:40.018   537  1731 D mm-camera: <ISP   >< INFO> 476: isp_module_stop_session: session id 2
05-04 18:28:40.019   537  1731 D mm-camera: <MCT   >< INFO> 4122: mct_pipeline_stop_session_thread: Stop module name: isp - X
05-04 18:28:40.020   537  1732 D mm-camera: <MCT   >< INFO> 4114: mct_pipeline_stop_session_thread: Stop module name: stats - E
05-04 18:28:40.024   537  1732 D mm-camera: <MCT   >< INFO> 4122: mct_pipeline_stop_session_thread: Stop module name: stats - X
05-04 18:28:40.024   537  1733 D mm-camera: <MCT   >< INFO> 4114: mct_pipeline_stop_session_thread: Stop module name: pproc - E
05-04 18:28:40.025   537   537 D mm-camera: <MCT   >< INFO> 4446: mct_pipeline_stop_session: Modules left: 5
05-04 18:28:40.025   537   537 D mm-camera: <MCT   >< INFO> 4446: mct_pipeline_stop_session: Modules left: 4
05-04 18:28:40.025   537   537 D mm-camera: <MCT   >< INFO> 4446: mct_pipeline_stop_session: Modules left: 3
05-04 18:28:40.025   537  1734 D mm-camera: <MCT   >< INFO> 4114: mct_pipeline_stop_session_thread: Stop module name: imglib - E
05-04 18:28:40.028   537  1734 D mm-camera: <MCT   >< INFO> 4122: mct_pipeline_stop_session_thread: Stop module name: imglib - X
05-04 18:28:40.029   537   537 D mm-camera: <MCT   >< INFO> 4446: mct_pipeline_stop_session: Modules left: 2
05-04 18:28:40.029   537  1733 D mm-camera: <MCT   >< INFO> 4122: mct_pipeline_stop_session_thread: Stop module name: pproc - X
05-04 18:28:40.029   537   537 D mm-camera: <MCT   >< INFO> 4446: mct_pipeline_stop_session: Modules left: 1
05-04 18:28:40.073   502   679 I ThermalEngine: handle_thresh_sig: SS Id SKIN-SS-GOLD-AND-SILVER, Read xo_therm_buf 43000mC
05-04 18:28:40.170  1625  1625 W Resources: Preloaded drawable resource #0x10806ef (android:drawable/text_select_handle_left_material) that varies with configuration!!
05-04 18:28:40.172  1625  1625 W Resources: Preloaded drawable resource #0x10806f5 (android:drawable/text_select_handle_right_material) that varies with configuration!!
05-04 18:28:40.173  1625  1625 I Zygote  : ...preloaded 342 resources in 300ms.
05-04 18:28:40.182  1625  1625 I Zygote  : ...preloaded 41 resources in 9ms.
05-04 18:28:40.184  1625  1625 D libEGL  : loaded /vendor/lib64/egl/libEGL_adreno.so
05-04 18:28:40.197  1625  1625 D libEGL  : loaded /vendor/lib64/egl/libGLESv1_CM_adreno.so
05-04 18:28:40.204  1625  1625 D libEGL  : loaded /vendor/lib64/egl/libGLESv2_adreno.so
05-04 18:28:40.215  1625  1625 I Zygote  : Preloading shared libraries...
05-04 18:28:40.220  1625  1625 D Zygote  : end preload
05-04 18:28:40.220  1625  1625 I art     : Waiting for a blocking GC Explicit
05-04 18:28:40.226  1625  1625 I art     : WaitForGcToComplete blocked for 6.251ms for cause Explicit
05-04 18:28:40.226  1625  1625 I art     : Starting a blocking GC Explicit
05-04 18:28:40.233  1625  1625 I art     : Explicit concurrent mark sweep GC freed 626(35KB) AllocSpace objects, 0(0B) LOS objects, 40% free, 15MB/25MB, paused 90us total 6.284ms
05-04 18:28:40.239  1625  1625 I art     : Starting a blocking GC Explicit
05-04 18:28:40.245  1625  1625 I art     : Explicit concurrent mark sweep GC freed 2104(100KB) AllocSpace objects, 0(0B) LOS objects, 40% free, 15MB/25MB, paused 120us total 6.340ms
05-04 18:28:40.246  1625  1649 I art     : Starting a blocking GC HeapTrim
05-04 18:28:40.248  1625  1625 I art     : Starting a blocking GC Background
05-04 18:28:40.284  1625  1625 I Zygote  : System server process 1761 has been created
05-04 18:28:40.284   537  1729 D mm-camera: <MCT   >< INFO> 4122: mct_pipeline_stop_session_thread: Stop module name: sensor - X
05-04 18:28:40.285  1625  1625 I Zygote  : Accepting command socket connections
05-04 18:28:40.285   537   537 D mm-camera: <MCT   >< INFO> 4446: mct_pipeline_stop_session: Modules left: 0
05-04 18:28:40.285   537   537 D mm-camera: <MCT   >< INFO> 4455: mct_pipeline_stop_session: Stopped session 2 successfully
05-04 18:28:40.286   537   537 D mm-camera: <MCT   >< INFO> 4742: mct_pipeline_destroy: E: session:2
05-04 18:28:40.286   537   537 D mm-camera: <MCT   >< INFO> 4808: mct_pipeline_destroy: X: Pipeline destroyed successfully session =2
05-04 18:28:40.287   537   537 D mm-camera: <MCT   >< INFO> 246: mct_controller_destroy: X Successfully closed mct_controller session 2
05-04 18:28:40.289  1626  1626 I QCamera : <HAL><INFO> static int qcamera::QCamera3HardwareInterface::getCamInfo(uint32_t, camera_info*): 7935: camera 0 resource cost is 100
05-04 18:28:40.289  1626  1626 I QCamera : <HAL><INFO> int qcamera::QCamera2Factory::getCameraInfo(int, camera_info*): 346: Camera id 1 API version 256
05-04 18:28:40.291   537   537 D mm-camera: < INFO> 395: void enable_memleak_trace(int): start memleak tracking.
05-04 18:28:40.301   537   537 D mm-camera: <MCT   >< INFO> 63: mct_controller_new: Creating new mct_controller with session-id 3
05-04 18:28:40.302   537  1773 D mm-camera: <MCT   >< INFO> 4309: mct_pipeline_start_session_thread: E sensor
05-04 18:28:40.306   537  1773 D mm-camera: <MCT   >< INFO> 4316: mct_pipeline_start_session_thread: Calling start_session on Module sensor
05-04 18:28:40.307   537  1775 D mm-camera: <MCT   >< INFO> 4309: mct_pipeline_start_session_thread: E iface
05-04 18:28:40.307   537  1775 D mm-camera: <MCT   >< INFO> 4316: mct_pipeline_start_session_thread: Calling start_session on Module iface
05-04 18:28:40.307   537  1777 D mm-camera: <MCT   >< INFO> 4309: mct_pipeline_start_session_thread: E isp
05-04 18:28:40.308   537  1777 D mm-camera: <MCT   >< INFO> 4316: mct_pipeline_start_session_thread: Calling start_session on Module isp
05-04 18:28:40.308   537  1777 D mm-camera: <ISP   >< INFO> 190: isp_module_start_session: session id 3
05-04 18:28:40.309   537  1778 D mm-camera: <MCT   >< INFO> 4309: mct_pipeline_start_session_thread: E stats
05-04 18:28:40.311   537  1775 D mm-camera: <MCT   >< INFO> 4319: mct_pipeline_start_session_thread: Module iface start_session rc = 1
05-04 18:28:40.311   537  1775 D mm-camera: <MCT   >< INFO> 4327: mct_pipeline_start_session_thread: started_num = 1, success = 1
05-04 18:28:40.311   537  1775 D mm-camera: <MCT   >< INFO> 4334: mct_pipeline_start_session_thread: X iface
05-04 18:28:40.313   537  1781 D mm-camera: <MCT   >< INFO> 4309: mct_pipeline_start_session_thread: E pproc
05-04 18:28:40.313   537  1778 D mm-camera: <MCT   >< INFO> 4316: mct_pipeline_start_session_thread: Calling start_session on Module stats
05-04 18:28:40.313   537  1781 D mm-camera: <MCT   >< INFO> 4316: mct_pipeline_start_session_thread: Calling start_session on Module pproc
05-04 18:28:40.314   537  1782 D mm-camera: <MCT   >< INFO> 4309: mct_pipeline_start_session_thread: E imglib
05-04 18:28:40.314   537  1782 D mm-camera: <MCT   >< INFO> 4316: mct_pipeline_start_session_thread: Calling start_session on Module imglib
05-04 18:28:40.314   537  1782 D mm-camera: <IMGLIB>< INFO> 1771: module_imglib_start_session: module_imglib_start_session:1771 ###Img_Loglevel 1, moduleMask 65535
05-04 18:28:40.315   537  1777 D mm-camera: <MCT   >< INFO> 4319: mct_pipeline_start_session_thread: Module isp start_session rc = 1
05-04 18:28:40.315   537  1777 D mm-camera: <MCT   >< INFO> 4327: mct_pipeline_start_session_thread: started_num = 2, success = 2
05-04 18:28:40.315   537  1777 D mm-camera: <MCT   >< INFO> 4334: mct_pipeline_start_session_thread: X isp
05-04 18:28:40.315   537  1782 D mm-camera: <MCT   >< INFO> 4319: mct_pipeline_start_session_thread: Module imglib start_session rc = 1
05-04 18:28:40.315   537  1782 D mm-camera: <MCT   >< INFO> 4327: mct_pipeline_start_session_thread: started_num = 3, success = 3
05-04 18:28:40.315   537  1782 D mm-camera: <MCT   >< INFO> 4334: mct_pipeline_start_session_thread: X imglib
05-04 18:28:40.316  1761  1761 I Zygote  : Process: zygote socket opened, supported ABIS: armeabi-v7a,armeabi
05-04 18:28:40.317   537  1778 D mm-camera: <STATS_AIS >< INFO> 338: gyro_port_use_dsps_iface: Use DSPS interface as it supports
05-04 18:28:40.317  1761  1761 I InstallerConnection: connecting...
05-04 18:28:40.318   489   489 I installd: new connection
05-04 18:28:40.318   537  1773 D mm-camera: <MCT   >< INFO> 4319: mct_pipeline_start_session_thread: Module sensor start_session rc = 1
05-04 18:28:40.318   537  1773 D mm-camera: <MCT   >< INFO> 4327: mct_pipeline_start_session_thread: started_num = 4, success = 4
05-04 18:28:40.318   537  1773 D mm-camera: <MCT   >< INFO> 4334: mct_pipeline_start_session_thread: X sensor
05-04 18:28:40.319  1761  1761 I InstallerConnection: disconnecting...
05-04 18:28:40.320   537  1778 D mm-camera: <MCT   >< INFO> 4319: mct_pipeline_start_session_thread: Module stats start_session rc = 1
05-04 18:28:40.320   537  1778 D mm-camera: <MCT   >< INFO> 4327: mct_pipeline_start_session_thread: started_num = 5, success = 5
05-04 18:28:40.320   537  1778 D mm-camera: <MCT   >< INFO> 4334: mct_pipeline_start_session_thread: X stats
05-04 18:28:40.321   489   489 E installd: eof
05-04 18:28:40.321   489   489 E installd: failed to read size
05-04 18:28:40.321   489   489 I installd: closing connection
05-04 18:28:40.323   537  1781 D mm-camera: <MCT   >< INFO> 4319: mct_pipeline_start_session_thread: Module pproc start_session rc = 1
05-04 18:28:40.323   537  1781 D mm-camera: <MCT   >< INFO> 4327: mct_pipeline_start_session_thread: started_num = 6, success = 6
05-04 18:28:40.323   537  1781 D mm-camera: <MCT   >< INFO> 4334: mct_pipeline_start_session_thread: X pproc
05-04 18:28:40.329   537  1792 D mm-camera: <MCT   >< INFO> 4224: mct_pipeline_start_stream_internal: Adding session stream streamid= 0xf for session=3
05-04 18:28:40.329   537  1792 D mm-camera: <MCT   >< INFO> 4272: mct_pipeline_start_stream_internal: Linking session stream for session 3
05-04 18:28:40.330   537  1792 D mm-camera: <MCT   >< INFO> 463: mct_stream_start_link: Start linking Session-stream 0x3000f
05-04 18:28:40.330   537  1792 E mm-camera: <SENSOR><ERROR> 86: port_sensor_caps_reserve: session id doesn't match: 3 : 2
05-04 18:28:40.330   537  1792 E mm-camera: <SENSOR><ERROR> 86: port_sensor_caps_reserve: session id doesn't match: 3 : 2
05-04 18:28:40.330   537  1792 D mm-camera: <IFACE >< INFO> 333: iface_util_find_primary_cid: iface_util_find_primary_cid:333 error cannot find primary sensor format cids 1
05-04 18:28:40.331   537  1792 D mm-camera: <ISP   >< INFO> 822: isp_port_check_caps_reserve: port 0xf389a400 ide 3000f type 10 dim 0 0
05-04 18:28:40.331   537  1792 D mm-camera: <PPROC >< INFO> 446: pproc_port_add_modules_to_stream: stream 10 int_link = 0xf22c2c80
05-04 18:28:40.331   537  1792 D mm-camera: <PPROC >< INFO> 458: pproc_port_add_modules_to_stream: :LINK linking mods tmod and ppeiscore for identity 3000f
05-04 18:28:40.331   537  1792 D mm-camera: <PPROC >< INFO> 458: pproc_port_add_modules_to_stream: :LINK linking mods ppeiscore and c2d for identity 3000f
05-04 18:28:40.331   537  1792 D mm-camera: <PPROC >< INFO> 458: pproc_port_add_modules_to_stream: :LINK linking mods c2d and cpp for identity 3000f
05-04 18:28:40.331   537  1792 D mm-camera: <CPP   >< INFO> 2111: cpp_module_notify_add_stream: :width 0, height 0, stride 0, scanline 0, framelen 0
05-04 18:28:40.331   537  1792 E mm-camera: <CPP   ><ERROR> 2207: cpp_module_notify_add_stream: failed, CPP current version can not support rotation
05-04 18:28:40.332   537  1792 D mm-camera: <CPP   >< INFO> 2273: cpp_module_notify_add_stream: : stream 10, fmt 1, asf_mode 0, sharpness_level 0.000000,asf mask 0, denoise 0, denoise_mask 0, dsdn mask 0,dsdn enable 0, tnr mask 0, tnr enable 0, ds_mask 0
05-04 18:28:40.332   537  1792 D mm-camera: <PPROC >< INFO> 458: pproc_port_add_modules_to_stream: :LINK linking mods cpp and paaf for identity 3000f
05-04 18:28:40.332   537  1792 D mm-camera: <PPROC >< INFO> 458: pproc_port_add_modules_to_stream: :LINK linking mods paaf and llvd for identity 3000f
05-04 18:28:40.332  1761  1761 D AndroidRuntime: Shutting down VM
05-04 18:28:40.333  1761  1761 E AndroidRuntime: *** FATAL EXCEPTION IN SYSTEM PROCESS: main
05-04 18:28:40.333  1761  1761 E AndroidRuntime: java.lang.VerifyError: Rejecting class com.android.server.SystemServer because it failed compile-time verification (declaration of 'com.android.server.SystemServer' appears in /system/framework/services.jar)
05-04 18:28:40.333  1761  1761 E AndroidRuntime: 	at java.lang.Class.classForName(Native Method)
05-04 18:28:40.333  1761  1761 E AndroidRuntime: 	at java.lang.Class.forName(Class.java:324)
05-04 18:28:40.333  1761  1761 E AndroidRuntime: 	at com.android.internal.os.RuntimeInit.invokeStaticMain(RuntimeInit.java:203)
05-04 18:28:40.333  1761  1761 E AndroidRuntime: 	at com.android.internal.os.RuntimeInit.applicationInit(RuntimeInit.java:326)
05-04 18:28:40.333  1761  1761 E AndroidRuntime: 	at com.android.internal.os.RuntimeInit.zygoteInit(RuntimeInit.java:278)
05-04 18:28:40.333  1761  1761 E AndroidRuntime: 	at com.android.internal.os.ZygoteInit.handleSystemServerProcess(ZygoteInit.java:458)
05-04 18:28:40.333  1761  1761 E AndroidRuntime: 	at com.android.internal.os.ZygoteInit.startSystemServer(ZygoteInit.java:545)
05-04 18:28:40.333  1761  1761 E AndroidRuntime: 	at com.android.internal.os.ZygoteInit.main(ZygoteInit.java:608)
05-04 18:28:40.334   537  1792 D mm-camera: <MCT   >< INFO> 4281: mct_pipeline_start_stream_internal: Session stream linked successfully session 3
05-04 18:28:40.335  1761  1761 E AndroidRuntime: Error reporting crash
05-04 18:28:40.335  1761  1761 E AndroidRuntime: java.lang.NullPointerException: Attempt to invoke interface method 'void android.app.IActivityManager.handleApplicationCrash(android.os.IBinder, android.app.ApplicationErrorReport$CrashInfo)' on a null object reference
05-04 18:28:40.335  1761  1761 E AndroidRuntime: 	at com.android.internal.os.RuntimeInit$UncaughtHandler.uncaughtException(RuntimeInit.java:90)
05-04 18:28:40.335  1761  1761 E AndroidRuntime: 	at java.lang.ThreadGroup.uncaughtException(ThreadGroup.java:693)
05-04 18:28:40.335  1761  1761 E AndroidRuntime: 	at java.lang.ThreadGroup.uncaughtException(ThreadGroup.java:690)
05-04 18:28:40.335   537  1793 E mm-camera: <SENSOR><ERROR> 2847: sensor_get_cur_chromatix_name_for_type: chromatix for res_idx = 0 special_mode_mask = 0     module = 4 chromatix_type = 0 is NULL
05-04 18:28:40.335  1761  1761 I Process : Sending signal. PID: 1761 SIG: 9
05-04 18:28:40.335   537  1793 D mm-camera: <IMGLIB>< INFO> 2059: module_faceproc_query_mod: Caps ROI 10 scene_mode_cnt 1 HW analysis supported 1
05-04 18:28:40.335   537  1793 D mm-camera: <MCT   >< INFO> 1587: mct_pipeline_append_fps_entry:  Added hal_table[0]: (7.000000, 30.000000)
05-04 18:28:40.336   537  1793 D mm-camera: <MCT   >< INFO> 1600: mct_pipeline_append_fps_entry:  Added hal_table[1]: (30.000000, 30.000000)
05-04 18:28:40.336   537  1793 D mm-camera: <MCT   >< INFO> 1587: mct_pipeline_append_fps_entry:  Added hal_table[2]: (8.000000, 30.000000)
05-04 18:28:40.336   537  1793 D mm-camera: <MCT   >< INFO> 2735: mct_pipeline_fill_dimensions_snapshot: Cam 1: FPS range selection complete. Publishing 3 ranges.
05-04 18:28:40.337   537   537 D mm-camera: <MCT   >< INFO> 189: mct_controller_destroy: Initiating destroy sequence for session = 3
05-04 18:28:40.338   537   537 D mm-camera: <MCT   >< INFO> 207: mct_controller_destroy: serv_thread closed
05-04 18:28:40.338   537   537 D mm-camera: <MCT   >< INFO> 222: mct_controller_destroy: bus_handler thread closed
05-04 18:28:40.338   537   537 D mm-camera: <MCT   >< INFO> 4393: mct_pipeline_stop_session: Initiating stop_session on session 3
05-04 18:28:40.339   537   537 D mm-camera: <MCT   >< INFO> 3389: mct_pipeline_process_set: command=800000b
05-04 18:28:40.339   537   537 D mm-camera: <MCT   >< INFO> 3607: mct_pipeline_process_set: Issuing DEL_STREAM on stream 0x3000f and stream type=10
05-04 18:28:40.339   537   537 D mm-camera: <IFACE >< INFO> 666: iface_unreserve_sink_port: stream_id f mode 0 
05-04 18:28:40.339   537   537 D mm-camera: <ISP   >< INFO> 911: isp_port_check_caps_unreserve: ide 3000f port 0xf389a400
05-04 18:28:40.341   537   537 D mm-camera: <MCT   >< INFO> 3618: mct_pipeline_process_set: Stream 0x3000f and stream type=10, successfully deleted
05-04 18:28:40.343   537  1803 D mm-camera: <MCT   >< INFO> 4114: mct_pipeline_stop_session_thread: Stop module name: sensor - E
05-04 18:28:40.345   537  1805 D mm-camera: <MCT   >< INFO> 4114: mct_pipeline_stop_session_thread: Stop module name: iface - E
05-04 18:28:40.345  1625  1625 E Zygote  : Exit zygote because system server (1761) has terminated
05-04 18:28:40.345   537  1806 D mm-camera: <MCT   >< INFO> 4114: mct_pipeline_stop_session_thread: Stop module name: isp - E
05-04 18:28:40.346   537  1806 D mm-camera: <ISP   >< INFO> 476: isp_module_stop_session: session id 3
05-04 18:28:40.352   537  1803 D mm-camera: <MCT   >< INFO> 4122: mct_pipeline_stop_session_thread: Stop module name: sensor - X
05-04 18:28:40.355   537  1805 D mm-camera: <MCT   >< INFO> 4122: mct_pipeline_stop_session_thread: Stop module name: iface - X
05-04 18:28:40.357   537  1806 D mm-camera: <MCT   >< INFO> 4122: mct_pipeline_stop_session_thread: Stop module name: isp - X
05-04 18:28:40.358   537  1808 D mm-camera: <MCT   >< INFO> 4114: mct_pipeline_stop_session_thread: Stop module name: stats - E
05-04 18:28:40.361   537  1808 D mm-camera: <MCT   >< INFO> 4122: mct_pipeline_stop_session_thread: Stop module name: stats - X
05-04 18:28:40.363   537  1809 D mm-camera: <MCT   >< INFO> 4114: mct_pipeline_stop_session_thread: Stop module name: pproc - E
05-04 18:28:40.363   537  1810 D mm-camera: <MCT   >< INFO> 4114: mct_pipeline_stop_session_thread: Stop module name: imglib - E
05-04 18:28:40.363   537   537 D mm-camera: <MCT   >< INFO> 4446: mct_pipeline_stop_session: Modules left: 5
05-04 18:28:40.363   537   537 D mm-camera: <MCT   >< INFO> 4446: mct_pipeline_stop_session: Modules left: 4
05-04 18:28:40.363   537   537 D mm-camera: <MCT   >< INFO> 4446: mct_pipeline_stop_session: Modules left: 3
05-04 18:28:40.363   537   537 D mm-camera: <MCT   >< INFO> 4446: mct_pipeline_stop_session: Modules left: 2
05-04 18:28:40.363   537  1810 D mm-camera: <MCT   >< INFO> 4122: mct_pipeline_stop_session_thread: Stop module name: imglib - X
05-04 18:28:40.363   537   537 D mm-camera: <MCT   >< INFO> 4446: mct_pipeline_stop_session: Modules left: 1
05-04 18:28:40.365   537  1809 D mm-camera: <MCT   >< INFO> 4122: mct_pipeline_stop_session_thread: Stop module name: pproc - X
05-04 18:28:40.366   470   470 I ServiceManager: service 'DisplayFeatureControl' died
05-04 18:28:40.366   537   537 D mm-camera: <MCT   >< INFO> 4446: mct_pipeline_stop_session: Modules left: 0
05-04 18:28:40.366   537   537 D mm-camera: <MCT   >< INFO> 4455: mct_pipeline_stop_session: Stopped session 3 successfully
05-04 18:28:40.366   537   537 D mm-camera: <MCT   >< INFO> 4742: mct_pipeline_destroy: E: session:3
05-04 18:28:40.366   537   537 D mm-camera: <MCT   >< INFO> 4808: mct_pipeline_destroy: X: Pipeline destroyed successfully session =3
05-04 18:28:40.366   537   537 D mm-camera: <MCT   >< INFO> 246: mct_controller_destroy: X Successfully closed mct_controller session 3
05-04 18:28:40.375   470   470 I ServiceManager: service 'media.audio_flinger' died
05-04 18:28:40.375   470   470 I ServiceManager: service 'media.player' died
05-04 18:28:40.376   470   470 I ServiceManager: service 'media.resource_manager' died
05-04 18:28:40.493   609   758 E slim_daemon: [NDK] bindNDKSensors: Sensor server is unavailable.
05-04 18:28:40.582   502   679 I ThermalEngine: handle_thresh_sig: SS Id SKIN-SS-GOLD-AND-SILVER, Read xo_therm_buf 43000mC
05-04 18:28:41.090   502   679 I ThermalEngine: ACTION: CLUSTER - Setting CLUSTER[0] to voltage 840 freq = 1363200
05-04 18:28:41.091   502   679 I ThermalEngine: Mitigation:CLUSTER[0]: 840 mV freq = 1363200 kHz
05-04 18:28:41.094   502   679 I ThermalEngine: handle_thresh_sig: SS Id SKIN-SS-GOLD-AND-SILVER, Read xo_therm_buf 43000mC
05-04 18:28:41.134   477   980 E Sensors : sns_smr_util.c(106):Unable to initialize service 309 with QCCI, timed out (30000 ms)
05-04 18:28:41.135   477   980 E Sensors : sns_acm_mr.c(543):Error getting info for service 53
05-04 18:28:41.155   477   937 E Sensors : sns_smr_util.c(106):Unable to initialize service 266 with QCCI, timed out (30000 ms)
05-04 18:28:41.155   477   937 E Sensors : sns_acm_mr.c(543):Error getting info for service 10
05-04 18:28:41.166   477   958 E Sensors : sns_smr_util.c(106):Unable to initialize service 287 with QCCI, timed out (30000 ms)
05-04 18:28:41.166   477   958 E Sensors : sns_acm_mr.c(543):Error getting info for service 31
05-04 18:28:41.167   477   982 E Sensors : sns_smr_util.c(106):Unable to initialize service 311 with QCCI, timed out (30000 ms)
05-04 18:28:41.167   477   982 E Sensors : sns_acm_mr.c(543):Error getting info for service 55
05-04 18:28:41.168   477   978 E Sensors : sns_smr_util.c(106):Unable to initialize service 307 with QCCI, timed out (30000 ms)
05-04 18:28:41.168   477   978 E Sensors : sns_acm_mr.c(543):Error getting info for service 51
05-04 18:28:41.496   609   758 E slim_daemon: [NDK] bindNDKSensors: Sensor server is unavailable.
05-04 18:28:41.606   502   679 I ThermalEngine: handle_thresh_sig: SS Id SKIN-SS-GOLD-AND-SILVER, Read xo_therm_buf 43000mC
05-04 18:28:42.116   502   679 I ThermalEngine: handle_thresh_sig: SS Id SKIN-SS-GOLD-AND-SILVER, Read xo_therm_buf 43000mC
05-04 18:28:42.371   502   679 I ThermalEngine: ACTION: CLUSTER - Setting CLUSTER[1] to voltage 885 freq = 1785600
05-04 18:28:42.372   502   679 I ThermalEngine: Mitigation:CLUSTER[1]: 885 mV freq = 1785600 kHz
05-04 18:28:42.498   609   758 E slim_daemon: [NDK] bindNDKSensors: Sensor server is unavailable.
05-04 18:28:42.628   502   679 I ThermalEngine: handle_thresh_sig: SS Id SKIN-SS-GOLD-AND-SILVER, Read xo_therm_buf 43000mC
05-04 18:28:43.138   502   679 I ThermalEngine: handle_thresh_sig: SS Id SKIN-SS-GOLD-AND-SILVER, Read xo_therm_buf 43000mC
05-04 18:28:43.500   609   758 E slim_daemon: [NDK] bindNDKSensors: Sensor server is unavailable.
05-04 18:28:43.648   502   679 I ThermalEngine: handle_thresh_sig: SS Id SKIN-SS-GOLD-AND-SILVER, Read xo_therm_buf 43000mC
05-04 18:28:43.903   502   679 I ThermalEngine: ACTION: CLUSTER - Setting CLUSTER[0] to voltage 840 freq = 1363200
05-04 18:28:43.904   502   679 I ThermalEngine: Mitigation:CLUSTER[0]: 840 mV freq = 1363200 kHz
05-04 18:28:44.160   502   679 I ThermalEngine: handle_thresh_sig: SS Id SKIN-SS-GOLD-AND-SILVER, Read xo_therm_buf 43000mC
05-04 18:28:44.426  1815  1815 D DisplayFeatureService: supported id: 1
05-04 18:28:44.426  1815  1815 D DisplayFeatureService: supported id: 2
05-04 18:28:44.426  1815  1815 D DisplayFeatureService: supported id: 3
05-04 18:28:44.426  1815  1815 D DisplayFeatureService: supported id: 4
05-04 18:28:44.426  1815  1815 D DisplayFeatureService: supported id: 5
05-04 18:28:44.426  1815  1815 D DisplayFeatureService: supported id: 6
05-04 18:28:44.428  1815  1815 I displayfeature: ServiceManager: 0x7f882210c0
05-04 18:28:44.435  1815  1815 I DisplayFeatureService: add DisplayFeatureControl into ServiceManager
05-04 18:28:44.444  1812  1812 I Netd    : Netd 1.0 starting
05-04 18:28:44.445  1812  1812 D QtiConnectivityAdapter: Successfully loaded libconnectivitycontroller
05-04 18:28:44.445  1812  1812 D         : initConnectivityController cons 
05-04 18:28:44.445  1812  1812 D ConnectivityController: QtiTetherCommand cons done
05-04 18:28:44.445  1812  1812 I libconnctrl: Creating a NetlinkRelay
05-04 18:28:44.445  1812  1812 I libconnctrl: NetlinkRelay constructor
05-04 18:28:44.445  1812  1812 D TetherController: Setting IP forward enable = 0
05-04 18:28:44.451  1812  1812 E         : Failed to open libdatactrl, some features may not be present.
05-04 18:28:44.478   532   585 E QCALOG  : [MessageQ] ProcessNewMessage: [XTWiFi-PE] unknown deliver target [OS-Agent]
05-04 18:28:44.501   609   758 E slim_daemon: [NDK] bindNDKSensors: Sensor server is unavailable.
05-04 18:28:44.545   532   585 E QCALOG  : [MessageQ] ProcessNewMessage: [XT-CS] unknown deliver target [OS-Agent]
05-04 18:28:44.545   608   782 W XTCC-5.1.0.10: [CS-RIL-LISTENER] timerCallback fired for ril update registering, re-register
05-04 18:28:44.545   532   585 E QCALOG  : [MessageQ] ProcessNewMessage: [XT-CS] unknown deliver target [OS-Agent]
05-04 18:28:44.608  1813  1813 V MediaUtils: physMem: 2846552064
05-04 18:28:44.608  1813  1813 V MediaUtils: requested limit: 1850258800
05-04 18:28:44.608  1813  1813 V MediaUtils: actual limit: 1850258800
05-04 18:28:44.608  1813  1813 V MediaUtils: original limits: 4294967295/4294967295
05-04 18:28:44.608  1813  1813 V MediaUtils: new limits: 1850258800/4294967295
05-04 18:28:44.611  1813  1813 I mediaserver: ServiceManager: 0xf630e120
05-04 18:28:44.612  1813  1813 I AudioFlinger: Using 300 mSec as standby time.
05-04 18:28:44.612  1813  1813 E BatteryNotifier: batterystats service unavailable!
05-04 18:28:44.612  1813  1813 E BatteryNotifier: batterystats service unavailable!
05-04 18:28:44.613  1813  1813 I CameraService: CameraService started (pid=1813)
05-04 18:28:44.613  1813  1813 I CameraService: CameraService process starting
05-04 18:28:44.613  1813  1813 E BatteryNotifier: batterystats service unavailable!
05-04 18:28:44.613  1813  1813 E BatteryNotifier: batterystats service unavailable!
05-04 18:28:44.669   502   679 I ThermalEngine: handle_thresh_sig: SS Id SKIN-SS-GOLD-AND-SILVER, Read xo_therm_buf 43000mC
05-04 18:28:44.766  1816  1816 I Dpps    : static DppsServer *DppsServer::GetInstance(): DppsServer ref count increased to 1
05-04 18:28:44.766  1816  1816 I Dpps    : AbaContext():18 ABA context instantiation
05-04 18:28:44.767  1816  1816 I Dpps    : AmbientLightContext():17 AL context instantiation
05-04 18:28:44.767  1816  1816 I Dpps    : InitFeatureContext():171 Initialize feature context
05-04 18:28:44.767  1816  1816 I Dpps    : InitFeatureContext():203 ABA context is not enabled
05-04 18:28:44.767  1816  1816 I Dpps    : InitContext():69 display_fd 5, panel 0, sensor type 2 display_type 0
05-04 18:28:44.767  1816  1816 I Dpps    : OpenCommonSysfsFds():341 lcd_bl_event_fd_ is 8
05-04 18:28:44.767  1816  1816 I Dpps    : OpenCommonSysfsFds():350 blank_event_fd_ is 9
05-04 18:28:44.767  1816  1816 I Dpps    : OpenCommonSysfsFds():358 lcd_brightness_fd_ is 11
05-04 18:28:44.767  1816  1816 I Dpps    : SelectLightSensor():468 sensor_type 2
05-04 18:28:44.767  1816  1816 I Dpps    : SelectLightSensor():471 sensor_type_ 2
05-04 18:28:44.767  1816  1816 I Dpps    : InitLightSensor():503 sensor_type_ 2
05-04 18:28:44.768  1816  1816 I Dpps    : InitLightSensor():524 light sensor initialization ret 0
05-04 18:28:44.768  1816  1816 I Dpps    : CreateAmbientLightThread():141 Create AL thread
05-04 18:28:44.768  1816  1816 I Dpps    : CreateAmbientLightThread():160 Create AL thread done ret 0
05-04 18:28:44.768  1816  1816 I Dpps    : InitFeatureContext():223 Initialize feature context done ret 0
05-04 18:28:44.769  1816  1836 I Dpps    : PollThreadLoop():111 Getting manager and light sensor instance
05-04 18:28:44.769  1816  1837 I Dpps    : ProcessAmbientLightThread():98 AL thread execution started
05-04 18:28:44.771  1816  1836 I ServiceManager: Waiting for service permission...
05-04 18:28:44.775  1814  1814 D AndroidRuntime: >>>>>> START com.android.internal.os.ZygoteInit uid 0 <<<<<<
05-04 18:28:44.780  1814  1814 D AndroidRuntime: CheckJNI is OFF
05-04 18:28:44.780  1814  1814 E cutils-trace: Error opening trace file: No such file or directory (2)
05-04 18:28:44.780  1814  1814 I art     : option[0]=-Xzygote
05-04 18:28:44.780  1814  1814 I art     : option[1]=-Xstacktracefile:/data/anr/traces.txt
05-04 18:28:44.780  1814  1814 I art     : option[2]=exit
05-04 18:28:44.780  1814  1814 I art     : option[3]=vfprintf
05-04 18:28:44.781  1814  1814 I art     : option[4]=sensitiveThread
05-04 18:28:44.781  1814  1814 I art     : option[5]=-verbose:gc
05-04 18:28:44.781  1814  1814 I art     : option[6]=-Xms8m
05-04 18:28:44.781  1814  1814 I art     : option[7]=-Xmx1024m
05-04 18:28:44.781  1814  1814 I art     : option[8]=-XX:HeapGrowthLimit=384m
05-04 18:28:44.781  1814  1814 I art     : option[9]=-XX:HeapMinFree=512k
05-04 18:28:44.781  1814  1814 I art     : option[10]=-XX:HeapMaxFree=8m
05-04 18:28:44.781  1814  1814 I art     : option[11]=-XX:HeapTargetUtilization=0.75
05-04 18:28:44.781  1814  1814 I art     : option[12]=-agentlib:jdwp=transport=dt_android_adb,suspend=n,server=y
05-04 18:28:44.781  1814  1814 I art     : option[13]=-Xlockprofthreshold:500
05-04 18:28:44.781  1814  1814 I art     : option[14]=-Ximage-compiler-option
05-04 18:28:44.781  1814  1814 I art     : option[15]=--runtime-arg
05-04 18:28:44.781  1814  1814 I art     : option[16]=-Ximage-compiler-option
05-04 18:28:44.781  1814  1814 I art     : option[17]=-Xms64m
05-04 18:28:44.781  1814  1814 I art     : option[18]=-Ximage-compiler-option
05-04 18:28:44.781  1814  1814 I art     : option[19]=--runtime-arg
05-04 18:28:44.781  1814  1814 I art     : option[20]=-Ximage-compiler-option
05-04 18:28:44.781  1814  1814 I art     : option[21]=-Xmx64m
05-04 18:28:44.781  1814  1814 I art     : option[22]=-Ximage-compiler-option
05-04 18:28:44.781  1814  1814 I art     : option[23]=--image-classes=/system/etc/preloaded-classes
05-04 18:28:44.781  1814  1814 I art     : option[24]=-Xcompiler-option
05-04 18:28:44.781  1814  1814 I art     : option[25]=--runtime-arg
05-04 18:28:44.782  1814  1814 I art     : option[26]=-Xcompiler-option
05-04 18:28:44.782  1814  1814 I art     : option[27]=-Xms64m
05-04 18:28:44.782  1814  1814 I art     : option[28]=-Xcompiler-option
05-04 18:28:44.782  1814  1814 I art     : option[29]=--runtime-arg
05-04 18:28:44.782  1814  1814 I art     : option[30]=-Xcompiler-option
05-04 18:28:44.782  1814  1814 I art     : option[31]=-Xmx512m
05-04 18:28:44.782  1814  1814 I art     : option[32]=-Ximage-compiler-option
05-04 18:28:44.782  1814  1814 I art     : option[33]=--instruction-set-variant=kryo
05-04 18:28:44.782  1814  1814 I art     : option[34]=-Xcompiler-option
05-04 18:28:44.782  1814  1814 I art     : option[35]=--instruction-set-variant=kryo
05-04 18:28:44.782  1814  1814 I art     : option[36]=-Ximage-compiler-option
05-04 18:28:44.782  1814  1814 I art     : option[37]=--instruction-set-features=default
05-04 18:28:44.782  1814  1814 I art     : option[38]=-Xcompiler-option
05-04 18:28:44.782  1814  1814 I art     : option[39]=--instruction-set-features=default
05-04 18:28:44.782  1814  1814 I art     : option[40]=-Duser.locale=zh-CN
05-04 18:28:44.782  1814  1814 I art     : option[41]=--cpu-abilist=arm64-v8a
05-04 18:28:44.782  1814  1814 I art     : option[42]=-Xfingerprint:Xiaomi/gemini/gemini:6.0.1/MMB29M/builder.20170504173549_R:userdebug/test-keys
05-04 18:28:44.833  1814  1814 D ICU     : No timezone override file found: /data/misc/zoneinfo/current/icu/icu_tzdata.dat
05-04 18:28:44.860  1814  1814 I Radio-JNI: register_android_hardware_Radio DONE
05-04 18:28:44.865  1814  1814 I SamplingProfilerIntegration: Profiling disabled.
05-04 18:28:44.866  1814  1814 D Zygote  : begin preload
05-04 18:28:44.866  1814  1814 I Zygote  : Preloading classes...
05-04 18:28:44.903  1814  1814 D skia    : [SkFontConfigParser] /system/etc/fonts.xml:103:4: warning: 'DINPro' alias target not found
05-04 18:28:44.903  1814  1814 D skia    : [SkFontConfigParser] /system/etc/fonts.xml:104:4: warning: 'DINPro' alias target not found
05-04 18:28:44.903  1814  1814 D skia    : [SkFontConfigParser] /system/etc/fonts.xml:105:4: warning: 'DINPro' alias target not found
05-04 18:28:44.935  1814  1814 E Minikin : addFont failed to create font /system/fonts/Padauk.ttf
05-04 18:28:44.947  1814  1814 E Minikin : addFont failed to create font /system/fonts/NanumGothic.ttf
05-04 18:28:44.947  1814  1814 E Minikin : addFont failed to create font /system/fonts/DroidSansFallback.ttf
05-04 18:28:44.947  1814  1814 E Minikin : addFont failed to create font /system/fonts/MTLmr3m.ttf
05-04 18:28:44.998  1814  1814 V DngCreator_JNI: DngCreator_nativeClassInit:
05-04 18:28:45.055  1813  1813 E cutils-trace: Error opening trace file: No such file or directory (2)
05-04 18:28:45.056  1813  1813 I QCamera : <MCI><INFO> get_num_of_cameras: 1852: dev_info[id=0,name='video2']
05-04 18:28:45.056  1813  1813 I QCamera : <MCI><INFO> get_num_of_cameras: 1852: dev_info[id=1,name='video3']
05-04 18:28:45.056  1813  1813 I QCamera : <MCI><INFO> sort_camera_info: 1707: Camera id: 0 facing: 0, type: 1 is_yuv: 0
05-04 18:28:45.056  1813  1813 I QCamera : <MCI><INFO> sort_camera_info: 1707: Camera id: 1 facing: 1, type: 0 is_yuv: 0
05-04 18:28:45.056  1813  1813 I QCamera : <MCI><INFO> sort_camera_info: 1710: Number of cameras 2 sorted 2
05-04 18:28:45.056  1813  1813 I QCamera : <MCI><INFO> get_num_of_cameras: 1870: num_cameras=2
05-04 18:28:45.056  1813  1813 I CameraService: Loaded "QCamera Module" camera module
05-04 18:28:45.056  1813  1813 I QCamera : <HAL><INFO> int qcamera::QCamera2Factory::getCameraInfo(int, camera_info*): 346: Camera id 0 API version 256
05-04 18:28:45.057   537   537 D mm-camera: < INFO> 395: void enable_memleak_trace(int): start memleak tracking.
05-04 18:28:45.065   537   537 D mm-camera: <MCT   >< INFO> 63: mct_controller_new: Creating new mct_controller with session-id 2
05-04 18:28:45.065   537  1869 D mm-camera: <MCT   >< INFO> 4309: mct_pipeline_start_session_thread: E sensor
05-04 18:28:45.065   537  1869 D mm-camera: <MCT   >< INFO> 4316: mct_pipeline_start_session_thread: Calling start_session on Module sensor
05-04 18:28:45.067   537  1870 D mm-camera: <MCT   >< INFO> 4309: mct_pipeline_start_session_thread: E iface
05-04 18:28:45.067   537  1870 D mm-camera: <MCT   >< INFO> 4316: mct_pipeline_start_session_thread: Calling start_session on Module iface
05-04 18:28:45.068  1814  1814 I art     : Thread[1,tid=1814,Native,Thread*=0x7f77abba00,peer=0x12c2c100,"main"] recursive attempt to load library "/system/lib64/libmedia_jni.so"
05-04 18:28:45.067   537  1870 D mm-camera: <MCT   >< INFO> 4319: mct_pipeline_start_session_thread: Module iface start_session rc = 1
05-04 18:28:45.068   537  1870 D mm-camera: <MCT   >< INFO> 4327: mct_pipeline_start_session_thread: started_num = 1, success = 1
05-04 18:28:45.068   537  1870 D mm-camera: <MCT   >< INFO> 4334: mct_pipeline_start_session_thread: X iface
05-04 18:28:45.069  1814  1814 D MtpDeviceJNI: register_android_mtp_MtpDevice
05-04 18:28:45.069  1814  1814 I art     : Thread[1,tid=1814,Native,Thread*=0x7f77abba00,peer=0x12c2c100,"main"] recursive attempt to load library "/system/lib64/libmedia_jni.so"
05-04 18:28:45.068   537  1873 D mm-camera: <MCT   >< INFO> 4309: mct_pipeline_start_session_thread: E isp
05-04 18:28:45.069  1814  1814 I art     : Thread[1,tid=1814,Native,Thread*=0x7f77abba00,peer=0x12c2c100,"main"] recursive attempt to load library "/system/lib64/libmedia_jni.so"
05-04 18:28:45.069   537  1875 D mm-camera: <MCT   >< INFO> 4309: mct_pipeline_start_session_thread: E stats
05-04 18:28:45.069   537  1873 D mm-camera: <MCT   >< INFO> 4316: mct_pipeline_start_session_thread: Calling start_session on Module isp
05-04 18:28:45.070   537  1875 D mm-camera: <MCT   >< INFO> 4316: mct_pipeline_start_session_thread: Calling start_session on Module stats
05-04 18:28:45.070   537  1873 D mm-camera: <ISP   >< INFO> 190: isp_module_start_session: session id 2
05-04 18:28:45.075   537  1869 D mm-camera: <MCT   >< INFO> 4319: mct_pipeline_start_session_thread: Module sensor start_session rc = 1
05-04 18:28:45.075   537  1869 D mm-camera: <MCT   >< INFO> 4327: mct_pipeline_start_session_thread: started_num = 2, success = 2
05-04 18:28:45.075   537  1869 D mm-camera: <MCT   >< INFO> 4334: mct_pipeline_start_session_thread: X sensor
05-04 18:28:45.078   537  1875 D mm-camera: <STATS_AIS >< INFO> 338: gyro_port_use_dsps_iface: Use DSPS interface as it supports
