05-06 10:24:18.581   555   830 I ServiceManager: Waiting for service sensorservice...
05-06 10:24:19.180  1629  1632 W dex2oat : Compilation of android.content.pm.PackageParser$Package com.android.server.pm.PackageManagerService.scanPackageDirtyLI(android.content.pm.PackageParser$Package, int, int, long, android.os.UserHandle) took 105.384ms
05-06 10:24:19.359   595   750 E slim_daemon: [NDK] bindNDKSensors: Sensor server is unavailable.
05-06 10:24:20.065  1629  1629 I dex2oat : dex2oat took 4.453s (threads: 4) arena alloc=5MB java alloc=5MB native alloc=31MB free=4MB
05-06 10:24:20.122  1635  1635 I dex2oat : Starting dex2oat.
05-06 10:24:20.122  1635  1635 E cutils-trace: Error opening trace file: No such file or directory (2)
05-06 10:24:20.174  1635  1635 I dex2oat : dex2oat took 52.417ms (threads: 4) arena alloc=233KB java alloc=85KB native alloc=1620KB free=1707KB
05-06 10:24:20.204  1640  1640 I dex2oat : Starting dex2oat.
05-06 10:24:20.204  1640  1640 E cutils-trace: Error opening trace file: No such file or directory (2)
05-06 10:24:20.359   595   750 E slim_daemon: [NDK] bindNDKSensors: Sensor server is unavailable.
05-06 10:24:20.582   555   830 I ServiceManager: Waiting for service sensorservice...
05-06 10:24:21.360   595   750 E slim_daemon: [NDK] bindNDKSensors: Sensor server is unavailable.
05-06 10:24:21.366  1640  1644 W dex2oat : No verified method for method calling String.<init>: java.lang.String java.io.ByteArrayOutputStream.toString()
05-06 10:24:21.441  1640  1640 W dex2oat : No verified method for method calling String.<init>: java.lang.String java.io.ByteArrayOutputStream.toString()
05-06 10:24:21.583   555   830 I ServiceManager: Waiting for service sensorservice...
05-06 10:24:21.636  1640  1640 I dex2oat : dex2oat took 1.432s (threads: 4) arena alloc=2MB java alloc=2MB native alloc=11MB free=2MB
05-06 10:24:21.662  1618  1618 I InstallerConnection: disconnecting...
05-06 10:24:21.664   490   490 E installd: eof
05-06 10:24:21.665   490   490 E installd: failed to read size
05-06 10:24:21.665   490   490 I installd: closing connection
05-06 10:24:21.675  1618  1618 I SystemServer: Entered the Android system server!
05-06 10:24:21.721  1618  1618 I SystemServiceManager: Starting com.android.server.pm.Installer
05-06 10:24:21.722  1618  1618 I Installer: Waiting for installd to be ready.
05-06 10:24:21.722  1618  1618 I InstallerConnection: connecting...
05-06 10:24:21.722   490   490 I installd: new connection
05-06 10:24:21.723  1618  1618 I SystemServiceManager: Starting com.android.server.am.ActivityManagerService$Lifecycle
05-06 10:24:21.889  1618  1618 I XXXXXX  : choosing minFree values for 64 Bit
05-06 10:24:21.889  1618  1618 I XXXXXX  : choosing minFree values for 64 Bit
05-06 10:24:21.889  1618  1618 I XXXXXX  : choosing minFree values for 64 Bit
05-06 10:24:21.889  1618  1618 I XXXXXX  : choosing minFree values for 64 Bit
05-06 10:24:21.889  1618  1618 I XXXXXX  : choosing minFree values for 64 Bit
05-06 10:24:21.889  1618  1618 I XXXXXX  : choosing minFree values for 64 Bit
05-06 10:24:21.893  1618  1618 I ActivityManager: Memory class: 384
05-06 10:24:21.895  1618  1648 I ServiceThread: Enabled StrictMode logging for ActivityManager looper.
05-06 10:24:21.899  1618  1649 I ServiceThread: Enabled StrictMode logging for android.ui looper.
05-06 10:24:21.909  1618  1618 D BatteryStatsImpl: Reading daily items from /data/system/batterystats-daily.xml
05-06 10:24:21.914  1618  1618 I AppOps  : No existing app ops /data/system/appops.xml; starting empty
05-06 10:24:21.981  1618  1618 I IntentFirewall: Read new rules (A:0 B:0 S:0)
05-06 10:24:21.987  1618  1653 I ServiceThread: Enabled StrictMode logging for android.display looper.
05-06 10:24:21.995  1618  1618 D AppOps  : AppOpsService published
05-06 10:24:21.995  1618  1618 I SystemServiceManager: Starting com.android.server.power.PowerManagerService
05-06 10:24:21.997  1618  1655 I ServiceThread: Enabled StrictMode logging for PowerManagerService looper.
05-06 10:24:22.004  1618  1618 I QCOM PowerHAL: QCOM power HAL initing.
05-06 10:24:22.005  1618  1618 W libsuspend: Error writing 'on' to /sys/power/state: Invalid argument
05-06 10:24:22.005  1618  1618 I libsuspend: Selected wakeup count
05-06 10:24:22.008  1618  1618 I SystemServiceManager: Starting com.android.server.lights.LightsService
05-06 10:24:22.010  1618  1618 I SystemServiceManager: Starting com.android.server.display.DisplayManagerService
05-06 10:24:22.013  1618  1618 I SystemServiceManager: Starting phase 100
05-06 10:24:22.028  1618  1653 I DisplayManagerService: Display device added: DisplayDeviceInfo{"": uniqueId="local:0", 1080 x 1920, modeId 1, defaultModeId 1, supportedModes [{id=1, width=1080, height=1920, fps=60.000004}], colorTransformId 1, defaultColorTransformId 1, supportedColorTransforms [{id=1, colorTransform=0}], density 480, 428.625 x 427.789 dpi, appVsyncOff 0, presDeadline 17666666, touch INTERNAL, rotation 0, type BUILT_IN, state UNKNOWN, FLAG_DEFAULT_DISPLAY, FLAG_ROTATES_WITH_CONTENT, FLAG_SECURE, FLAG_SUPPORTS_PROTECTED_BUFFERS}
05-06 10:24:22.029   472   472 D SurfaceFlinger: Set power mode=2, type=0 flinger=0x7fb4783c00
05-06 10:24:22.029   472   472 D SurfaceFlinger: Screen type=0 is already mode=2
05-06 10:24:22.030  1618  1653 I DisplayManagerService: Display device changed state: "", ON
05-06 10:24:22.030  1618  1618 I SystemServer: Package Manager
05-06 10:24:22.034  1618  1618 W SELinuxMMAC: Error opening /data/system/seapp_hash. Assuming first boot.
05-06 10:24:22.039  1618  1618 W FileUtils: Failed to chmod(/data/system/packages.list): android.system.ErrnoException: chmod failed: ENOENT (No such file or directory)
05-06 10:24:22.042  1618  1618 W SystemConfig: No directory /system/etc/sysconfig, skipping
05-06 10:24:22.110  1618  1618 D SELinuxMMAC: Using policy file /system/etc/security/mac_permissions.xml
05-06 10:24:22.113  1618  1618 E SELinuxMMAC: Duplicate policy entry: cert=308204a8308... seinfo=release
05-06 10:24:22.113  1618  1618 W SELinuxMMAC: ERROR! Duplicate entries found parsing /system/etc/security/mac_permissions.xml
05-06 10:24:22.114  1618  1618 I PackageManager: No settings file; creating initial state
05-06 10:24:22.147  1659  1659 I dex2oat : Starting dex2oat.
05-06 10:24:22.147  1659  1659 E cutils-trace: Error opening trace file: No such file or directory (2)
05-06 10:24:22.267  1659  1659 I dex2oat : dex2oat took 119.984ms (threads: 4) arena alloc=56KB java alloc=142KB native alloc=2041KB free=1798KB
05-06 10:24:22.297  1664  1664 I dex2oat : Starting dex2oat.
05-06 10:24:22.298  1664  1664 E cutils-trace: Error opening trace file: No such file or directory (2)
05-06 10:24:22.349  1664  1664 I dex2oat : dex2oat took 52.185ms (threads: 4) arena alloc=132KB java alloc=57KB native alloc=1486KB free=1841KB
05-06 10:24:22.360   595   750 E slim_daemon: [NDK] bindNDKSensors: Sensor server is unavailable.
05-06 10:24:22.381  1669  1669 I dex2oat : Starting dex2oat.
05-06 10:24:22.381  1669  1669 E cutils-trace: Error opening trace file: No such file or directory (2)
05-06 10:24:22.504  1669  1669 I dex2oat : Skipping compilation of com.android.vcard.VCardEntry$PostalData com.android.vcard.VCardEntry$PostalData.constructPostalData(java.util.List, int, java.lang.String, boolean, int): it contains a non natural loop
05-06 10:24:22.525  1669  1669 W dex2oat : No verified method for method calling String.<init>: java.lang.String android.text.SpannableStringBuilder.toString()
05-06 10:24:22.583   555   830 I ServiceManager: Waiting for service sensorservice...
05-06 10:24:22.740  1669  1669 I dex2oat : dex2oat took 359.650ms (threads: 4) arena alloc=4MB java alloc=532KB native alloc=7MB free=4MB
05-06 10:24:22.787  1674  1674 I dex2oat : Starting dex2oat.
05-06 10:24:22.787  1674  1674 E cutils-trace: Error opening trace file: No such file or directory (2)
05-06 10:24:22.848  1674  1674 I dex2oat : dex2oat took 61.615ms (threads: 4) arena alloc=219KB java alloc=133KB native alloc=1934KB free=1905KB
05-06 10:24:22.880  1679  1679 I dex2oat : Starting dex2oat.
05-06 10:24:22.880  1679  1679 E cutils-trace: Error opening trace file: No such file or directory (2)
05-06 10:24:23.062  1679  1679 I dex2oat : dex2oat took 183.239ms (threads: 4) arena alloc=4MB java alloc=319KB native alloc=6MB free=5MB
05-06 10:24:23.092  1684  1684 I dex2oat : Starting dex2oat.
05-06 10:24:23.092  1684  1684 E cutils-trace: Error opening trace file: No such file or directory (2)
05-06 10:24:23.138  1684  1684 I dex2oat : dex2oat took 46.827ms (threads: 4) arena alloc=83KB java alloc=152KB native alloc=1892KB free=1691KB
05-06 10:24:23.170  1689  1689 I dex2oat : Starting dex2oat.
05-06 10:24:23.170  1689  1689 E cutils-trace: Error opening trace file: No such file or directory (2)
05-06 10:24:23.225  1689  1689 I dex2oat : dex2oat took 55.025ms (threads: 4) arena alloc=299KB java alloc=116KB native alloc=1489KB free=1582KB
05-06 10:24:23.252  1694  1694 I dex2oat : Starting dex2oat.
05-06 10:24:23.252  1694  1694 E cutils-trace: Error opening trace file: No such file or directory (2)
05-06 10:24:23.288  1694  1694 I dex2oat : dex2oat took 36.565ms (threads: 4) arena alloc=99KB java alloc=49KB native alloc=1516KB free=1555KB
05-06 10:24:23.318  1699  1699 I dex2oat : Starting dex2oat.
05-06 10:24:23.318  1699  1699 E cutils-trace: Error opening trace file: No such file or directory (2)
05-06 10:24:23.361   595   750 E slim_daemon: [NDK] bindNDKSensors: Sensor server is unavailable.
05-06 10:24:23.410  1699  1699 I dex2oat : dex2oat took 92.432ms (threads: 4) arena alloc=772KB java alloc=171KB native alloc=2MB free=2MB
05-06 10:24:23.439  1704  1704 I dex2oat : Starting dex2oat.
05-06 10:24:23.439  1704  1704 E cutils-trace: Error opening trace file: No such file or directory (2)
05-06 10:24:23.452   537   568 E QCALOG  : [MessageQ] ProcessNewMessage: [XTWiFi-PE] unknown deliver target [OS-Agent]
05-06 10:24:23.466  1704  1704 I dex2oat : dex2oat took 27.893ms (threads: 4) arena alloc=61KB java alloc=55KB native alloc=1216KB free=1087KB
05-06 10:24:23.499  1709  1709 I dex2oat : Starting dex2oat.
05-06 10:24:23.499  1709  1709 E cutils-trace: Error opening trace file: No such file or directory (2)
05-06 10:24:23.544   537   568 E QCALOG  : [MessageQ] ProcessNewMessage: [XT-CS] unknown deliver target [OS-Agent]
05-06 10:24:23.545   594   779 W XTCC-5.1.0.10: [CS-RIL-LISTENER] timerCallback fired for ril update registering, re-register
05-06 10:24:23.546   537   568 E QCALOG  : [MessageQ] ProcessNewMessage: [XT-CS] unknown deliver target [OS-Agent]
05-06 10:24:23.584   555   830 I ServiceManager: Waiting for service sensorservice...
05-06 10:24:23.616  1709  1709 I dex2oat : dex2oat took 117.955ms (threads: 4) arena alloc=3MB java alloc=141KB native alloc=4MB free=4MB
05-06 10:24:23.645  1714  1714 I dex2oat : Starting dex2oat.
05-06 10:24:23.646  1714  1714 E cutils-trace: Error opening trace file: No such file or directory (2)
05-06 10:24:23.716  1714  1714 I dex2oat : dex2oat took 71.002ms (threads: 4) arena alloc=1401KB java alloc=87KB native alloc=2MB free=3MB
05-06 10:24:23.744  1719  1719 I dex2oat : Starting dex2oat.
05-06 10:24:23.744  1719  1719 E cutils-trace: Error opening trace file: No such file or directory (2)
05-06 10:24:23.764  1719  1719 I dex2oat : dex2oat took 20.914ms (threads: 4) arena alloc=6KB java alloc=20KB native alloc=913KB free=878KB
05-06 10:24:23.793  1724  1724 I dex2oat : Starting dex2oat.
05-06 10:24:23.793  1724  1724 E cutils-trace: Error opening trace file: No such file or directory (2)
05-06 10:24:23.927  1724  1724 I dex2oat : dex2oat took 135.084ms (threads: 4) arena alloc=740KB java alloc=195KB native alloc=2MB free=3MB
05-06 10:24:23.956  1729  1729 I dex2oat : Starting dex2oat.
05-06 10:24:23.956  1729  1729 E cutils-trace: Error opening trace file: No such file or directory (2)
05-06 10:24:24.096  1729  1729 I dex2oat : dex2oat took 140.952ms (threads: 4) arena alloc=375KB java alloc=256KB native alloc=2MB free=2MB
05-06 10:24:24.124  1734  1734 I dex2oat : Starting dex2oat.
05-06 10:24:24.124  1734  1734 E cutils-trace: Error opening trace file: No such file or directory (2)
05-06 10:24:24.161  1734  1734 I dex2oat : dex2oat took 37.762ms (threads: 4) arena alloc=265KB java alloc=69KB native alloc=1654KB free=1673KB
05-06 10:24:24.166  1618  1618 E art     : DexFile_getDexOptNeeded file '/system/framework/org.apache.http.legacy.jar' does not exist
05-06 10:24:24.166  1618  1618 W PackageManager: Library not found: /system/framework/org.apache.http.legacy.jar
05-06 10:24:24.193  1739  1739 I dex2oat : Starting dex2oat.
05-06 10:24:24.194  1739  1739 E cutils-trace: Error opening trace file: No such file or directory (2)
05-06 10:24:24.228  1739  1739 I dex2oat : dex2oat took 34.905ms (threads: 4) arena alloc=92KB java alloc=59KB native alloc=1509KB free=1562KB
05-06 10:24:24.258  1745  1745 I dex2oat : Starting dex2oat.
05-06 10:24:24.259  1745  1745 E cutils-trace: Error opening trace file: No such file or directory (2)
05-06 10:24:24.294  1745  1745 I dex2oat : dex2oat took 36.225ms (threads: 4) arena alloc=156KB java alloc=59KB native alloc=1324KB free=1235KB
05-06 10:24:24.327  1750  1750 I dex2oat : Starting dex2oat.
05-06 10:24:24.327  1750  1750 E cutils-trace: Error opening trace file: No such file or directory (2)
05-06 10:24:24.361   595   750 E slim_daemon: [NDK] bindNDKSensors: Sensor server is unavailable.
05-06 10:24:24.498  1750  1750 I dex2oat : dex2oat took 171.516ms (threads: 4) arena alloc=1908KB java alloc=208KB native alloc=3MB free=3MB
05-06 10:24:24.528  1755  1755 I dex2oat : Starting dex2oat.
05-06 10:24:24.528  1755  1755 E cutils-trace: Error opening trace file: No such file or directory (2)
05-06 10:24:24.557  1755  1755 I dex2oat : dex2oat took 29.888ms (threads: 4) arena alloc=42KB java alloc=39KB native alloc=1184KB free=1375KB
05-06 10:24:24.584   555   830 I ServiceManager: Waiting for service sensorservice...
05-06 10:24:24.589  1760  1760 I dex2oat : Starting dex2oat.
05-06 10:24:24.589  1760  1760 E cutils-trace: Error opening trace file: No such file or directory (2)
05-06 10:24:24.673  1760  1760 I dex2oat : dex2oat took 84.472ms (threads: 4) arena alloc=1011KB java alloc=90KB native alloc=2MB free=2MB
05-06 10:24:24.704  1765  1765 I dex2oat : Starting dex2oat.
05-06 10:24:24.704  1765  1765 E cutils-trace: Error opening trace file: No such file or directory (2)
05-06 10:24:24.743  1765  1765 I dex2oat : dex2oat took 39.810ms (threads: 4) arena alloc=1074KB java alloc=72KB native alloc=2MB free=2MB
05-06 10:24:24.773  1770  1770 I dex2oat : Starting dex2oat.
05-06 10:24:24.773  1770  1770 E cutils-trace: Error opening trace file: No such file or directory (2)
05-06 10:24:24.886  1770  1770 I dex2oat : dex2oat took 113.449ms (threads: 4) arena alloc=34KB java alloc=153KB native alloc=2MB free=1992KB
05-06 10:24:24.914  1775  1775 I dex2oat : Starting dex2oat.
05-06 10:24:24.914  1775  1775 E cutils-trace: Error opening trace file: No such file or directory (2)
05-06 10:24:24.960  1775  1775 I dex2oat : dex2oat took 46.202ms (threads: 4) arena alloc=145KB java alloc=58KB native alloc=1641KB free=1430KB
05-06 10:24:24.990  1780  1780 I dex2oat : Starting dex2oat.
05-06 10:24:24.991  1780  1780 E cutils-trace: Error opening trace file: No such file or directory (2)
05-06 10:24:25.123  1780  1780 I dex2oat : Skipping compilation of com.android.vcard.VCardEntry$PostalData com.android.vcard.VCardEntry$PostalData.constructPostalData(java.util.List, int, java.lang.String, boolean, int): it contains a non natural loop
05-06 10:24:25.155  1780  1780 W dex2oat : No verified method for method calling String.<init>: java.lang.String android.text.SpannableStringBuilder.toString()
05-06 10:24:25.357  1780  1780 I dex2oat : dex2oat took 366.919ms (threads: 4) arena alloc=5MB java alloc=818KB native alloc=8MB free=5MB
05-06 10:24:25.362   595   750 E slim_daemon: [NDK] bindNDKSensors: Sensor server is unavailable.
05-06 10:24:25.389  1785  1785 I dex2oat : Starting dex2oat.
05-06 10:24:25.389  1785  1785 E cutils-trace: Error opening trace file: No such file or directory (2)
05-06 10:24:25.448  1785  1785 I dex2oat : dex2oat took 59.799ms (threads: 4) arena alloc=249KB java alloc=126KB native alloc=1997KB free=2MB
05-06 10:24:25.483  1790  1790 I dex2oat : Starting dex2oat.
05-06 10:24:25.483  1790  1790 E cutils-trace: Error opening trace file: No such file or directory (2)
05-06 10:24:25.679  1790  1790 I dex2oat : dex2oat took 196.742ms (threads: 4) arena alloc=4MB java alloc=456KB native alloc=6MB free=5MB
05-06 10:24:25.710  1795  1795 I dex2oat : Starting dex2oat.
05-06 10:24:25.710  1795  1795 E cutils-trace: Error opening trace file: No such file or directory (2)
05-06 10:24:25.762  1795  1795 I dex2oat : dex2oat took 52.925ms (threads: 4) arena alloc=136KB java alloc=136KB native alloc=1870KB free=1969KB
05-06 10:24:25.792  1800  1800 I dex2oat : Starting dex2oat.
05-06 10:24:25.792  1800  1800 E cutils-trace: Error opening trace file: No such file or directory (2)
05-06 10:24:25.851  1800  1800 I dex2oat : dex2oat took 59.714ms (threads: 4) arena alloc=410KB java alloc=91KB native alloc=1773KB free=1810KB
05-06 10:24:25.888  1805  1805 I dex2oat : Starting dex2oat.
05-06 10:24:25.889  1805  1805 E cutils-trace: Error opening trace file: No such file or directory (2)
05-06 10:24:25.931  1805  1805 I dex2oat : dex2oat took 43.982ms (threads: 4) arena alloc=108KB java alloc=42KB native alloc=1518KB free=1297KB
05-06 10:24:25.964  1810  1810 I dex2oat : Starting dex2oat.
05-06 10:24:25.965  1810  1810 E cutils-trace: Error opening trace file: No such file or directory (2)
05-06 10:24:26.081  1810  1810 I dex2oat : dex2oat took 117.037ms (threads: 4) arena alloc=1187KB java alloc=176KB native alloc=2MB free=2MB
05-06 10:24:26.109  1815  1815 I dex2oat : Starting dex2oat.
05-06 10:24:26.109  1815  1815 E cutils-trace: Error opening trace file: No such file or directory (2)
05-06 10:24:26.143  1815  1815 I dex2oat : dex2oat took 34.302ms (threads: 4) arena alloc=66KB java alloc=36KB native alloc=1215KB free=1088KB
05-06 10:24:26.176  1820  1820 I dex2oat : Starting dex2oat.
05-06 10:24:26.177  1820  1820 E cutils-trace: Error opening trace file: No such file or directory (2)
05-06 10:24:26.311  1820  1820 I dex2oat : dex2oat took 135.818ms (threads: 4) arena alloc=3MB java alloc=134KB native alloc=4MB free=5MB
05-06 10:24:26.347  1825  1825 I dex2oat : Starting dex2oat.
05-06 10:24:26.348  1825  1825 E cutils-trace: Error opening trace file: No such file or directory (2)
05-06 10:24:26.363   595   750 E slim_daemon: [NDK] bindNDKSensors: Sensor server is unavailable.
05-06 10:24:26.437  1825  1825 I dex2oat : dex2oat took 90.186ms (threads: 4) arena alloc=1405KB java alloc=87KB native alloc=3MB free=3MB
05-06 10:24:26.465  1830  1830 I dex2oat : Starting dex2oat.
05-06 10:24:26.465  1830  1830 E cutils-trace: Error opening trace file: No such file or directory (2)
05-06 10:24:26.504  1830  1830 I dex2oat : dex2oat took 39.510ms (threads: 4) arena alloc=7KB java alloc=20KB native alloc=913KB free=878KB
05-06 10:24:26.536  1835  1835 I dex2oat : Starting dex2oat.
05-06 10:24:26.536  1835  1835 E cutils-trace: Error opening trace file: No such file or directory (2)
05-06 10:24:26.585   555   830 I ServiceManager: Waiting for service sensorservice...
05-06 10:24:26.690  1835  1835 I dex2oat : dex2oat took 155.326ms (threads: 4) arena alloc=772KB java alloc=230KB native alloc=3MB free=3MB
05-06 10:24:26.731  1840  1840 I dex2oat : Starting dex2oat.
05-06 10:24:26.731  1840  1840 E cutils-trace: Error opening trace file: No such file or directory (2)
05-06 10:24:26.892  1840  1840 I dex2oat : dex2oat took 164.790ms (threads: 4) arena alloc=378KB java alloc=315KB native alloc=2MB free=1920KB
05-06 10:24:26.925  1845  1845 I dex2oat : Starting dex2oat.
05-06 10:24:26.925  1845  1845 E cutils-trace: Error opening trace file: No such file or directory (2)
05-06 10:24:26.967  1845  1845 I dex2oat : dex2oat took 43.631ms (threads: 4) arena alloc=289KB java alloc=53KB native alloc=1658KB free=1669KB
05-06 10:24:26.972  1618  1618 E art     : DexFile_getDexOptNeeded file '/system/framework/org.apache.http.legacy.jar' does not exist
05-06 10:24:26.972  1618  1618 W PackageManager: Library not found: /system/framework/org.apache.http.legacy.jar
05-06 10:24:26.995  1850  1850 I dex2oat : Starting dex2oat.
05-06 10:24:26.995  1850  1850 E cutils-trace: Error opening trace file: No such file or directory (2)
05-06 10:24:27.033  1850  1850 I dex2oat : dex2oat took 38.066ms (threads: 4) arena alloc=121KB java alloc=48KB native alloc=1385KB free=1686KB
05-06 10:24:27.062  1855  1855 I dex2oat : Starting dex2oat.
05-06 10:24:27.062  1855  1855 E cutils-trace: Error opening trace file: No such file or directory (2)
05-06 10:24:27.105  1855  1855 I dex2oat : dex2oat took 43.131ms (threads: 4) arena alloc=171KB java alloc=60KB native alloc=1328KB free=1231KB
05-06 10:24:27.134  1860  1860 I dex2oat : Starting dex2oat.
05-06 10:24:27.134  1860  1860 E cutils-trace: Error opening trace file: No such file or directory (2)
05-06 10:24:27.321  1860  1860 I dex2oat : dex2oat took 187.923ms (threads: 4) arena alloc=1812KB java alloc=238KB native alloc=3MB free=2MB
05-06 10:24:27.353  1865  1865 I dex2oat : Starting dex2oat.
05-06 10:24:27.354  1865  1865 E cutils-trace: Error opening trace file: No such file or directory (2)
05-06 10:24:27.364   595   750 E slim_daemon: [NDK] bindNDKSensors: Sensor server is unavailable.
05-06 10:24:27.389  1865  1865 I dex2oat : dex2oat took 37.438ms (threads: 4) arena alloc=47KB java alloc=38KB native alloc=1185KB free=1374KB
05-06 10:24:27.422  1870  1870 I dex2oat : Starting dex2oat.
05-06 10:24:27.422  1870  1870 E cutils-trace: Error opening trace file: No such file or directory (2)
05-06 10:24:27.512  1870  1870 I dex2oat : dex2oat took 90.983ms (threads: 4) arena alloc=1069KB java alloc=89KB native alloc=2MB free=2MB
05-06 10:24:27.541  1875  1875 I dex2oat : Starting dex2oat.
05-06 10:24:27.542  1875  1875 E cutils-trace: Error opening trace file: No such file or directory (2)
05-06 10:24:27.585   555   830 I ServiceManager: Waiting for service sensorservice...
05-06 10:24:27.603  1875  1875 I dex2oat : dex2oat took 62.196ms (threads: 4) arena alloc=1096KB java alloc=44KB native alloc=2MB free=2MB
05-06 10:24:27.639  1880  1880 I dex2oat : Starting dex2oat.
05-06 10:24:27.640  1880  1880 E cutils-trace: Error opening trace file: No such file or directory (2)
05-06 10:24:27.750  1880  1880 I dex2oat : dex2oat took 111.431ms (threads: 4) arena alloc=912KB java alloc=99KB native alloc=2MB free=2MB
05-06 10:24:27.785  1885  1885 I dex2oat : Starting dex2oat.
05-06 10:24:27.785  1885  1885 E cutils-trace: Error opening trace file: No such file or directory (2)
05-06 10:24:27.828  1885  1885 I dex2oat : dex2oat took 43.260ms (threads: 4) arena alloc=400KB java alloc=31KB native alloc=1482KB free=1333KB
05-06 10:24:27.862  1890  1890 I dex2oat : Starting dex2oat.
05-06 10:24:27.862  1890  1890 E cutils-trace: Error opening trace file: No such file or directory (2)
05-06 10:24:27.898  1890  1890 I dex2oat : dex2oat took 36.489ms (threads: 4) arena alloc=126KB java alloc=38KB native alloc=1472KB free=1343KB
05-06 10:24:27.933  1895  1895 I dex2oat : Starting dex2oat.
05-06 10:24:27.933  1895  1895 E cutils-trace: Error opening trace file: No such file or directory (2)
05-06 10:24:27.974  1895  1895 I dex2oat : dex2oat took 41.445ms (threads: 4) arena alloc=286KB java alloc=36KB native alloc=1336KB free=1479KB
05-06 10:24:28.004  1900  1900 I dex2oat : Starting dex2oat.
05-06 10:24:28.005  1900  1900 E cutils-trace: Error opening trace file: No such file or directory (2)
05-06 10:24:28.040  1900  1900 I dex2oat : dex2oat took 36.357ms (threads: 4) arena alloc=125KB java alloc=24KB native alloc=1082KB free=965KB
05-06 10:24:28.074  1905  1905 I dex2oat : Starting dex2oat.
05-06 10:24:28.074  1905  1905 E cutils-trace: Error opening trace file: No such file or directory (2)
05-06 10:24:28.117  1905  1905 I dex2oat : dex2oat took 43.814ms (threads: 4) arena alloc=537KB java alloc=52KB native alloc=1724KB free=1859KB
05-06 10:24:28.146  1910  1910 I dex2oat : Starting dex2oat.
05-06 10:24:28.146  1910  1910 E cutils-trace: Error opening trace file: No such file or directory (2)
05-06 10:24:28.180  1910  1910 I dex2oat : dex2oat took 34.977ms (threads: 4) arena alloc=28KB java alloc=21KB native alloc=1092KB free=955KB
05-06 10:24:28.214  1915  1915 I dex2oat : Starting dex2oat.
05-06 10:24:28.214  1915  1915 E cutils-trace: Error opening trace file: No such file or directory (2)
05-06 10:24:28.255  1915  1915 I dex2oat : dex2oat took 41.764ms (threads: 4) arena alloc=283KB java alloc=62KB native alloc=1680KB free=1903KB
05-06 10:24:28.287  1920  1920 I dex2oat : Starting dex2oat.
05-06 10:24:28.287  1920  1920 E cutils-trace: Error opening trace file: No such file or directory (2)
05-06 10:24:28.321  1920  1920 I dex2oat : dex2oat took 34.962ms (threads: 4) arena alloc=136KB java alloc=26KB native alloc=1091KB free=956KB
05-06 10:24:28.353  1925  1925 I dex2oat : Starting dex2oat.
05-06 10:24:28.353  1925  1925 E cutils-trace: Error opening trace file: No such file or directory (2)
05-06 10:24:28.365   595   750 E slim_daemon: [NDK] bindNDKSensors: Sensor server is unavailable.
05-06 10:24:28.391  1925  1925 I dex2oat : dex2oat took 38.914ms (threads: 4) arena alloc=222KB java alloc=24KB native alloc=1058KB free=989KB
05-06 10:24:28.425  1930  1930 I dex2oat : Starting dex2oat.
05-06 10:24:28.425  1930  1930 E cutils-trace: Error opening trace file: No such file or directory (2)
05-06 10:24:28.453   537   568 E QCALOG  : [MessageQ] ProcessNewMessage: [XTWiFi-PE] unknown deliver target [OS-Agent]
05-06 10:24:28.461  1930  1930 I dex2oat : dex2oat took 37.381ms (threads: 4) arena alloc=224KB java alloc=86KB native alloc=1387KB free=1428KB
05-06 10:24:28.494  1935  1935 I dex2oat : Starting dex2oat.
05-06 10:24:28.494  1935  1935 E cutils-trace: Error opening trace file: No such file or directory (2)
05-06 10:24:28.544   537   568 E QCALOG  : [MessageQ] ProcessNewMessage: [XT-CS] unknown deliver target [OS-Agent]
05-06 10:24:28.546   594   779 W XTCC-5.1.0.10: [CS-RIL-LISTENER] timerCallback fired for ril update registering, re-register
05-06 10:24:28.547   537   568 E QCALOG  : [MessageQ] ProcessNewMessage: [XT-CS] unknown deliver target [OS-Agent]
05-06 10:24:28.586   555   830 I ServiceManager: Waiting for service sensorservice...
05-06 10:24:28.617  1935  1935 I dex2oat : dex2oat took 124.033ms (threads: 4) arena alloc=1280KB java alloc=185KB native alloc=2MB free=3MB
05-06 10:24:28.649  1940  1940 I dex2oat : Starting dex2oat.
05-06 10:24:28.649  1940  1940 E cutils-trace: Error opening trace file: No such file or directory (2)
05-06 10:24:28.755  1940  1940 I dex2oat : dex2oat took 106.648ms (threads: 4) arena alloc=619KB java alloc=106KB native alloc=1860KB free=1979KB
05-06 10:24:28.789  1945  1945 I dex2oat : Starting dex2oat.
05-06 10:24:28.789  1945  1945 E cutils-trace: Error opening trace file: No such file or directory (2)
05-06 10:24:28.986  1945  1945 I dex2oat : dex2oat took 197.812ms (threads: 4) arena alloc=912KB java alloc=409KB native alloc=3MB free=2MB
05-06 10:24:29.016  1950  1950 I dex2oat : Starting dex2oat.
05-06 10:24:29.016  1950  1950 E cutils-trace: Error opening trace file: No such file or directory (2)
05-06 10:24:29.053  1950  1950 I dex2oat : dex2oat took 37.676ms (threads: 4) arena alloc=522KB java alloc=25KB native alloc=1551KB free=1264KB
05-06 10:24:29.089  1955  1955 I dex2oat : Starting dex2oat.
05-06 10:24:29.089  1955  1955 E cutils-trace: Error opening trace file: No such file or directory (2)
05-06 10:24:29.126  1955  1955 I dex2oat : dex2oat took 37.815ms (threads: 4) arena alloc=367KB java alloc=27KB native alloc=1382KB free=1433KB
05-06 10:24:29.157  1960  1960 I dex2oat : Starting dex2oat.
05-06 10:24:29.157  1960  1960 E cutils-trace: Error opening trace file: No such file or directory (2)
05-06 10:24:29.194  1960  1960 I dex2oat : dex2oat took 37.894ms (threads: 4) arena alloc=267KB java alloc=32KB native alloc=1187KB free=1116KB
05-06 10:24:29.229  1965  1965 I dex2oat : Starting dex2oat.
05-06 10:24:29.229  1965  1965 E cutils-trace: Error opening trace file: No such file or directory (2)
05-06 10:24:29.270  1965  1965 I dex2oat : dex2oat took 42.228ms (threads: 4) arena alloc=211KB java alloc=57KB native alloc=1839KB free=2000KB
05-06 10:24:29.313  1970  1970 I dex2oat : Starting dex2oat.
05-06 10:24:29.313  1970  1970 E cutils-trace: Error opening trace file: No such file or directory (2)
05-06 10:24:29.351  1970  1970 I dex2oat : dex2oat took 38.688ms (threads: 4) arena alloc=138KB java alloc=54KB native alloc=1059KB free=988KB
05-06 10:24:29.366   595   750 E slim_daemon: [NDK] bindNDKSensors: Sensor server is unavailable.
05-06 10:24:29.387  1975  1975 I dex2oat : Starting dex2oat.
05-06 10:24:29.387  1975  1975 E cutils-trace: Error opening trace file: No such file or directory (2)
05-06 10:24:29.491  1975  1975 I dex2oat : dex2oat took 104.866ms (threads: 4) arena alloc=1044KB java alloc=236KB native alloc=2MB free=2MB
05-06 10:24:29.521  1980  1980 I dex2oat : Starting dex2oat.
05-06 10:24:29.521  1980  1980 E cutils-trace: Error opening trace file: No such file or directory (2)
05-06 10:24:29.553  1980  1980 I dex2oat : dex2oat took 32.803ms (threads: 4) arena alloc=138KB java alloc=21KB native alloc=1072KB free=975KB
05-06 10:24:29.587   555   830 I ServiceManager: Waiting for service sensorservice...
05-06 10:24:29.590  1985  1985 I dex2oat : Starting dex2oat.
05-06 10:24:29.591  1985  1985 E cutils-trace: Error opening trace file: No such file or directory (2)
05-06 10:24:29.695  1985  1985 I dex2oat : dex2oat took 105.066ms (threads: 4) arena alloc=864KB java alloc=93KB native alloc=2MB free=1945KB
05-06 10:24:29.731  1990  1990 I dex2oat : Starting dex2oat.
05-06 10:24:29.731  1990  1990 E cutils-trace: Error opening trace file: No such file or directory (2)
05-06 10:24:29.773  1990  1990 I dex2oat : dex2oat took 42.482ms (threads: 4) arena alloc=403KB java alloc=30KB native alloc=1451KB free=1620KB
05-06 10:24:29.804  1995  1995 I dex2oat : Starting dex2oat.
05-06 10:24:29.804  1995  1995 E cutils-trace: Error opening trace file: No such file or directory (2)
05-06 10:24:29.836  1995  1995 I dex2oat : dex2oat took 32.548ms (threads: 4) arena alloc=164KB java alloc=40KB native alloc=1474KB free=1597KB
05-06 10:24:29.869  2000  2000 I dex2oat : Starting dex2oat.
05-06 10:24:29.869  2000  2000 E cutils-trace: Error opening trace file: No such file or directory (2)
05-06 10:24:29.911  2000  2000 I dex2oat : dex2oat took 42.348ms (threads: 4) arena alloc=313KB java alloc=40KB native alloc=1433KB free=1382KB
05-06 10:24:29.945  2005  2005 I dex2oat : Starting dex2oat.
05-06 10:24:29.945  2005  2005 E cutils-trace: Error opening trace file: No such file or directory (2)
05-06 10:24:29.981  2005  2005 I dex2oat : dex2oat took 38.074ms (threads: 4) arena alloc=132KB java alloc=25KB native alloc=1087KB free=1216KB
05-06 10:24:30.014  2010  2010 I dex2oat : Starting dex2oat.
05-06 10:24:30.014  2010  2010 E cutils-trace: Error opening trace file: No such file or directory (2)
05-06 10:24:30.064  2010  2010 I dex2oat : dex2oat took 51.338ms (threads: 4) arena alloc=439KB java alloc=45KB native alloc=1603KB free=1468KB
05-06 10:24:30.092  2015  2015 I dex2oat : Starting dex2oat.
05-06 10:24:30.093  2015  2015 E cutils-trace: Error opening trace file: No such file or directory (2)
05-06 10:24:30.126  2015  2015 I dex2oat : dex2oat took 34.076ms (threads: 4) arena alloc=30KB java alloc=22KB native alloc=1094KB free=953KB
05-06 10:24:30.156  2020  2020 I dex2oat : Starting dex2oat.
05-06 10:24:30.156  2020  2020 E cutils-trace: Error opening trace file: No such file or directory (2)
05-06 10:24:30.198  2020  2020 I dex2oat : dex2oat took 43.038ms (threads: 4) arena alloc=95KB java alloc=50KB native alloc=1816KB free=1767KB
05-06 10:24:30.229  2025  2025 I dex2oat : Starting dex2oat.
05-06 10:24:30.229  2025  2025 E cutils-trace: Error opening trace file: No such file or directory (2)
05-06 10:24:30.265  2025  2025 I dex2oat : dex2oat took 37.228ms (threads: 4) arena alloc=145KB java alloc=28KB native alloc=1116KB free=931KB
05-06 10:24:30.303  2030  2030 I dex2oat : Starting dex2oat.
05-06 10:24:30.304  2030  2030 E cutils-trace: Error opening trace file: No such file or directory (2)
05-06 10:24:30.345  2030  2030 I dex2oat : dex2oat took 41.819ms (threads: 4) arena alloc=231KB java alloc=22KB native alloc=1110KB free=1193KB
05-06 10:24:30.368   595   750 E slim_daemon: [NDK] bindNDKSensors: Sensor server is unavailable.
05-06 10:24:30.379  2035  2035 I dex2oat : Starting dex2oat.
05-06 10:24:30.379  2035  2035 E cutils-trace: Error opening trace file: No such file or directory (2)
05-06 10:24:30.416  2035  2035 I dex2oat : dex2oat took 37.958ms (threads: 4) arena alloc=242KB java alloc=63KB native alloc=1524KB free=1547KB
05-06 10:24:30.446  2040  2040 I dex2oat : Starting dex2oat.
05-06 10:24:30.447  2040  2040 E cutils-trace: Error opening trace file: No such file or directory (2)
05-06 10:24:30.561  2040  2040 I dex2oat : dex2oat took 115.386ms (threads: 4) arena alloc=1020KB java alloc=212KB native alloc=2MB free=2MB
05-06 10:24:30.588   555   830 I ServiceManager: Waiting for service sensorservice...
05-06 10:24:30.593  2045  2045 I dex2oat : Starting dex2oat.
05-06 10:24:30.593  2045  2045 E cutils-trace: Error opening trace file: No such file or directory (2)
05-06 10:24:30.702  2045  2045 I dex2oat : dex2oat took 110.298ms (threads: 4) arena alloc=623KB java alloc=85KB native alloc=2024KB free=1815KB
05-06 10:24:30.736  2050  2050 I dex2oat : Starting dex2oat.
05-06 10:24:30.737  2050  2050 E cutils-trace: Error opening trace file: No such file or directory (2)
05-06 10:24:30.949  2050  2050 I dex2oat : dex2oat took 212.543ms (threads: 4) arena alloc=939KB java alloc=605KB native alloc=3MB free=2MB
05-06 10:24:30.978  2055  2055 I dex2oat : Starting dex2oat.
05-06 10:24:30.978  2055  2055 E cutils-trace: Error opening trace file: No such file or directory (2)
05-06 10:24:31.022  2055  2055 I dex2oat : dex2oat took 44.053ms (threads: 4) arena alloc=525KB java alloc=26KB native alloc=1763KB free=1052KB
05-06 10:24:31.059  2060  2060 I dex2oat : Starting dex2oat.
05-06 10:24:31.059  2060  2060 E cutils-trace: Error opening trace file: No such file or directory (2)
05-06 10:24:31.106  2060  2060 I dex2oat : dex2oat took 47.384ms (threads: 4) arena alloc=370KB java alloc=17KB native alloc=1386KB free=1173KB
05-06 10:24:31.143  2065  2065 I dex2oat : Starting dex2oat.
05-06 10:24:31.143  2065  2065 E cutils-trace: Error opening trace file: No such file or directory (2)
05-06 10:24:31.183  2065  2065 I dex2oat : dex2oat took 40.466ms (threads: 4) arena alloc=270KB java alloc=29KB native alloc=1192KB free=1367KB
05-06 10:24:31.212  2070  2070 I dex2oat : Starting dex2oat.
05-06 10:24:31.212  2070  2070 E cutils-trace: Error opening trace file: No such file or directory (2)
05-06 10:24:31.245  2070  2070 I dex2oat : dex2oat took 34.031ms (threads: 4) arena alloc=92KB java alloc=30KB native alloc=1711KB free=1616KB
05-06 10:24:31.279  2075  2075 I dex2oat : Starting dex2oat.
05-06 10:24:31.279  2075  2075 E cutils-trace: Error opening trace file: No such file or directory (2)
05-06 10:24:31.316  2075  2075 I dex2oat : dex2oat took 37.524ms (threads: 4) arena alloc=268KB java alloc=40KB native alloc=1189KB free=1370KB
05-06 10:24:31.347  2080  2080 I dex2oat : Starting dex2oat.
05-06 10:24:31.347  2080  2080 E cutils-trace: Error opening trace file: No such file or directory (2)
05-06 10:24:31.369   595   750 E slim_daemon: [NDK] bindNDKSensors: Sensor server is unavailable.
05-06 10:24:31.461  2080  2080 I dex2oat : dex2oat took 114.167ms (threads: 4) arena alloc=999KB java alloc=267KB native alloc=2MB free=2MB
05-06 10:24:31.492  2085  2085 I dex2oat : Starting dex2oat.
05-06 10:24:31.492  2085  2085 E cutils-trace: Error opening trace file: No such file or directory (2)
05-06 10:24:31.526  2085  2085 I dex2oat : dex2oat took 35.205ms (threads: 4) arena alloc=140KB java alloc=23KB native alloc=1065KB free=982KB
05-06 10:24:31.532  1618  1618 D PackageManager: No files in app dir /vendor/overlay
05-06 10:24:31.546  1618  1618 I PackageManager: /system/framework/flyme-res changed; collecting certs
05-06 10:24:31.777  1618  1618 E NativeLibraryHelper: Failed to load assets verifier: 0
05-06 10:24:31.778  1618  1618 W PackageManager: Permission android.permission.SET_APPLICATION_ERROR_LISTENER from package flyme in an unknown group android.permission-group.SYSTEM_TOOLS
05-06 10:24:31.795  1618  1618 I PackageManager: /system/framework/framework-res.apk changed; collecting certs
05-06 10:24:31.999  1618  1618 E NativeLibraryHelper: Failed to load assets verifier: 0
05-06 10:24:32.001  1618  1618 W PackageManager: Permission android.permission.PREVENT_POWER_KEY from package android in an unknown group android.permission-group.HARDWARE_CONTROLS
05-06 10:24:32.012  1618  1618 I PackageManager: /system/priv-app/AMapNetworkLocation_meizu changed; collecting certs
05-06 10:24:32.025  1618  1618 E NativeLibraryHelper: Failed to load assets verifier: 0
05-06 10:24:32.037  1618  1618 I PackageManager: /system/priv-app/AliAppAccount changed; collecting certs
05-06 10:24:32.068  1618  1618 I PackageManager: /system/priv-app/AlphaMe changed; collecting certs
05-06 10:24:32.079  1618  1618 E NativeLibraryHelper: Failed to load assets verifier: 0
05-06 10:24:32.085  1618  1618 I PackageManager: /system/priv-app/BackupRestoreConfirmation changed; collecting certs
05-06 10:24:32.096  1618  1618 E NativeLibraryHelper: Failed to load assets verifier: 0
05-06 10:24:32.137  1618  1618 I PackageManager: /system/priv-app/Browser changed; collecting certs
05-06 10:24:32.370   595   750 E slim_daemon: [NDK] bindNDKSensors: Sensor server is unavailable.
05-06 10:24:32.458  1618  1618 I PackageManager: /system/priv-app/CalendarProvider changed; collecting certs
05-06 10:24:32.464  1618  1618 I PackageManager: New shared user android.uid.calendar: id=10004
05-06 10:24:32.466  1618  1618 E NativeLibraryHelper: Failed to load assets verifier: 0
05-06 10:24:32.470  1618  1618 I PackageManager: /system/priv-app/CallLogBackup changed; collecting certs
05-06 10:24:32.476  1618  1618 I PackageManager: New shared user android.uid.shared: id=10005
05-06 10:24:32.478  1618  1618 E NativeLibraryHelper: Failed to load assets verifier: 0
05-06 10:24:32.482  1618  1618 I PackageManager: /system/priv-app/CarrierConfig changed; collecting certs
05-06 10:24:32.502   512   679 I ThermalEngine: handle_thresh_sig: SS Id SKIN-SS-GOLD, Read xo_therm_buf 41000mC
05-06 10:24:32.508  1618  1618 E NativeLibraryHelper: Failed to load assets verifier: 0
05-06 10:24:32.523  1618  1618 I PackageManager: /system/priv-app/ChildrenLauncher changed; collecting certs
05-06 10:24:32.550  1618  1618 E NativeLibraryHelper: Failed to load assets verifier: 0
05-06 10:24:32.551  1618  1618 W PackageManager: Permission com.meizu.flyme.childrenlauncher.permission.PRELOAD_WORKSPACE from package com.meizu.flyme.childrenlauncher in an unknown group android.permission-group.SYSTEM_TOOLS
05-06 10:24:32.552  1618  1618 W PackageManager: Permission com.android.launcher.permission.INSTALL_SHORTCUT from package com.meizu.flyme.childrenlauncher in an unknown group android.permission-group.SYSTEM_TOOLS
05-06 10:24:32.552  1618  1618 W PackageManager: Permission com.meizu.flyme.childrenlauncher.permission.UNINSTALL_SHORTCUT from package com.meizu.flyme.childrenlauncher in an unknown group android.permission-group.SYSTEM_TOOLS
05-06 10:24:32.552  1618  1618 W PackageManager: Permission com.meizu.flyme.childrenlauncher.permission.READ_SETTINGS from package com.meizu.flyme.childrenlauncher in an unknown group android.permission-group.SYSTEM_TOOLS
05-06 10:24:32.552  1618  1618 W PackageManager: Permission com.meizu.flyme.childrenlauncher.permission.WRITE_SETTINGS from package com.meizu.flyme.childrenlauncher in an unknown group android.permission-group.SYSTEM_TOOLS
05-06 10:24:32.563  1618  1618 W PackageParser: Unknown element under <application>: uses-permission at /system/priv-app/ContactsProvider/ContactsProvider.apk Binary XML file line #65
05-06 10:24:32.563  1618  1618 I PackageManager: /system/priv-app/ContactsProvider changed; collecting certs
05-06 10:24:32.588   555   830 I ServiceManager: Waiting for service sensorservice...
05-06 10:24:32.642  1618  1618 E NativeLibraryHelper: Failed to load assets verifier: 0
05-06 10:24:32.671  1618  1618 I PackageManager: /system/priv-app/CustomizeCenter changed; collecting certs
05-06 10:24:32.755   512   679 I ThermalEngine: handle_thresh_sig: SS Id SKIN-SS-GOLD, Read xo_therm_buf 40000mC
05-06 10:24:32.829  1618  1618 E NativeLibraryHelper: Failed to load assets verifier: 0
05-06 10:24:32.837  1618  1618 I PackageManager: /system/priv-app/DefaultContainerService changed; collecting certs
05-06 10:24:32.845  1618  1618 E NativeLibraryHelper: Failed to load assets verifier: 0
05-06 10:24:32.877  1618  1618 W PackageParser: No actions in intent filter at /system/priv-app/Dialer/Dialer.apk Binary XML file line #155
05-06 10:24:32.882  1618  1618 I PackageManager: /system/priv-app/Dialer changed; collecting certs
05-06 10:24:33.142  1618  1618 I PackageManager: New shared user com.meizu.dialer.uid.shared: id=10009
05-06 10:24:33.166  1618  1618 I PackageManager: /system/priv-app/DownloadProvider changed; collecting certs
05-06 10:24:33.254  1618  1618 I PackageManager: New shared user android.media: id=10010
05-06 10:24:33.258  1618  1618 E NativeLibraryHelper: Failed to load assets verifier: 0
05-06 10:24:33.260  1618  1618 W PackageManager: Permission android.permission.DOWNLOAD_WITHOUT_NOTIFICATION from package com.android.providers.downloads in an unknown group android.permission-group.NETWORK
05-06 10:24:33.297  1618  1618 I PackageManager: /system/priv-app/EBook changed; collecting certs
05-06 10:24:33.370   595   750 E slim_daemon: [NDK] bindNDKSensors: Sensor server is unavailable.
05-06 10:24:33.453   537   568 E QCALOG  : [MessageQ] ProcessNewMessage: [XTWiFi-PE] unknown deliver target [OS-Agent]
05-06 10:24:33.544   537   568 E QCALOG  : [MessageQ] ProcessNewMessage: [XT-CS] unknown deliver target [OS-Agent]
05-06 10:24:33.547   594   779 W XTCC-5.1.0.10: [CS-RIL-LISTENER] timerCallback fired for ril update registering, re-register
05-06 10:24:33.548   537   568 E QCALOG  : [MessageQ] ProcessNewMessage: [XT-CS] unknown deliver target [OS-Agent]
05-06 10:24:33.589   555   830 I ServiceManager: Waiting for service sensorservice...
05-06 10:24:33.601  1618  1618 W PackageParser: Ignoring duplicate uses-permissions/uses-permissions-sdk-m: android.permission.READ_PHONE_STATE in package: com.meizu.flyme.easylauncher at: Binary XML file line #96
05-06 10:24:33.601  1618  1618 W PackageParser: Ignoring duplicate uses-permissions/uses-permissions-sdk-m: android.permission.GET_ACCOUNTS in package: com.meizu.flyme.easylauncher at: Binary XML file line #97
05-06 10:24:33.601  1618  1618 W PackageParser: Ignoring duplicate uses-permissions/uses-permissions-sdk-m: android.permission.READ_PHONE_STATE in package: com.meizu.flyme.easylauncher at: Binary XML file line #98
05-06 10:24:33.603  1618  1618 I PackageManager: /system/priv-app/EasyLauncher changed; collecting certs
05-06 10:24:33.826  1618  1618 E NativeLibraryHelper: Failed to load assets verifier: 0
05-06 10:24:33.828  1618  1618 W PackageManager: Permission com.android.launcher.permission.INSTALL_SHORTCUT from package com.meizu.flyme.easylauncher in an unknown group android.permission-group.SYSTEM_TOOLS
05-06 10:24:33.828  1618  1618 W PackageManager: Permission com.android.launcher.permission.UNINSTALL_SHORTCUT from package com.meizu.flyme.easylauncher in an unknown group android.permission-group.SYSTEM_TOOLS
05-06 10:24:33.828  1618  1618 W PackageManager: Permission com.android.launcher3.permission.READ_SETTINGS from package com.meizu.flyme.easylauncher in an unknown group android.permission-group.SYSTEM_TOOLS
05-06 10:24:33.828  1618  1618 W PackageManager: Permission com.android.launcher3.permission.WRITE_SETTINGS from package com.meizu.flyme.easylauncher in an unknown group android.permission-group.SYSTEM_TOOLS
05-06 10:24:33.861  1618  1618 I PackageManager: /system/priv-app/Email changed; collecting certs
05-06 10:24:33.976  1618  1618 E NativeLibraryHelper: Failed to load assets verifier: 0
05-06 10:24:33.985  1618  1618 I PackageManager: /system/priv-app/ExperienceDataSync changed; collecting certs
05-06 10:24:33.994  1618  1618 E NativeLibraryHelper: Failed to load assets verifier: 0
05-06 10:24:34.002  1618  1618 I PackageManager: /system/priv-app/ExternalStorageProvider changed; collecting certs
05-06 10:24:34.009  1618  1618 E NativeLibraryHelper: Failed to load assets verifier: 0
05-06 10:24:34.027  1618  1618 I PackageManager: /system/priv-app/FlymeLauncher changed; collecting certs
05-06 10:24:34.073  1618  1618 E NativeLibraryHelper: Failed to load assets verifier: 0
05-06 10:24:34.076  1618  1618 E PackageManager: Package: Package{6c49c3e com.meizu.flyme.launcher} has multiple bundled libs, but is not multiarch.
05-06 10:24:34.078  1618  1618 W PackageManager: Permission com.meizu.flyme.launcher.permission.PRELOAD_WORKSPACE from package com.meizu.flyme.launcher in an unknown group android.permission-group.SYSTEM_TOOLS
05-06 10:24:34.078  1618  1618 W PackageManager: Permission com.android.launcher.permission.INSTALL_SHORTCUT from package com.meizu.flyme.launcher in an unknown group android.permission-group.SYSTEM_TOOLS
05-06 10:24:34.078  1618  1618 W PackageManager: Permission com.meizu.flyme.launcher.permission.UNINSTALL_SHORTCUT from package com.meizu.flyme.launcher in an unknown group android.permission-group.SYSTEM_TOOLS
05-06 10:24:34.078  1618  1618 W PackageManager: Permission com.meizu.flyme.launcher.permission.READ_SETTINGS from package com.meizu.flyme.launcher in an unknown group android.permission-group.SYSTEM_TOOLS
05-06 10:24:34.078  1618  1618 W PackageManager: Permission com.meizu.flyme.launcher.permission.WRITE_SETTINGS from package com.meizu.flyme.launcher in an unknown group android.permission-group.SYSTEM_TOOLS
05-06 10:24:34.082  1618  1618 I PackageManager: /system/priv-app/FusedLocation changed; collecting certs
05-06 10:24:34.093  1618  1618 E NativeLibraryHelper: Failed to load assets verifier: 0
05-06 10:24:34.148  1618  1618 I PackageManager: /system/priv-app/Gallery changed; collecting certs
05-06 10:24:34.371   595   750 E slim_daemon: [NDK] bindNDKSensors: Sensor server is unavailable.
05-06 10:24:34.483  1618  1618 I PackageManager: /system/priv-app/HomeTool changed; collecting certs
05-06 10:24:34.511  1618  1618 E NativeLibraryHelper: Failed to load assets verifier: 0
05-06 10:24:34.513  1618  1618 W PackageManager: Permission com.meizu.flyme.home.tools.permission.READ_SETTINGS from package com.meizu.flyme.hometools in an unknown group android.permission-group.SYSTEM_TOOLS
05-06 10:24:34.514  1618  1618 W PackageManager: Permission com.meizu.flyme.home.tools.permission.WRITE_SETTINGS from package com.meizu.flyme.hometools in an unknown group android.permission-group.SYSTEM_TOOLS
05-06 10:24:34.528  1618  1618 W PackageParser: Ignoring duplicate uses-permissions/uses-permissions-sdk-m: android.permission.READ_PROFILE in package: com.android.incallui at: Binary XML file line #15
05-06 10:24:34.530  1618  1618 I PackageManager: /system/priv-app/InCallUI changed; collecting certs
05-06 10:24:34.589   555   830 I ServiceManager: Waiting for service sensorservice...
05-06 10:24:34.676  1618  1618 E NativeLibraryHelper: Failed to load assets verifier: 0
05-06 10:24:34.686  1618  1618 I PackageManager: /system/priv-app/InputDevices changed; collecting certs
05-06 10:24:34.697  1618  1618 E NativeLibraryHelper: Failed to load assets verifier: 0
05-06 10:24:34.701  1618  1618 I PackageManager: /system/priv-app/LauncherMenuProvider changed; collecting certs
05-06 10:24:34.711  1618  1618 E NativeLibraryHelper: Failed to load assets verifier: 0
05-06 10:24:34.722  1618  1618 W PackageParser: Ignoring duplicate uses-permissions/uses-permissions-sdk-m: android.permission.READ_LOGS in package: com.meizu.logreport at: Binary XML file line #18
05-06 10:24:34.723  1618  1618 W PackageParser: No actions in intent filter at /system/priv-app/LogReport/LogReport.apk Binary XML file line #59
05-06 10:24:34.724  1618  1618 W PackageParser: No actions in intent filter at /system/priv-app/LogReport/LogReport.apk Binary XML file line #68
05-06 10:24:34.724  1618  1618 W PackageParser: No actions in intent filter at /system/priv-app/LogReport/LogReport.apk Binary XML file line #77
05-06 10:24:34.724  1618  1618 W PackageParser: No actions in intent filter at /system/priv-app/LogReport/LogReport.apk Binary XML file line #86
05-06 10:24:34.725  1618  1618 I PackageManager: /system/priv-app/LogReport changed; collecting certs
05-06 10:24:34.805  1618  1618 E NativeLibraryHelper: Failed to load assets verifier: 0
05-06 10:24:34.817  1618  1618 I PackageManager: /system/priv-app/ManagedProvisioning changed; collecting certs
05-06 10:24:34.833  1618  1618 E NativeLibraryHelper: Failed to load assets verifier: 0
05-06 10:24:34.846  1618  1618 I PackageManager: /system/priv-app/MediaProvider changed; collecting certs
05-06 10:24:34.862  1618  1618 E NativeLibraryHelper: Failed to load assets verifier: 0
