05-06 11:35:55.151  1617  1617 W PackageManager: Unknown permission com.android.usagestats.permission.READ_USAGESTATS in package com.meizu.media.video
05-06 11:35:55.151  1617  1617 W PackageManager: Unknown permission com.android.usagestats.permission.WRITE_USAGESTATS in package com.meizu.media.video
05-06 11:35:55.151  1617  1617 W PackageManager: Unknown permission android.permission.TYPE_PHONE in package com.meizu.media.video
05-06 11:35:55.151  1617  1617 W PackageManager: Not granting permission android.permission.INTERNAL_SYSTEM_WINDOW to package com.meizu.media.video (protectionLevel=2 flags=0x38083e45)
05-06 11:35:55.151  1617  1617 W PackageManager: Unknown permission com.meizu.flyme.push.permission.RECEIVE in package com.meizu.media.video
05-06 11:35:55.151  1617  1617 W PackageManager: Unknown permission com.meizu.c2dm.permission.RECEIVE in package com.meizu.media.video
05-06 11:35:55.151  1617  1617 W PackageManager: Unknown permission android.permission.ROOT_RECOVERY_STATE in package com.meizu.media.video
05-06 11:35:55.151  1617  1617 W PackageManager: Unknown permission com.meizu.compaign.permission.READ_SDK_INFO in package com.meizu.media.video
05-06 11:35:55.152  1617  1617 W PackageManager: Unknown permission com.meizu.compaign.permission.SEND_NOTIFICATION in package com.meizu.media.video
05-06 11:35:55.152  1617  1617 W PackageManager: Not granting permission android.permission.DELETE_PACKAGES to package com.svox.pico (protectionLevel=18 flags=0x3808be45)
05-06 11:35:55.152  1617  1617 W PackageManager: Not granting permission com.android.permission.WHITELIST_BLUETOOTH_DEVICE to package com.meizu.media.gallery (protectionLevel=2 flags=0x3858be45)
05-06 11:35:55.152  1617  1617 W PackageManager: Not granting permission android.permission.INTERACT_ACROSS_USERS_FULL to package com.meizu.media.gallery (protectionLevel=258 flags=0x3858be45)
05-06 11:35:55.152  1617  1617 W PackageManager: Not granting permission android.permission.ACCESS_ALL_DOWNLOADS to package com.meizu.media.gallery (protectionLevel=2 flags=0x3858be45)
05-06 11:35:55.152  1617  1617 W PackageManager: Unknown permission com.android.usagestats.permission.WRITE_USAGESTATS in package com.meizu.media.gallery
05-06 11:35:55.152  1617  1617 W PackageManager: Unknown permission com.android.usagestats.permission.READ_USAGESTATS in package com.meizu.media.gallery
05-06 11:35:55.152  1617  1617 W PackageManager: Not granting permission android.permission.ACCESS_SURFACE_FLINGER to package com.meizu.media.gallery (protectionLevel=2 flags=0x3858be45)
05-06 11:35:55.152  1617  1617 W PackageManager: Unknown permission android.Manifest.permission.RECEIVE_BOOT_COMPLETED in package com.meizu.media.gallery
05-06 11:35:55.152  1617  1617 W PackageManager: Unknown permission com.meizu.flyme.push.permission.RECEIVE in package com.meizu.media.gallery
05-06 11:35:55.152  1617  1617 W PackageManager: Unknown permission com.meizu.c2dm.permission.RECEIVE in package com.meizu.media.gallery
05-06 11:35:55.153  1617  1617 W PackageManager: Unknown permission com.meizu.flyme.wlauncher.permission.BIND_WATCHSERVISE in package com.meizu.media.gallery
05-06 11:35:55.153  1617  1617 W PackageManager: Unknown permission android.permission.ROOT_RECOVERY_STATE in package com.meizu.media.gallery
05-06 11:35:55.153  1617  1617 W PackageManager: Unknown permission com.meizu.compaign.permission.READ_SDK_INFO in package com.meizu.media.gallery
05-06 11:35:55.153  1617  1617 W PackageManager: Unknown permission com.meizu.compaign.permission.SEND_NOTIFICATION in package com.meizu.media.gallery
05-06 11:35:55.153  1617  1617 W PackageManager: Unknown permission android.webkit.permission.PLUGIN in package com.meizu.media.gallery
05-06 11:35:55.153  1617  1617 W PackageManager: Unknown permission android.permission.WRITE_OWNER_DATA in package com.meizu.logreport
05-06 11:35:55.153  1617  1617 W PackageManager: Unknown permission android.permission.MOUNT_UNMOUNT_FILESYSTEM in package com.meizu.logreport
05-06 11:35:55.153  1617  1617 W PackageManager: Unknown permission android.permission.ROOT_RECOVERY_STATE in package com.meizu.logreport
05-06 11:35:55.154  1617  1617 W PackageManager: Unknown permission com.meizu.flyme.push.permission.RECEIVE in package com.flyme.netadmin
05-06 11:35:55.154  1617  1617 W PackageManager: Unknown permission android.permission.ROOT_RECOVERY_STATE in package com.flyme.netadmin
05-06 11:35:55.154  1617  1617 W PackageManager: Unknown permission com.meizu.flyme.push.permission.RECEIVE in package com.meizu.flyme.mall
05-06 11:35:55.154  1617  1617 W PackageManager: Unknown permission android.permission.ROOT_RECOVERY_STATE in package com.meizu.flyme.mall
05-06 11:35:55.154  1617  1617 W PackageManager: Unknown permission com.meizu.flyme.push.permission.RECEIVE in package com.meizu.voiceassistant
05-06 11:35:55.155  1617  1617 W PackageManager: Unknown permission android.permission.ROOT_RECOVERY_STATE in package com.meizu.voiceassistant
05-06 11:35:55.155  1617  1617 W PackageManager: Unknown permission com.meizu.flymecommunication.permission.CLOUD_PROVIDER_WRITE in package com.meizu.cloud
05-06 11:35:55.155  1617  1617 W PackageManager: Unknown permission com.meizu.flyme.push.permission.RECEIVE in package com.meizu.cloud
05-06 11:35:55.155  1617  1617 W PackageManager: Unknown permission com.meizu.cloud.permission.CLOUD_PROVIDER_WRITE in package com.meizu.cloud
05-06 11:35:55.155  1617  1617 W PackageManager: Unknown permission android.permission.ROOT_RECOVERY_STATE in package com.meizu.cloud
05-06 11:35:55.155  1617  1617 W PackageManager: Unknown permission android.permission.READ_SMS_SUPER in package com.meizu.setup
05-06 11:35:55.155  1617  1617 W PackageManager: Unknown permission android.provider.Telephony.SMS_RECEIVED in package com.meizu.setup
05-06 11:35:55.156  1617  1617 W PackageManager: Unknown permission android.permission.ROOT_RECOVERY_STATE in package com.meizu.setup
05-06 11:35:55.156  1617  1617 W PackageManager: Unknown permission com.google.android.gallery3d.permission.GALLERY_PROVIDER in package com.meizu.share
05-06 11:35:55.156  1617  1617 W PackageManager: Unknown permission com.android.gallery3d.permission.GALLERY_PROVIDER in package com.meizu.share
05-06 11:35:55.156  1617  1617 W PackageManager: Unknown permission com.google.android.gm.permission.READ_GMAIL in package com.meizu.share
05-06 11:35:55.156  1617  1617 W PackageManager: Unknown permission com.meizu.flyme.push.permission.RECEIVE in package com.meizu.share
05-06 11:35:55.157  1617  1617 W PackageManager: Unknown permission android.permission.ROOT_RECOVERY_STATE in package com.meizu.share
05-06 11:35:55.157  1617  1617 W PackageManager: Unknown permission com.android.launcher.permission.READ_SETTINGS in package com.meizu.flyme.easylauncher
05-06 11:35:55.157  1617  1617 W PackageManager: Unknown permission com.android.launcher.permission.WRITE_SETTINGS in package com.meizu.flyme.easylauncher
05-06 11:35:55.157  1617  1617 W PackageManager: Unknown permission android.permission.ROOT_RECOVERY_STATE in package com.meizu.flyme.easylauncher
05-06 11:35:55.157  1617  1617 W PackageManager: Unknown permission com.android.vendors.bridge.permission.USE_SOFTSIM in package com.flyme.virtual.softsim
05-06 11:35:55.157  1617  1617 W PackageManager: Unknown permission android.permission.ROOT_RECOVERY_STATE in package com.flyme.virtual.softsim
05-06 11:35:55.157  1617  1617 W PackageManager: Unknown permission com.google.android.googleapps.permission.GOOGLE_AUTH in package com.android.settings
05-06 11:35:55.158  1617  1617 W PackageManager: Unknown permission com.android.launcher.permission.READ_SETTINGS in package com.android.settings
05-06 11:35:55.158  1617  1617 W PackageManager: Unknown permission com.android.launcher.permission.WRITE_SETTINGS in package com.android.settings
05-06 11:35:55.158  1617  1617 W PackageManager: Unknown permission android.permission.ROOT_RECOVERY_STATE in package com.meizu.battery
05-06 11:35:55.158  1617  1617 W PackageManager: Unknown permission android.permission.READ_OWNER_DATA in package com.meizu.mzsyncservice
05-06 11:35:55.158  1617  1617 W PackageManager: Unknown permission android.permission.WRITE_OWNER_DATA in package com.meizu.mzsyncservice
05-06 11:35:55.158  1617  1617 W PackageManager: Unknown permission android.permission.READ_CONTACTS_SUPER in package com.meizu.mzsyncservice
05-06 11:35:55.159  1617  1617 W PackageManager: Unknown permission android.permission.WRITE_CONTACTS_SUPER in package com.meizu.mzsyncservice
05-06 11:35:55.159  1617  1617 W PackageManager: Unknown permission android.permission.READ_SMS_SUPER in package com.meizu.mzsyncservice
05-06 11:35:55.159  1617  1617 W PackageManager: Unknown permission android.permission.WRITE_SMS_SUPER in package com.meizu.mzsyncservice
05-06 11:35:55.159  1617  1617 W PackageManager: Unknown permission com.android.voicemail.permission.READ_WRITE_ALL_VOICEMAIL in package com.meizu.mzsyncservice
05-06 11:35:55.159  1617  1617 W PackageManager: Unknown permission android.permission.BACKUP_ACCOUNTS in package com.meizu.mzsyncservice
05-06 11:35:55.159  1617  1617 W PackageManager: Unknown permission android.permission.MEIZU_BACKUP_AND_RESTORE in package com.meizu.mzsyncservice
05-06 11:35:55.159  1617  1617 W PackageManager: Unknown permission com.meizu.flyme.push.permission.RECEIVE in package com.meizu.mzsyncservice
05-06 11:35:55.159  1617  1617 W PackageManager: Unknown permission com.meizu.c2dm.permission.RECEIVE in package com.meizu.mzsyncservice
05-06 11:35:55.159  1617  1617 W PackageManager: Unknown permission android.permission.ROOT_RECOVERY_STATE in package com.meizu.mzsyncservice
05-06 11:35:55.160  1617  1617 W PackageManager: Not granting permission android.permission.BATTERY_STATS to package com.vlife.mxlock.wallpaper (protectionLevel=50 flags=0x18083e45)
05-06 11:35:55.160  1617  1617 W PackageManager: Unknown permission com.meizu.flyme.push.permission.RECEIVE in package com.meizu.flyme.input
05-06 11:35:55.160  1617  1617 W PackageManager: Unknown permission com.meizu.flyme.wlauncher.permission.GLINT_EVENT in package com.meizu.flyme.input
05-06 11:35:55.160  1617  1617 W PackageManager: Not granting permission android.permission.START_ANY_ACTIVITY to package com.meizu.flyme.input (protectionLevel=2 flags=0x38483e45)
05-06 11:35:55.160  1617  1617 W PackageManager: Not granting permission android.permission.INTERACT_ACROSS_USERS_FULL to package com.meizu.flyme.input (protectionLevel=258 flags=0x38483e45)
05-06 11:35:55.160  1617  1617 W PackageManager: Unknown permission android.permission.ROOT_RECOVERY_STATE in package com.meizu.flyme.input
05-06 11:35:55.160  1617  1617 W PackageManager: Unknown permission android.permission.ROOT_RECOVERY_STATE in package com.android.email
05-06 11:35:55.160  1617  1617 W PackageManager: Unknown permission com.meizu.flyme.push.permission.RECEIVE in package com.android.email
05-06 11:35:55.161  1617  1617 W PackageManager: Unknown permission android.permission.send.MEIZU_FINDPHONE_CHANGED in package com.meizu.flyme.service.find
05-06 11:35:55.161  1617  1617 W PackageManager: Unknown permission android.permission.ROOT_RECOVERY_STATE in package com.meizu.flyme.service.find
05-06 11:35:55.162  1617  1617 W PackageManager: Unknown permission meizu.permission.FLYME_TELECOM in package com.android.phone
05-06 11:35:55.162  1617  1617 W PackageManager: Unknown permission meizu.permission.CALLBACK_OPEN in package com.android.phone
05-06 11:35:55.162  1617  1617 W PackageManager: Unknown permission meizu.permission.FLYME_TELECOM_PROVIDER_READ in package com.android.phone
05-06 11:35:55.163  1617  1617 W PackageManager: Unknown permission android.permission.ROOT_RECOVERY_STATE in package com.meizu.customizecenter
05-06 11:35:55.164  1617  1617 W PackageManager: Unknown permission android.webkit.permission.PLUGIN in package com.meizu.customizecenter
05-06 11:35:55.164  1617  1617 W PackageManager: Unknown permission android.permission.ROOT_RECOVERY_STATE in package com.meizu.flyme.gamecenter
05-06 11:35:55.164  1617  1617 W PackageManager: Unknown permission com.meizu.flyme.push.permission.RECEIVE in package com.meizu.flyme.gamecenter
05-06 11:35:55.164  1617  1617 W PackageManager: Unknown permission com.meizu.c2dm.permission.RECEIVE in package com.meizu.flyme.gamecenter
05-06 11:35:55.164  1617  1617 W PackageManager: Unknown permission com.meizu.compaign.permission.READ_SDK_INFO in package com.meizu.flyme.gamecenter
05-06 11:35:55.165  1617  1617 W PackageManager: Unknown permission com.meizu.compaign.permission.SEND_NOTIFICATION in package com.meizu.flyme.gamecenter
05-06 11:35:55.165  1617  1617 W PackageManager: Unknown permission android.permission.ACCESS_ALL_EXTERNAL_STORAGE in package com.android.systemui
05-06 11:35:55.166  1617  1617 W PackageManager: Unknown permission android.permission.ROOT_RECOVERY_STATE in package com.android.systemui
05-06 11:35:55.166  1617  1617 W PackageManager: Unknown permission android.Manifest.permission.READ_PRIVILEGED_PHONE_STATE in package com.android.systemui
05-06 11:35:55.166  1617  1617 W PackageManager: Unknown permission com.android.usagestats.permission.READ_USAGESTATS in package com.meizu.experiencedatasync
05-06 11:35:55.166  1617  1617 W PackageManager: Unknown permission com.android.usagestats.permission.WRITE_USAGESTATS in package com.meizu.experiencedatasync
05-06 11:35:55.166  1617  1617 W PackageManager: Unknown permission android.permission.ROOT_RECOVERY_STATE in package com.meizu.experiencedatasync
05-06 11:35:55.166  1617  1617 W PackageManager: Unknown permission com.android.voicemail.permission.READ_WRITE_ALL_VOICEMAIL in package com.meizu.callsetting
05-06 11:35:55.166  1617  1617 W PackageManager: Unknown permission com.android.usagestats.permission.READ_USAGESTATS in package com.meizu.callsetting
05-06 11:35:55.166  1617  1617 W PackageManager: Unknown permission com.android.usagestats.permission.WRITE_USAGESTATS in package com.meizu.callsetting
05-06 11:35:55.167  1617  1617 W PackageManager: Unknown permission meizu.permission.FLYME_TELECOM in package com.meizu.callsetting
05-06 11:35:55.167  1617  1617 W PackageManager: Unknown permission meizu.permission.FLYME_TELECOM_PROVIDER_READ in package com.meizu.callsetting
05-06 11:35:55.167  1617  1617 W PackageManager: Unknown permission android.permission.ROOT_RECOVERY_STATE in package com.meizu.callsetting
05-06 11:35:55.167  1617  1617 W PackageManager: Unknown permission com.meizu.flyme.push.permission.RECEIVE in package com.meizu.netcontactservice
05-06 11:35:55.167  1617  1617 W PackageManager: Unknown permission meizu.permission.FLYME_TELECOM in package com.meizu.netcontactservice
05-06 11:35:55.167  1617  1617 W PackageManager: Unknown permission android.permission.ROOT_RECOVERY_STATE in package com.meizu.netcontactservice
05-06 11:35:55.168  1617  1617 W PackageManager: Unknown permission com.google.android.gallery3d.permission.GALLERY_PROVIDER in package com.android.bluetooth
05-06 11:35:55.168  1617  1617 W PackageManager: Unknown permission com.android.gallery3d.permission.GALLERY_PROVIDER in package com.android.bluetooth
05-06 11:35:55.168  1617  1617 W PackageManager: Unknown permission android.permission.ROOT_RECOVERY_STATE in package com.meizu.media.life
05-06 11:35:55.168  1617  1617 W PackageManager: Not granting permission android.permission.CHANGE_CONFIGURATION to package com.meizu.media.life (protectionLevel=50 flags=0x38483e45)
05-06 11:35:55.168  1617  1617 W PackageManager: Not granting permission com.meizu.flyme.permission.UPDATE to package com.meizu.media.life (protectionLevel=18 flags=0x38483e45)
05-06 11:35:55.168  1617  1617 W PackageManager: Unknown permission com.meizu.flyme.push.permission.RECEIVE in package com.meizu.media.life
05-06 11:35:55.168  1617  1617 W PackageManager: Not granting permission android.permission.INSTALL_PACKAGES to package com.meizu.media.life (protectionLevel=18 flags=0x38483e45)
05-06 11:35:55.168  1617  1617 W PackageManager: Not granting permission android.permission.WRITE_SECURE_SETTINGS to package com.meizu.media.life (protectionLevel=50 flags=0x38483e45)
05-06 11:35:55.168  1617  1617 W PackageManager: Not granting permission android.permission.START_ANY_ACTIVITY to package com.meizu.media.life (protectionLevel=2 flags=0x38483e45)
05-06 11:35:55.168  1617  1617 W PackageManager: Not granting permission android.permission.PEERS_MAC_ADDRESS to package com.meizu.media.life (protectionLevel=2 flags=0x38483e45)
05-06 11:35:55.168  1617  1617 W PackageManager: Not granting permission android.permission.READ_PRIVILEGED_PHONE_STATE to package com.meizu.media.life (protectionLevel=18 flags=0x38483e45)
05-06 11:35:55.169  1617  1617 W PackageManager: Not granting permission android.permission.STATUS_BAR to package com.meizu.media.life (protectionLevel=18 flags=0x38483e45)
05-06 11:35:55.169  1617  1617 W PackageManager: Not granting permission android.permission.REAL_GET_TASKS to package com.meizu.media.life (protectionLevel=18 flags=0x38483e45)
05-06 11:35:55.169  1617  1617 W PackageManager: Not granting permission android.permission.INTERACT_ACROSS_USERS_FULL to package com.meizu.media.life (protectionLevel=258 flags=0x38483e45)
05-06 11:35:55.169  1617  1617 W PackageManager: Not granting permission android.permission.WRITE_MEDIA_STORAGE to package com.meizu.media.life (protectionLevel=18 flags=0x38483e45)
05-06 11:35:55.169  1617  1617 W PackageManager: Unknown permission android.webkit.permission.PLUGIN in package com.meizu.media.life
05-06 11:35:55.169  1617  1617 W PackageManager: Not granting permission android.permission.ACCESS_DOWNLOAD_MANAGER to package com.meizu.media.life (protectionLevel=18 flags=0x38483e45)
05-06 11:35:55.169  1617  1617 W PackageManager: Not granting permission com.meizu.stats.permission.READ_USAGESTATS to package com.meizu.media.life (protectionLevel=18 flags=0x38483e45)
05-06 11:35:55.169  1617  1617 W PackageManager: Not granting permission android.permission.LOCAL_MAC_ADDRESS to package com.meizu.media.life (protectionLevel=18 flags=0x38483e45)
05-06 11:35:55.170  1617  1617 W PackageManager: Unknown permission android.permission.ROOT_RECOVERY_STATE in package com.meizu.flyme.weather
05-06 11:35:55.241  1617  1617 E PackageDefaultOp: PackageDefaultOpService
05-06 11:35:55.241  1617  1617 E PackageDefaultOp: readList
05-06 11:35:55.241  1617  1617 E PackageDefaultOp: /data/system/testlist not exist
05-06 11:35:55.241  1617  1617 I PackageDefaultOp: No existing app ops /data/system/packageops.xml; starting empty
05-06 11:35:55.247  1617  1617 I art     : Starting a blocking GC Explicit
05-06 11:35:55.275  1617  1617 I art     : Explicit concurrent mark sweep GC freed 39334(2MB) AllocSpace objects, 5(352KB) LOS objects, 33% free, 18MB/28MB, paused 252us total 26.940ms
05-06 11:35:55.276  1617  1617 I SystemServer: User Service
05-06 11:35:55.295  1617  1617 E Shrinker: java.lang.NoSuchMethodException: readExtraMemInfo []
05-06 11:35:55.310   466   466 I lowmemorykiller: ActivityManager connected
05-06 11:35:55.355  1617  1617 I SystemServiceManager: Starting com.android.server.BatteryService
05-06 11:35:55.355  1617  2209 I         : System server: starting sensor init.
05-06 11:35:55.356  1617  2209 D SensorService: nuSensorService starting...
05-06 11:35:55.370  1617  1617 I SystemServiceManager: Starting com.android.server.usage.UsageStatsService
05-06 11:35:55.389  1617  1617 I UsageStatsDatabase: Upgrading from version 0 to 3
05-06 11:35:55.389  1617  1617 I UsageStatsDatabase: Deleting all usage stats files
05-06 11:35:55.394  1617  1617 I UsageStatsService: User[0] Rollover scheduled @ 2017-05-07 08:00:00(1494115200000)
05-06 11:35:55.402   567   747 E slim_daemon: [NDK] bindNDKSensors: Sensor server is unavailable.
05-06 11:35:55.410  1617  1617 I UsageStatsService: User[0] Flushing usage stats to disk
05-06 11:35:55.429  1617  1617 I SystemServiceManager: Starting com.android.server.webkit.WebViewUpdateService
05-06 11:35:55.431  1617  1617 I SystemServer: Reading configuration...
05-06 11:35:55.431  1617  1617 I SystemServer: Scheduling Policy
05-06 11:35:55.433  1617  1617 I SystemServiceManager: Starting com.android.server.telecom.TelecomLoaderService
05-06 11:35:55.433  1617  1617 I SystemServer: Telephony Registry
05-06 11:35:55.436  1617  2218 E qti_sensors_hal: processSingleSensorInfoResp: either handle is -1 or error is true or mSensors[handle] is NULL!
05-06 11:35:55.436  1617  2218 E qti_sensors_hal: processSingleSensorInfoResp: either handle_wakeup is -1 or error is true or mSensors[handle_wakeup] is NULL!
05-06 11:35:55.437  1617  1617 I SystemServer: Entropy Mixer
05-06 11:35:55.438  1617  1617 W EntropyMixer: No existing entropy file -- first boot?
05-06 11:35:55.439  1617  1617 I EntropyMixer: Writing entropy...
05-06 11:35:55.446  1617  1617 I SystemServer: Camera Service
05-06 11:35:55.447  1617  1617 I SystemServiceManager: Starting com.android.server.camera.CameraService
05-06 11:35:55.449  1617  2228 I ServiceThread: Enabled StrictMode logging for CameraService_proxy looper.
05-06 11:35:55.450  1617  1617 I SystemServer: Account Manager
05-06 11:35:55.454  1617  1617 I SystemServer: Content Manager
05-06 11:35:55.456  1617  1617 I SystemServer: System Content Providers
05-06 11:35:55.488  1617  2209 W qti_sensors_hal: addSensor : Not supported sensor with handle 64!
05-06 11:35:55.536  1617  2209 W qti_sensors_hal: addSensor : Not supported sensor with handle 36!
05-06 11:35:55.548   552   828 I ServiceManager: Waiting for service sensorservice...
05-06 11:35:55.635  1617  2209 I MultiHal: Loaded library from sensors.ssc.so
05-06 11:35:55.637  1617  2209 W qti_sensors_hal: sensors_get_sensors_list: handle 56 is not registered!
05-06 11:35:55.638  1617  2209 W qti_sensors_hal: sensors_get_sensors_list: handle 57 is not registered!
05-06 11:35:55.638  1617  2209 W qti_sensors_hal: sensors_get_sensors_list: handle 9 is not registered!
05-06 11:35:55.638  1617  2209 W qti_sensors_hal: sensors_get_sensors_list: handle 15 is not registered!
05-06 11:35:55.638  1617  2209 W qti_sensors_hal: sensors_get_sensors_list: handle 77 is not registered!
05-06 11:35:55.638  1617  2209 W qti_sensors_hal: sensors_get_sensors_list: handle 78 is not registered!
05-06 11:35:55.639  1617  1617 W System  : ClassLoader referenced unknown path: /system/priv-app/SettingsProvider/lib/arm64
05-06 11:35:55.639  1617  2209 W qti_sensors_hal: sensors_get_sensors_list: handle 29 is not registered!
05-06 11:35:55.639  1617  2209 W qti_sensors_hal: sensors_get_sensors_list: handle 32 is not registered!
05-06 11:35:55.639  1617  2209 W qti_sensors_hal: sensors_get_sensors_list: handle 61 is not registered!
05-06 11:35:55.639  1617  2209 W qti_sensors_hal: sensors_get_sensors_list: handle 62 is not registered!
05-06 11:35:55.640  1617  2209 W qti_sensors_hal: sensors_get_sensors_list: handle 64 is not registered!
05-06 11:35:55.640  1617  2209 W qti_sensors_hal: sensors_get_sensors_list: handle 79 is not registered!
05-06 11:35:55.640  1617  2209 W qti_sensors_hal: sensors_get_sensors_list: handle 80 is not registered!
05-06 11:35:55.640  1617  2209 W qti_sensors_hal: sensors_get_sensors_list: handle 81 is not registered!
05-06 11:35:55.640  1617  2209 W qti_sensors_hal: sensors_get_sensors_list: handle 4 is not registered!
05-06 11:35:55.640  1617  2209 W qti_sensors_hal: sensors_get_sensors_list: handle 5 is not registered!
05-06 11:35:55.641  1617  2209 W qti_sensors_hal: sensors_get_sensors_list: handle 6 is not registered!
05-06 11:35:55.641  1617  2209 W qti_sensors_hal: sensors_get_sensors_list: handle 7 is not registered!
05-06 11:35:55.641  1617  2209 W qti_sensors_hal: sensors_get_sensors_list: handle 25 is not registered!
05-06 11:35:55.641  1617  2209 W qti_sensors_hal: sensors_get_sensors_list: handle 26 is not registered!
05-06 11:35:55.641  1617  2209 W qti_sensors_hal: sensors_get_sensors_list: handle 27 is not registered!
05-06 11:35:55.641  1617  2209 W qti_sensors_hal: sensors_get_sensors_list: handle 36 is not registered!
05-06 11:35:55.642  1617  2209 W qti_sensors_hal: sensors_get_sensors_list: handle 37 is not registered!
05-06 11:35:55.642  1617  2209 W qti_sensors_hal: sensors_get_sensors_list: handle 40 is not registered!
05-06 11:35:55.642  1617  2209 W qti_sensors_hal: sensors_get_sensors_list: handle 43 is not registered!
05-06 11:35:55.642  1617  2209 W qti_sensors_hal: sensors_get_sensors_list: handle 45 is not registered!
05-06 11:35:55.642  1617  2209 W qti_sensors_hal: sensors_get_sensors_list: handle 46 is not registered!
05-06 11:35:55.642  1617  2209 W qti_sensors_hal: sensors_get_sensors_list: handle 50 is not registered!
05-06 11:35:55.643  1617  2209 W qti_sensors_hal: sensors_get_sensors_list: handle 12 is not registered!
05-06 11:35:55.643  1617  2209 W qti_sensors_hal: sensors_get_sensors_list: handle 13 is not registered!
05-06 11:35:55.644  1617  2209 W qti_sensors_hal: sensors_get_sensors_list: handle 14 is not registered!
05-06 11:35:55.644  1617  2209 W qti_sensors_hal: sensors_get_sensors_list: handle 16 is not registered!
05-06 11:35:55.644  1617  2209 W qti_sensors_hal: sensors_get_sensors_list: handle 63 is not registered!
05-06 11:35:55.645  1617  2209 W qti_sensors_hal: sensors_get_sensors_list: handle 17 is not registered!
05-06 11:35:55.646  1617  2209 W qti_sensors_hal: sensors_get_sensors_list: handle 18 is not registered!
05-06 11:35:55.646  1617  2209 W qti_sensors_hal: sensors_get_sensors_list: handle 19 is not registered!
05-06 11:35:55.646  1617  2209 W qti_sensors_hal: sensors_get_sensors_list: handle 65 is not registered!
05-06 11:35:55.646  1617  2209 W qti_sensors_hal: sensors_get_sensors_list: handle 66 is not registered!
05-06 11:35:55.646  1617  2209 W qti_sensors_hal: sensors_get_sensors_list: handle 67 is not registered!
05-06 11:35:55.648  1617  2209 E         : Sensor maxDelay overflow error Step Counter 3640888832
05-06 11:35:55.649  1617  2209 E         : Sensor maxDelay overflow error Step Counter -Wakeup Secondary 3640888832
05-06 11:35:55.649  1617  2209 E         : Sensor maxDelay overflow error AMD 9223372036854775807
05-06 11:35:55.649  1617  2209 E         : Sensor maxDelay overflow error RMD 9223372036854775807
05-06 11:35:55.650  1617  2209 E         : Sensor maxDelay overflow error Basic Gestures 9223372036854775807
05-06 11:35:55.650  1617  2209 E         : Sensor maxDelay overflow error Facing 9223372036854775807
05-06 11:35:55.650  1617  2209 E         : Sensor maxDelay overflow error Pedometer 3640888832
05-06 11:35:55.650  1617  2209 E         : Sensor maxDelay overflow error Coarse Motion Classifier 9223372036854775807
05-06 11:35:55.655  1617  2209 I         : System server: sensor init done.
05-06 11:35:55.658  1617  2280 D SensorService: new thread SensorEventAckReceiver
05-06 11:35:55.660  1617  2281 D SensorService: nuSensorService thread starting...
05-06 11:35:55.782  1617  1617 D SettingsProvider: Generated and saved new ANDROID_ID [301075ec018f6b5c] for user 0
05-06 11:35:55.811  1617  1617 W System  : ClassLoader referenced unknown path: /system/priv-app/Telecom/lib/arm64
05-06 11:35:55.817  1617  1617 I SystemServer: Vibrator Service
05-06 11:35:55.821  1617  1645 I SyncManager: No initial accounts
05-06 11:35:55.822  1617  1645 I SyncManager: No initial status
05-06 11:35:55.822  1617  1617 I SystemServer: Consumer IR Service
05-06 11:35:55.822  1617  1645 I SyncManager: No initial statistics
05-06 11:35:55.825  1617  1617 I SystemServiceManager: Starting com.android.server.AlarmManagerService
05-06 11:35:55.828  1617  1617 D AlarmManagerService: Kernel timezone updated to -480 minutes west of GMT
05-06 11:35:55.833  1617  1617 I SystemServer: Init Watchdog
05-06 11:35:55.834  1617  1617 I SystemServer: Input Manager
05-06 11:35:55.835  1617  1617 I InputManager: Initializing input manager, mUseDevInputEventForAudioJack=true
05-06 11:35:55.837  1617  1617 I SystemServer: Window Manager
05-06 11:35:55.847  1617  1651 I WindowManager: No existing display settings /data/system/display_settings.xml; starting empty
05-06 11:35:55.871  1617  1647 D MzPhoneWindowManager: onFlymeVersionSettingUpChanged mFlymeVersionSettingUp = 0
05-06 11:35:55.885  1617  1617 I InputManager: Starting input manager
05-06 11:35:55.887  1617  1617 I SystemServer: Bluetooth Service
05-06 11:35:55.887  1617  1617 I SystemServiceManager: Starting com.android.server.BluetoothService
05-06 11:35:55.887  1617  2290 D EventHub: No input device configuration file found for device 'msm8996-tasha-mtp-snd-card Button Jack'.
05-06 11:35:55.890  1617  1617 D BluetoothManagerService: Loading stored name and address
05-06 11:35:55.890  1617  1617 D BluetoothManagerService: Stored bluetooth Name=null,Address=null
05-06 11:35:55.891  1617  2290 W EventHub: Unable to disable kernel key repeat for /dev/input/event7: Function not implemented
05-06 11:35:55.891  1617  2290 I EventHub: New device: id=1, fd=112, path='/dev/input/event7', name='msm8996-tasha-mtp-snd-card Button Jack', classes=0x1, configuration='', keyLayout='/system/usr/keylayout/msm8996-tasha-mtp-snd-card_Button_Jack.kl', keyCharacterMap='/system/usr/keychars/Generic.kcm', builtinKeyboard=false, wakeMechanism=EPOLLWAKEUP, usingClockIoctl=true
05-06 11:35:55.891  1617  1617 D BluetoothService: onStart: publishing BluetoothManagerService
05-06 11:35:55.891  1617  2290 D EventHub: No input device configuration file found for device 'msm8996-tasha-mtp-snd-card Headset Jack'.
05-06 11:35:55.891  1617  2290 I EventHub: New device: id=2, fd=113, path='/dev/input/event6', name='msm8996-tasha-mtp-snd-card Headset Jack', classes=0x80, configuration='', keyLayout='', keyCharacterMap='', builtinKeyboard=false, wakeMechanism=EPOLLWAKEUP, usingClockIoctl=true
05-06 11:35:55.891  1617  2290 E EventHub: could not get driver version for /dev/input/mouse0, Not a typewriter
05-06 11:35:55.891  1617  1617 I SystemServer: Input Method Service
05-06 11:35:55.894  1617  1617 W System  : ClassLoader referenced unknown path: /system/framework/QPerformance.jar
05-06 11:35:55.894  1617  1617 E BoostFramework: BoostFramework() : Exception_1 = java.lang.ClassNotFoundException: Didn't find class "com.qualcomm.qti.Performance" on path: DexPathList[[],nativeLibraryDirectories=[/vendor/lib64, /system/lib64]]
05-06 11:35:55.894  1617  1617 V BoostFramework: BoostFramework() : mPerf = null
05-06 11:35:55.912  1617  2290 D EventHub: No input device configuration file found for device 'qbt1000_key_input'.
05-06 11:35:55.912  1617  1617 W InputMethodManagerService: No IME selected. Choose the most applicable IME.
05-06 11:35:55.913  1617  1617 I InputMethodManagerService: Default found, using com.meizu.flyme.input/com.meizu.input.MzInputService
05-06 11:35:55.914  1617  2290 W EventHub: Unable to disable kernel key repeat for /dev/input/event1: Function not implemented
05-06 11:35:55.914  1617  2290 I EventHub: New device: id=3, fd=115, path='/dev/input/event1', name='qbt1000_key_input', classes=0x5, configuration='', keyLayout='/system/usr/keylayout/Generic.kl', keyCharacterMap='/system/usr/keychars/Generic.kcm', builtinKeyboard=false, wakeMechanism=EPOLLWAKEUP, usingClockIoctl=true
05-06 11:35:55.915  1617  2290 D EventHub: No input device configuration file found for device 'qpnp_pon'.
05-06 11:35:55.916  1617  2290 W EventHub: Unable to disable kernel key repeat for /dev/input/event0: Function not implemented
05-06 11:35:55.916  1617  2290 I EventHub: New device: id=4, fd=117, path='/dev/input/event0', name='qpnp_pon', classes=0x1, configuration='', keyLayout='/system/usr/keylayout/qpnp_pon.kl', keyCharacterMap='/system/usr/keychars/Generic.kcm', builtinKeyboard=false, wakeMechanism=EPOLLWAKEUP, usingClockIoctl=true
05-06 11:35:55.917  1617  2290 E EventHub: could not get driver version for /dev/input/mice, Not a typewriter
05-06 11:35:55.921  1617  1617 I SystemServer: Accessibility Manager
05-06 11:35:55.926  1617  1617 I XXXXXX  : choosing minFree values for 64 Bit
05-06 11:35:55.926  1617  1617 I XXXXXX  : choosing minFree values for 64 Bit
05-06 11:35:55.926  1617  1617 I XXXXXX  : choosing minFree values for 64 Bit
05-06 11:35:55.926  1617  1617 I XXXXXX  : choosing minFree values for 64 Bit
05-06 11:35:55.926  1617  1617 I XXXXXX  : choosing minFree values for 64 Bit
05-06 11:35:55.926  1617  1617 I XXXXXX  : choosing minFree values for 64 Bit
05-06 11:35:55.928  1617  1617 I ActivityManager: Config changes=1df8 {1.0 ?mcc?mnc zh_CN ldltr sw360dp w360dp h640dp 480dpi nrml long port ?uimode ?night -touch -keyb/h/h -nav/h s.2}
05-06 11:35:55.932  1617  1617 I ActivityManager: Config changes=400 {1.0 ?mcc?mnc zh_CN ldltr sw360dp w360dp h618dp 480dpi nrml long port ?uimode ?night -touch -keyb/h/h -nav/h s.3}
05-06 11:35:55.934  1617  1617 I SystemServiceManager: Starting com.android.server.MountService$Lifecycle
05-06 11:35:55.942  1617  2291 D MountService: Thinking about reset, mSystemReady=false, mDaemonConnected=true
05-06 11:35:55.942  1617  2291 D MountService: Thinking about reset, mSystemReady=false, mDaemonConnected=true
05-06 11:35:55.942  1617  1617 I SystemServiceManager: Starting com.android.server.UiModeManagerService
05-06 11:35:55.943  1617  2291 D CryptdConnector: SND -> {1 cryptfs getfield SystemLocale}
05-06 11:35:55.944   433   444 I Ext4Crypt: ext4 crypto complete called on /data
05-06 11:35:55.944   433   444 I Ext4Crypt: No master key, so not ext4enc
05-06 11:35:55.945  1617  1617 I ActivityManager: Config changes=200 {1.0 ?mcc?mnc zh_CN ldltr sw360dp w360dp h618dp 480dpi nrml long port -touch -keyb/h/h -nav/h s.4}
05-06 11:35:55.945  1617  2293 D CryptdConnector: RCV <- {200 1 -1}
05-06 11:35:55.946  1617  2291 W MountService: No primary storage mounted!
05-06 11:35:55.947  1617  2291 D VoldConnector: SND -> {1 asec list}
05-06 11:35:55.947  1617  2292 D VoldConnector: RCV <- {200 1 asec operation succeeded}
05-06 11:35:55.948  1617  2291 I PackageManager: No secure containers found
05-06 11:35:55.948  1617  2291 W PackageManager: Unknown permission android.permission.ROOT_RECOVERY_STATE in package com.flyme.roamingpay
05-06 11:35:55.949  1617  2291 W PackageManager: Unknown permission com.redteamobile.virtual.permission.USE_SOFTSIM in package com.flyme.roamingpay
05-06 11:35:55.949  1617  2291 W PackageManager: Unknown permission com.meizu.flyme.push.permission.RECEIVE in package com.flyme.roamingpay
05-06 11:35:55.949  1617  2291 W PackageManager: Unknown permission com.android.launcher.permission.READ_SETTINGS in package com.meizu.net.pedometer
05-06 11:35:55.949  1617  2291 W PackageManager: Unknown permission com.meizu.flyme.push.permission.RECEIVE in package com.meizu.net.pedometer
05-06 11:35:55.949  1617  2291 W PackageManager: Unknown permission android.permission.ROOT_RECOVERY_STATE in package com.meizu.net.pedometer
05-06 11:35:55.949  1617  1617 W PackageManager: No disk maintenance in 1494041755949; running immediately
05-06 11:35:55.949  1617  2291 W PackageManager: Unknown permission com.google.android.googleapps.permission.GOOGLE_AUTH in package com.android.providers.calendar
05-06 11:35:55.949  1617  2291 W PackageManager: Unknown permission com.google.android.googleapps.permission.GOOGLE_AUTH.cl in package com.android.providers.calendar
05-06 11:35:55.949  1617  2291 W PackageManager: Not granting permission android.permission.INTERACT_ACROSS_USERS_FULL to package com.android.providers.calendar (protectionLevel=258 flags=0x38883e45)
05-06 11:35:55.949  1617  2291 W PackageManager: Unknown permission android.permission.ROOT_RECOVERY_STATE in package com.android.providers.media
05-06 11:35:55.950  1617  2291 W PackageManager: Unknown permission com.android.launcher.permission.READ_SETTINGS in package com.meizu.flyme.launcher
05-06 11:35:55.950  1617  2291 W PackageManager: Unknown permission com.android.launcher.permission.WRITE_SETTINGS in package com.meizu.flyme.launcher
05-06 11:35:55.950  1617  2291 W PackageManager: Not granting permission com.android.permission.WHITELIST_BLUETOOTH_DEVICE to package com.meizu.flyme.launcher (protectionLevel=2 flags=0x3888be45)
05-06 11:35:55.950  1617  2291 W PackageManager: Unknown permission com.meizu.flyme.push.permission.RECEIVE in package com.meizu.flyme.launcher
05-06 11:35:55.950  1617  2291 W PackageManager: Not granting permission android.permission.START_ANY_ACTIVITY to package com.meizu.flyme.launcher (protectionLevel=2 flags=0x3888be45)
05-06 11:35:55.950  1617  2291 W PackageManager: Not granting permission android.permission.INTERACT_ACROSS_USERS_FULL to package com.meizu.flyme.launcher (protectionLevel=258 flags=0x3888be45)
05-06 11:35:55.950  1617  2291 W PackageManager: Unknown permission android.permission.ROOT_RECOVERY_STATE in package com.meizu.flyme.launcher
05-06 11:35:55.950  1617  2291 W PackageManager: Unknown permission android.permission.READ_OWNER_DATA in package com.meizu.desktopbackup
05-06 11:35:55.950  1617  2291 W PackageManager: Unknown permission android.permission.WRITE_OWNER_DATA in package com.meizu.desktopbackup
05-06 11:35:55.951  1617  2291 W PackageManager: Unknown permission com.android.voicemail.permission.READ_WRITE_ALL_VOICEMAIL in package com.meizu.desktopbackup
05-06 11:35:55.951  1617  2291 W PackageManager: Unknown permission android.permission.BACKUP_ACCOUNTS in package com.meizu.desktopbackup
05-06 11:35:55.951  1617  2291 W PackageManager: Unknown permission android.permission.MEIZU_BACKUP_AND_RESTORE in package com.meizu.desktopbackup
05-06 11:35:55.951  1617  2291 W PackageManager: Unknown permission com.meizu.flyme.push.permission.RECEIVE in package com.meizu.desktopbackup
05-06 11:35:55.951  1617  2290 D EventHub: No input device configuration file found for device 'pwm-ir'.
05-06 11:35:55.951  1617  2291 W PackageManager: Unknown permission com.meizu.c2dm.permission.RECEIVE in package com.meizu.desktopbackup
05-06 11:35:55.951  1617  2291 W PackageManager: Unknown permission android.permission.ROOT_RECOVERY_STATE in package com.meizu.desktopbackup
05-06 11:35:55.951  1617  2291 W PackageManager: Unknown permission android.permission.ROOT_RECOVERY_STATE in package com.meizu.account.pay
05-06 11:35:55.951  1617  2291 W PackageManager: Unknown permission org.simalliance.openmobileapi.SMARTCARD in package com.meizu.account.pay
05-06 11:35:55.952  1617  2291 W PackageManager: Unknown permission com.meizu.flyme.push.permission.RECEIVE in package com.android.alarmclock
05-06 11:35:55.952  1617  2291 W PackageManager: Unknown permission android.permission.ROOT_RECOVERY_STATE in package com.android.alarmclock
05-06 11:35:55.952  1617  2291 W PackageManager: Not granting permission android.permission.MOUNT_UNMOUNT_FILESYSTEMS to package com.iflytek.speechsuite (protectionLevel=18 flags=0x38883e45)
05-06 11:35:55.952  1617  2291 W PackageManager: Not granting permission android.permission.READ_LOGS to package com.iflytek.speechsuite (protectionLevel=50 flags=0x38883e45)
05-06 11:35:55.952  1617  2291 W PackageManager: Not granting permission android.permission.LOCAL_MAC_ADDRESS to package com.iflytek.speechsuite (protectionLevel=18 flags=0x38883e45)
05-06 11:35:55.952  1617  2291 W PackageManager: Not granting permission android.permission.READ_PRIVILEGED_PHONE_STATE to package com.iflytek.speechsuite (protectionLevel=18 flags=0x38883e45)
05-06 11:35:55.952  1617  2291 W PackageManager: Not granting permission android.permission.REAL_GET_TASKS to package com.iflytek.speechsuite (protectionLevel=18 flags=0x38883e45)
05-06 11:35:55.952  1617  2291 W PackageManager: Not granting permission android.permission.INTERACT_ACROSS_USERS_FULL to package com.iflytek.speechsuite (protectionLevel=258 flags=0x38883e45)
05-06 11:35:55.952  1617  2291 W PackageManager: Not granting permission android.permission.WRITE_MEDIA_STORAGE to package com.iflytek.speechsuite (protectionLevel=18 flags=0x38883e45)
05-06 11:35:55.953  1617  2291 W PackageManager: Unknown permission android.permission.RECEIVE_SMS_SUPER in package com.android.mms.service
05-06 11:35:55.953  1617  2291 W PackageManager: Unknown permission android.permission.ROOT_RECOVERY_STATE in package com.android.providers.downloads
05-06 11:35:55.953  1617  2291 W PackageManager: Not granting permission android.permission.INTERACT_ACROSS_USERS_FULL to package com.android.providers.downloads (protectionLevel=258 flags=0x3888be45)
05-06 11:35:55.953  1617  2291 W PackageManager: Unknown permission android.permission.READ_SMS_SUPER in package com.meizu.filemanager
05-06 11:35:55.953  1617  2291 W PackageManager: Unknown permission com.meizu.flyme.push.permission.RECEIVE in package com.meizu.filemanager
05-06 11:35:55.954  1617  2291 W PackageManager: Unknown permission android.permission.ROOT_RECOVERY_STATE in package com.meizu.filemanager
05-06 11:35:55.954  1617  2291 W PackageManager: Not granting permission android.permission.SEND_DOWNLOAD_COMPLETED_INTENTS to package com.android.browser (protectionLevel=2 flags=0x38c9be45)
05-06 11:35:55.954  1617  2291 W PackageManager: Not granting permission android.permission.DEVICE_POWER to package com.android.browser (protectionLevel=2 flags=0x38c9be45)
05-06 11:35:55.954  1617  2291 W PackageManager: Unknown permission android.permission.PERFORM_DEXOPT in package com.android.browser
05-06 11:35:55.954  1617  2291 W PackageManager: Unknown permission android.hardware.sensor.accelerometer in package com.android.browser
05-06 11:35:55.954  1617  2291 W PackageManager: Unknown permission android.permission.ROOT_RECOVERY_STATE in package com.android.browser
05-06 11:35:55.954  1617  2291 W PackageManager: Not granting permission android.permission.START_ANY_ACTIVITY to package com.android.browser (protectionLevel=2 flags=0x38c9be45)
05-06 11:35:55.954  1617  2291 W PackageManager: Not granting permission android.permission.PEERS_MAC_ADDRESS to package com.android.browser (protectionLevel=2 flags=0x38c9be45)
05-06 11:35:55.954  1617  2291 W PackageManager: Not granting permission android.permission.ACCESS_ALL_DOWNLOADS to package com.android.browser (protectionLevel=2 flags=0x38c9be45)
05-06 11:35:55.954  1617  2291 W PackageManager: Not granting permission android.permission.INTERACT_ACROSS_USERS_FULL to package com.android.browser (protectionLevel=258 flags=0x38c9be45)
05-06 11:35:55.954  1617  2291 W PackageManager: Unknown permission com.android.launcher.permission.READ_SETTINGS in package com.android.browser
05-06 11:35:55.954  1617  2291 W PackageManager: Unknown permission android.permission.READ_SETTINGS in package com.android.browser
05-06 11:35:55.954  1617  2291 W PackageManager: Unknown permission org.simalliance.openmobileapi.SMARTCARD in package com.android.browser
05-06 11:35:55.955  1617  2291 W PackageManager: Unknown permission com.meizu.flyme.push.permission.RECEIVE in package com.meizu.compaign
05-06 11:35:55.955  1617  2291 W PackageManager: Unknown permission com.meizu.c2dm.permission.RECEIVE in package com.meizu.compaign
05-06 11:35:55.955  1617  2291 W PackageManager: Unknown permission com.meizu.compaign.permission.READ_SDK_INFO in package com.meizu.compaign
05-06 11:35:55.955  1617  2291 W PackageManager: Unknown permission com.meizu.compaign.permission.SEND_NOTIFICATION in package com.meizu.compaign
05-06 11:35:55.955  1617  2291 W PackageManager: Unknown permission android.permission.ROOT_RECOVERY_STATE in package com.meizu.compaign
05-06 11:35:55.955  1617  2291 W PackageManager: Unknown permission android.webkit.permission.PLUGIN in package com.meizu.compaign
05-06 11:35:55.955  1617  2291 W PackageManager: Unknown permission com.android.voicemail.permission.READ_WRITE_ALL_VOICEMAIL in package com.android.soundrecorder
05-06 11:35:55.955  1617  2291 W PackageManager: Not granting permission com.android.permission.WHITELIST_BLUETOOTH_DEVICE to package com.android.soundrecorder (protectionLevel=2 flags=0x38c83e45)
05-06 11:35:55.955  1617  2291 W PackageManager: Unknown permission com.android.usagestats.permission.READ_USAGESTATS in package com.android.soundrecorder
05-06 11:35:55.955  1617  2291 W PackageManager: Unknown permission com.android.usagestats.permission.WRITE_USAGESTATS in package com.android.soundrecorder
05-06 11:35:55.955  1617  2291 W PackageManager: Not granting permission android.permission.START_ANY_ACTIVITY to package com.android.soundrecorder (protectionLevel=2 flags=0x38c83e45)
05-06 11:35:55.955  1617  2291 W PackageManager: Not granting permission android.permission.INTERACT_ACROSS_USERS_FULL to package com.android.soundrecorder (protectionLevel=258 flags=0x38c83e45)
05-06 11:35:55.956  1617  2291 W PackageManager: Unknown permission android.permission.ROOT_RECOVERY_STATE in package com.android.soundrecorder
05-06 11:35:55.956  1617  2291 W PackageManager: Unknown permission com.meizu.flyme.push.permission.RECEIVE in package com.meizu.backup
05-06 11:35:55.956  1617  2291 W PackageManager: Unknown permission android.permission.ROOT_RECOVERY_STATE in package com.meizu.backup
05-06 11:35:55.956  1617  2291 I PackageManager: Un-granting permission android.permission.REAL_GET_TASKS from package com.android.providers.downloads.ui (protectionLevel=18 flags=0x38c83e45)
05-06 11:35:55.956  1617  2291 W PackageManager: Not granting permission android.permission.INTERACT_ACROSS_USERS_FULL to package com.android.providers.downloads.ui (protectionLevel=258 flags=0x38c83e45)
05-06 11:35:55.956  1617  2291 W PackageManager: Not granting permission android.permission.START_ANY_ACTIVITY to package com.android.providers.downloads.ui (protectionLevel=2 flags=0x38c83e45)
05-06 11:35:55.957  1617  2291 W PackageManager: Unknown permission com.taobao.permission.USE_CREDENTIALS in package com.aliyun.ams.tyid
05-06 11:35:55.957  1617  2291 W PackageManager: Unknown permission com.taobao.permission.UPDATE_CREDENTIALS in package com.aliyun.ams.tyid
05-06 11:35:55.957  1617  2291 W PackageManager: Unknown permission android.permission.ACCESS_GET_TASKS in package com.aliyun.ams.tyid
05-06 11:35:55.957  1617  2291 W PackageManager: Unknown permission android.permission.ROOT_RECOVERY_STATE in package com.meizu.flyme.update
05-06 11:35:55.957  1617  2291 W PackageManager: Unknown permission com.meizu.flyme.push.permission.RECEIVE in package com.meizu.flyme.update
05-06 11:35:55.957  1617  2291 W PackageManager: Not granting permission android.permission.MOUNT_UNMOUNT_FILESYSTEMS to package com.meizu.net.map (protectionLevel=18 flags=0x38c83e45)
05-06 11:35:55.957  1617  2291 W PackageManager: Not granting permission android.permission.READ_LOGS to package com.meizu.net.map (protectionLevel=50 flags=0x38c83e45)
05-06 11:35:55.957  1617  2291 W PackageManager: Not granting permission android.permission.CHANGE_CONFIGURATION to package com.meizu.net.map (protectionLevel=50 flags=0x38c83e45)
05-06 11:35:55.957  1617  2291 W PackageManager: Not granting permission android.permission.INSTALL_PACKAGES to package com.meizu.net.map (protectionLevel=18 flags=0x38c83e45)
05-06 11:35:55.957  1617  2291 W PackageManager: Not granting permission android.permission.ACCESS_DOWNLOAD_MANAGER to package com.meizu.net.map (protectionLevel=18 flags=0x38c83e45)
05-06 11:35:55.957  1617  2291 W PackageManager: Unknown permission com.android.launcher.permission.READ_SETTINGS in package com.meizu.net.map
05-06 11:35:55.958  1617  2291 W PackageManager: Not granting permission com.meizu.flyme.permission.UPDATE to package com.meizu.net.map (protectionLevel=18 flags=0x38c83e45)
05-06 11:35:55.958  1617  2291 W PackageManager: Not granting permission android.permission.WRITE_SECURE_SETTINGS to package com.meizu.net.map (protectionLevel=50 flags=0x38c83e45)
05-06 11:35:55.958  1617  2291 W PackageManager: Not granting permission android.permission.REAL_GET_TASKS to package com.meizu.net.map (protectionLevel=18 flags=0x38c83e45)
05-06 11:35:55.958  1617  2291 W PackageManager: Not granting permission android.permission.START_ANY_ACTIVITY to package com.meizu.net.map (protectionLevel=2 flags=0x38c83e45)
05-06 11:35:55.958  1617  2291 W PackageManager: Not granting permission android.permission.PEERS_MAC_ADDRESS to package com.meizu.net.map (protectionLevel=2 flags=0x38c83e45)
05-06 11:35:55.958  1617  2291 W PackageManager: Not granting permission android.permission.WRITE_MEDIA_STORAGE to package com.meizu.net.map (protectionLevel=18 flags=0x38c83e45)
05-06 11:35:55.958  1617  2291 W PackageManager: Not granting permission android.permission.STATUS_BAR to package com.meizu.net.map (protectionLevel=18 flags=0x38c83e45)
05-06 11:35:55.958  1617  2291 W PackageManager: Not granting permission android.permission.INTERACT_ACROSS_USERS_FULL to package com.meizu.net.map (protectionLevel=258 flags=0x38c83e45)
05-06 11:35:55.958  1617  2291 W PackageManager: Not granting permission android.permission.INTERACT_ACROSS_USERS to package com.meizu.net.map (protectionLevel=50 flags=0x38c83e45)
05-06 11:35:55.958  1617  2291 W PackageManager: Not granting permission android.permission.READ_PRIVILEGED_PHONE_STATE to package com.meizu.net.map (protectionLevel=18 flags=0x38c83e45)
05-06 11:35:55.958  1617  2291 W PackageManager: Not granting permission com.meizu.stats.permission.READ_USAGESTATS to package com.meizu.net.map (protectionLevel=18 flags=0x38c83e45)
05-06 11:35:55.958  1617  2291 W PackageManager: Unknown permission android.permission.ROOT_RECOVERY_STATE in package com.meizu.net.map
05-06 11:35:55.958  1617  2291 W PackageManager: Not granting permission android.permission.LOCAL_MAC_ADDRESS to package com.meizu.net.map (protectionLevel=18 flags=0x38c83e45)
05-06 11:35:55.959  1617  2291 W PackageManager: Unknown permission org.simalliance.openmobileapi.SMARTCARD in package com.meizu.flyme.wallet
