05-05 23:14:01.677  1621  2870 E flymed_connector: Communications error: java.io.IOException: No such file or directory
05-05 23:14:01.678  1621  2870 E flymed_connector: Error in NativeDaemonConnector: java.io.IOException: No such file or directory
05-05 23:14:06.680  1621  2870 E flymed_connector: Communications error: java.io.IOException: No such file or directory
05-05 23:14:06.681  1621  2870 E flymed_connector: Error in NativeDaemonConnector: java.io.IOException: No such file or directory
05-05 23:14:11.683  1621  2870 E flymed_connector: Communications error: java.io.IOException: No such file or directory
05-05 23:14:11.684  1621  2870 E flymed_connector: Error in NativeDaemonConnector: java.io.IOException: No such file or directory
05-05 23:14:16.687  1621  2870 E flymed_connector: Communications error: java.io.IOException: No such file or directory
05-05 23:14:16.689  1621  2870 E flymed_connector: Error in NativeDaemonConnector: java.io.IOException: No such file or directory
05-05 23:14:21.692  1621  2870 E flymed_connector: Communications error: java.io.IOException: No such file or directory
05-05 23:14:21.694  1621  2870 E flymed_connector: Error in NativeDaemonConnector: java.io.IOException: No such file or directory
05-05 23:14:26.697  1621  2870 E flymed_connector: Communications error: java.io.IOException: No such file or directory
05-05 23:14:26.698  1621  2870 E flymed_connector: Error in NativeDaemonConnector: java.io.IOException: No such file or directory
05-05 23:14:31.700  1621  2870 E flymed_connector: Communications error: java.io.IOException: No such file or directory
05-05 23:14:31.701  1621  2870 E flymed_connector: Error in NativeDaemonConnector: java.io.IOException: No such file or directory
05-05 23:14:36.704  1621  2870 E flymed_connector: Communications error: java.io.IOException: No such file or directory
05-05 23:14:36.705  1621  2870 E flymed_connector: Error in NativeDaemonConnector: java.io.IOException: No such file or directory
05-05 23:14:41.709  1621  2870 E flymed_connector: Communications error: java.io.IOException: No such file or directory
05-05 23:14:41.710  1621  2870 E flymed_connector: Error in NativeDaemonConnector: java.io.IOException: No such file or directory
05-05 23:14:46.712  1621  2870 E flymed_connector: Communications error: java.io.IOException: No such file or directory
05-05 23:14:46.714  1621  2870 E flymed_connector: Error in NativeDaemonConnector: java.io.IOException: No such file or directory
05-05 23:14:51.716  1621  2870 E flymed_connector: Communications error: java.io.IOException: No such file or directory
05-05 23:14:51.718  1621  2870 E flymed_connector: Error in NativeDaemonConnector: java.io.IOException: No such file or directory
05-05 23:14:56.720  1621  2870 E flymed_connector: Communications error: java.io.IOException: No such file or directory
05-05 23:14:56.722  1621  2870 E flymed_connector: Error in NativeDaemonConnector: java.io.IOException: No such file or directory
05-05 23:15:01.725  1621  2870 E flymed_connector: Communications error: java.io.IOException: No such file or directory
05-05 23:15:01.726  1621  2870 E flymed_connector: Error in NativeDaemonConnector: java.io.IOException: No such file or directory
05-05 23:15:06.162  1621  2295 I PowerManagerService: Waking up from dozing (uid 1000)...
05-05 23:15:06.165  1621  1658 I DisplayPowerController: Blocking screen on until initial contents have been drawn.
05-05 23:15:06.186  3005  3005 W StatusBar: updateNotification for unknown pkg: android
05-05 23:15:06.205  1621  1656 I DisplayManagerService: Display device changed state: "", ON
--------- beginning of main
05-05 23:15:06.253  3444  3444 D NfcService: applyRouting - enter force = false mScreenState = 2
05-05 23:15:06.253  3444  3444 W Settings: Setting device_provisioned has moved from android.provider.Settings.Secure to android.provider.Settings.Global.
05-05 23:15:06.253  3444  3444 D BrcmNfcJni: nfcManager_enableDiscovery: enter; tech_mask = ef
05-05 23:15:06.253  3444  3444 D BrcmNfcJni: nfcManager_enableDiscovery: sIsSecElemSelected=1
05-05 23:15:06.254  3444  3444 D BrcmNfcJni: acquireRfInterfaceMutexLock: try to acquire lock
05-05 23:15:06.254  3444  3444 D BrcmNfcJni: acquireRfInterfaceMutexLock: sRfInterfaceMutex lock
05-05 23:15:06.254  3444  3444 D BrcmNfcJni: PowerSwitch::setLevel: level=PS-FULL (1)
05-05 23:15:06.254  3444  3444 D BrcmNfcJni: startRfDiscovery: is start=0
05-05 23:15:06.254  3444  3444 I BrcmNfcNfa: NFA_StopRfDiscovery ()
05-05 23:15:06.254  3444  3718 I BrcmNfcNfa: NFA got event 0x010F
05-05 23:15:06.254  3444  3718 I BrcmNfcNfa: nfa_dm_evt_hdlr event: NFA_DM_API_STOP_RF_DISCOVERY_EVT (0x0f)
05-05 23:15:06.254  3444  3718 I BrcmNfcNfa: nfa_dm_act_stop_rf_discovery ()
05-05 23:15:06.254  3444  3718 I BrcmNfcNfa: nfa_dm_rf_deactivate () deactivate_type:0x0
05-05 23:15:06.254  3444  3718 I BrcmNfcNfa: nfa_dm_disc_sm_execute (): state: DISCOVERY (1), event: DEACTIVATE_CMD(6) disc_flags: 0x2
05-05 23:15:06.254  3444  3718 I BrcmNfcNfa: NFC_Deactivate 4 (IDLE) deactivate_type:0
05-05 23:15:06.254  3444  3718 I BrcmNfcNfa: nfc_ncif_send_cmd.
05-05 23:15:06.254  3444  3718 D NfcAdaptation: NfcAdaptation::HalWrite
05-05 23:15:06.255  3444  3718 I BrcmNfcNfa: nfa_dm_disc_sm_execute (): new state: DISCOVERY (1), disc_flags: 0x22
05-05 23:15:06.255  3444  3718 I BrcmNfcNfa: nfa_sys_ptim_stop_timer 79243ec0
05-05 23:15:06.255  3444  3718 I BrcmNfcNfa: ptim timer stop
05-05 23:15:06.255  3444  3718 I BrcmNfcNfa: Stopped presence check timer (if started)
05-05 23:15:06.256  3444  3745 D NfcAdaptation: NfcAdaptation::HalDeviceContextDataCallback: len=4
05-05 23:15:06.256  3444  3718 I BrcmNfcNfa: NFC received rsp gid:1
05-05 23:15:06.256  3444  3718 I BrcmNfcNfa: P2P_Prio_Logic
05-05 23:15:06.256  3444  3718 I BrcmNfcNfa: nfa_dm_p2p_prio_logic type = 0xff
05-05 23:15:06.256  3444  3718 I BrcmNfcNfa: returning TRUE
05-05 23:15:06.256  3444  3718 I BrcmNfcNfa: nfc_set_state 4 (IDLE)->4 (IDLE)
05-05 23:15:06.256  3444  3718 I BrcmNfcNfa: nfa_dm_disc_data_cback ()
05-05 23:15:06.256  3444  3718 I BrcmNfcNfa: nfa_dm_disc_discovery_cback (): event:0x4005
05-05 23:15:06.256  3444  3718 I BrcmNfcNfa: nfa_dm_disc_sm_execute (): state: DISCOVERY (1), event: DEACTIVATE_RSP(7) disc_flags: 0x22
05-05 23:15:06.256  3444  3718 I BrcmNfcNfa: nfa_dm_disc_new_state (): old_state: DISCOVERY (1), new_state: IDLE (0) disc_flags: 0x2
05-05 23:15:06.256  3444  3718 D BrcmNfcJni: nfaConnectionCallback: event= 31
05-05 23:15:06.256  3444  3718 D BrcmNfcJni: nfaConnectionCallback: NFA_RF_DISCOVERY_STOPPED_EVT: status = 0
05-05 23:15:06.256  3444  3718 D BrcmNfcJni: notifyPollingEventwhileNfcOff: sDiscCmdwhleNfcOff=0
05-05 23:15:06.256  3444  3718 E BrcmNfcJni: getReconnectState = 0x0
05-05 23:15:06.256  3444  3718 I BrcmNfcNfa: nfa_dm_start_rf_discover ()
05-05 23:15:06.256  3444  3444 D BrcmNfcJni: startRfDiscovery: is exit=0
05-05 23:15:06.256  3444  3718 I BrcmNfcNfa: nfa_dm_disc_sm_execute (): new state: IDLE (0), disc_flags: 0x0
05-05 23:15:06.256  3444  3444 D NfcAdaptation: const CNfcParam* CNfcConfig::find(const char*) const found UICC_LISTEN_TECH_MASK=(0x83)
05-05 23:15:06.256  3444  3444 E BrcmNfcJni: nfcManager_enableDiscovery:UICC_LISTEN_MASK=0x0131;
05-05 23:15:06.256  3444  3444 D BrcmNfcJni: nfcManager_enableDiscovery: Disable p2pListening
05-05 23:15:06.257  3444  3444 D BrcmNfcJni: PeerToPeer::enableP2pListening: enter isEnable: 0  mIsP2pListening: 0
05-05 23:15:06.257  3444  3444 D BrcmNfcJni: PeerToPeer::enableP2pListening: exit; mIsP2pListening: 0
05-05 23:15:06.257  3444  3444 D BrcmNfcJni: stopPolling_rfDiscoveryDisabled: disable polling
05-05 23:15:06.257  3444  3444 I BrcmNfcNfa: NFA_DisablePolling ()
05-05 23:15:06.257  3444  3718 I BrcmNfcNfa: NFA got event 0x0107
05-05 23:15:06.257  3444  3718 I BrcmNfcNfa: nfa_dm_evt_hdlr event: NFA_DM_API_DISABLE_POLLING_EVT (0x07)
05-05 23:15:06.257  3444  3718 I BrcmNfcNfa: nfa_dm_act_disable_polling ()
05-05 23:15:06.257  3444  3718 D BrcmNfcJni: nfaConnectionCallback: event= 1
05-05 23:15:06.257  3444  3718 D BrcmNfcJni: nfaConnectionCallback: NFA_POLL_DISABLED_EVT: status = 3
05-05 23:15:06.257  3444  3444 D BrcmNfcJni: startPolling_rfDiscoveryDisabled: enable polling
05-05 23:15:06.257  1621  1658 I DisplayPowerController: Unblocked screen on after 92 ms
05-05 23:15:06.257  3444  3444 I BrcmNfcNfa: NFA_EnablePolling () 0xEF
05-05 23:15:06.257  3444  3444 D BrcmNfcJni: startPolling_rfDiscoveryDisabled: wait for enable event
05-05 23:15:06.257  3444  3718 I BrcmNfcNfa: NFA got event 0x0106
05-05 23:15:06.257  3444  3718 I BrcmNfcNfa: nfa_dm_evt_hdlr event: NFA_DM_API_ENABLE_POLLING_EVT (0x06)
05-05 23:15:06.257  3444  3718 I BrcmNfcNfa: nfa_dm_act_enable_polling ()
05-05 23:15:06.257  3444  3718 I BrcmNfcNfa: nfa_dm_start_polling ()
05-05 23:15:06.257  3444  3718 I BrcmNfcNfa: nfa_dm_add_rf_discover () disc_mask=0x7d7f
05-05 23:15:06.257  3444  3718 I BrcmNfcNfa: nfa_dm_add_rf_discover () disc_mask=0x7d7f, xx=1
05-05 23:15:06.257  3444  3718 D BrcmNfcJni: nfaConnectionCallback: event= 0
05-05 23:15:06.257  3444  3718 D BrcmNfcJni: nfaConnectionCallback: NFA_POLL_ENABLED_EVT: status = 0
05-05 23:15:06.257  3444  3444 D BrcmNfcJni: nfcManager_enableDiscovery: Enable p2pListening
05-05 23:15:06.257  3444  3444 D BrcmNfcJni: PeerToPeer::enableP2pListening: enter isEnable: 1  mIsP2pListening: 0
05-05 23:15:06.257  3444  3444 I BrcmNfcNfa: NFA_P2pSetListenTech (): tech_mask:0xC0
05-05 23:15:06.257  3444  3718 I BrcmNfcNfa: NFA got event 0x010D
05-05 23:15:06.257  3444  3718 I BrcmNfcNfa: nfa_dm_evt_hdlr event: NFA_DM_API_SET_P2P_LISTEN_TECH_EVT (0x0d)
05-05 23:15:06.257  3444  3718 I BrcmNfcNfa: nfa_dm_set_p2p_listen_tech ()  tech_mask = 192
05-05 23:15:06.258  3444  3718 I BrcmNfcNfa: nfa_p2p_update_listen_tech ()  tech_mask = 0xc0
05-05 23:15:06.258  3444  3718 I BrcmNfcNfa: nfa_p2p_enable_listening () sys_id = 3, update_wks = 0
05-05 23:15:06.258  3444  3718 I BrcmNfcNfa: nfa_dm_add_rf_discover () disc_mask=0xc000000
05-05 23:15:06.258  3444  3718 I BrcmNfcNfa: nfa_dm_add_rf_discover () disc_mask=0xc000000, xx=2
05-05 23:15:06.258  3444  3718 D BrcmNfcJni: nfaConnectionCallback: event= 33
05-05 23:15:06.258  3444  3718 D BrcmNfcJni: nfaConnectionCallback: NFA_SET_P2P_LISTEN_TECH_EVT
05-05 23:15:06.258  3444  3444 D BrcmNfcJni: PeerToPeer::enableP2pListening: exit; mIsP2pListening: 1
05-05 23:15:06.258  3444  3444 I BrcmNfcNfa: NFA_ResumeP2p ()
05-05 23:15:06.258  3444  3444 D BrcmNfcJni: nfcManager_enableDiscovery: restart UICC listen mode (83)
05-05 23:15:06.258  3444  3718 I BrcmNfcNfa: NFA_CeConfigureUiccL
05-05 23:15:06.258  3444  3444 I BrcmNfcNfa: NFA_CeConfigureUiccListenTech () ee_handle = 0x402
05-05 23:15:06.258  3444  3718 I BrcmNfcNfa: nfa_dm_evt_hdlr event: NFA_DM_API_RESUME_P2P_EVT (0x0b)
05-05 23:15:06.258  3444  3718 I BrcmNfcNfa: nfa_dm_act_resume_p2p ()
05-05 23:15:06.258  3444  3718 D BrcmNfcJni: nfaConnectionCallback: event= 39
05-05 23:15:06.258  3444  3718 E BrcmNfcJni: nfaConnectionCallback: unknown event ????
05-05 23:15:06.258  3444  3718 I BrcmNfcNfa: NFA got event 0x0702
05-05 23:15:06.258  3444  3718 I BrcmNfcNfa: nfa_ce_handle_event event: NFA_CE_API_DEREG_LISTEN_EVT (0x702), flags: 00000000
05-05 23:15:06.258  3444  3718 I BrcmNfcNfa: NFA_CE: removing listen_info entry 2
05-05 23:15:06.258  3444  3718 D BrcmNfcJni: nfaConnectionCallback: event= 29
05-05 23:15:06.258  3444  3718 D BrcmNfcJni: nfaConnectionCallback: NFA_CE_UICC_LISTEN_CONFIGURED_EVT : status=0x0
05-05 23:15:06.258  3444  3444 I BrcmNfcNfa: NFA_CeConfigureUiccListenTech () ee_handle = 0x402
05-05 23:15:06.258  3444  3718 I BrcmNfcNfa: NFA got event 0x0701
05-05 23:15:06.258  3444  3718 I BrcmNfcNfa: nfa_ce_handle_event event: NFA_CE_API_REG_LISTEN_EVT (0x701), flags: 00000000
05-05 23:15:06.258  3444  3718 I BrcmNfcNfa: Registering UICC/ESE/Felica/Type-4 tag listener. Type=3
05-05 23:15:06.258  3444  3718 I BrcmNfcNfa: NFA_CE: adding listen_info entry 2
05-05 23:15:06.258  3444  3718 E BrcmNfcNfa: UICC/ESE[0x402] is not activated
05-05 23:15:06.258  3444  3718 D BrcmNfcJni: nfaConnectionCallback: event= 29
05-05 23:15:06.258  3444  3718 D BrcmNfcJni: nfaConnectionCallback: NFA_CE_UICC_LISTEN_CONFIGURED_EVT : status=0x0
05-05 23:15:06.258  3444  3444 D BrcmNfcJni: startRfDiscovery: is start=1
05-05 23:15:06.258  3444  3444 I BrcmNfcNfa: NFA_StartRfDiscovery ()
05-05 23:15:06.259  3444  3718 I BrcmNfcNfa: NFA got event 0x010E
05-05 23:15:06.259  3444  3718 I BrcmNfcNfa: nfa_dm_evt_hdlr event: NFA_DM_API_START_RF_DISCOVERY_EVT (0x0e)
05-05 23:15:06.259  3444  3718 I BrcmNfcNfa: nfa_dm_act_start_rf_discovery ()
05-05 23:15:06.259  3444  3718 I BrcmNfcNfa: nfa_dm_start_rf_discover ()
05-05 23:15:06.259  3444  3718 I BrcmNfcNfa: nfa_ee_get_tech_route(): 1
05-05 23:15:06.259  3444  3718 I BrcmNfcNfa: 0x0, 0x0, 0x0, 0x0
05-05 23:15:06.259  3444  3718 I BrcmNfcNfa: requested_disc_mask = 0x140000, xx=0
05-05 23:15:06.259  3444  3718 I BrcmNfcNfa: listen_mask value after NFC-A = 0x40000
05-05 23:15:06.259  3444  3718 I BrcmNfcNfa: listen_mask value after NFC-B = 0x140000
05-05 23:15:06.259  3444  3718 I BrcmNfcNfa: listen_mask value after NFC-F = 0x140000
05-05 23:15:06.259  1621  1658 I DreamManagerService: Gently waking up from dream.
05-05 23:15:06.259  3444  3718 I BrcmNfcNfa: listen_mask value after NFC-B Prime = 0x140000
05-05 23:15:06.259  3444  3718 I BrcmNfcNfa: dm_disc_mask = 0x0
05-05 23:15:06.259  3444  3718 I BrcmNfcNfa: listen_mask value after T1T and T2T = 0x140000
05-05 23:15:06.259  3444  3718 I BrcmNfcNfa: listen_mask value after NFC-DEP = 0x140000
05-05 23:15:06.259  3444  3718 I BrcmNfcNfa: nfa_dm_cb.disc_cb.entry[0].selected_disc_mask = 0x140000
05-05 23:15:06.259  3444  3718 I BrcmNfcNfa: requested_disc_mask = 0x7d7f, xx=1
05-05 23:15:06.259  3444  3718 I BrcmNfcNfa: listen_mask value after NFC-A = 0x0
05-05 23:15:06.259  3444  3718 I BrcmNfcNfa: listen_mask value after NFC-B = 0x0
05-05 23:15:06.259  3444  3718 I BrcmNfcNfa: listen_mask value after NFC-F = 0x0
05-05 23:15:06.259  3444  3718 I BrcmNfcNfa: listen_mask value after NFC-B Prime = 0x0
05-05 23:15:06.259  3444  3718 I BrcmNfcNfa: dm_disc_mask = 0x140000
05-05 23:15:06.259  3444  3718 I BrcmNfcNfa: listen_mask value after T1T and T2T = 0x0
05-05 23:15:06.259  3444  3718 I BrcmNfcNfa: listen_mask value after NFC-DEP = 0x0
05-05 23:15:06.260  3444  3718 I BrcmNfcNfa: nfa_dm_cb.disc_cb.entry[1].selected_disc_mask = 0x7d7f
05-05 23:15:06.260  3444  3718 I BrcmNfcNfa: requested_disc_mask = 0xc000000, xx=2
05-05 23:15:06.260  3444  3718 I BrcmNfcNfa: listen_mask value after NFC-A = 0x4000000
05-05 23:15:06.260  3444  3718 I BrcmNfcNfa: listen_mask value after NFC-B = 0x4000000
05-05 23:15:06.260  3444  3718 I BrcmNfcNfa: listen_mask value after NFC-F = 0xc000000
05-05 23:15:06.260  3444  3718 I BrcmNfcNfa: listen_mask value after NFC-B Prime = 0xc000000
05-05 23:15:06.260  3444  3718 I BrcmNfcNfa: dm_disc_mask = 0x147d7f
05-05 23:15:06.260  3444  3718 I BrcmNfcNfa: listen_mask value after T1T and T2T = 0xc000000
05-05 23:15:06.260  3444  3718 I BrcmNfcNfa: listen_mask value after NFC-DEP = 0xc000000
05-05 23:15:06.260  3444  3718 I BrcmNfcNfa: nfa_dm_cb.disc_cb.entry[2].selected_disc_mask = 0xc000000
05-05 23:15:06.260  3444  3718 D NfcAdaptation: const CNfcParam* CNfcConfig::find(const char*) const found HOST_LISTEN_ENABLE=(0x1)
05-05 23:15:06.260  3444  3718 I BrcmNfcNfa: nfa_ee_find_ecb ()
05-05 23:15:06.260  3444  3718 I BrcmNfcNfa: supported tech list is 0x00 for given nfcee_id: 0x2 
05-05 23:15:06.260  3444  3718 I BrcmNfcNfa: nfa_p2p_set_config ()
05-05 23:15:06.260  3444  3718 I BrcmNfcNfa: LLCP_GetDiscoveryConfig ()
05-05 23:15:06.260  3444  3718 I BrcmNfcNfa: nfa_dm_check_set_config ()
05-05 23:15:06.260  3444  3718 I BrcmNfcNfa: nfa_dm_check_set_config ()
05-05 23:15:06.260  3444  3718 I BrcmNfcNfa: dm_disc_mask = 0xc147d7f
05-05 23:15:06.260  3444  3718 I BrcmNfcNfa: nfa_dm_set_total_duration ()
05-05 23:15:06.260  3444  3718 I BrcmNfcNfa: nfa_dm_check_set_config ()
05-05 23:15:06.260  3444  3718 I BrcmNfcNfa: NFC_DiscoveryStart
05-05 23:15:06.260  3444  3718 D NfcAdaptation: NfcAdaptation::HalPrediscover
05-05 23:15:06.260  3444  3718 I BrcmNfcNfa: nfc_ncif_send_cmd.
05-05 23:15:06.260  3444  3718 D NfcAdaptation: NfcAdaptation::HalWrite
05-05 23:15:06.261  3444  3718 I BrcmNfcNfa: NFC_DiscoveryStart status: 0xe3
05-05 23:15:06.264  3444  3745 D NfcAdaptation: NfcAdaptation::HalDeviceContextDataCallback: len=4
05-05 23:15:06.264  3444  3718 I BrcmNfcNfa: NFC received rsp gid:1
05-05 23:15:06.264  3444  3718 I BrcmNfcNfa: returning TRUE
05-05 23:15:06.264  3444  3718 I BrcmNfcNfa: nfa_dm_disc_discovery_cback (): event:0x4000
05-05 23:15:06.264  3444  3718 I BrcmNfcNfa: nfa_dm_disc_sm_execute (): state: IDLE (0), event: DISCOVER_RSP(1) disc_flags: 0x31
05-05 23:15:06.264  3444  3718 I BrcmNfcNfa: nfa_dm_disc_new_state (): old_state: IDLE (0), new_state: DISCOVERY (1) disc_flags: 0x11
05-05 23:15:06.264  3444  3718 I BrcmNfcNfa: nfa_dm_poll_disc_cback (): event:0x00
05-05 23:15:06.264  3444  3718 I BrcmNfcNfa: nfa_p2p_discovery_cback (): event:0x00
05-05 23:15:06.264  3444  3718 D BrcmNfcJni: nfaConnectionCallback: event= 30
05-05 23:15:06.264  3444  3718 D BrcmNfcJni: nfaConnectionCallback: NFA_RF_DISCOVERY_STARTED_EVT: status = 0
05-05 23:15:06.265  3444  3718 I BrcmNfcNfa: nfa_dm_disc_sm_execute (): new state: DISCOVERY (1), disc_flags: 0x1
05-05 23:15:06.265  3444  3444 D BrcmNfcJni: startRfDiscovery: is exit=1
05-05 23:15:06.265  3444  3444 D BrcmNfcJni: PowerSwitch::setModeOn(activated=0x1) : mCurrActivity=0x3
05-05 23:15:06.265  3444  3444 D BrcmNfcJni: releaseRfInterfaceMutexLock: sRfInterfaceMutex unlock
05-05 23:15:06.265  3444  3444 D BrcmNfcJni: nfcManager_enableDiscovery: exit
05-05 23:15:06.272  3788  3788 W ContextImpl: Calling a method in the system process without a qualified user: android.app.ContextImpl.startService:-1 android.content.ContextWrapper.startService:581 com.meizu.networkmanager.monitor.m.a:97 com.meizu.networkmanager.monitor.m.a:46 com.meizu.networkmanager.monitor.m.a:50 
05-05 23:15:06.273  1621  1649 I DreamManagerService: Leaving dreamland.
05-05 23:15:06.274  1621  1653 I DreamController: Stopping dream: name=ComponentInfo{com.android.systemui/com.android.systemui.doze.DozeService}, isTest=false, canDoze=true, userId=0
05-05 23:15:06.276  3788  6805 I chatty  : uid=1000(system) com.meizu.safe expire 19 lines
05-05 23:15:06.391  3788  3788 I chatty  : uid=1000(system) com.meizu.safe expire 1 line
05-05 23:15:06.728  1621  2870 E flymed_connector: Communications error: java.io.IOException: No such file or directory
05-05 23:15:06.732  1621  2870 E flymed_connector: Error in NativeDaemonConnector: java.io.IOException: No such file or directory
05-05 23:15:07.631  6588  6588 I Process : Sending signal. PID: 6588 SIG: 9
05-05 23:15:07.633   486  1584 I chatty  : uid=1013(media) AudioOut_2 expire 118 lines
05-05 23:15:07.642  1621  3523 W InputMethodManagerService: Window already focused, ignoring focus gain of: com.android.internal.view.IInputMethodClient$Stub$Proxy@5cdf36e attribute=android.view.inputmethod.EditorInfo@df05a0f, token = android.os.BinderProxy@1725e9e
05-05 23:15:07.644  3386  3386 W DecodingInfo: No Engine for Decoding
05-05 23:15:07.655  1621  1648 I ActivityManager: Process com.android.phone (pid 6588) has died
05-05 23:15:07.655  1621  1648 W ActivityManager: Scheduling restart of crashed service com.android.phone/com.meizu.phone.MzTelephonyService in 0ms
05-05 23:15:07.656  1621  1648 W ActivityManager: Re-adding persistent process ProcessRecord{f24201f 6588:com.android.phone/1001}
05-05 23:15:07.668  6807  6807 E SELinux : seapp_context_lookup:  No match for app with uid 1001, seinfo (null), name com.android.phone
05-05 23:15:07.669  1621  1648 I ActivityManager: Start proc 6807:com.android.phone/1001 for restart com.android.phone
05-05 23:15:07.680  6807  6807 I re-initialized>: type=1400 audit(0.0:268): avc: denied { call } for scontext=u:r:zygote:s0 tcontext=u:r:servicemanager:s0 tclass=binder permissive=1
05-05 23:15:07.699  6807  6807 W System  : ClassLoader referenced unknown path: /system/priv-app/TeleService/lib/arm64
05-05 23:15:07.717  6807  6807 W System  : ClassLoader referenced unknown path: /system/priv-app/TelephonyProvider/lib/arm64
05-05 23:15:07.733  6807  6807 D TelephonyProvider: dbh.onOpen: ok, queried table=siminfo
05-05 23:15:07.733  6807  6807 D TelephonyProvider: dbh.onOpen: ok, queried table=carriers
05-05 23:15:07.753  6823  6823 I RILReceiver0: type=1400 audit(0.0:269): avc: denied { write } for name="rild" dev="tmpfs" ino=14925 scontext=u:r:zygote:s0 tcontext=u:object_r:rild_socket:s0 tclass=sock_file permissive=1
05-05 23:15:07.769  6807  6807 E TelephonyPluginDelegate: error: TelephonyPluginDelegate instance is not created!!
05-05 23:15:07.773  6807  6807 D AndroidRuntime: Shutting down VM
05-05 23:15:07.773  6807  6807 E AndroidRuntime: FATAL EXCEPTION: main
05-05 23:15:07.773  6807  6807 E AndroidRuntime: Process: com.android.phone, PID: 6807
05-05 23:15:07.773  6807  6807 E AndroidRuntime: java.lang.RuntimeException: Unable to create application com.android.phone.PhoneApp: java.lang.NullPointerException: Attempt to invoke virtual method 'void com.android.internal.telephony.TelephonyPluginDelegate.initSubscriptionController(android.content.Context, com.android.internal.telephony.CommandsInterface[])' on a null object reference
05-05 23:15:07.773  6807  6807 E AndroidRuntime: 	at android.app.ActivityThread.handleBindApplication(ActivityThread.java:4726)
05-05 23:15:07.773  6807  6807 E AndroidRuntime: 	at android.app.ActivityThread.-wrap1(ActivityThread.java)
05-05 23:15:07.773  6807  6807 E AndroidRuntime: 	at android.app.ActivityThread$H.handleMessage(ActivityThread.java:1421)
05-05 23:15:07.773  6807  6807 E AndroidRuntime: 	at android.os.Handler.dispatchMessage(Handler.java:102)
05-05 23:15:07.773  6807  6807 E AndroidRuntime: 	at android.os.Looper.loop(Looper.java:148)
05-05 23:15:07.773  6807  6807 E AndroidRuntime: 	at android.app.ActivityThread.main(ActivityThread.java:5433)
05-05 23:15:07.773  6807  6807 E AndroidRuntime: 	at java.lang.reflect.Method.invoke(Native Method)
05-05 23:15:07.773  6807  6807 E AndroidRuntime: 	at com.android.internal.os.ZygoteInit$MethodAndArgsCaller.run(ZygoteInit.java:726)
05-05 23:15:07.773  6807  6807 E AndroidRuntime: 	at com.android.internal.os.ZygoteInit.main(ZygoteInit.java:616)
05-05 23:15:07.773  6807  6807 E AndroidRuntime: Caused by: java.lang.NullPointerException: Attempt to invoke virtual method 'void com.android.internal.telephony.TelephonyPluginDelegate.initSubscriptionController(android.content.Context, com.android.internal.telephony.CommandsInterface[])' on a null object reference
05-05 23:15:07.773  6807  6807 E AndroidRuntime: 	at com.android.internal.telephony.PhoneFactory.makeDefaultPhone(PhoneFactory.java:170)
05-05 23:15:07.773  6807  6807 E AndroidRuntime: 	at com.android.internal.telephony.PhoneFactory.makeDefaultPhones(PhoneFactory.java:86)
05-05 23:15:07.773  6807  6807 E AndroidRuntime: 	at com.android.phone.PhoneGlobals.onCreate(PhoneGlobals.java:417)
05-05 23:15:07.773  6807  6807 E AndroidRuntime: 	at com.android.phone.PhoneApp.onCreate(PhoneApp.java:47)
05-05 23:15:07.773  6807  6807 E AndroidRuntime: 	at android.app.Instrumentation.callApplicationOnCreate(Instrumentation.java:1014)
05-05 23:15:07.773  6807  6807 E AndroidRuntime: 	at android.app.ActivityThread.handleBindApplication(ActivityThread.java:4723)
05-05 23:15:07.773  6807  6807 E AndroidRuntime: 	... 8 more
05-05 23:15:07.775  1621  3492 W ActivityManager: Process com.android.phone has crashed too many times: killing!
05-05 23:15:07.812  1621  4154 I chatty  : uid=1000(system) RenderThread expire 11 lines
05-05 23:15:07.846  1621  1656 W AppOps  : Finishing op nesting under-run: uid 1000 pkg android code 24 time=0 duration=0 nesting=0
05-05 23:15:10.157  3473  3653 I chatty  : uid=1000(system) PowerStateThrea expire 33 lines
05-05 23:15:10.652   527   625 E QCALOG  : [MessageQ] ProcessNewMessage: [XTWiFi-PE] unknown deliver target [OS-Agent]
05-05 23:15:10.746   527   625 E QCALOG  : [MessageQ] ProcessNewMessage: [XT-CS] unknown deliver target [OS-Agent]
05-05 23:15:10.790   636   784 W XTCC-5.1.0.10: [CS-RIL-LISTENER] timerCallback fired for ril update registering, re-register
05-05 23:15:10.790   527   625 E QCALOG  : [MessageQ] ProcessNewMessage: [XT-CS] unknown deliver target [OS-Agent]
05-05 23:15:11.283  4904  5299 D UsageStats_UsageStatsUploader: DB_CHANGED, current count is 0, stop time alarm.
05-05 23:15:11.294  3958  3980 D UsageStats_UsageStatsUploader: DB_CHANGED, current count is 0, stop time alarm.
05-05 23:15:11.296  5370  5400 D UsageStats_UsageStatsUploader: DB_CHANGED, current count is 0, stop time alarm.
05-05 23:15:11.300  5888  5963 D UsageStats_UsageStatsUploader: DB_CHANGED, current count is 0, stop time alarm.
05-05 23:15:11.303  6240  6269 D UsageStats_UsageStatsUploader: DB_CHANGED, current count is 0, stop time alarm.
05-05 23:15:11.734  1621  2870 E flymed_connector: Communications error: java.io.IOException: No such file or directory
05-05 23:15:11.735  1621  2870 E flymed_connector: Error in NativeDaemonConnector: java.io.IOException: No such file or directory
05-05 23:15:15.653   527   625 E QCALOG  : [MessageQ] ProcessNewMessage: [XTWiFi-PE] unknown deliver target [OS-Agent]
05-05 23:15:15.747   527   625 E QCALOG  : [MessageQ] ProcessNewMessage: [XT-CS] unknown deliver target [OS-Agent]
05-05 23:15:15.791   636   784 W XTCC-5.1.0.10: [CS-RIL-LISTENER] timerCallback fired for ril update registering, re-register
05-05 23:15:15.792   527   625 E QCALOG  : [MessageQ] ProcessNewMessage: [XT-CS] unknown deliver target [OS-Agent]
05-05 23:15:16.739  1621  2870 E flymed_connector: Communications error: java.io.IOException: No such file or directory
05-05 23:15:16.740  1621  2870 E flymed_connector: Error in NativeDaemonConnector: java.io.IOException: No such file or directory
05-05 23:15:16.788  6807  6807 I Process : Sending signal. PID: 6807 SIG: 9
05-05 23:15:16.803  1621  2975 W InputMethodManagerService: Window already focused, ignoring focus gain of: com.android.internal.view.IInputMethodClient$Stub$Proxy@b043e82 attribute=null, token = android.os.BinderProxy@1725e9e
05-05 23:15:16.815  1621  3174 I ActivityManager: Process com.android.phone (pid 6807) has died
05-05 23:15:16.815  1621  3174 W ActivityManager: Scheduling restart of crashed service com.android.phone/com.meizu.phone.MzTelephonyService in 0ms
05-05 23:15:16.815  1621  3174 W ActivityManager: Re-adding persistent process ProcessRecord{f24201f 6807:com.android.phone/1001}
05-05 23:15:16.826  1621  3174 I ActivityManager: Start proc 6836:com.android.phone/1001 for restart com.android.phone
05-05 23:15:16.827  6836  6836 E SELinux : seapp_context_lookup:  No match for app with uid 1001, seinfo (null), name com.android.phone
05-05 23:15:16.859  6836  6836 W System  : ClassLoader referenced unknown path: /system/priv-app/TeleService/lib/arm64
05-05 23:15:16.876  6836  6836 W System  : ClassLoader referenced unknown path: /system/priv-app/TelephonyProvider/lib/arm64
05-05 23:15:16.891  6836  6836 D TelephonyProvider: dbh.onOpen: ok, queried table=siminfo
05-05 23:15:16.891  6836  6836 D TelephonyProvider: dbh.onOpen: ok, queried table=carriers
05-05 23:15:16.923  6836  6836 E TelephonyPluginDelegate: error: TelephonyPluginDelegate instance is not created!!
05-05 23:15:16.924  6836  6836 D AndroidRuntime: Shutting down VM
05-05 23:15:16.924  6836  6836 E AndroidRuntime: FATAL EXCEPTION: main
05-05 23:15:16.924  6836  6836 E AndroidRuntime: Process: com.android.phone, PID: 6836
05-05 23:15:16.924  6836  6836 E AndroidRuntime: java.lang.RuntimeException: Unable to create application com.android.phone.PhoneApp: java.lang.NullPointerException: Attempt to invoke virtual method 'void com.android.internal.telephony.TelephonyPluginDelegate.initSubscriptionController(android.content.Context, com.android.internal.telephony.CommandsInterface[])' on a null object reference
05-05 23:15:16.924  6836  6836 E AndroidRuntime: 	at android.app.ActivityThread.handleBindApplication(ActivityThread.java:4726)
05-05 23:15:16.924  6836  6836 E AndroidRuntime: 	at android.app.ActivityThread.-wrap1(ActivityThread.java)
05-05 23:15:16.924  6836  6836 E AndroidRuntime: 	at android.app.ActivityThread$H.handleMessage(ActivityThread.java:1421)
05-05 23:15:16.924  6836  6836 E AndroidRuntime: 	at android.os.Handler.dispatchMessage(Handler.java:102)
05-05 23:15:16.924  6836  6836 E AndroidRuntime: 	at android.os.Looper.loop(Looper.java:148)
05-05 23:15:16.924  6836  6836 E AndroidRuntime: 	at android.app.ActivityThread.main(ActivityThread.java:5433)
05-05 23:15:16.924  6836  6836 E AndroidRuntime: 	at java.lang.reflect.Method.invoke(Native Method)
05-05 23:15:16.924  6836  6836 E AndroidRuntime: 	at com.android.internal.os.ZygoteInit$MethodAndArgsCaller.run(ZygoteInit.java:726)
05-05 23:15:16.924  6836  6836 E AndroidRuntime: 	at com.android.internal.os.ZygoteInit.main(ZygoteInit.java:616)
05-05 23:15:16.924  6836  6836 E AndroidRuntime: Caused by: java.lang.NullPointerException: Attempt to invoke virtual method 'void com.android.internal.telephony.TelephonyPluginDelegate.initSubscriptionController(android.content.Context, com.android.internal.telephony.CommandsInterface[])' on a null object reference
05-05 23:15:16.924  6836  6836 E AndroidRuntime: 	at com.android.internal.telephony.PhoneFactory.makeDefaultPhone(PhoneFactory.java:170)
05-05 23:15:16.924  6836  6836 E AndroidRuntime: 	at com.android.internal.telephony.PhoneFactory.makeDefaultPhones(PhoneFactory.java:86)
05-05 23:15:16.924  6836  6836 E AndroidRuntime: 	at com.android.phone.PhoneGlobals.onCreate(PhoneGlobals.java:417)
05-05 23:15:16.924  6836  6836 E AndroidRuntime: 	at com.android.phone.PhoneApp.onCreate(PhoneApp.java:47)
05-05 23:15:16.924  6836  6836 E AndroidRuntime: 	at android.app.Instrumentation.callApplicationOnCreate(Instrumentation.java:1014)
05-05 23:15:16.924  6836  6836 E AndroidRuntime: 	at android.app.ActivityThread.handleBindApplication(ActivityThread.java:4723)
05-05 23:15:16.924  6836  6836 E AndroidRuntime: 	... 8 more
05-05 23:15:16.926  1621  3509 W ActivityManager: Process com.android.phone has crashed too many times: killing!
05-05 23:15:16.994  1621  1656 W AppOps  : Finishing op nesting under-run: uid 1000 pkg android code 24 time=0 duration=0 nesting=0
05-05 23:15:18.321  6836  6836 I Process : Sending signal. PID: 6836 SIG: 9
05-05 23:15:18.321   486  1584 I chatty  : uid=1013(media) AudioOut_2 expire 360 lines
05-05 23:15:18.334  1621  3460 W InputMethodManagerService: Window already focused, ignoring focus gain of: com.android.internal.view.IInputMethodClient$Stub$Proxy@bbe15f5 attribute=null, token = android.os.BinderProxy@1725e9e
05-05 23:15:18.342  1621  3492 I ActivityManager: Process com.android.phone (pid 6836) has died
05-05 23:15:18.342  1621  3492 W ActivityManager: Scheduling restart of crashed service com.android.phone/com.meizu.phone.MzTelephonyService in 0ms
05-05 23:15:18.343  1621  3492 W ActivityManager: Re-adding persistent process ProcessRecord{f24201f 6836:com.android.phone/1001}
05-05 23:15:18.358  6862  6862 E SELinux : seapp_context_lookup:  No match for app with uid 1001, seinfo (null), name com.android.phone
05-05 23:15:18.358  1621  3492 I ActivityManager: Start proc 6862:com.android.phone/1001 for restart com.android.phone
05-05 23:15:18.393  6862  6862 W System  : ClassLoader referenced unknown path: /system/priv-app/TeleService/lib/arm64
05-05 23:15:18.410  6862  6862 W System  : ClassLoader referenced unknown path: /system/priv-app/TelephonyProvider/lib/arm64
05-05 23:15:18.424  6862  6862 D TelephonyProvider: dbh.onOpen: ok, queried table=siminfo
05-05 23:15:18.425  6862  6862 D TelephonyProvider: dbh.onOpen: ok, queried table=carriers
05-05 23:15:18.457  6862  6862 E TelephonyPluginDelegate: error: TelephonyPluginDelegate instance is not created!!
05-05 23:15:18.457  6862  6862 D AndroidRuntime: Shutting down VM
05-05 23:15:18.458  6862  6862 E AndroidRuntime: FATAL EXCEPTION: main
05-05 23:15:18.458  6862  6862 E AndroidRuntime: Process: com.android.phone, PID: 6862
05-05 23:15:18.458  6862  6862 E AndroidRuntime: java.lang.RuntimeException: Unable to create application com.android.phone.PhoneApp: java.lang.NullPointerException: Attempt to invoke virtual method 'void com.android.internal.telephony.TelephonyPluginDelegate.initSubscriptionController(android.content.Context, com.android.internal.telephony.CommandsInterface[])' on a null object reference
05-05 23:15:18.458  6862  6862 E AndroidRuntime: 	at android.app.ActivityThread.handleBindApplication(ActivityThread.java:4726)
05-05 23:15:18.458  6862  6862 E AndroidRuntime: 	at android.app.ActivityThread.-wrap1(ActivityThread.java)
05-05 23:15:18.458  6862  6862 E AndroidRuntime: 	at android.app.ActivityThread$H.handleMessage(ActivityThread.java:1421)
05-05 23:15:18.458  6862  6862 E AndroidRuntime: 	at android.os.Handler.dispatchMessage(Handler.java:102)
05-05 23:15:18.458  6862  6862 E AndroidRuntime: 	at android.os.Looper.loop(Looper.java:148)
05-05 23:15:18.458  6862  6862 E AndroidRuntime: 	at android.app.ActivityThread.main(ActivityThread.java:5433)
05-05 23:15:18.458  6862  6862 E AndroidRuntime: 	at java.lang.reflect.Method.invoke(Native Method)
05-05 23:15:18.458  6862  6862 E AndroidRuntime: 	at com.android.internal.os.ZygoteInit$MethodAndArgsCaller.run(ZygoteInit.java:726)
05-05 23:15:18.458  6862  6862 E AndroidRuntime: 	at com.android.internal.os.ZygoteInit.main(ZygoteInit.java:616)
05-05 23:15:18.458  6862  6862 E AndroidRuntime: Caused by: java.lang.NullPointerException: Attempt to invoke virtual method 'void com.android.internal.telephony.TelephonyPluginDelegate.initSubscriptionController(android.content.Context, com.android.internal.telephony.CommandsInterface[])' on a null object reference
05-05 23:15:18.458  6862  6862 E AndroidRuntime: 	at com.android.internal.telephony.PhoneFactory.makeDefaultPhone(PhoneFactory.java:170)
05-05 23:15:18.458  6862  6862 E AndroidRuntime: 	at com.android.internal.telephony.PhoneFactory.makeDefaultPhones(PhoneFactory.java:86)
05-05 23:15:18.458  6862  6862 E AndroidRuntime: 	at com.android.phone.PhoneGlobals.onCreate(PhoneGlobals.java:417)
05-05 23:15:18.458  6862  6862 E AndroidRuntime: 	at com.android.phone.PhoneApp.onCreate(PhoneApp.java:47)
05-05 23:15:18.458  6862  6862 E AndroidRuntime: 	at android.app.Instrumentation.callApplicationOnCreate(Instrumentation.java:1014)
05-05 23:15:18.458  6862  6862 E AndroidRuntime: 	at android.app.ActivityThread.handleBindApplication(ActivityThread.java:4723)
05-05 23:15:18.458  6862  6862 E AndroidRuntime: 	... 8 more
05-05 23:15:18.459  1621  3535 W ActivityManager: Process com.android.phone has crashed too many times: killing!
05-05 23:15:18.521  1621  1656 W AppOps  : Finishing op nesting under-run: uid 1000 pkg android code 24 time=0 duration=0 nesting=0
05-05 23:15:19.984  6862  6862 I Process : Sending signal. PID: 6862 SIG: 9
05-05 23:15:19.996  1621  3174 W InputMethodManagerService: Window already focused, ignoring focus gain of: com.android.internal.view.IInputMethodClient$Stub$Proxy@85021f4 attribute=null, token = android.os.BinderProxy@1725e9e
05-05 23:15:20.007  1621  1649 I ActivityManager: Process com.android.phone (pid 6862) has died
05-05 23:15:20.007  1621  1649 W ActivityManager: Scheduling restart of crashed service com.android.phone/com.meizu.phone.MzTelephonyService in 0ms
05-05 23:15:20.008  1621  1649 W ActivityManager: Re-adding persistent process ProcessRecord{f24201f 6862:com.android.phone/1001}
05-05 23:15:20.016  6887  6887 E SELinux : seapp_context_lookup:  No match for app with uid 1001, seinfo (null), name com.android.phone
05-05 23:15:20.019  1621  1649 I ActivityManager: Start proc 6887:com.android.phone/1001 for restart com.android.phone
05-05 23:15:20.053  6887  6887 W System  : ClassLoader referenced unknown path: /system/priv-app/TeleService/lib/arm64
05-05 23:15:20.070  6887  6887 W System  : ClassLoader referenced unknown path: /system/priv-app/TelephonyProvider/lib/arm64
05-05 23:15:20.086  6887  6887 D TelephonyProvider: dbh.onOpen: ok, queried table=siminfo
05-05 23:15:20.087  6887  6887 D TelephonyProvider: dbh.onOpen: ok, queried table=carriers
05-05 23:15:20.118  6887  6887 E TelephonyPluginDelegate: error: TelephonyPluginDelegate instance is not created!!
05-05 23:15:20.119  6887  6887 D AndroidRuntime: Shutting down VM
05-05 23:15:20.119  6887  6887 E AndroidRuntime: FATAL EXCEPTION: main
05-05 23:15:20.119  6887  6887 E AndroidRuntime: Process: com.android.phone, PID: 6887
05-05 23:15:20.119  6887  6887 E AndroidRuntime: java.lang.RuntimeException: Unable to create application com.android.phone.PhoneApp: java.lang.NullPointerException: Attempt to invoke virtual method 'void com.android.internal.telephony.TelephonyPluginDelegate.initSubscriptionController(android.content.Context, com.android.internal.telephony.CommandsInterface[])' on a null object reference
05-05 23:15:20.119  6887  6887 E AndroidRuntime: 	at android.app.ActivityThread.handleBindApplication(ActivityThread.java:4726)
05-05 23:15:20.119  6887  6887 E AndroidRuntime: 	at android.app.ActivityThread.-wrap1(ActivityThread.java)
05-05 23:15:20.119  6887  6887 E AndroidRuntime: 	at android.app.ActivityThread$H.handleMessage(ActivityThread.java:1421)
05-05 23:15:20.119  6887  6887 E AndroidRuntime: 	at android.os.Handler.dispatchMessage(Handler.java:102)
05-05 23:15:20.119  6887  6887 E AndroidRuntime: 	at android.os.Looper.loop(Looper.java:148)
05-05 23:15:20.119  6887  6887 E AndroidRuntime: 	at android.app.ActivityThread.main(ActivityThread.java:5433)
05-05 23:15:20.119  6887  6887 E AndroidRuntime: 	at java.lang.reflect.Method.invoke(Native Method)
05-05 23:15:20.119  6887  6887 E AndroidRuntime: 	at com.android.internal.os.ZygoteInit$MethodAndArgsCaller.run(ZygoteInit.java:726)
05-05 23:15:20.119  6887  6887 E AndroidRuntime: 	at com.android.internal.os.ZygoteInit.main(ZygoteInit.java:616)
05-05 23:15:20.119  6887  6887 E AndroidRuntime: Caused by: java.lang.NullPointerException: Attempt to invoke virtual method 'void com.android.internal.telephony.TelephonyPluginDelegate.initSubscriptionController(android.content.Context, com.android.internal.telephony.CommandsInterface[])' on a null object reference
05-05 23:15:20.119  6887  6887 E AndroidRuntime: 	at com.android.internal.telephony.PhoneFactory.makeDefaultPhone(PhoneFactory.java:170)
05-05 23:15:20.119  6887  6887 E AndroidRuntime: 	at com.android.internal.telephony.PhoneFactory.makeDefaultPhones(PhoneFactory.java:86)
05-05 23:15:20.119  6887  6887 E AndroidRuntime: 	at com.android.phone.PhoneGlobals.onCreate(PhoneGlobals.java:417)
05-05 23:15:20.119  6887  6887 E AndroidRuntime: 	at com.android.phone.PhoneApp.onCreate(PhoneApp.java:47)
05-05 23:15:20.119  6887  6887 E AndroidRuntime: 	at android.app.Instrumentation.callApplicationOnCreate(Instrumentation.java:1014)
05-05 23:15:20.119  6887  6887 E AndroidRuntime: 	at android.app.ActivityThread.handleBindApplication(ActivityThread.java:4723)
05-05 23:15:20.119  6887  6887 E AndroidRuntime: 	... 8 more
05-05 23:15:20.121  1621  3174 W ActivityManager: Process com.android.phone has crashed too many times: killing!
05-05 23:15:20.192  1621  1656 W AppOps  : Finishing op nesting under-run: uid 1000 pkg android code 24 time=0 duration=0 nesting=0
05-05 23:15:20.653   527   625 E QCALOG  : [MessageQ] ProcessNewMessage: [XTWiFi-PE] unknown deliver target [OS-Agent]
05-05 23:15:20.747   527   625 E QCALOG  : [MessageQ] ProcessNewMessage: [XT-CS] unknown deliver target [OS-Agent]
05-05 23:15:20.792   636   784 W XTCC-5.1.0.10: [CS-RIL-LISTENER] timerCallback fired for ril update registering, re-register
05-05 23:15:20.793   527   625 E QCALOG  : [MessageQ] ProcessNewMessage: [XT-CS] unknown deliver target [OS-Agent]
05-05 23:15:21.340  6887  6887 I Process : Sending signal. PID: 6887 SIG: 9
05-05 23:15:21.355  1621  1648 W InputMethodManagerService: Window already focused, ignoring focus gain of: com.android.internal.view.IInputMethodClient$Stub$Proxy@11ebfaf attribute=null, token = android.os.BinderProxy@1725e9e
05-05 23:15:21.357  1621  3523 I ActivityManager: Process com.android.phone (pid 6887) has died
05-05 23:15:21.358  1621  3523 W ActivityManager: Scheduling restart of crashed service com.android.phone/com.meizu.phone.MzTelephonyService in 0ms
05-05 23:15:21.359  1621  3523 W ActivityManager: Re-adding persistent process ProcessRecord{f24201f 6887:com.android.phone/1001}
05-05 23:15:21.375  6911  6911 E SELinux : seapp_context_lookup:  No match for app with uid 1001, seinfo (null), name com.android.phone
05-05 23:15:21.375  1621  3523 I ActivityManager: Start proc 6911:com.android.phone/1001 for restart com.android.phone
05-05 23:15:21.413  6911  6911 W System  : ClassLoader referenced unknown path: /system/priv-app/TeleService/lib/arm64
05-05 23:15:21.432  6911  6911 W System  : ClassLoader referenced unknown path: /system/priv-app/TelephonyProvider/lib/arm64
05-05 23:15:21.447  6911  6911 D TelephonyProvider: dbh.onOpen: ok, queried table=siminfo
05-05 23:15:21.447  6911  6911 D TelephonyProvider: dbh.onOpen: ok, queried table=carriers
05-05 23:15:21.482  6911  6911 E TelephonyPluginDelegate: error: TelephonyPluginDelegate instance is not created!!
05-05 23:15:21.482  6911  6911 D AndroidRuntime: Shutting down VM
05-05 23:15:21.483  6911  6911 E AndroidRuntime: FATAL EXCEPTION: main
05-05 23:15:21.483  6911  6911 E AndroidRuntime: Process: com.android.phone, PID: 6911
05-05 23:15:21.483  6911  6911 E AndroidRuntime: java.lang.RuntimeException: Unable to create application com.android.phone.PhoneApp: java.lang.NullPointerException: Attempt to invoke virtual method 'void com.android.internal.telephony.TelephonyPluginDelegate.initSubscriptionController(android.content.Context, com.android.internal.telephony.CommandsInterface[])' on a null object reference
05-05 23:15:21.483  6911  6911 E AndroidRuntime: 	at android.app.ActivityThread.handleBindApplication(ActivityThread.java:4726)
05-05 23:15:21.483  6911  6911 E AndroidRuntime: 	at android.app.ActivityThread.-wrap1(ActivityThread.java)
05-05 23:15:21.483  6911  6911 E AndroidRuntime: 	at android.app.ActivityThread$H.handleMessage(ActivityThread.java:1421)
05-05 23:15:21.483  6911  6911 E AndroidRuntime: 	at android.os.Handler.dispatchMessage(Handler.java:102)
05-05 23:15:21.483  6911  6911 E AndroidRuntime: 	at android.os.Looper.loop(Looper.java:148)
05-05 23:15:21.483  6911  6911 E AndroidRuntime: 	at android.app.ActivityThread.main(ActivityThread.java:5433)
05-05 23:15:21.483  6911  6911 E AndroidRuntime: 	at java.lang.reflect.Method.invoke(Native Method)
05-05 23:15:21.483  6911  6911 E AndroidRuntime: 	at com.android.internal.os.ZygoteInit$MethodAndArgsCaller.run(ZygoteInit.java:726)
05-05 23:15:21.483  6911  6911 E AndroidRuntime: 	at com.android.internal.os.ZygoteInit.main(ZygoteInit.java:616)
05-05 23:15:21.483  6911  6911 E AndroidRuntime: Caused by: java.lang.NullPointerException: Attempt to invoke virtual method 'void com.android.internal.telephony.TelephonyPluginDelegate.initSubscriptionController(android.content.Context, com.android.internal.telephony.CommandsInterface[])' on a null object reference
05-05 23:15:21.483  6911  6911 E AndroidRuntime: 	at com.android.internal.telephony.PhoneFactory.makeDefaultPhone(PhoneFactory.java:170)
05-05 23:15:21.483  6911  6911 E AndroidRuntime: 	at com.android.internal.telephony.PhoneFactory.makeDefaultPhones(PhoneFactory.java:86)
05-05 23:15:21.483  6911  6911 E AndroidRuntime: 	at com.android.phone.PhoneGlobals.onCreate(PhoneGlobals.java:417)
05-05 23:15:21.483  6911  6911 E AndroidRuntime: 	at com.android.phone.PhoneApp.onCreate(PhoneApp.java:47)
05-05 23:15:21.483  6911  6911 E AndroidRuntime: 	at android.app.Instrumentation.callApplicationOnCreate(Instrumentation.java:1014)
05-05 23:15:21.483  6911  6911 E AndroidRuntime: 	at android.app.ActivityThread.handleBindApplication(ActivityThread.java:4723)
05-05 23:15:21.483  6911  6911 E AndroidRuntime: 	... 8 more
05-05 23:15:21.485  1621  1649 W ActivityManager: Process com.android.phone has crashed too many times: killing!
05-05 23:15:21.548  1621  1656 W AppOps  : Finishing op nesting under-run: uid 1000 pkg android code 24 time=0 duration=0 nesting=0
05-05 23:15:21.740  1621  2870 E flymed_connector: Communications error: java.io.IOException: No such file or directory
05-05 23:15:21.742  1621  2870 E flymed_connector: Error in NativeDaemonConnector: java.io.IOException: No such file or directory
05-05 23:15:23.475  6911  6911 I Process : Sending signal. PID: 6911 SIG: 9
05-05 23:15:23.494  1621  3501 W InputMethodManagerService: Window already focused, ignoring focus gain of: com.android.internal.view.IInputMethodClient$Stub$Proxy@edaad16 attribute=null, token = android.os.BinderProxy@1725e9e
05-05 23:15:23.496  1621  3518 I ActivityManager: Process com.android.phone (pid 6911) has died
05-05 23:15:23.497  1621  3518 W ActivityManager: Scheduling restart of crashed service com.android.phone/com.meizu.phone.MzTelephonyService in 0ms
05-05 23:15:23.498  1621  3518 W ActivityManager: Re-adding persistent process ProcessRecord{f24201f 6911:com.android.phone/1001}
05-05 23:15:23.510  6935  6935 E SELinux : seapp_context_lookup:  No match for app with uid 1001, seinfo (null), name com.android.phone
05-05 23:15:23.512  1621  3518 I ActivityManager: Start proc 6935:com.android.phone/1001 for restart com.android.phone
05-05 23:15:23.540  6935  6935 W System  : ClassLoader referenced unknown path: /system/priv-app/TeleService/lib/arm64
05-05 23:15:23.557  6935  6935 W System  : ClassLoader referenced unknown path: /system/priv-app/TelephonyProvider/lib/arm64
05-05 23:15:23.571  6935  6935 D TelephonyProvider: dbh.onOpen: ok, queried table=siminfo
05-05 23:15:23.572  6935  6935 D TelephonyProvider: dbh.onOpen: ok, queried table=carriers
05-05 23:15:23.606  6935  6935 E TelephonyPluginDelegate: error: TelephonyPluginDelegate instance is not created!!
05-05 23:15:23.606  6935  6935 D AndroidRuntime: Shutting down VM
05-05 23:15:23.607  6935  6935 E AndroidRuntime: FATAL EXCEPTION: main
05-05 23:15:23.607  6935  6935 E AndroidRuntime: Process: com.android.phone, PID: 6935
05-05 23:15:23.607  6935  6935 E AndroidRuntime: java.lang.RuntimeException: Unable to create application com.android.phone.PhoneApp: java.lang.NullPointerException: Attempt to invoke virtual method 'void com.android.internal.telephony.TelephonyPluginDelegate.initSubscriptionController(android.content.Context, com.android.internal.telephony.CommandsInterface[])' on a null object reference
05-05 23:15:23.607  6935  6935 E AndroidRuntime: 	at android.app.ActivityThread.handleBindApplication(ActivityThread.java:4726)
05-05 23:15:23.607  6935  6935 E AndroidRuntime: 	at android.app.ActivityThread.-wrap1(ActivityThread.java)
05-05 23:15:23.607  6935  6935 E AndroidRuntime: 	at android.app.ActivityThread$H.handleMessage(ActivityThread.java:1421)
05-05 23:15:23.607  6935  6935 E AndroidRuntime: 	at android.os.Handler.dispatchMessage(Handler.java:102)
05-05 23:15:23.607  6935  6935 E AndroidRuntime: 	at android.os.Looper.loop(Looper.java:148)
05-05 23:15:23.607  6935  6935 E AndroidRuntime: 	at android.app.ActivityThread.main(ActivityThread.java:5433)
05-05 23:15:23.607  6935  6935 E AndroidRuntime: 	at java.lang.reflect.Method.invoke(Native Method)
05-05 23:15:23.607  6935  6935 E AndroidRuntime: 	at com.android.internal.os.ZygoteInit$MethodAndArgsCaller.run(ZygoteInit.java:726)
05-05 23:15:23.607  6935  6935 E AndroidRuntime: 	at com.android.internal.os.ZygoteInit.main(ZygoteInit.java:616)
05-05 23:15:23.607  6935  6935 E AndroidRuntime: Caused by: java.lang.NullPointerException: Attempt to invoke virtual method 'void com.android.internal.telephony.TelephonyPluginDelegate.initSubscriptionController(android.content.Context, com.android.internal.telephony.CommandsInterface[])' on a null object reference
05-05 23:15:23.607  6935  6935 E AndroidRuntime: 	at com.android.internal.telephony.PhoneFactory.makeDefaultPhone(PhoneFactory.java:170)
05-05 23:15:23.607  6935  6935 E AndroidRuntime: 	at com.android.internal.telephony.PhoneFactory.makeDefaultPhones(PhoneFactory.java:86)
05-05 23:15:23.607  6935  6935 E AndroidRuntime: 	at com.android.phone.PhoneGlobals.onCreate(PhoneGlobals.java:417)
05-05 23:15:23.607  6935  6935 E AndroidRuntime: 	at com.android.phone.PhoneApp.onCreate(PhoneApp.java:47)
05-05 23:15:23.607  6935  6935 E AndroidRuntime: 	at android.app.Instrumentation.callApplicationOnCreate(Instrumentation.java:1014)
05-05 23:15:23.607  6935  6935 E AndroidRuntime: 	at android.app.ActivityThread.handleBindApplication(ActivityThread.java:4723)
05-05 23:15:23.607  6935  6935 E AndroidRuntime: 	... 8 more
05-05 23:15:23.608  1621  3523 W ActivityManager: Process com.android.phone has crashed too many times: killing!
05-05 23:15:23.687  1621  1656 W AppOps  : Finishing op nesting under-run: uid 1000 pkg android code 24 time=0 duration=0 nesting=0
05-05 23:15:25.219  3473  3653 I chatty  : uid=1000(system) PowerStateThrea expire 22 lines
05-05 23:15:25.654   527   625 E QCALOG  : [MessageQ] ProcessNewMessage: [XTWiFi-PE] unknown deliver target [OS-Agent]
05-05 23:15:25.748   527   625 E QCALOG  : [MessageQ] ProcessNewMessage: [XT-CS] unknown deliver target [OS-Agent]
05-05 23:15:25.793   636   784 W XTCC-5.1.0.10: [CS-RIL-LISTENER] timerCallback fired for ril update registering, re-register
05-05 23:15:25.794   527   625 E QCALOG  : [MessageQ] ProcessNewMessage: [XT-CS] unknown deliver target [OS-Agent]
