05-05 23:15:38.062  4904  5299 D UsageStats_UsageStatsUploader: DB_CHANGED, current count is 0, stop time alarm.
05-05 23:15:38.066  5370  5400 D UsageStats_UsageStatsUploader: DB_CHANGED, current count is 0, stop time alarm.
05-05 23:15:38.066  3958  3980 D UsageStats_UsageStatsUploader: DB_CHANGED, current count is 0, stop time alarm.
05-05 23:15:38.069  5888  5963 D UsageStats_UsageStatsUploader: DB_CHANGED, current count is 0, stop time alarm.
05-05 23:15:38.070  6240  6269 D UsageStats_UsageStatsUploader: DB_CHANGED, current count is 0, stop time alarm.
05-05 23:15:38.070  5308  5330 I chatty  : uid=1000(system) UsageStats_Logg expire 1 line
05-05 23:15:38.082  7187  7187 E TelephonyPluginDelegate: error: TelephonyPluginDelegate instance is not created!!
05-05 23:15:38.083  7187  7187 D AndroidRuntime: Shutting down VM
05-05 23:15:38.083  7187  7187 E AndroidRuntime: FATAL EXCEPTION: main
05-05 23:15:38.083  7187  7187 E AndroidRuntime: Process: com.android.phone, PID: 7187
05-05 23:15:38.083  7187  7187 E AndroidRuntime: java.lang.RuntimeException: Unable to create application com.android.phone.PhoneApp: java.lang.NullPointerException: Attempt to invoke virtual method 'void com.android.internal.telephony.TelephonyPluginDelegate.initSubscriptionController(android.content.Context, com.android.internal.telephony.CommandsInterface[])' on a null object reference
05-05 23:15:38.083  7187  7187 E AndroidRuntime: 	at android.app.ActivityThread.handleBindApplication(ActivityThread.java:4726)
05-05 23:15:38.083  7187  7187 E AndroidRuntime: 	at android.app.ActivityThread.-wrap1(ActivityThread.java)
05-05 23:15:38.083  7187  7187 E AndroidRuntime: 	at android.app.ActivityThread$H.handleMessage(ActivityThread.java:1421)
05-05 23:15:38.083  7187  7187 E AndroidRuntime: 	at android.os.Handler.dispatchMessage(Handler.java:102)
05-05 23:15:38.083  7187  7187 E AndroidRuntime: 	at android.os.Looper.loop(Looper.java:148)
05-05 23:15:38.083  7187  7187 E AndroidRuntime: 	at android.app.ActivityThread.main(ActivityThread.java:5433)
05-05 23:15:38.083  7187  7187 E AndroidRuntime: 	at java.lang.reflect.Method.invoke(Native Method)
05-05 23:15:38.083  7187  7187 E AndroidRuntime: 	at com.android.internal.os.ZygoteInit$MethodAndArgsCaller.run(ZygoteInit.java:726)
05-05 23:15:38.083  7187  7187 E AndroidRuntime: 	at com.android.internal.os.ZygoteInit.main(ZygoteInit.java:616)
05-05 23:15:38.083  7187  7187 E AndroidRuntime: Caused by: java.lang.NullPointerException: Attempt to invoke virtual method 'void com.android.internal.telephony.TelephonyPluginDelegate.initSubscriptionController(android.content.Context, com.android.internal.telephony.CommandsInterface[])' on a null object reference
05-05 23:15:38.083  7187  7187 E AndroidRuntime: 	at com.android.internal.telephony.PhoneFactory.makeDefaultPhone(PhoneFactory.java:170)
05-05 23:15:38.083  7187  7187 E AndroidRuntime: 	at com.android.internal.telephony.PhoneFactory.makeDefaultPhones(PhoneFactory.java:86)
05-05 23:15:38.083  7187  7187 E AndroidRuntime: 	at com.android.phone.PhoneGlobals.onCreate(PhoneGlobals.java:417)
05-05 23:15:38.083  7187  7187 E AndroidRuntime: 	at com.android.phone.PhoneApp.onCreate(PhoneApp.java:47)
05-05 23:15:38.083  7187  7187 E AndroidRuntime: 	at android.app.Instrumentation.callApplicationOnCreate(Instrumentation.java:1014)
05-05 23:15:38.083  7187  7187 E AndroidRuntime: 	at android.app.ActivityThread.handleBindApplication(ActivityThread.java:4723)
05-05 23:15:38.083  7187  7187 E AndroidRuntime: 	... 8 more
05-05 23:15:38.085  1621  2975 W ActivityManager: Process com.android.phone has crashed too many times: killing!
05-05 23:15:38.146  1621  1656 W AppOps  : Finishing op nesting under-run: uid 1000 pkg android code 24 time=0 duration=0 nesting=0
05-05 23:15:39.465  7187  7187 I Process : Sending signal. PID: 7187 SIG: 9
05-05 23:15:39.473  1621  3523 W InputMethodManagerService: Window already focused, ignoring focus gain of: com.android.internal.view.IInputMethodClient$Stub$Proxy@11292c6 attribute=null, token = android.os.BinderProxy@1725e9e
05-05 23:15:39.478  1621  3174 I ActivityManager: Process com.android.phone (pid 7187) has died
05-05 23:15:39.478  1621  3174 W ActivityManager: Scheduling restart of crashed service com.android.phone/com.meizu.phone.MzTelephonyService in 0ms
05-05 23:15:39.478  1621  3174 W ActivityManager: Re-adding persistent process ProcessRecord{f24201f 7187:com.android.phone/1001}
05-05 23:15:39.491  7213  7213 E SELinux : seapp_context_lookup:  No match for app with uid 1001, seinfo (null), name com.android.phone
05-05 23:15:39.493  1621  3174 I ActivityManager: Start proc 7213:com.android.phone/1001 for restart com.android.phone
05-05 23:15:39.525  7213  7213 W System  : ClassLoader referenced unknown path: /system/priv-app/TeleService/lib/arm64
05-05 23:15:39.544  7213  7213 W System  : ClassLoader referenced unknown path: /system/priv-app/TelephonyProvider/lib/arm64
05-05 23:15:39.559  7213  7213 D TelephonyProvider: dbh.onOpen: ok, queried table=siminfo
05-05 23:15:39.560  7213  7213 D TelephonyProvider: dbh.onOpen: ok, queried table=carriers
05-05 23:15:39.607  7213  7213 E TelephonyPluginDelegate: error: TelephonyPluginDelegate instance is not created!!
05-05 23:15:39.608  7213  7213 D AndroidRuntime: Shutting down VM
05-05 23:15:39.608  7213  7213 E AndroidRuntime: FATAL EXCEPTION: main
05-05 23:15:39.608  7213  7213 E AndroidRuntime: Process: com.android.phone, PID: 7213
05-05 23:15:39.608  7213  7213 E AndroidRuntime: java.lang.RuntimeException: Unable to create application com.android.phone.PhoneApp: java.lang.NullPointerException: Attempt to invoke virtual method 'void com.android.internal.telephony.TelephonyPluginDelegate.initSubscriptionController(android.content.Context, com.android.internal.telephony.CommandsInterface[])' on a null object reference
05-05 23:15:39.608  7213  7213 E AndroidRuntime: 	at android.app.ActivityThread.handleBindApplication(ActivityThread.java:4726)
05-05 23:15:39.608  7213  7213 E AndroidRuntime: 	at android.app.ActivityThread.-wrap1(ActivityThread.java)
05-05 23:15:39.608  7213  7213 E AndroidRuntime: 	at android.app.ActivityThread$H.handleMessage(ActivityThread.java:1421)
05-05 23:15:39.608  7213  7213 E AndroidRuntime: 	at android.os.Handler.dispatchMessage(Handler.java:102)
05-05 23:15:39.608  7213  7213 E AndroidRuntime: 	at android.os.Looper.loop(Looper.java:148)
05-05 23:15:39.608  7213  7213 E AndroidRuntime: 	at android.app.ActivityThread.main(ActivityThread.java:5433)
05-05 23:15:39.608  7213  7213 E AndroidRuntime: 	at java.lang.reflect.Method.invoke(Native Method)
05-05 23:15:39.608  7213  7213 E AndroidRuntime: 	at com.android.internal.os.ZygoteInit$MethodAndArgsCaller.run(ZygoteInit.java:726)
05-05 23:15:39.608  7213  7213 E AndroidRuntime: 	at com.android.internal.os.ZygoteInit.main(ZygoteInit.java:616)
05-05 23:15:39.608  7213  7213 E AndroidRuntime: Caused by: java.lang.NullPointerException: Attempt to invoke virtual method 'void com.android.internal.telephony.TelephonyPluginDelegate.initSubscriptionController(android.content.Context, com.android.internal.telephony.CommandsInterface[])' on a null object reference
05-05 23:15:39.608  7213  7213 E AndroidRuntime: 	at com.android.internal.telephony.PhoneFactory.makeDefaultPhone(PhoneFactory.java:170)
05-05 23:15:39.608  7213  7213 E AndroidRuntime: 	at com.android.internal.telephony.PhoneFactory.makeDefaultPhones(PhoneFactory.java:86)
05-05 23:15:39.608  7213  7213 E AndroidRuntime: 	at com.android.phone.PhoneGlobals.onCreate(PhoneGlobals.java:417)
05-05 23:15:39.608  7213  7213 E AndroidRuntime: 	at com.android.phone.PhoneApp.onCreate(PhoneApp.java:47)
05-05 23:15:39.608  7213  7213 E AndroidRuntime: 	at android.app.Instrumentation.callApplicationOnCreate(Instrumentation.java:1014)
05-05 23:15:39.608  7213  7213 E AndroidRuntime: 	at android.app.ActivityThread.handleBindApplication(ActivityThread.java:4723)
05-05 23:15:39.608  7213  7213 E AndroidRuntime: 	... 8 more
05-05 23:15:39.610  1621  2915 W ActivityManager: Process com.android.phone has crashed too many times: killing!
05-05 23:15:39.686  3710  3710 I chatty  : uid=1000(system) RenderThread expire 1 line
05-05 23:15:39.691  1621  1656 W AppOps  : Finishing op nesting under-run: uid 1000 pkg android code 24 time=0 duration=0 nesting=0
05-05 23:15:40.198   486  1584 I chatty  : uid=1013(media) AudioOut_2 expire 305 lines
05-05 23:15:40.655   527   625 E QCALOG  : [MessageQ] ProcessNewMessage: [XTWiFi-PE] unknown deliver target [OS-Agent]
05-05 23:15:40.748   527   625 E QCALOG  : [MessageQ] ProcessNewMessage: [XT-CS] unknown deliver target [OS-Agent]
05-05 23:15:40.794   636   784 W XTCC-5.1.0.10: [CS-RIL-LISTENER] timerCallback fired for ril update registering, re-register
05-05 23:15:40.795   527   625 E QCALOG  : [MessageQ] ProcessNewMessage: [XT-CS] unknown deliver target [OS-Agent]
05-05 23:15:41.420  7213  7213 I Process : Sending signal. PID: 7213 SIG: 9
05-05 23:15:41.435  3386  3386 D liyue   : getCandidatesForCacheeeeeeeeeeeeeee
05-05 23:15:41.435  3386  3386 D liyue   : insert:mCandidatesList.size =0;mCandidatesExtraInfoList.size=0
05-05 23:15:41.435  3386  3386 D liyue   : checkTotalNum, lastIndex=-1
05-05 23:15:41.435  3386  3386 D liyue   : totalCandsNum = 2147483647
05-05 23:15:41.435  3386  3386 D liyue   : getCandidatesForCacheeeeeeeeeeeeeee
05-05 23:15:41.435  3386  3386 D yangbin : count: 0
05-05 23:15:41.435  3386  3386 D liyue   : insert:mCandidatesList.size =0;mCandidatesExtraInfoList.size=0
05-05 23:15:41.435  3386  3386 D liyue   : checkTotalNum, lastIndex=-1
05-05 23:15:41.435  3386  3386 D liyue   : totalCandsNum = 2147483647
05-05 23:15:41.437  3386  3386 W Settings: Setting device_provisioned has moved from android.provider.Settings.Secure to android.provider.Settings.Global.
05-05 23:15:41.440  3386  3386 D liyue   : getCandidatesForCacheeeeeeeeeeeeeee
05-05 23:15:41.440  3386  3386 D liyue   : insert:mCandidatesList.size =0;mCandidatesExtraInfoList.size=0
05-05 23:15:41.440  3386  3386 D liyue   : checkTotalNum, lastIndex=-1
05-05 23:15:41.440  3386  3386 D liyue   : totalCandsNum = 2147483647
05-05 23:15:41.440  3386  3386 D liyue   : getCandidatesForCacheeeeeeeeeeeeeee
05-05 23:15:41.440  3386  3386 D yangbin : count: 0
05-05 23:15:41.440  3386  3386 D liyue   : insert:mCandidatesList.size =0;mCandidatesExtraInfoList.size=0
05-05 23:15:41.441  3386  3386 D liyue   : checkTotalNum, lastIndex=-1
05-05 23:15:41.441  3386  3386 D liyue   : totalCandsNum = 2147483647
05-05 23:15:41.446  1621  3503 I ActivityManager: Process com.android.phone (pid 7213) has died
05-05 23:15:41.447  1621  3503 W ActivityManager: Scheduling restart of crashed service com.android.phone/com.meizu.phone.MzTelephonyService in 0ms
05-05 23:15:41.447  1621  3503 W ActivityManager: Re-adding persistent process ProcessRecord{f24201f 7213:com.android.phone/1001}
05-05 23:15:41.448  3005  3005 W StatusBar: updateNotification for unknown pkg: android
05-05 23:15:41.449  4182  4194 I chatty  : uid=10033(com.flyme.systemuitools) Binder_1 expire 2 lines
05-05 23:15:41.449  3005  3005 I chatty  : uid=10033(com.flyme.systemuitools) com.android.systemui expire 2 lines
05-05 23:15:41.450  4027  4040 I chatty  : uid=1000(system) Binder_2 expire 2 lines
05-05 23:15:41.451  1621  1621 I chatty  : uid=1000 system_server expire 2 lines
05-05 23:15:41.460  7238  7238 E SELinux : seapp_context_lookup:  No match for app with uid 1001, seinfo (null), name com.android.phone
05-05 23:15:41.461  1621  3503 I ActivityManager: Start proc 7238:com.android.phone/1001 for restart com.android.phone
05-05 23:15:41.462  3502  3898 I chatty  : uid=1000(system) Binder_3 expire 1 line
05-05 23:15:41.463  3386  7010 W System.err: java.lang.SecurityException: Permission Denial: writing com.meizu.stats.UsageStatsProvider uri content://com.meizu.usagestats/event from pid=3386, uid=10025 requires com.meizu.stats.permission.WRITE_USAGESTATS, or grantUriPermission()
05-05 23:15:41.463  3386  7010 W System.err: 	at android.os.Parcel.readException(Parcel.java:1620)
05-05 23:15:41.463  3386  7010 W System.err: 	at android.database.DatabaseUtils.readExceptionFromParcel(DatabaseUtils.java:183)
05-05 23:15:41.463  3386  7010 W System.err: 	at android.database.DatabaseUtils.readExceptionFromParcel(DatabaseUtils.java:135)
05-05 23:15:41.463  3386  7010 W System.err: 	at android.content.ContentProviderProxy.insert(ContentProviderNative.java:476)
05-05 23:15:41.463  3386  7010 W System.err: 	at android.content.ContentResolver.insert(ContentResolver.java:1234)
05-05 23:15:41.463  3386  7010 W System.err: 	at com.meizu.statsapp.UsageStatsProviderHelper.insertEvent(UsageStatsProviderHelper.java:114)
05-05 23:15:41.463  3386  7010 W System.err: 	at com.meizu.statsapp.UsageStatsManagerServer$RecordHandler.insertEvent(UsageStatsManagerServer.java:330)
05-05 23:15:41.463  3386  7010 W System.err: 	at com.meizu.statsapp.UsageStatsManagerServer$RecordHandler.handleMessage(UsageStatsManagerServer.java:201)
05-05 23:15:41.463  3386  7010 W System.err: 	at android.os.Handler.dispatchMessage(Handler.java:102)
05-05 23:15:41.463  3386  7010 W System.err: 	at android.os.Looper.loop(Looper.java:148)
05-05 23:15:41.463  3386  7010 W System.err: 	at android.os.HandlerThread.run(HandlerThread.java:61)
05-05 23:15:41.466  4027  4038 I chatty  : uid=1000(system) Binder_1 expire 2 lines
05-05 23:15:41.469  4182  4194 I chatty  : uid=10033(com.flyme.systemuitools) Binder_1 expire 2 lines
05-05 23:15:41.471  4027  4341 I chatty  : uid=1000(system) Binder_3 expire 4 lines
05-05 23:15:41.473  3005  3005 I chatty  : uid=10033(com.flyme.systemuitools) com.android.systemui expire 44 lines
05-05 23:15:41.521  7238  7238 W System  : ClassLoader referenced unknown path: /system/priv-app/TeleService/lib/arm64
05-05 23:15:41.543  7238  7238 W System  : ClassLoader referenced unknown path: /system/priv-app/TelephonyProvider/lib/arm64
05-05 23:15:41.559  7238  7238 D TelephonyProvider: dbh.onOpen: ok, queried table=siminfo
05-05 23:15:41.560  7238  7238 D TelephonyProvider: dbh.onOpen: ok, queried table=carriers
05-05 23:15:41.590  3005  3005 W StatusBar: updateNotification for unknown pkg: android
05-05 23:15:41.605  7238  7238 E TelephonyPluginDelegate: error: TelephonyPluginDelegate instance is not created!!
05-05 23:15:41.605  7238  7238 D AndroidRuntime: Shutting down VM
05-05 23:15:41.606  7238  7238 E AndroidRuntime: FATAL EXCEPTION: main
05-05 23:15:41.606  7238  7238 E AndroidRuntime: Process: com.android.phone, PID: 7238
05-05 23:15:41.606  7238  7238 E AndroidRuntime: java.lang.RuntimeException: Unable to create application com.android.phone.PhoneApp: java.lang.NullPointerException: Attempt to invoke virtual method 'void com.android.internal.telephony.TelephonyPluginDelegate.initSubscriptionController(android.content.Context, com.android.internal.telephony.CommandsInterface[])' on a null object reference
05-05 23:15:41.606  7238  7238 E AndroidRuntime: 	at android.app.ActivityThread.handleBindApplication(ActivityThread.java:4726)
05-05 23:15:41.606  7238  7238 E AndroidRuntime: 	at android.app.ActivityThread.-wrap1(ActivityThread.java)
05-05 23:15:41.606  7238  7238 E AndroidRuntime: 	at android.app.ActivityThread$H.handleMessage(ActivityThread.java:1421)
05-05 23:15:41.606  7238  7238 E AndroidRuntime: 	at android.os.Handler.dispatchMessage(Handler.java:102)
05-05 23:15:41.606  7238  7238 E AndroidRuntime: 	at android.os.Looper.loop(Looper.java:148)
05-05 23:15:41.606  7238  7238 E AndroidRuntime: 	at android.app.ActivityThread.main(ActivityThread.java:5433)
05-05 23:15:41.606  7238  7238 E AndroidRuntime: 	at java.lang.reflect.Method.invoke(Native Method)
05-05 23:15:41.606  7238  7238 E AndroidRuntime: 	at com.android.internal.os.ZygoteInit$MethodAndArgsCaller.run(ZygoteInit.java:726)
05-05 23:15:41.606  7238  7238 E AndroidRuntime: 	at com.android.internal.os.ZygoteInit.main(ZygoteInit.java:616)
05-05 23:15:41.606  7238  7238 E AndroidRuntime: Caused by: java.lang.NullPointerException: Attempt to invoke virtual method 'void com.android.internal.telephony.TelephonyPluginDelegate.initSubscriptionController(android.content.Context, com.android.internal.telephony.CommandsInterface[])' on a null object reference
05-05 23:15:41.606  7238  7238 E AndroidRuntime: 	at com.android.internal.telephony.PhoneFactory.makeDefaultPhone(PhoneFactory.java:170)
05-05 23:15:41.606  7238  7238 E AndroidRuntime: 	at com.android.internal.telephony.PhoneFactory.makeDefaultPhones(PhoneFactory.java:86)
05-05 23:15:41.606  7238  7238 E AndroidRuntime: 	at com.android.phone.PhoneGlobals.onCreate(PhoneGlobals.java:417)
05-05 23:15:41.606  7238  7238 E AndroidRuntime: 	at com.android.phone.PhoneApp.onCreate(PhoneApp.java:47)
05-05 23:15:41.606  7238  7238 E AndroidRuntime: 	at android.app.Instrumentation.callApplicationOnCreate(Instrumentation.java:1014)
05-05 23:15:41.606  7238  7238 E AndroidRuntime: 	at android.app.ActivityThread.handleBindApplication(ActivityThread.java:4723)
05-05 23:15:41.606  7238  7238 E AndroidRuntime: 	... 8 more
05-05 23:15:41.608  1621  3535 W ActivityManager: Process com.android.phone has crashed too many times: killing!
05-05 23:15:41.628  1621  1656 W AppOps  : Finishing op nesting under-run: uid 1000 pkg android code 24 time=0 duration=0 nesting=0
05-05 23:15:41.660  1621  4154 I chatty  : uid=1000(system) RenderThread expire 2 lines
05-05 23:15:41.748  1621  2870 E flymed_connector: Communications error: java.io.IOException: No such file or directory
05-05 23:15:41.749  1621  2870 E flymed_connector: Error in NativeDaemonConnector: java.io.IOException: No such file or directory
05-05 23:15:42.762   468   468 I chatty  : uid=1000(system) /system/bin/servicemanager expire 1 line
05-05 23:15:43.010  7238  7238 I Process : Sending signal. PID: 7238 SIG: 9
05-05 23:15:43.020  1621  3523 W InputMethodManagerService: Window already focused, ignoring focus gain of: com.android.internal.view.IInputMethodClient$Stub$Proxy@3e97bf3 attribute=null, token = android.os.BinderProxy@a697702
05-05 23:15:43.040  1621  3174 I ActivityManager: Process com.android.phone (pid 7238) has died
05-05 23:15:43.040  1621  3174 W ActivityManager: Scheduling restart of crashed service com.android.phone/com.meizu.phone.MzTelephonyService in 0ms
05-05 23:15:43.041  1621  3174 W ActivityManager: Re-adding persistent process ProcessRecord{f24201f 7238:com.android.phone/1001}
05-05 23:15:43.052  7264  7264 E SELinux : seapp_context_lookup:  No match for app with uid 1001, seinfo (null), name com.android.phone
05-05 23:15:43.052  1621  3174 I ActivityManager: Start proc 7264:com.android.phone/1001 for restart com.android.phone
05-05 23:15:43.085  7264  7264 W System  : ClassLoader referenced unknown path: /system/priv-app/TeleService/lib/arm64
05-05 23:15:43.103  7264  7264 W System  : ClassLoader referenced unknown path: /system/priv-app/TelephonyProvider/lib/arm64
05-05 23:15:43.117  7264  7264 D TelephonyProvider: dbh.onOpen: ok, queried table=siminfo
05-05 23:15:43.118  7264  7264 D TelephonyProvider: dbh.onOpen: ok, queried table=carriers
05-05 23:15:43.155  7264  7264 E TelephonyPluginDelegate: error: TelephonyPluginDelegate instance is not created!!
05-05 23:15:43.155  7264  7264 D AndroidRuntime: Shutting down VM
05-05 23:15:43.156  7264  7264 E AndroidRuntime: FATAL EXCEPTION: main
05-05 23:15:43.156  7264  7264 E AndroidRuntime: Process: com.android.phone, PID: 7264
05-05 23:15:43.156  7264  7264 E AndroidRuntime: java.lang.RuntimeException: Unable to create application com.android.phone.PhoneApp: java.lang.NullPointerException: Attempt to invoke virtual method 'void com.android.internal.telephony.TelephonyPluginDelegate.initSubscriptionController(android.content.Context, com.android.internal.telephony.CommandsInterface[])' on a null object reference
05-05 23:15:43.156  7264  7264 E AndroidRuntime: 	at android.app.ActivityThread.handleBindApplication(ActivityThread.java:4726)
05-05 23:15:43.156  7264  7264 E AndroidRuntime: 	at android.app.ActivityThread.-wrap1(ActivityThread.java)
05-05 23:15:43.156  7264  7264 E AndroidRuntime: 	at android.app.ActivityThread$H.handleMessage(ActivityThread.java:1421)
05-05 23:15:43.156  7264  7264 E AndroidRuntime: 	at android.os.Handler.dispatchMessage(Handler.java:102)
05-05 23:15:43.156  7264  7264 E AndroidRuntime: 	at android.os.Looper.loop(Looper.java:148)
05-05 23:15:43.156  7264  7264 E AndroidRuntime: 	at android.app.ActivityThread.main(ActivityThread.java:5433)
05-05 23:15:43.156  7264  7264 E AndroidRuntime: 	at java.lang.reflect.Method.invoke(Native Method)
05-05 23:15:43.156  7264  7264 E AndroidRuntime: 	at com.android.internal.os.ZygoteInit$MethodAndArgsCaller.run(ZygoteInit.java:726)
05-05 23:15:43.156  7264  7264 E AndroidRuntime: 	at com.android.internal.os.ZygoteInit.main(ZygoteInit.java:616)
05-05 23:15:43.156  7264  7264 E AndroidRuntime: Caused by: java.lang.NullPointerException: Attempt to invoke virtual method 'void com.android.internal.telephony.TelephonyPluginDelegate.initSubscriptionController(android.content.Context, com.android.internal.telephony.CommandsInterface[])' on a null object reference
05-05 23:15:43.156  7264  7264 E AndroidRuntime: 	at com.android.internal.telephony.PhoneFactory.makeDefaultPhone(PhoneFactory.java:170)
05-05 23:15:43.156  7264  7264 E AndroidRuntime: 	at com.android.internal.telephony.PhoneFactory.makeDefaultPhones(PhoneFactory.java:86)
05-05 23:15:43.156  7264  7264 E AndroidRuntime: 	at com.android.phone.PhoneGlobals.onCreate(PhoneGlobals.java:417)
05-05 23:15:43.156  7264  7264 E AndroidRuntime: 	at com.android.phone.PhoneApp.onCreate(PhoneApp.java:47)
05-05 23:15:43.156  7264  7264 E AndroidRuntime: 	at android.app.Instrumentation.callApplicationOnCreate(Instrumentation.java:1014)
05-05 23:15:43.156  7264  7264 E AndroidRuntime: 	at android.app.ActivityThread.handleBindApplication(ActivityThread.java:4723)
05-05 23:15:43.156  7264  7264 E AndroidRuntime: 	... 8 more
05-05 23:15:43.158  1621  2975 W ActivityManager: Process com.android.phone has crashed too many times: killing!
05-05 23:15:43.216  1621  1656 W AppOps  : Finishing op nesting under-run: uid 1000 pkg android code 24 time=0 duration=0 nesting=0
05-05 23:15:45.284  3473  3653 I chatty  : uid=1000(system) PowerStateThrea expire 11 lines
05-05 23:15:45.386  7264  7264 I Process : Sending signal. PID: 7264 SIG: 9
05-05 23:15:45.397  1621  2975 W InputMethodManagerService: Window already focused, ignoring focus gain of: com.android.internal.view.IInputMethodClient$Stub$Proxy@d09636a attribute=null, token = android.os.BinderProxy@a697702
05-05 23:15:45.402  1621  3460 I ActivityManager: Process com.android.phone (pid 7264) has died
05-05 23:15:45.403  1621  3460 W ActivityManager: Scheduling restart of crashed service com.android.phone/com.meizu.phone.MzTelephonyService in 0ms
05-05 23:15:45.404  1621  3460 W ActivityManager: Re-adding persistent process ProcessRecord{f24201f 7264:com.android.phone/1001}
05-05 23:15:45.416  7289  7289 E SELinux : seapp_context_lookup:  No match for app with uid 1001, seinfo (null), name com.android.phone
05-05 23:15:45.418  1621  3460 I ActivityManager: Start proc 7289:com.android.phone/1001 for restart com.android.phone
05-05 23:15:45.454  7289  7289 W System  : ClassLoader referenced unknown path: /system/priv-app/TeleService/lib/arm64
05-05 23:15:45.472  7289  7289 W System  : ClassLoader referenced unknown path: /system/priv-app/TelephonyProvider/lib/arm64
05-05 23:15:45.490  7289  7289 D TelephonyProvider: dbh.onOpen: ok, queried table=siminfo
05-05 23:15:45.491  7289  7289 D TelephonyProvider: dbh.onOpen: ok, queried table=carriers
05-05 23:15:45.522  1621  1621 I chatty  : uid=1000 system_server expire 2 lines
05-05 23:15:45.525  3386  3386 D liyue   : getCandidatesForCacheeeeeeeeeeeeeee
05-05 23:15:45.527  3386  3386 D liyue   : insert:mCandidatesList.size =0;mCandidatesExtraInfoList.size=0
05-05 23:15:45.527  3386  3386 D liyue   : checkTotalNum, lastIndex=-1
05-05 23:15:45.527  3386  3386 D liyue   : totalCandsNum = 2147483647
05-05 23:15:45.527  3386  3386 D liyue   : getCandidatesForCacheeeeeeeeeeeeeee
05-05 23:15:45.527  3386  3386 D yangbin : count: 0
05-05 23:15:45.529  3386  3386 D liyue   : insert:mCandidatesList.size =0;mCandidatesExtraInfoList.size=0
05-05 23:15:45.529  3386  3386 D liyue   : checkTotalNum, lastIndex=-1
05-05 23:15:45.529  3386  3386 D liyue   : totalCandsNum = 2147483647
05-05 23:15:45.531  3005  3005 W StatusBar: updateNotification for unknown pkg: android
05-05 23:15:45.532  4182  4201 I chatty  : uid=10033(com.flyme.systemuitools) Binder_2 expire 1 line
05-05 23:15:45.533  4027  4040 I chatty  : uid=1000(system) Binder_2 expire 2 lines
05-05 23:15:45.534  3005  3005 I chatty  : uid=10033(com.flyme.systemuitools) com.android.systemui expire 3 lines
05-05 23:15:45.536  7289  7289 E TelephonyPluginDelegate: error: TelephonyPluginDelegate instance is not created!!
05-05 23:15:45.536  4027  4038 I chatty  : uid=1000(system) Binder_1 expire 2 lines
05-05 23:15:45.536  7289  7289 D AndroidRuntime: Shutting down VM
05-05 23:15:45.537  4182  4201 I chatty  : uid=10033(com.flyme.systemuitools) Binder_2 expire 1 line
05-05 23:15:45.537  7289  7289 E AndroidRuntime: FATAL EXCEPTION: main
05-05 23:15:45.537  7289  7289 E AndroidRuntime: Process: com.android.phone, PID: 7289
05-05 23:15:45.537  7289  7289 E AndroidRuntime: java.lang.RuntimeException: Unable to create application com.android.phone.PhoneApp: java.lang.NullPointerException: Attempt to invoke virtual method 'void com.android.internal.telephony.TelephonyPluginDelegate.initSubscriptionController(android.content.Context, com.android.internal.telephony.CommandsInterface[])' on a null object reference
05-05 23:15:45.537  7289  7289 E AndroidRuntime: 	at android.app.ActivityThread.handleBindApplication(ActivityThread.java:4726)
05-05 23:15:45.537  7289  7289 E AndroidRuntime: 	at android.app.ActivityThread.-wrap1(ActivityThread.java)
05-05 23:15:45.537  7289  7289 E AndroidRuntime: 	at android.app.ActivityThread$H.handleMessage(ActivityThread.java:1421)
05-05 23:15:45.537  7289  7289 E AndroidRuntime: 	at android.os.Handler.dispatchMessage(Handler.java:102)
05-05 23:15:45.537  7289  7289 E AndroidRuntime: 	at android.os.Looper.loop(Looper.java:148)
05-05 23:15:45.537  7289  7289 E AndroidRuntime: 	at android.app.ActivityThread.main(ActivityThread.java:5433)
05-05 23:15:45.537  7289  7289 E AndroidRuntime: 	at java.lang.reflect.Method.invoke(Native Method)
05-05 23:15:45.537  7289  7289 E AndroidRuntime: 	at com.android.internal.os.ZygoteInit$MethodAndArgsCaller.run(ZygoteInit.java:726)
05-05 23:15:45.537  7289  7289 E AndroidRuntime: 	at com.android.internal.os.ZygoteInit.main(ZygoteInit.java:616)
05-05 23:15:45.537  7289  7289 E AndroidRuntime: Caused by: java.lang.NullPointerException: Attempt to invoke virtual method 'void com.android.internal.telephony.TelephonyPluginDelegate.initSubscriptionController(android.content.Context, com.android.internal.telephony.CommandsInterface[])' on a null object reference
05-05 23:15:45.537  7289  7289 E AndroidRuntime: 	at com.android.internal.telephony.PhoneFactory.makeDefaultPhone(PhoneFactory.java:170)
05-05 23:15:45.537  7289  7289 E AndroidRuntime: 	at com.android.internal.telephony.PhoneFactory.makeDefaultPhones(PhoneFactory.java:86)
05-05 23:15:45.537  7289  7289 E AndroidRuntime: 	at com.android.phone.PhoneGlobals.onCreate(PhoneGlobals.java:417)
05-05 23:15:45.537  7289  7289 E AndroidRuntime: 	at com.android.phone.PhoneApp.onCreate(PhoneApp.java:47)
05-05 23:15:45.537  7289  7289 E AndroidRuntime: 	at android.app.Instrumentation.callApplicationOnCreate(Instrumentation.java:1014)
05-05 23:15:45.537  7289  7289 E AndroidRuntime: 	at android.app.ActivityThread.handleBindApplication(ActivityThread.java:4723)
05-05 23:15:45.537  7289  7289 E AndroidRuntime: 	... 8 more
05-05 23:15:45.539  1621  3501 W ActivityManager: Process com.android.phone has crashed too many times: killing!
05-05 23:15:45.546  3005  3005 E SystemUIMobEventUtils: packageName cannot be null and null-string, or packageName is filter pkg
05-05 23:15:45.546  3005  3005 D RedEnvelopeAssistantControllerImpl: isRedEnvelopeNotification(android): false
05-05 23:15:45.551  3005  3005 D MSpaceControllerImpl: onKeyguard=true
05-05 23:15:45.567  3502  3517 I chatty  : uid=1000(system) Binder_1 expire 1 line
05-05 23:15:45.569  3386  7010 W System.err: java.lang.SecurityException: Permission Denial: writing com.meizu.stats.UsageStatsProvider uri content://com.meizu.usagestats/event from pid=3386, uid=10025 requires com.meizu.stats.permission.WRITE_USAGESTATS, or grantUriPermission()
05-05 23:15:45.569  3386  7010 W System.err: 	at android.os.Parcel.readException(Parcel.java:1620)
05-05 23:15:45.569  3386  7010 W System.err: 	at android.database.DatabaseUtils.readExceptionFromParcel(DatabaseUtils.java:183)
05-05 23:15:45.569  3386  7010 W System.err: 	at android.database.DatabaseUtils.readExceptionFromParcel(DatabaseUtils.java:135)
05-05 23:15:45.569  3386  7010 W System.err: 	at android.content.ContentProviderProxy.insert(ContentProviderNative.java:476)
05-05 23:15:45.569  3386  7010 W System.err: 	at android.content.ContentResolver.insert(ContentResolver.java:1234)
05-05 23:15:45.569  3386  7010 W System.err: 	at com.meizu.statsapp.UsageStatsProviderHelper.insertEvent(UsageStatsProviderHelper.java:114)
05-05 23:15:45.569  3386  7010 W System.err: 	at com.meizu.statsapp.UsageStatsManagerServer$RecordHandler.insertEvent(UsageStatsManagerServer.java:330)
05-05 23:15:45.569  3386  7010 W System.err: 	at com.meizu.statsapp.UsageStatsManagerServer$RecordHandler.handleMessage(UsageStatsManagerServer.java:278)
05-05 23:15:45.569  3386  7010 W System.err: 	at android.os.Handler.dispatchMessage(Handler.java:102)
05-05 23:15:45.570  3386  7010 W System.err: 	at android.os.Looper.loop(Looper.java:148)
05-05 23:15:45.570  3386  7010 W System.err: 	at android.os.HandlerThread.run(HandlerThread.java:61)
05-05 23:15:45.579  3005  3005 D ChargeViewUtils: onNotificationCountChaned hasActiveNotifications = true, mHasActiveNotifications = false
05-05 23:15:45.579  3005  3005 I PhoneStatusBar: updateNotificationCountChange,mLastHasNotification:false , hasActiveNotifications:true
05-05 23:15:45.579  3005  3005 V PhoneStatusBar: DEBUG_MEDIA: updateDropViews for notification null metadata=null metaDataChanged=false state=0 notificationChanged = true hasArtwork false wallpaperChanged = false
05-05 23:15:45.579  3005  3005 D KeyguardIndicationController: onNotificationCountChaned visible = true
05-05 23:15:45.579  3005  3005 D PhoneStatusBar: shouldChargingViewShow hasActiveNotificationsAndShowLockScreenNotification() = true, mNotificationPanel.isExpanding() = false, mNotificationPanel.isNotificationPanelFullyExpandedOnKeyguardShade() = false, mQsExpansionFraction = 0.0, isKeyguardShadeMode() = false, mKeyguardMusicController.isMusicViewShowing() = false, isQsExpanded() = false, mNotificationPanel.isMzKeyguardAffordanceHelperSwiping() = false, mNotificationPanel.shouldCameraIntercept()false, isInLaunchTransition()false
05-05 23:15:45.579  3005  3005 D KeyguardIndicationController: mVisible = false, isScreenOn = true, isKeyguardBouncer = false, isMusicViewShow = false, isChargingViewShow = false, getUnlockTimes = 0, isSmartLock = false
05-05 23:15:45.579  3005  3005 D KeyguardIndicationController: showTransientIndication
05-05 23:15:45.579  3005  3005 D PhoneStatusBar: shouldChargingViewShow hasActiveNotificationsAndShowLockScreenNotification() = true, mNotificationPanel.isExpanding() = false, mNotificationPanel.isNotificationPanelFullyExpandedOnKeyguardShade() = false, mQsExpansionFraction = 0.0, isKeyguardShadeMode() = false, mKeyguardMusicController.isMusicViewShowing() = false, isQsExpanded() = false, mNotificationPanel.isMzKeyguardAffordanceHelperSwiping() = false, mNotificationPanel.shouldCameraIntercept()false, isInLaunchTransition()false
05-05 23:15:45.579  3005  3005 D KeyguardIndicationController: mVisible = false, isScreenOn = true, isKeyguardBouncer = false, isMusicViewShow = false, isChargingViewShow = false, getUnlockTimes = 0, isSmartLock = false
05-05 23:15:45.581  3005  3005 V PhoneStatusBar: DEBUG_MEDIA: updateDropViews for notification null metadata=null metaDataChanged=false state=0 notificationChanged = false hasArtwork false wallpaperChanged = false
05-05 23:15:45.594  1621  4154 I chatty  : uid=1000(system) RenderThread expire 3 lines
05-05 23:15:45.596  1621  1656 W AppOps  : Finishing op nesting under-run: uid 1000 pkg android code 24 time=0 duration=0 nesting=0
05-05 23:15:45.600  3005  3005 D ColorMasking: showCover
05-05 23:15:45.600  3005  3005 D ColorMasking: showCover, return
05-05 23:15:45.655   527   625 E QCALOG  : [MessageQ] ProcessNewMessage: [XTWiFi-PE] unknown deliver target [OS-Agent]
05-05 23:15:45.748   527   625 E QCALOG  : [MessageQ] ProcessNewMessage: [XT-CS] unknown deliver target [OS-Agent]
05-05 23:15:45.795   636   784 W XTCC-5.1.0.10: [CS-RIL-LISTENER] timerCallback fired for ril update registering, re-register
05-05 23:15:45.795   527   625 E QCALOG  : [MessageQ] ProcessNewMessage: [XT-CS] unknown deliver target [OS-Agent]
05-05 23:15:46.750  1621  2870 E flymed_connector: Communications error: java.io.IOException: No such file or directory
05-05 23:15:46.752  1621  2870 E flymed_connector: Error in NativeDaemonConnector: java.io.IOException: No such file or directory
05-05 23:15:46.808  7289  7289 I Process : Sending signal. PID: 7289 SIG: 9
05-05 23:15:46.831  1621  3501 I ActivityManager: Process com.android.phone (pid 7289) has died
05-05 23:15:46.832  1621  3501 W ActivityManager: Scheduling restart of crashed service com.android.phone/com.meizu.phone.MzTelephonyService in 0ms
05-05 23:15:46.832  1621  3501 W ActivityManager: Re-adding persistent process ProcessRecord{f24201f 7289:com.android.phone/1001}
05-05 23:15:46.842  7314  7314 E SELinux : seapp_context_lookup:  No match for app with uid 1001, seinfo (null), name com.android.phone
05-05 23:15:46.844  1621  3501 I ActivityManager: Start proc 7314:com.android.phone/1001 for restart com.android.phone
05-05 23:15:46.876  7314  7314 W System  : ClassLoader referenced unknown path: /system/priv-app/TeleService/lib/arm64
05-05 23:15:46.892  7314  7314 W System  : ClassLoader referenced unknown path: /system/priv-app/TelephonyProvider/lib/arm64
05-05 23:15:46.907  7314  7314 D TelephonyProvider: dbh.onOpen: ok, queried table=siminfo
05-05 23:15:46.908  7314  7314 D TelephonyProvider: dbh.onOpen: ok, queried table=carriers
05-05 23:15:46.943  7314  7314 E TelephonyPluginDelegate: error: TelephonyPluginDelegate instance is not created!!
05-05 23:15:46.943  7314  7314 D AndroidRuntime: Shutting down VM
05-05 23:15:46.944  7314  7314 E AndroidRuntime: FATAL EXCEPTION: main
05-05 23:15:46.944  7314  7314 E AndroidRuntime: Process: com.android.phone, PID: 7314
05-05 23:15:46.944  7314  7314 E AndroidRuntime: java.lang.RuntimeException: Unable to create application com.android.phone.PhoneApp: java.lang.NullPointerException: Attempt to invoke virtual method 'void com.android.internal.telephony.TelephonyPluginDelegate.initSubscriptionController(android.content.Context, com.android.internal.telephony.CommandsInterface[])' on a null object reference
05-05 23:15:46.944  7314  7314 E AndroidRuntime: 	at android.app.ActivityThread.handleBindApplication(ActivityThread.java:4726)
05-05 23:15:46.944  7314  7314 E AndroidRuntime: 	at android.app.ActivityThread.-wrap1(ActivityThread.java)
05-05 23:15:46.944  7314  7314 E AndroidRuntime: 	at android.app.ActivityThread$H.handleMessage(ActivityThread.java:1421)
05-05 23:15:46.944  7314  7314 E AndroidRuntime: 	at android.os.Handler.dispatchMessage(Handler.java:102)
05-05 23:15:46.944  7314  7314 E AndroidRuntime: 	at android.os.Looper.loop(Looper.java:148)
05-05 23:15:46.944  7314  7314 E AndroidRuntime: 	at android.app.ActivityThread.main(ActivityThread.java:5433)
05-05 23:15:46.944  7314  7314 E AndroidRuntime: 	at java.lang.reflect.Method.invoke(Native Method)
05-05 23:15:46.944  7314  7314 E AndroidRuntime: 	at com.android.internal.os.ZygoteInit$MethodAndArgsCaller.run(ZygoteInit.java:726)
05-05 23:15:46.944  7314  7314 E AndroidRuntime: 	at com.android.internal.os.ZygoteInit.main(ZygoteInit.java:616)
05-05 23:15:46.944  7314  7314 E AndroidRuntime: Caused by: java.lang.NullPointerException: Attempt to invoke virtual method 'void com.android.internal.telephony.TelephonyPluginDelegate.initSubscriptionController(android.content.Context, com.android.internal.telephony.CommandsInterface[])' on a null object reference
05-05 23:15:46.944  7314  7314 E AndroidRuntime: 	at com.android.internal.telephony.PhoneFactory.makeDefaultPhone(PhoneFactory.java:170)
05-05 23:15:46.944  7314  7314 E AndroidRuntime: 	at com.android.internal.telephony.PhoneFactory.makeDefaultPhones(PhoneFactory.java:86)
05-05 23:15:46.944  7314  7314 E AndroidRuntime: 	at com.android.phone.PhoneGlobals.onCreate(PhoneGlobals.java:417)
05-05 23:15:46.944  7314  7314 E AndroidRuntime: 	at com.android.phone.PhoneApp.onCreate(PhoneApp.java:47)
05-05 23:15:46.944  7314  7314 E AndroidRuntime: 	at android.app.Instrumentation.callApplicationOnCreate(Instrumentation.java:1014)
05-05 23:15:46.944  7314  7314 E AndroidRuntime: 	at android.app.ActivityThread.handleBindApplication(ActivityThread.java:4723)
05-05 23:15:46.944  7314  7314 E AndroidRuntime: 	... 8 more
05-05 23:15:46.945  1621  2915 W ActivityManager: Process com.android.phone has crashed too many times: killing!
05-05 23:15:47.015  1621  1656 W AppOps  : Finishing op nesting under-run: uid 1000 pkg android code 24 time=0 duration=0 nesting=0
05-05 23:15:48.072  7314  7314 I Process : Sending signal. PID: 7314 SIG: 9
05-05 23:15:48.095  1621  3535 I ActivityManager: Process com.android.phone (pid 7314) has died
05-05 23:15:48.096  1621  3535 W ActivityManager: Scheduling restart of crashed service com.android.phone/com.meizu.phone.MzTelephonyService in 0ms
05-05 23:15:48.096  1621  3535 W ActivityManager: Re-adding persistent process ProcessRecord{f24201f 7314:com.android.phone/1001}
05-05 23:15:48.106  7340  7340 E SELinux : seapp_context_lookup:  No match for app with uid 1001, seinfo (null), name com.android.phone
05-05 23:15:48.109  1621  3535 I ActivityManager: Start proc 7340:com.android.phone/1001 for restart com.android.phone
05-05 23:15:48.142  7340  7340 W System  : ClassLoader referenced unknown path: /system/priv-app/TeleService/lib/arm64
05-05 23:15:48.158  7340  7340 W System  : ClassLoader referenced unknown path: /system/priv-app/TelephonyProvider/lib/arm64
05-05 23:15:48.173  7340  7340 D TelephonyProvider: dbh.onOpen: ok, queried table=siminfo
05-05 23:15:48.174  7340  7340 D TelephonyProvider: dbh.onOpen: ok, queried table=carriers
05-05 23:15:48.211  7340  7340 E TelephonyPluginDelegate: error: TelephonyPluginDelegate instance is not created!!
05-05 23:15:48.212  7340  7340 D AndroidRuntime: Shutting down VM
05-05 23:15:48.213  7340  7340 E AndroidRuntime: FATAL EXCEPTION: main
05-05 23:15:48.213  7340  7340 E AndroidRuntime: Process: com.android.phone, PID: 7340
05-05 23:15:48.213  7340  7340 E AndroidRuntime: java.lang.RuntimeException: Unable to create application com.android.phone.PhoneApp: java.lang.NullPointerException: Attempt to invoke virtual method 'void com.android.internal.telephony.TelephonyPluginDelegate.initSubscriptionController(android.content.Context, com.android.internal.telephony.CommandsInterface[])' on a null object reference
05-05 23:15:48.213  7340  7340 E AndroidRuntime: 	at android.app.ActivityThread.handleBindApplication(ActivityThread.java:4726)
05-05 23:15:48.213  7340  7340 E AndroidRuntime: 	at android.app.ActivityThread.-wrap1(ActivityThread.java)
05-05 23:15:48.213  7340  7340 E AndroidRuntime: 	at android.app.ActivityThread$H.handleMessage(ActivityThread.java:1421)
05-05 23:15:48.213  7340  7340 E AndroidRuntime: 	at android.os.Handler.dispatchMessage(Handler.java:102)
05-05 23:15:48.213  7340  7340 E AndroidRuntime: 	at android.os.Looper.loop(Looper.java:148)
05-05 23:15:48.213  7340  7340 E AndroidRuntime: 	at android.app.ActivityThread.main(ActivityThread.java:5433)
05-05 23:15:48.213  7340  7340 E AndroidRuntime: 	at java.lang.reflect.Method.invoke(Native Method)
05-05 23:15:48.213  7340  7340 E AndroidRuntime: 	at com.android.internal.os.ZygoteInit$MethodAndArgsCaller.run(ZygoteInit.java:726)
05-05 23:15:48.213  7340  7340 E AndroidRuntime: 	at com.android.internal.os.ZygoteInit.main(ZygoteInit.java:616)
05-05 23:15:48.213  7340  7340 E AndroidRuntime: Caused by: java.lang.NullPointerException: Attempt to invoke virtual method 'void com.android.internal.telephony.TelephonyPluginDelegate.initSubscriptionController(android.content.Context, com.android.internal.telephony.CommandsInterface[])' on a null object reference
05-05 23:15:48.213  7340  7340 E AndroidRuntime: 	at com.android.internal.telephony.PhoneFactory.makeDefaultPhone(PhoneFactory.java:170)
05-05 23:15:48.213  7340  7340 E AndroidRuntime: 	at com.android.internal.telephony.PhoneFactory.makeDefaultPhones(PhoneFactory.java:86)
05-05 23:15:48.213  7340  7340 E AndroidRuntime: 	at com.android.phone.PhoneGlobals.onCreate(PhoneGlobals.java:417)
05-05 23:15:48.213  7340  7340 E AndroidRuntime: 	at com.android.phone.PhoneApp.onCreate(PhoneApp.java:47)
05-05 23:15:48.213  7340  7340 E AndroidRuntime: 	at android.app.Instrumentation.callApplicationOnCreate(Instrumentation.java:1014)
05-05 23:15:48.213  7340  7340 E AndroidRuntime: 	at android.app.ActivityThread.handleBindApplication(ActivityThread.java:4723)
05-05 23:15:48.213  7340  7340 E AndroidRuntime: 	... 8 more
05-05 23:15:48.215  1621  3534 W ActivityManager: Process com.android.phone has crashed too many times: killing!
05-05 23:15:48.275  1621  1656 W AppOps  : Finishing op nesting under-run: uid 1000 pkg android code 24 time=0 duration=0 nesting=0
05-05 23:15:50.214  7340  7340 I Process : Sending signal. PID: 7340 SIG: 9
05-05 23:15:50.216   486  1584 I chatty  : uid=1013(media) AudioOut_2 expire 357 lines
05-05 23:15:50.234  1621  3501 I ActivityManager: Process com.android.phone (pid 7340) has died
05-05 23:15:50.235  1621  3501 W ActivityManager: Scheduling restart of crashed service com.android.phone/com.meizu.phone.MzTelephonyService in 0ms
05-05 23:15:50.235  1621  3501 W ActivityManager: Re-adding persistent process ProcessRecord{f24201f 7340:com.android.phone/1001}
05-05 23:15:50.247  7365  7365 E SELinux : seapp_context_lookup:  No match for app with uid 1001, seinfo (null), name com.android.phone
05-05 23:15:50.249  1621  3501 I ActivityManager: Start proc 7365:com.android.phone/1001 for restart com.android.phone
05-05 23:15:50.283  7365  7365 W System  : ClassLoader referenced unknown path: /system/priv-app/TeleService/lib/arm64
05-05 23:15:50.300  7365  7365 W System  : ClassLoader referenced unknown path: /system/priv-app/TelephonyProvider/lib/arm64
05-05 23:15:50.304  3473  3653 I chatty  : uid=1000(system) PowerStateThrea expire 11 lines
05-05 23:15:50.317  7365  7365 D TelephonyProvider: dbh.onOpen: ok, queried table=siminfo
05-05 23:15:50.317  7365  7365 D TelephonyProvider: dbh.onOpen: ok, queried table=carriers
05-05 23:15:50.349  7365  7365 E TelephonyPluginDelegate: error: TelephonyPluginDelegate instance is not created!!
05-05 23:15:50.350  7365  7365 D AndroidRuntime: Shutting down VM
05-05 23:15:50.350  7365  7365 E AndroidRuntime: FATAL EXCEPTION: main
05-05 23:15:50.350  7365  7365 E AndroidRuntime: Process: com.android.phone, PID: 7365
05-05 23:15:50.350  7365  7365 E AndroidRuntime: java.lang.RuntimeException: Unable to create application com.android.phone.PhoneApp: java.lang.NullPointerException: Attempt to invoke virtual method 'void com.android.internal.telephony.TelephonyPluginDelegate.initSubscriptionController(android.content.Context, com.android.internal.telephony.CommandsInterface[])' on a null object reference
05-05 23:15:50.350  7365  7365 E AndroidRuntime: 	at android.app.ActivityThread.handleBindApplication(ActivityThread.java:4726)
05-05 23:15:50.350  7365  7365 E AndroidRuntime: 	at android.app.ActivityThread.-wrap1(ActivityThread.java)
05-05 23:15:50.350  7365  7365 E AndroidRuntime: 	at android.app.ActivityThread$H.handleMessage(ActivityThread.java:1421)
05-05 23:15:50.350  7365  7365 E AndroidRuntime: 	at android.os.Handler.dispatchMessage(Handler.java:102)
05-05 23:15:50.350  7365  7365 E AndroidRuntime: 	at android.os.Looper.loop(Looper.java:148)
05-05 23:15:50.350  7365  7365 E AndroidRuntime: 	at android.app.ActivityThread.main(ActivityThread.java:5433)
05-05 23:15:50.350  7365  7365 E AndroidRuntime: 	at java.lang.reflect.Method.invoke(Native Method)
05-05 23:15:50.350  7365  7365 E AndroidRuntime: 	at com.android.internal.os.ZygoteInit$MethodAndArgsCaller.run(ZygoteInit.java:726)
05-05 23:15:50.350  7365  7365 E AndroidRuntime: 	at com.android.internal.os.ZygoteInit.main(ZygoteInit.java:616)
05-05 23:15:50.350  7365  7365 E AndroidRuntime: Caused by: java.lang.NullPointerException: Attempt to invoke virtual method 'void com.android.internal.telephony.TelephonyPluginDelegate.initSubscriptionController(android.content.Context, com.android.internal.telephony.CommandsInterface[])' on a null object reference
05-05 23:15:50.350  7365  7365 E AndroidRuntime: 	at com.android.internal.telephony.PhoneFactory.makeDefaultPhone(PhoneFactory.java:170)
05-05 23:15:50.350  7365  7365 E AndroidRuntime: 	at com.android.internal.telephony.PhoneFactory.makeDefaultPhones(PhoneFactory.java:86)
05-05 23:15:50.350  7365  7365 E AndroidRuntime: 	at com.android.phone.PhoneGlobals.onCreate(PhoneGlobals.java:417)
05-05 23:15:50.350  7365  7365 E AndroidRuntime: 	at com.android.phone.PhoneApp.onCreate(PhoneApp.java:47)
05-05 23:15:50.350  7365  7365 E AndroidRuntime: 	at android.app.Instrumentation.callApplicationOnCreate(Instrumentation.java:1014)
05-05 23:15:50.350  7365  7365 E AndroidRuntime: 	at android.app.ActivityThread.handleBindApplication(ActivityThread.java:4723)
05-05 23:15:50.350  7365  7365 E AndroidRuntime: 	... 8 more
05-05 23:15:50.352  1621  3452 W ActivityManager: Process com.android.phone has crashed too many times: killing!
05-05 23:15:50.415  3519  3519 I chatty  : uid=1000(system) com.meizu.setup expire 1 line
05-05 23:15:50.415  1621  4154 I chatty  : uid=1000(system) RenderThread expire 1 line
05-05 23:15:50.417  1621  1649 I ActivityManager: START u0 {cmp=com.meizu.setup/.activity.SetupServiceActivity (has extras)} from uid 1000 on display 0
05-05 23:15:50.430  1621  1656 W AppOps  : Finishing op nesting under-run: uid 1000 pkg android code 24 time=0 duration=0 nesting=0
05-05 23:15:50.442  4182  4182 D AODPresenter: exitAODMode
05-05 23:15:50.445  4182  4182 D AODDisplayImpl: exitAODMode
05-05 23:15:50.445  4182  4182 D AODDisplayImpl: detachAODView mAODView = null
05-05 23:15:50.445  4182  4182 D AODPresenter: cancelDelayEnterSleepMode
05-05 23:15:50.447  4182  4182 V AODModelImpl: *** unregister callback for com.flyme.systemuitools.aod.presenter.AODPresenter$5@240ebb3
05-05 23:15:50.447  4182  4182 D AODService: setForegroundService false, mSupportAOD = false
05-05 23:15:50.447  4182  4182 D AODPresenter: releaseAODWakeLock
05-05 23:15:50.447  4182  4182 I SensorPolicy: disableLightLockLocked, mLightSensorEnabled = false
05-05 23:15:50.447  4182  4182 I SensorPolicy: disableLightLockLocked() failed... Light Sensor already disabled
05-05 23:15:50.447  4182  4182 I SensorPolicy: disableProximityLockLocked, mProximitySensorEnabled = false
05-05 23:15:50.447  4182  4182 I SensorPolicy: disableProximityLockLocked() failed... Proximity Sensor already disabled
05-05 23:15:50.454  4182  4342 D LogFileUtils: file = /storage/emulated/0/Android/data/aod/tools_aod.log
05-05 23:15:50.454  4182  4342 D LogFileUtils: writeLog: write
05-05 23:15:50.462  4182  4342 D LogFileUtils: file = /storage/emulated/0/Android/data/aod/tools_aod.log
05-05 23:15:50.467  4182  4342 D LogFileUtils: file = /storage/emulated/0/Android/data/aod/tools_aod.log
05-05 23:15:50.467  4182  4342 D LogFileUtils: writeLog: write
05-05 23:15:50.471  4182  4342 D LogFileUtils: file = /storage/emulated/0/Android/data/aod/tools_aod.log
05-05 23:15:50.473  1621  3523 I ActivityManager: START u0 {act=com.meizu.customizecenter.guidepage cmp=com.meizu.customizecenter/.GuidePageActivity} from uid 1000 on display 0
05-05 23:15:50.591  6144  6144 E libEGL  : call to OpenGL ES API with no current context (logged once per thread)
05-05 23:15:50.596  6144  7394 D ImageLoader: Start display image task [file:///data/data/com.meizu.customizecenter/SmallPreviewImage/small_homepage_preview.jpg_415x738]
05-05 23:15:50.596  6144  7395 D ImageLoader: Start display image task [file:///data/data/com.meizu.customizecenter/SmallPreviewImage/small_homepage_preview.jpg_415x738]
05-05 23:15:50.597  6144  7395 D ImageLoader: Image already is loading. Waiting... [file:///data/data/com.meizu.customizecenter/SmallPreviewImage/small_homepage_preview.jpg_415x738]
05-05 23:15:50.597  6144  7394 D ImageLoader: Load image from network [file:///data/data/com.meizu.customizecenter/SmallPreviewImage/small_homepage_preview.jpg_415x738]
05-05 23:15:50.598  6144  7394 D ImageLoader: Cache image on disk [file:///data/data/com.meizu.customizecenter/SmallPreviewImage/small_homepage_preview.jpg_415x738]
05-05 23:15:50.600  6144  7397 D ImageLoader: Start display image task [file:///data/data/com.meizu.customizecenter/SmallPreviewImage/small_lock_view_preview.jpg_415x738]
05-05 23:15:50.601  6144  7397 D ImageLoader: Load image from network [file:///data/data/com.meizu.customizecenter/SmallPreviewImage/small_lock_view_preview.jpg_415x738]
