--------- beginning of system
05-05 23:03:12.327   433   433 I vold    : Vold 3.0 (the awakening) firing up
05-05 23:03:12.327   433   433 V vold    : Detected support for: exfat ext4 f2fs ntfs vfat
05-05 23:03:15.191   471   471 I irsc_util: Starting irsc tool
05-05 23:03:15.193   471   471 I irsc_util: Num of entries:285
05-05 23:03:15.196   471   471 I irsc_util: Ending irsc tool
05-05 23:03:15.455   515   560 I chatty  : uid=1000(system) /system/bin/qseecomd expire 2 lines
05-05 23:03:18.188   548   548 I chatty  : uid=1000(system) /system/bin/tloc_daemon expire 8 lines
05-05 23:03:18.190   548  1145 I chatty  : uid=1000(system) /system/bin/tloc_daemon expire 4 lines
05-05 23:03:53.955  1621  1621 I chatty  : uid=1000 system_server expire 217 lines
05-05 23:04:00.310  1621  1651 I chatty  : uid=1000(system) ActivityManager expire 1 line
05-05 23:04:00.313  1621  1652 I chatty  : uid=1000(system) android.ui expire 1 line
05-05 23:04:00.396  1621  1656 I chatty  : uid=1000(system) android.display expire 3 lines
05-05 23:04:00.403  1621  1658 I chatty  : uid=1000(system) PowerManagerSer expire 1 line
05-05 23:04:56.756  1621  1621 I chatty  : uid=1000 system_server expire 365 lines
05-05 23:04:57.053  1621  2234 I chatty  : uid=1000(system) CameraService_p expire 1 line
05-05 23:04:57.414  1621  1656 I chatty  : uid=1000(system) android.display expire 1 line
05-05 23:04:57.490  1621  2296 I chatty  : uid=1000(system) MountService expire 93 lines
05-05 23:04:57.492   433   443 I Ext4Crypt: ext4 crypto complete called on /data
05-05 23:04:57.493   433   443 I Ext4Crypt: No master key, so not ext4enc
05-05 23:04:57.493  1621  2298 I chatty  : uid=1000(system) CryptdConnector expire 1 line
05-05 23:04:57.496  1621  2297 I chatty  : uid=1000(system) VoldConnector expire 1 line
05-05 23:04:57.502  1621  2296 W PackageManager: Not granting permission android.permission.WRITE_MEDIA_STORAGE to package com.meizu.net.map (protectionLevel=18 flags=0x38c83e45)
05-05 23:04:57.503  1621  2296 W PackageManager: Not granting permission android.permission.STATUS_BAR to package com.meizu.net.map (protectionLevel=18 flags=0x38c83e45)
05-05 23:04:57.503  1621  2296 W PackageManager: Not granting permission android.permission.INTERACT_ACROSS_USERS_FULL to package com.meizu.net.map (protectionLevel=258 flags=0x38c83e45)
05-05 23:04:57.503  1621  2296 W PackageManager: Not granting permission android.permission.INTERACT_ACROSS_USERS to package com.meizu.net.map (protectionLevel=50 flags=0x38c83e45)
05-05 23:04:57.503  1621  2296 W PackageManager: Not granting permission android.permission.READ_PRIVILEGED_PHONE_STATE to package com.meizu.net.map (protectionLevel=18 flags=0x38c83e45)
05-05 23:04:57.503  1621  2296 W PackageManager: Not granting permission com.meizu.stats.permission.READ_USAGESTATS to package com.meizu.net.map (protectionLevel=18 flags=0x38c83e45)
05-05 23:04:57.503  1621  2296 W PackageManager: Unknown permission android.permission.ROOT_RECOVERY_STATE in package com.meizu.net.map
05-05 23:04:57.503  1621  2296 W PackageManager: Not granting permission android.permission.LOCAL_MAC_ADDRESS to package com.meizu.net.map (protectionLevel=18 flags=0x38c83e45)
05-05 23:04:57.503  1621  2296 W PackageManager: Unknown permission org.simalliance.openmobileapi.SMARTCARD in package com.meizu.flyme.wallet
05-05 23:04:57.503  1621  2296 W PackageManager: Unknown permission com.meizu.flyme.push.permission.RECEIVE in package com.meizu.flyme.wallet
05-05 23:04:57.503  1621  2296 W PackageManager: Unknown permission com.meizu.c2dm.permission.RECEIVE in package com.meizu.flyme.wallet
05-05 23:04:57.503  1621  2296 W PackageManager: Unknown permission android.permission.READ_SETTINGS in package com.meizu.flyme.wallet
05-05 23:04:57.503  1621  2296 W PackageManager: Unknown permission android.permission.ROOT_RECOVERY_STATE in package com.meizu.flyme.wallet
05-05 23:04:57.503  1621  2296 W PackageManager: Unknown permission android.permission.MMS_PUSH in package org.codeaurora.bluetooth
05-05 23:04:57.503  1621  2296 W PackageManager: Unknown permission com.meizu.safe.permission.ACCESS_APP_SHOW_ON_LOCKED_SCREED_PROVIDER in package android
05-05 23:04:57.503  1621  2296 W PackageManager: Unknown permission android.permission.ROOT_RECOVERY_STATE in package com.meizu.media.camera
05-05 23:04:57.504  1621  2296 W PackageManager: Unknown permission com.android.launcher.permission.READ_SETTINGS in package com.meizu.mstore
05-05 23:04:57.504  1621  2296 W PackageManager: Unknown permission android.permission.ROOT_RECOVERY_STATE in package com.meizu.mstore
05-05 23:04:57.504  1621  2296 W PackageManager: Unknown permission com.meizu.flyme.push.permission.RECEIVE in package com.meizu.mstore
05-05 23:04:57.504  1621  2296 W PackageManager: Unknown permission android.permission.INSTALL_DRM in package com.android.mms
05-05 23:04:57.504  1621  2296 W PackageManager: Unknown permission com.meizu.flyme.push.permission.RECEIVE in package com.android.mms
05-05 23:04:57.504  1621  2296 W PackageManager: Unknown permission android.permission.RECEIVE_SMS_SUPER in package com.android.mms
05-05 23:04:57.504  1621  2296 W PackageManager: Unknown permission android.permission.RECEIVE_WAP_PUSH_SUPER in package com.android.mms
05-05 23:04:57.504  1621  2296 W PackageManager: Unknown permission com.meizu.remotecooperation.access.permission.JUMP in package com.android.mms
05-05 23:04:57.504  1621  2296 W PackageManager: Unknown permission android.permission.ROOT_RECOVERY_STATE in package com.android.mms
05-05 23:04:57.504  1621  2296 W PackageManager: Unknown permission android.webkit.permission.PLUGIN in package com.android.mms
05-05 23:04:57.504  1621  2296 W PackageManager: Unknown permission android.permission.NFC_UNLOCK in package com.android.nfc
05-05 23:04:57.505  1621  2296 W PackageManager: Unknown permission com.aliyun.note.permission.READ_WRITE in package com.meizu.net.search
05-05 23:04:57.505  1621  2296 W PackageManager: Unknown permission com.aliyun.ams.ta.TA in package com.meizu.net.search
05-05 23:04:57.505  1621  2296 W PackageManager: Not granting permission android.permission.CHANGE_CONFIGURATION to package com.meizu.net.search (protectionLevel=50 flags=0x38883e45)
05-05 23:04:57.505  1621  2296 W PackageManager: Unknown permission com.yunos.permission.LOCATED in package com.meizu.net.search
05-05 23:04:57.505  1621  2296 W PackageManager: Unknown permission com.yunos.lbs.permission.ACCESS_LOCATION in package com.meizu.net.search
05-05 23:04:57.505  1621  2296 W PackageManager: Not granting permission com.meizu.flyme.permission.UPDATE to package com.meizu.net.search (protectionLevel=18 flags=0x38883e45)
05-05 23:04:57.505  1621  2296 W PackageManager: Not granting permission com.meizu.flyme.appcenter.permission.action.perform to package com.meizu.net.search (protectionLevel=2 flags=0x38883e45)
05-05 23:04:57.505  1621  2296 W PackageManager: Not granting permission android.permission.READ_FRAME_BUFFER to package com.meizu.net.search (protectionLevel=18 flags=0x38883e45)
05-05 23:04:57.505  1621  2296 W PackageManager: Not granting permission android.permission.INSTALL_PACKAGES to package com.meizu.net.search (protectionLevel=18 flags=0x38883e45)
05-05 23:04:57.505  1621  2296 W PackageManager: Not granting permission android.permission.WRITE_SECURE_SETTINGS to package com.meizu.net.search (protectionLevel=50 flags=0x38883e45)
05-05 23:04:57.505  1621  2296 W PackageManager: Not granting permission com.meizu.permission.SEARCH_SETTINGS to package com.meizu.net.search (protectionLevel=2 flags=0x38883e45)
05-05 23:04:57.505  1621  2296 W PackageManager: Not granting permission android.permission.READ_SEARCH_INDEXABLES to package com.meizu.net.search (protectionLevel=18 flags=0x38883e45)
05-05 23:04:57.505  1621  2296 W PackageManager: Not granting permission android.permission.START_ANY_ACTIVITY to package com.meizu.net.search (protectionLevel=2 flags=0x38883e45)
05-05 23:04:57.505  1621  2296 W PackageManager: Not granting permission android.permission.STATUS_BAR to package com.meizu.net.search (protectionLevel=18 flags=0x38883e45)
05-05 23:04:57.505  1621  2296 W PackageManager: Not granting permission android.permission.PEERS_MAC_ADDRESS to package com.meizu.net.search (protectionLevel=2 flags=0x38883e45)
05-05 23:04:57.505  1621  2296 W PackageManager: Not granting permission android.permission.READ_PRIVILEGED_PHONE_STATE to package com.meizu.net.search (protectionLevel=18 flags=0x38883e45)
05-05 23:04:57.505  1621  2296 W PackageManager: Not granting permission android.permission.REAL_GET_TASKS to package com.meizu.net.search (protectionLevel=18 flags=0x38883e45)
05-05 23:04:57.505  1621  2296 W PackageManager: Not granting permission android.permission.INTERACT_ACROSS_USERS_FULL to package com.meizu.net.search (protectionLevel=258 flags=0x38883e45)
05-05 23:04:57.505  1621  2296 W PackageManager: Not granting permission android.permission.WRITE_MEDIA_STORAGE to package com.meizu.net.search (protectionLevel=18 flags=0x38883e45)
05-05 23:04:57.505  1621  2296 W PackageManager: Unknown permission com.meizu.flyme.push.permission.RECEIVE in package com.meizu.net.search
05-05 23:04:57.505  1621  2296 W PackageManager: Unknown permission com.meizu.c2dm.permission.RECEIVE in package com.meizu.net.search
05-05 23:04:57.506  1621  2296 W PackageManager: Not granting permission android.permission.ACCESS_DOWNLOAD_MANAGER to package com.meizu.net.search (protectionLevel=18 flags=0x38883e45)
05-05 23:04:57.506  1621  2296 W PackageManager: Not granting permission com.meizu.stats.permission.READ_USAGESTATS to package com.meizu.net.search (protectionLevel=18 flags=0x38883e45)
05-05 23:04:57.506  1621  2296 W PackageManager: Unknown permission android.permission.ROOT_RECOVERY_STATE in package com.meizu.net.search
05-05 23:04:57.506  1621  2296 W PackageManager: Not granting permission android.permission.LOCAL_MAC_ADDRESS to package com.meizu.net.search (protectionLevel=18 flags=0x38883e45)
05-05 23:04:57.506  1621  2296 W PackageManager: Unknown permission android.permission.ROOT_RECOVERY_STATE in package com.meizu.sceneinfo
05-05 23:04:57.506  1621  2296 W PackageManager: Not granting permission android.permission.INSTALL_PACKAGES to package com.meizu.notepaper (protectionLevel=18 flags=0x38d83e45)
05-05 23:04:57.506  1621  2296 W PackageManager: Not granting permission android.permission.MOUNT_UNMOUNT_FILESYSTEMS to package com.meizu.notepaper (protectionLevel=18 flags=0x38d83e45)
05-05 23:04:57.506  1621  2296 W PackageManager: Not granting permission com.android.permission.WHITELIST_BLUETOOTH_DEVICE to package com.meizu.notepaper (protectionLevel=2 flags=0x38d83e45)
05-05 23:04:57.506  1621  2296 W PackageManager: Not granting permission android.permission.INTERACT_ACROSS_USERS to package com.meizu.notepaper (protectionLevel=50 flags=0x38d83e45)
05-05 23:04:57.506  1621  2296 W PackageManager: Not granting permission android.permission.MANAGE_USERS to package com.meizu.notepaper (protectionLevel=18 flags=0x38d83e45)
05-05 23:04:57.506  1621  2296 W PackageManager: Not granting permission com.meizu.flyme.permission.UPDATE to package com.meizu.notepaper (protectionLevel=18 flags=0x38d83e45)
05-05 23:04:57.506  1621  2296 W PackageManager: Unknown permission android.permission.ROOT_RECOVERY_STATE in package com.meizu.notepaper
05-05 23:04:57.506  1621  2296 W PackageManager: Not granting permission android.permission.CHANGE_CONFIGURATION to package com.meizu.notepaper (protectionLevel=50 flags=0x38d83e45)
05-05 23:04:57.506  1621  2296 W PackageManager: Not granting permission android.permission.INTERNAL_SYSTEM_WINDOW to package com.meizu.notepaper (protectionLevel=2 flags=0x38d83e45)
05-05 23:04:57.506  1621  2296 W PackageManager: Not granting permission android.permission.START_ANY_ACTIVITY to package com.meizu.notepaper (protectionLevel=2 flags=0x38d83e45)
05-05 23:04:57.506  1621  2296 W PackageManager: Not granting permission android.permission.READ_PRIVILEGED_PHONE_STATE to package com.meizu.notepaper (protectionLevel=18 flags=0x38d83e45)
05-05 23:04:57.506  1621  2296 W PackageManager: Not granting permission android.permission.STATUS_BAR to package com.meizu.notepaper (protectionLevel=18 flags=0x38d83e45)
05-05 23:04:57.506  1621  2296 W PackageManager: Not granting permission android.permission.INTERACT_ACROSS_USERS_FULL to package com.meizu.notepaper (protectionLevel=258 flags=0x38d83e45)
05-05 23:04:57.506  1621  2296 W PackageManager: Not granting permission android.permission.WRITE_MEDIA_STORAGE to package com.meizu.notepaper (protectionLevel=18 flags=0x38d83e45)
05-05 23:04:57.507  1621  2296 W PackageManager: Not granting permission android.permission.REAL_GET_TASKS to package com.meizu.notepaper (protectionLevel=18 flags=0x38d83e45)
05-05 23:04:57.507  1621  2296 W PackageManager: Not granting permission com.meizu.stats.permission.READ_USAGESTATS to package com.meizu.notepaper (protectionLevel=18 flags=0x38d83e45)
05-05 23:04:57.507  1621  2296 W PackageManager: Not granting permission android.permission.LOCAL_MAC_ADDRESS to package com.meizu.notepaper (protectionLevel=18 flags=0x38d83e45)
05-05 23:04:57.507  1621  2296 W PackageManager: Not granting permission android.permission.ACCESS_DOWNLOAD_MANAGER to package com.meizu.notepaper (protectionLevel=18 flags=0x38d83e45)
05-05 23:04:57.507  1621  2296 W PackageManager: Not granting permission com.meizu.flyme.permission.UPDATE to package com.meizu.flyme.calculator (protectionLevel=18 flags=0x38c83e45)
05-05 23:04:57.507  1621  2296 W PackageManager: Not granting permission android.permission.STOP_APP_SWITCHES to package com.meizu.flyme.calculator (protectionLevel=18 flags=0x38c83e45)
05-05 23:04:57.507  1621  2296 W PackageManager: Not granting permission android.permission.INSTALL_PACKAGES to package com.meizu.flyme.calculator (protectionLevel=18 flags=0x38c83e45)
05-05 23:04:57.507  1621  2296 W PackageManager: Not granting permission android.permission.START_ANY_ACTIVITY to package com.meizu.flyme.calculator (protectionLevel=2 flags=0x38c83e45)
05-05 23:04:57.507  1621  2296 W PackageManager: Not granting permission android.permission.STATUS_BAR to package com.meizu.flyme.calculator (protectionLevel=18 flags=0x38c83e45)
05-05 23:04:57.507  1621  2296 W PackageManager: Not granting permission android.permission.INTERACT_ACROSS_USERS_FULL to package com.meizu.flyme.calculator (protectionLevel=258 flags=0x38c83e45)
05-05 23:04:57.507  1621  2296 W PackageManager: Not granting permission android.permission.INTERACT_ACROSS_USERS to package com.meizu.flyme.calculator (protectionLevel=50 flags=0x38c83e45)
05-05 23:04:57.507  1621  2296 W PackageManager: Not granting permission android.permission.WRITE_MEDIA_STORAGE to package com.meizu.flyme.calculator (protectionLevel=18 flags=0x38c83e45)
05-05 23:04:57.507  1621  2296 W PackageManager: Not granting permission com.meizu.stats.permission.READ_USAGESTATS to package com.meizu.flyme.calculator (protectionLevel=18 flags=0x38c83e45)
05-05 23:04:57.507  1621  2296 W PackageManager: Unknown permission android.permission.ROOT_RECOVERY_STATE in package com.meizu.flyme.calculator
05-05 23:04:57.507  1621  2296 W PackageManager: Not granting permission android.permission.LOCAL_MAC_ADDRESS to package com.meizu.flyme.calculator (protectionLevel=18 flags=0x38c83e45)
05-05 23:04:57.507  1621  2296 W PackageManager: Not granting permission android.permission.REAL_GET_TASKS to package com.meizu.flyme.calculator (protectionLevel=18 flags=0x38c83e45)
05-05 23:04:57.507  1621  2296 W PackageManager: Not granting permission android.permission.ACCESS_DOWNLOAD_MANAGER to package com.meizu.flyme.calculator (protectionLevel=18 flags=0x38c83e45)
05-05 23:04:57.507  1621  2296 W PackageManager: Unknown permission com.meizu.flyme.push.permission.RECEIVE in package com.meizu.yellowpage
05-05 23:04:57.509  1621  2296 W PackageManager: Unknown permission android.permission.ROOT_RECOVERY_STATE in package com.meizu.yellowpage
05-05 23:04:57.509  1621  2296 W PackageManager: Unknown permission android.permission.ROOT_RECOVERY_STATE in package com.android.calendar
05-05 23:04:57.510  1621  2296 W PackageManager: Unknown permission com.android.usagestats.permission.READ_USAGESTATS in package com.android.calendar
05-05 23:04:57.510  1621  2296 W PackageManager: Unknown permission com.android.usagestats.permission.WRITE_USAGESTATS in package com.android.calendar
05-05 23:04:57.510  1621  2296 W PackageManager: Unknown permission com.meizu.flyme.push.permission.RECEIVE in package com.android.calendar
05-05 23:04:57.511  1621  2296 W PackageManager: Unknown permission android.permission.GET_FLYME_HIPS_SERVICE in package com.meizu.safe
05-05 23:04:57.511  1621  2296 W PackageManager: Unknown permission android.permission.ROOT_RECOVERY_STATE in package com.meizu.safe
05-05 23:04:57.511  1621  2296 W PackageManager: Not granting permission android.permission.ACCESS_DOWNLOAD_MANAGER to package com.meizu.media.reader (protectionLevel=18 flags=0x38c83e45)
05-05 23:04:57.511  1621  2296 W PackageManager: Unknown permission com.meizu.flyme.push.permission.RECEIVE in package com.meizu.media.reader
05-05 23:04:57.511  1621  2296 W PackageManager: Unknown permission com.meizu.c2dm.permission.RECEIVE in package com.meizu.media.reader
05-05 23:04:57.511  1621  2296 W PackageManager: Not granting permission com.meizu.flyme.permission.UPDATE to package com.meizu.media.reader (protectionLevel=18 flags=0x38c83e45)
05-05 23:04:57.511  1621  2296 W PackageManager: Unknown permission com.android.launcher.permission.READ_SETTINGS in package com.meizu.media.reader
05-05 23:04:57.511  1621  2296 W PackageManager: Unknown permission android.permission.ROOT_RECOVERY_STATE in package com.meizu.media.reader
05-05 23:04:57.512  1621  2296 W PackageManager: Not granting permission android.permission.INSTALL_PACKAGES to package com.meizu.media.reader (protectionLevel=18 flags=0x38c83e45)
05-05 23:04:57.512  1621  2296 W PackageManager: Unknown permission com.meizu.feebback.submit.permission.QUESTION in package com.meizu.media.reader
05-05 23:04:57.512  1621  2296 W PackageManager: Not granting permission android.permission.START_ANY_ACTIVITY to package com.meizu.media.reader (protectionLevel=2 flags=0x38c83e45)
05-05 23:04:57.512  1621  2296 W PackageManager: Not granting permission android.permission.STATUS_BAR to package com.meizu.media.reader (protectionLevel=18 flags=0x38c83e45)
05-05 23:04:57.512  1621  2296 W PackageManager: Not granting permission android.permission.WRITE_SECURE_SETTINGS to package com.meizu.media.reader (protectionLevel=50 flags=0x38c83e45)
05-05 23:04:57.512  1621  2296 W PackageManager: Not granting permission android.permission.INTERACT_ACROSS_USERS_FULL to package com.meizu.media.reader (protectionLevel=258 flags=0x38c83e45)
05-05 23:04:57.512  1621  2296 W PackageManager: Not granting permission android.permission.INTERACT_ACROSS_USERS to package com.meizu.media.reader (protectionLevel=50 flags=0x38c83e45)
05-05 23:04:57.512  1621  2296 W PackageManager: Not granting permission android.permission.WRITE_MEDIA_STORAGE to package com.meizu.media.reader (protectionLevel=18 flags=0x38c83e45)
05-05 23:04:57.512  1621  2296 W PackageManager: Not granting permission android.permission.REAL_GET_TASKS to package com.meizu.media.reader (protectionLevel=18 flags=0x38c83e45)
05-05 23:04:57.512  1621  2296 W PackageManager: Not granting permission com.meizu.stats.permission.READ_USAGESTATS to package com.meizu.media.reader (protectionLevel=18 flags=0x38c83e45)
05-05 23:04:57.512  1621  2296 W PackageManager: Not granting permission android.permission.LOCAL_MAC_ADDRESS to package com.meizu.media.reader (protectionLevel=18 flags=0x38c83e45)
05-05 23:04:57.512  1621  2296 W PackageManager: Unknown permission com.meizu.compaign.permission.READ_SDK_INFO in package com.meizu.media.reader
05-05 23:04:57.512  1621  2296 W PackageManager: Unknown permission com.meizu.compaign.permission.SEND_NOTIFICATION in package com.meizu.media.reader
05-05 23:04:57.512  1621  2296 W PackageManager: Unknown permission com.meizu.flyme.push.permission.RECEIVE in package com.meizu.flyme.toolbox
05-05 23:04:57.512  1621  2296 W PackageManager: Unknown permission android.permission.ROOT_RECOVERY_STATE in package com.meizu.flyme.toolbox
05-05 23:04:57.512  1621  2296 W PackageManager: Unknown permission com.android.launcher.permission.READ_SETTINGS in package com.meizu.flyme.childrenlauncher
05-05 23:04:57.512  1621  2296 W PackageManager: Unknown permission com.android.launcher.permission.WRITE_SETTINGS in package com.meizu.flyme.childrenlauncher
05-05 23:04:57.513  1621  2296 W PackageManager: Unknown permission com.meizu.flyme.push.permission.RECEIVE in package com.meizu.flyme.childrenlauncher
05-05 23:04:57.513  1621  2296 W PackageManager: Unknown permission android.permission.ROOT_RECOVERY_STATE in package com.meizu.flyme.childrenlauncher
05-05 23:04:57.513  1621  2296 W PackageManager: Unknown permission com.android.voicemail.permission.READ_WRITE_ALL_VOICEMAIL in package com.android.incallui
05-05 23:04:57.513  1621  2296 W PackageManager: Not granting permission com.android.permission.WHITELIST_BLUETOOTH_DEVICE to package com.android.incallui (protectionLevel=2 flags=0x3888be6d)
05-05 23:04:57.513  1621  2296 W PackageManager: Unknown permission com.meizu.flyme.push.permission.RECEIVE in package com.android.incallui
05-05 23:04:57.513  1621  2296 W PackageManager: Unknown permission meizu.permission.FLYME_TELECOM in package com.android.incallui
05-05 23:04:57.513  1621  2296 W PackageManager: Unknown permission meizu.permission.DEFAULT_SYSTEM_APP_PERMISSION in package com.android.incallui
05-05 23:04:57.513  1621  2296 W PackageManager: Not granting permission android.permission.START_ANY_ACTIVITY to package com.android.incallui (protectionLevel=2 flags=0x3888be6d)
05-05 23:04:57.513  1621  2296 W PackageManager: Not granting permission android.permission.INTERACT_ACROSS_USERS_FULL to package com.android.incallui (protectionLevel=258 flags=0x3888be6d)
05-05 23:04:57.513  1621  2296 W PackageManager: Unknown permission android.permission.ROOT_RECOVERY_STATE in package com.android.incallui
05-05 23:04:57.513  1621  2296 W PackageManager: Unknown permission com.meizu.flyme.push.permission.RECEIVE in package com.meizu.gamecenter.service
05-05 23:04:57.513  1621  2296 W PackageManager: Unknown permission android.permission.ROOT_RECOVERY_STATE in package com.meizu.gamecenter.service
05-05 23:04:57.513  1621  2296 W PackageManager: Unknown permission android.webkit.permission.PLUGIN in package com.meizu.gamecenter.service
05-05 23:04:57.513  1621  2296 W PackageManager: Not granting permission android.permission.BATTERY_STATS to package com.ibimuyu.lockscreen (protectionLevel=50 flags=0x3898be45)
05-05 23:04:57.513  1621  2296 W PackageManager: Not granting permission android.permission.SET_WALLPAPER_COMPONENT to package com.ibimuyu.lockscreen (protectionLevel=18 flags=0x3898be45)
05-05 23:04:57.513  1621  2296 W PackageManager: Not granting permission android.permission.BIND_WALLPAPER to package com.ibimuyu.lockscreen (protectionLevel=18 flags=0x3898be45)
05-05 23:04:57.513  1621  2296 W PackageManager: Unknown permission android.permission.SYSTEM_OVERLAY_WINDOW in package com.ibimuyu.lockscreen
05-05 23:04:57.514  1621  2296 W PackageManager: Not granting permission android.permission.MOUNT_UNMOUNT_FILESYSTEMS to package com.ibimuyu.lockscreen (protectionLevel=18 flags=0x3898be45)
05-05 23:04:57.514  1621  2296 W PackageManager: Not granting permission android.permission.READ_LOGS to package com.ibimuyu.lockscreen (protectionLevel=50 flags=0x3898be45)
05-05 23:04:57.514  1621  2296 W PackageManager: Not granting permission android.permission.CLEAR_APP_CACHE to package com.ibimuyu.lockscreen (protectionLevel=18 flags=0x3898be45)
05-05 23:04:57.514  1621  2296 W PackageManager: Unknown permission com.android.launcher.permission.READ_SETTINGS in package com.android.onetimeinitializer
05-05 23:04:57.514  1621  2296 W PackageManager: Unknown permission com.android.launcher.permission.WRITE_SETTINGS in package com.android.onetimeinitializer
05-05 23:04:57.514  1621  2296 W PackageManager: Unknown permission meizu.permission.FLYME_TELECOM in package com.android.server.telecom
05-05 23:04:57.514  1621  2296 W PackageManager: Unknown permission meizu.permission.CALLBACK_OPEN in package com.android.server.telecom
05-05 23:04:57.514  1621  2296 W PackageManager: Unknown permission meizu.permission.FLYME_TELECOM_PROVIDER_READ in package com.android.server.telecom
05-05 23:04:57.514  1621  2296 W PackageManager: Unknown permission com.meizu.flyme.push.permission.RECEIVE in package com.android.dialer
05-05 23:04:57.514  1621  2296 W PackageManager: Unknown permission meizu.permission.FLYME_TELECOM in package com.android.dialer
05-05 23:04:57.514  1621  2296 W PackageManager: Unknown permission meizu.permission.DEFAULT_SYSTEM_APP_PERMISSION in package com.android.dialer
05-05 23:04:57.514  1621  2296 W PackageManager: Unknown permission android.permission.ROOT_RECOVERY_STATE in package com.android.dialer
05-05 23:04:57.515  1621  2296 W PackageManager: Unknown permission android.Manifest.permission.READ_PRIVILEGED_PHONE_STATE in package com.flyme.systemuitools
05-05 23:04:57.515  1621  2296 W PackageManager: Unknown permission android.permission.ROOT_RECOVERY_STATE in package com.flyme.systemuitools
05-05 23:04:57.515  1621  2296 W PackageManager: Unknown permission android.permission.ROOT_RECOVERY_STATE in package com.meizu.account
05-05 23:04:57.515  1621  2296 W PackageManager: Unknown permission com.meizu.flyme.push.permission.RECEIVE in package com.meizu.account
05-05 23:04:57.515  1621  2296 W PackageManager: Not granting permission android.permission.INTERACT_ACROSS_USERS_FULL to package com.meizu.media.ebook (protectionLevel=258 flags=0x38c83e45)
05-05 23:04:57.515  1621  2296 W PackageManager: Not granting permission android.permission.START_ANY_ACTIVITY to package com.meizu.media.ebook (protectionLevel=2 flags=0x38c83e45)
05-05 23:04:57.515  1621  2296 W PackageManager: Unknown permission com.meizu.flyme.push.permission.RECEIVE in package com.meizu.media.ebook
05-05 23:04:57.515  1621  2296 W PackageManager: Unknown permission com.meizu.c2dm.permission.RECEIVE in package com.meizu.media.ebook
05-05 23:04:57.515  1621  2296 W PackageManager: Unknown permission com.meizu.compaign.permission.READ_SDK_INFO in package com.meizu.media.ebook
05-05 23:04:57.515  1621  2296 W PackageManager: Unknown permission com.meizu.compaign.permission.SEND_NOTIFICATION in package com.meizu.media.ebook
05-05 23:04:57.515  1621  2296 W PackageManager: Unknown permission android.webkit.permission.PLUGIN in package com.meizu.media.ebook
05-05 23:04:57.515  1621  2296 W PackageManager: Unknown permission android.permission.ROOT_RECOVERY_STATE in package com.meizu.media.ebook
05-05 23:04:57.516  1621  2296 W PackageManager: Unknown permission com.android.usagestats.permission.READ_USAGESTATS in package com.meizu.media.music
05-05 23:04:57.516  1621  2296 W PackageManager: Unknown permission com.android.usagestats.permission.WRITE_USAGESTATS in package com.meizu.media.music
05-05 23:04:57.516  1621  2296 W PackageManager: Unknown permission com.meizu.c2dm.permission.RECEIVE in package com.meizu.media.music
05-05 23:04:57.516  1621  2296 W PackageManager: Unknown permission com.meizu.flyme.push.permission.RECEIVE in package com.meizu.media.music
05-05 23:04:57.516  1621  2296 W PackageManager: Unknown permission android.permission.ROOT_RECOVERY_STATE in package com.meizu.media.music
05-05 23:04:57.516  1621  2296 W PackageManager: Not granting permission android.permission.DEVICE_POWER to package com.meizu.media.music (protectionLevel=2 flags=0x38c83e45)
05-05 23:04:57.516  1621  2296 W PackageManager: Not granting permission android.permission.INTERNAL_SYSTEM_WINDOW to package com.meizu.media.music (protectionLevel=2 flags=0x38c83e45)
05-05 23:04:57.516  1621  2296 W PackageManager: Unknown permission com.meizu.compaign.permission.READ_SDK_INFO in package com.meizu.media.music
05-05 23:04:57.516  1621  2296 W PackageManager: Unknown permission com.meizu.compaign.permission.SEND_NOTIFICATION in package com.meizu.media.music
05-05 23:04:57.516  1621  2296 W PackageManager: Unknown permission android.webkit.permission.PLUGIN in package com.meizu.media.music
05-05 23:04:57.516  1621  2296 W PackageManager: Not granting permission android.permission.ACCESS_ALL_DOWNLOADS to package com.meizu.media.video (protectionLevel=2 flags=0x38883e45)
05-05 23:04:57.516  1621  2296 W PackageManager: Not granting permission com.android.permission.WHITELIST_BLUETOOTH_DEVICE to package com.meizu.media.video (protectionLevel=2 flags=0x38883e45)
05-05 23:04:57.516  1621  2296 W PackageManager: Unknown permission com.android.usagestats.permission.READ_USAGESTATS in package com.meizu.media.video
05-05 23:04:57.516  1621  2296 W PackageManager: Unknown permission com.android.usagestats.permission.WRITE_USAGESTATS in package com.meizu.media.video
05-05 23:04:57.516  1621  2296 W PackageManager: Unknown permission android.permission.TYPE_PHONE in package com.meizu.media.video
05-05 23:04:57.516  1621  2296 W PackageManager: Not granting permission android.permission.INTERNAL_SYSTEM_WINDOW to package com.meizu.media.video (protectionLevel=2 flags=0x38883e45)
05-05 23:04:57.516  1621  2296 W PackageManager: Unknown permission com.meizu.flyme.push.permission.RECEIVE in package com.meizu.media.video
05-05 23:04:57.516  1621  2296 W PackageManager: Unknown permission com.meizu.c2dm.permission.RECEIVE in package com.meizu.media.video
05-05 23:04:57.516  1621  2296 W PackageManager: Unknown permission android.permission.ROOT_RECOVERY_STATE in package com.meizu.media.video
05-05 23:04:57.517  1621  2296 W PackageManager: Unknown permission com.meizu.compaign.permission.READ_SDK_INFO in package com.meizu.media.video
05-05 23:04:57.517  1621  2296 W PackageManager: Unknown permission com.meizu.compaign.permission.SEND_NOTIFICATION in package com.meizu.media.video
05-05 23:04:57.517  1621  2296 W PackageManager: Not granting permission android.permission.DELETE_PACKAGES to package com.svox.pico (protectionLevel=18 flags=0x3888be45)
05-05 23:04:57.517  1621  2296 W PackageManager: Not granting permission com.android.permission.WHITELIST_BLUETOOTH_DEVICE to package com.meizu.media.gallery (protectionLevel=2 flags=0x38d8be45)
05-05 23:04:57.517  1621  2296 W PackageManager: Not granting permission android.permission.INTERACT_ACROSS_USERS_FULL to package com.meizu.media.gallery (protectionLevel=258 flags=0x38d8be45)
05-05 23:04:57.517  1621  2296 W PackageManager: Not granting permission android.permission.ACCESS_ALL_DOWNLOADS to package com.meizu.media.gallery (protectionLevel=2 flags=0x38d8be45)
05-05 23:04:57.517  1621  2296 W PackageManager: Unknown permission com.android.usagestats.permission.WRITE_USAGESTATS in package com.meizu.media.gallery
05-05 23:04:57.517  1621  2296 W PackageManager: Unknown permission com.android.usagestats.permission.READ_USAGESTATS in package com.meizu.media.gallery
05-05 23:04:57.517  1621  2296 W PackageManager: Not granting permission android.permission.ACCESS_SURFACE_FLINGER to package com.meizu.media.gallery (protectionLevel=2 flags=0x38d8be45)
05-05 23:04:57.517  1621  2296 W PackageManager: Unknown permission android.Manifest.permission.RECEIVE_BOOT_COMPLETED in package com.meizu.media.gallery
05-05 23:04:57.517  1621  2296 W PackageManager: Unknown permission com.meizu.flyme.push.permission.RECEIVE in package com.meizu.media.gallery
05-05 23:04:57.517  1621  2296 W PackageManager: Unknown permission com.meizu.c2dm.permission.RECEIVE in package com.meizu.media.gallery
05-05 23:04:57.517  1621  2296 W PackageManager: Unknown permission com.meizu.flyme.wlauncher.permission.BIND_WATCHSERVISE in package com.meizu.media.gallery
05-05 23:04:57.517  1621  2296 W PackageManager: Unknown permission android.permission.ROOT_RECOVERY_STATE in package com.meizu.media.gallery
05-05 23:04:57.517  1621  2296 W PackageManager: Unknown permission com.meizu.compaign.permission.READ_SDK_INFO in package com.meizu.media.gallery
05-05 23:04:57.517  1621  2296 W PackageManager: Unknown permission com.meizu.compaign.permission.SEND_NOTIFICATION in package com.meizu.media.gallery
05-05 23:04:57.517  1621  2296 W PackageManager: Unknown permission android.webkit.permission.PLUGIN in package com.meizu.media.gallery
05-05 23:04:57.517  1621  2296 W PackageManager: Unknown permission android.permission.WRITE_OWNER_DATA in package com.meizu.logreport
05-05 23:04:57.517  1621  2296 W PackageManager: Unknown permission android.permission.MOUNT_UNMOUNT_FILESYSTEM in package com.meizu.logreport
05-05 23:04:57.517  1621  2296 W PackageManager: Unknown permission android.permission.ROOT_RECOVERY_STATE in package com.meizu.logreport
05-05 23:04:57.518  1621  2296 W PackageManager: Unknown permission com.meizu.flyme.push.permission.RECEIVE in package com.flyme.netadmin
05-05 23:04:57.518  1621  2296 W PackageManager: Unknown permission android.permission.ROOT_RECOVERY_STATE in package com.flyme.netadmin
05-05 23:04:57.518  1621  2296 W PackageManager: Unknown permission com.meizu.flyme.push.permission.RECEIVE in package com.meizu.flyme.mall
05-05 23:04:57.518  1621  2296 W PackageManager: Unknown permission android.permission.ROOT_RECOVERY_STATE in package com.meizu.flyme.mall
05-05 23:04:57.518  1621  2296 W PackageManager: Unknown permission com.meizu.flyme.push.permission.RECEIVE in package com.meizu.voiceassistant
05-05 23:04:57.518  1621  2296 W PackageManager: Unknown permission android.permission.ROOT_RECOVERY_STATE in package com.meizu.voiceassistant
05-05 23:04:57.518  1621  2296 W PackageManager: Unknown permission com.meizu.flymecommunication.permission.CLOUD_PROVIDER_WRITE in package com.meizu.cloud
05-05 23:04:57.518  1621  2296 W PackageManager: Unknown permission com.meizu.flyme.push.permission.RECEIVE in package com.meizu.cloud
05-05 23:04:57.518  1621  2296 W PackageManager: Unknown permission com.meizu.cloud.permission.CLOUD_PROVIDER_WRITE in package com.meizu.cloud
05-05 23:04:57.518  1621  2296 W PackageManager: Unknown permission android.permission.ROOT_RECOVERY_STATE in package com.meizu.cloud
05-05 23:04:57.518  1621  2296 W PackageManager: Unknown permission android.permission.READ_SMS_SUPER in package com.meizu.setup
05-05 23:04:57.519  1621  2296 W PackageManager: Unknown permission android.provider.Telephony.SMS_RECEIVED in package com.meizu.setup
05-05 23:04:57.519  1621  2296 W PackageManager: Unknown permission android.permission.ROOT_RECOVERY_STATE in package com.meizu.setup
05-05 23:04:57.519  1621  2296 W PackageManager: Unknown permission com.google.android.gallery3d.permission.GALLERY_PROVIDER in package com.meizu.share
05-05 23:04:57.519  1621  2296 W PackageManager: Unknown permission com.android.gallery3d.permission.GALLERY_PROVIDER in package com.meizu.share
05-05 23:04:57.519  1621  2296 W PackageManager: Unknown permission com.google.android.gm.permission.READ_GMAIL in package com.meizu.share
05-05 23:04:57.519  1621  2296 W PackageManager: Unknown permission com.meizu.flyme.push.permission.RECEIVE in package com.meizu.share
05-05 23:04:57.519  1621  2296 W PackageManager: Unknown permission android.permission.ROOT_RECOVERY_STATE in package com.meizu.share
05-05 23:04:57.519  1621  2296 W PackageManager: Unknown permission com.android.launcher.permission.READ_SETTINGS in package com.meizu.flyme.easylauncher
05-05 23:04:57.519  1621  2296 W PackageManager: Unknown permission com.android.launcher.permission.WRITE_SETTINGS in package com.meizu.flyme.easylauncher
05-05 23:04:57.519  1621  2296 W PackageManager: Unknown permission android.permission.ROOT_RECOVERY_STATE in package com.meizu.flyme.easylauncher
05-05 23:04:57.519  1621  2296 W PackageManager: Unknown permission com.android.vendors.bridge.permission.USE_SOFTSIM in package com.flyme.virtual.softsim
05-05 23:04:57.519  1621  2296 W PackageManager: Unknown permission android.permission.ROOT_RECOVERY_STATE in package com.flyme.virtual.softsim
05-05 23:04:57.520  1621  2296 W PackageManager: Unknown permission com.google.android.googleapps.permission.GOOGLE_AUTH in package com.android.settings
05-05 23:04:57.520  1621  2296 W PackageManager: Unknown permission com.android.launcher.permission.READ_SETTINGS in package com.android.settings
05-05 23:04:57.520  1621  2296 W PackageManager: Unknown permission com.android.launcher.permission.WRITE_SETTINGS in package com.android.settings
05-05 23:04:57.520  1621  2296 W PackageManager: Unknown permission android.permission.ROOT_RECOVERY_STATE in package com.meizu.battery
05-05 23:04:57.520  1621  2296 W PackageManager: Unknown permission android.permission.READ_OWNER_DATA in package com.meizu.mzsyncservice
05-05 23:04:57.520  1621  2296 W PackageManager: Unknown permission android.permission.WRITE_OWNER_DATA in package com.meizu.mzsyncservice
05-05 23:04:57.520  1621  2296 W PackageManager: Unknown permission android.permission.READ_CONTACTS_SUPER in package com.meizu.mzsyncservice
05-05 23:04:57.520  1621  2296 W PackageManager: Unknown permission android.permission.WRITE_CONTACTS_SUPER in package com.meizu.mzsyncservice
05-05 23:04:57.520  1621  2296 W PackageManager: Unknown permission android.permission.READ_SMS_SUPER in package com.meizu.mzsyncservice
05-05 23:04:57.520  1621  2296 W PackageManager: Unknown permission android.permission.WRITE_SMS_SUPER in package com.meizu.mzsyncservice
05-05 23:04:57.520  1621  2296 W PackageManager: Unknown permission com.android.voicemail.permission.READ_WRITE_ALL_VOICEMAIL in package com.meizu.mzsyncservice
05-05 23:04:57.520  1621  2296 W PackageManager: Unknown permission android.permission.BACKUP_ACCOUNTS in package com.meizu.mzsyncservice
05-05 23:04:57.520  1621  2296 W PackageManager: Unknown permission android.permission.MEIZU_BACKUP_AND_RESTORE in package com.meizu.mzsyncservice
05-05 23:04:57.521  1621  2296 W PackageManager: Unknown permission com.meizu.flyme.push.permission.RECEIVE in package com.meizu.mzsyncservice
05-05 23:04:57.521  1621  2296 W PackageManager: Unknown permission com.meizu.c2dm.permission.RECEIVE in package com.meizu.mzsyncservice
05-05 23:04:57.521  1621  2296 W PackageManager: Unknown permission android.permission.ROOT_RECOVERY_STATE in package com.meizu.mzsyncservice
05-05 23:04:57.521  1621  2296 W PackageManager: Not granting permission android.permission.BATTERY_STATS to package com.vlife.mxlock.wallpaper (protectionLevel=50 flags=0x18883e45)
05-05 23:04:57.521  1621  2296 W PackageManager: Unknown permission com.meizu.flyme.push.permission.RECEIVE in package com.meizu.flyme.input
05-05 23:04:57.521  1621  2296 W PackageManager: Unknown permission com.meizu.flyme.wlauncher.permission.GLINT_EVENT in package com.meizu.flyme.input
05-05 23:04:57.521  1621  2296 W PackageManager: Not granting permission android.permission.START_ANY_ACTIVITY to package com.meizu.flyme.input (protectionLevel=2 flags=0x38c83e45)
05-05 23:04:57.521  1621  2296 W PackageManager: Not granting permission android.permission.INTERACT_ACROSS_USERS_FULL to package com.meizu.flyme.input (protectionLevel=258 flags=0x38c83e45)
05-05 23:04:57.521  1621  2296 W PackageManager: Unknown permission android.permission.ROOT_RECOVERY_STATE in package com.meizu.flyme.input
05-05 23:04:57.521  1621  2296 W PackageManager: Unknown permission android.permission.ROOT_RECOVERY_STATE in package com.android.email
05-05 23:04:57.521  1621  2296 W PackageManager: Unknown permission com.meizu.flyme.push.permission.RECEIVE in package com.android.email
05-05 23:04:57.521  1621  2296 W PackageManager: Unknown permission android.permission.send.MEIZU_FINDPHONE_CHANGED in package com.meizu.flyme.service.find
05-05 23:04:57.522  1621  2296 W PackageManager: Unknown permission android.permission.ROOT_RECOVERY_STATE in package com.meizu.flyme.service.find
05-05 23:04:57.522  1621  2296 W PackageManager: Unknown permission meizu.permission.FLYME_TELECOM in package com.android.phone
05-05 23:04:57.522  1621  2296 W PackageManager: Unknown permission meizu.permission.CALLBACK_OPEN in package com.android.phone
05-05 23:04:57.522  1621  2296 W PackageManager: Unknown permission meizu.permission.FLYME_TELECOM_PROVIDER_READ in package com.android.phone
05-05 23:04:57.523  1621  2296 W PackageManager: Unknown permission android.permission.ROOT_RECOVERY_STATE in package com.meizu.customizecenter
05-05 23:04:57.523  1621  2296 W PackageManager: Unknown permission android.webkit.permission.PLUGIN in package com.meizu.customizecenter
05-05 23:04:57.523  1621  2296 W PackageManager: Unknown permission android.permission.ROOT_RECOVERY_STATE in package com.meizu.flyme.gamecenter
05-05 23:04:57.523  1621  2296 W PackageManager: Unknown permission com.meizu.flyme.push.permission.RECEIVE in package com.meizu.flyme.gamecenter
05-05 23:04:57.523  1621  2296 W PackageManager: Unknown permission com.meizu.c2dm.permission.RECEIVE in package com.meizu.flyme.gamecenter
05-05 23:04:57.523  1621  2296 W PackageManager: Unknown permission com.meizu.compaign.permission.READ_SDK_INFO in package com.meizu.flyme.gamecenter
05-05 23:04:57.523  1621  2296 W PackageManager: Unknown permission com.meizu.compaign.permission.SEND_NOTIFICATION in package com.meizu.flyme.gamecenter
05-05 23:04:57.523  1621  2296 W PackageManager: Unknown permission android.permission.ACCESS_ALL_EXTERNAL_STORAGE in package com.android.systemui
05-05 23:04:57.524  1621  2296 W PackageManager: Unknown permission android.permission.ROOT_RECOVERY_STATE in package com.android.systemui
05-05 23:04:57.524  1621  2296 W PackageManager: Unknown permission android.Manifest.permission.READ_PRIVILEGED_PHONE_STATE in package com.android.systemui
05-05 23:04:57.524  1621  2296 W PackageManager: Unknown permission com.android.usagestats.permission.READ_USAGESTATS in package com.meizu.experiencedatasync
05-05 23:04:57.524  1621  2296 W PackageManager: Unknown permission com.android.usagestats.permission.WRITE_USAGESTATS in package com.meizu.experiencedatasync
05-05 23:04:57.524  1621  2296 W PackageManager: Unknown permission android.permission.ROOT_RECOVERY_STATE in package com.meizu.experiencedatasync
05-05 23:04:57.524  1621  2296 W PackageManager: Unknown permission com.android.voicemail.permission.READ_WRITE_ALL_VOICEMAIL in package com.meizu.callsetting
05-05 23:04:57.524  1621  2296 W PackageManager: Unknown permission com.android.usagestats.permission.READ_USAGESTATS in package com.meizu.callsetting
05-05 23:04:57.524  1621  2296 W PackageManager: Unknown permission com.android.usagestats.permission.WRITE_USAGESTATS in package com.meizu.callsetting
05-05 23:04:57.524  1621  2296 W PackageManager: Unknown permission meizu.permission.FLYME_TELECOM in package com.meizu.callsetting
05-05 23:04:57.524  1621  2296 W PackageManager: Unknown permission meizu.permission.FLYME_TELECOM_PROVIDER_READ in package com.meizu.callsetting
05-05 23:04:57.524  1621  2296 W PackageManager: Unknown permission android.permission.ROOT_RECOVERY_STATE in package com.meizu.callsetting
05-05 23:04:57.525  1621  2296 W PackageManager: Unknown permission com.meizu.flyme.push.permission.RECEIVE in package com.meizu.netcontactservice
05-05 23:04:57.525  1621  2296 W PackageManager: Unknown permission meizu.permission.FLYME_TELECOM in package com.meizu.netcontactservice
05-05 23:04:57.525  1621  2296 W PackageManager: Unknown permission android.permission.ROOT_RECOVERY_STATE in package com.meizu.netcontactservice
05-05 23:04:57.525  1621  2296 W PackageManager: Unknown permission com.google.android.gallery3d.permission.GALLERY_PROVIDER in package com.android.bluetooth
05-05 23:04:57.525  1621  2296 W PackageManager: Unknown permission com.android.gallery3d.permission.GALLERY_PROVIDER in package com.android.bluetooth
05-05 23:04:57.525  1621  2296 W PackageManager: Unknown permission android.permission.ROOT_RECOVERY_STATE in package com.meizu.media.life
05-05 23:04:57.525  1621  2296 W PackageManager: Not granting permission android.permission.CHANGE_CONFIGURATION to package com.meizu.media.life (protectionLevel=50 flags=0x38c83e45)
05-05 23:04:57.525  1621  2296 W PackageManager: Not granting permission com.meizu.flyme.permission.UPDATE to package com.meizu.media.life (protectionLevel=18 flags=0x38c83e45)
05-05 23:04:57.525  1621  2296 W PackageManager: Unknown permission com.meizu.flyme.push.permission.RECEIVE in package com.meizu.media.life
05-05 23:04:57.525  1621  2296 W PackageManager: Not granting permission android.permission.INSTALL_PACKAGES to package com.meizu.media.life (protectionLevel=18 flags=0x38c83e45)
05-05 23:04:57.525  1621  2296 W PackageManager: Not granting permission android.permission.WRITE_SECURE_SETTINGS to package com.meizu.media.life (protectionLevel=50 flags=0x38c83e45)
05-05 23:04:57.525  1621  2296 W PackageManager: Not granting permission android.permission.START_ANY_ACTIVITY to package com.meizu.media.life (protectionLevel=2 flags=0x38c83e45)
05-05 23:04:57.525  1621  2296 W PackageManager: Not granting permission android.permission.PEERS_MAC_ADDRESS to package com.meizu.media.life (protectionLevel=2 flags=0x38c83e45)
05-05 23:04:57.525  1621  2296 W PackageManager: Not granting permission android.permission.READ_PRIVILEGED_PHONE_STATE to package com.meizu.media.life (protectionLevel=18 flags=0x38c83e45)
05-05 23:04:57.526  1621  2296 W PackageManager: Not granting permission android.permission.STATUS_BAR to package com.meizu.media.life (protectionLevel=18 flags=0x38c83e45)
05-05 23:04:57.526  1621  2296 W PackageManager: Not granting permission android.permission.REAL_GET_TASKS to package com.meizu.media.life (protectionLevel=18 flags=0x38c83e45)
05-05 23:04:57.526  1621  2296 W PackageManager: Not granting permission android.permission.INTERACT_ACROSS_USERS_FULL to package com.meizu.media.life (protectionLevel=258 flags=0x38c83e45)
05-05 23:04:57.526  1621  2296 W PackageManager: Not granting permission android.permission.WRITE_MEDIA_STORAGE to package com.meizu.media.life (protectionLevel=18 flags=0x38c83e45)
05-05 23:04:57.526  1621  2296 W PackageManager: Unknown permission android.webkit.permission.PLUGIN in package com.meizu.media.life
05-05 23:04:57.526  1621  2296 W PackageManager: Not granting permission android.permission.ACCESS_DOWNLOAD_MANAGER to package com.meizu.media.life (protectionLevel=18 flags=0x38c83e45)
05-05 23:04:57.526  1621  2296 W PackageManager: Not granting permission com.meizu.stats.permission.READ_USAGESTATS to package com.meizu.media.life (protectionLevel=18 flags=0x38c83e45)
05-05 23:04:57.526  1621  2296 W PackageManager: Not granting permission android.permission.LOCAL_MAC_ADDRESS to package com.meizu.media.life (protectionLevel=18 flags=0x38c83e45)
05-05 23:04:57.526  1621  2296 W PackageManager: Unknown permission android.permission.ROOT_RECOVERY_STATE in package com.meizu.flyme.weather
05-05 23:04:57.591  1621  2294 I ActivityManager: Config changes=8 {1.0 ?mcc?mnc zh_CN ldltr sw360dp w360dp h618dp 480dpi nrml long port finger -keyb/h/h -nav/h s.5}
05-05 23:04:57.593  1621  2296 W MountService: No primary storage mounted!
05-05 23:04:57.593  1621  2296 D VoldConnector: SND -> {2 asec list}
05-05 23:04:57.594  1621  2297 D VoldConnector: RCV <- {200 2 asec operation succeeded}
05-05 23:04:57.604  1621  2296 I MountService: Running fstrim idle maintenance
05-05 23:04:57.604  1621  2296 D VoldConnector: SND -> {3 fstrim dotrim}
05-05 23:04:57.605  1621  2297 D VoldConnector: RCV <- {200 3 Command succeeded}
05-05 23:04:57.607   433  2301 D vold    : Starting trim of /cache
05-05 23:04:57.638   433  2301 I vold    : Trimmed 257802240 bytes on /cache in 30ms
05-05 23:04:57.638  1621  2297 D VoldConnector: RCV <- {662 /cache 257802240 30581305}
05-05 23:04:57.639   433  2301 D vold    : Starting trim of /data
05-05 23:04:57.640  1621  1653 E VoldConnector: Error handling '662 /cache 257802240 30581305': java.lang.NullPointerException: Attempt to invoke virtual method 'void android.os.DropBoxManager.addText(java.lang.String, java.lang.String)' on a null object reference
05-05 23:04:58.127   433  2301 I vold    : Trimmed 2933170176 bytes on /data in 488ms
05-05 23:04:58.127   433  2301 D vold    : Starting trim of /persist
05-05 23:04:58.128  1621  2297 D VoldConnector: RCV <- {662 /data 2933170176 488364424}
05-05 23:04:58.129  1621  1653 E VoldConnector: Error handling '662 /data 2933170176 488364424': java.lang.NullPointerException: Attempt to invoke virtual method 'void android.os.DropBoxManager.addText(java.lang.String, java.lang.String)' on a null object reference
05-05 23:04:58.129   433  2301 I vold    : Trimmed 0 bytes on /persist in 1ms
05-05 23:04:58.129  1621  2297 D VoldConnector: RCV <- {662 /persist 0 1346927}
05-05 23:04:58.130  1621  1653 E VoldConnector: Error handling '662 /persist 0 1346927': java.lang.NullPointerException: Attempt to invoke virtual method 'void android.os.DropBoxManager.addText(java.lang.String, java.lang.String)' on a null object reference
05-05 23:10:56.406  1621  1621 I SystemServer: LockSettingsService
05-05 23:10:56.426  1621  1621 I SystemServiceManager: Starting com.android.server.PersistentDataBlockService
05-05 23:10:56.437  1621  1621 E PersistentDataBlockService: not able to find package com.google.android.gms
05-05 23:10:56.437  1621  1621 E PersistentDataBlockService: android.content.pm.PackageManager$NameNotFoundException: com.google.android.gms
05-05 23:10:56.437  1621  1621 E PersistentDataBlockService: 	at android.app.ApplicationPackageManager.getPackageUid(ApplicationPackageManager.java:231)
