05-05 23:15:50.601  6144  7397 D ImageLoader: Cache image on disk [file:///data/data/com.meizu.customizecenter/SmallPreviewImage/small_lock_view_preview.jpg_415x738]
05-05 23:15:50.601  6144  7398 D ImageLoader: Start display image task [drawable://2130837624_415x738]
05-05 23:15:50.601  6144  7398 D ImageLoader: Load image from network [drawable://2130837624_415x738]
05-05 23:15:50.601  6144  7398 D ImageLoader: Cache image on disk [drawable://2130837624_415x738]
05-05 23:15:50.610  6144  7397 D ImageLoader: Cache image in memory [file:///data/data/com.meizu.customizecenter/SmallPreviewImage/small_lock_view_preview.jpg_415x738]
05-05 23:15:50.615  6144  7398 D ImageLoader: Subsample original image (1440x2560) to 720x1280 (scale = 2) [drawable://2130837624_415x738]
05-05 23:15:50.615  6144  7394 D ImageLoader: Cache image in memory [file:///data/data/com.meizu.customizecenter/SmallPreviewImage/small_homepage_preview.jpg_415x738]
05-05 23:15:50.617  6144  7395 D ImageLoader: ...Get cached bitmap from memory after waiting. [file:///data/data/com.meizu.customizecenter/SmallPreviewImage/small_homepage_preview.jpg_415x738]
05-05 23:15:50.620  6144  7397 D ImageLoader: Start display image task [/system/customizecenter/theme/mtpks/com.meizu.theme.mznanshen.mtpk/homepage_415x738]
05-05 23:15:50.620  6144  7397 D ImageLoader: Load image from network [/system/customizecenter/theme/mtpks/com.meizu.theme.mznanshen.mtpk/homepage_415x738]
05-05 23:15:50.620  6144  7397 D ImageLoader: Cache image on disk [/system/customizecenter/theme/mtpks/com.meizu.theme.mznanshen.mtpk/homepage_415x738]
05-05 23:15:50.620  6144  7395 D ImageLoader: Start display image task [/system/customizecenter/theme/mtpks/com.meizu.theme.mznanshen.mtpk/mms_415x738]
05-05 23:15:50.621  6144  7395 D ImageLoader: Load image from network [/system/customizecenter/theme/mtpks/com.meizu.theme.mznanshen.mtpk/mms_415x738]
05-05 23:15:50.621  6144  7395 D ImageLoader: Cache image on disk [/system/customizecenter/theme/mtpks/com.meizu.theme.mznanshen.mtpk/mms_415x738]
05-05 23:15:50.628  6144  7394 D ImageLoader: Start display image task [/system/customizecenter/theme/mtpks/com.meizu.theme.mznanshen.mtpk/homepage_415x738]
05-05 23:15:50.628  6144  7394 D ImageLoader: Image already is loading. Waiting... [/system/customizecenter/theme/mtpks/com.meizu.theme.mznanshen.mtpk/homepage_415x738]
05-05 23:15:50.629  6144  7395 D ImageLoader: Subsample original image (1080x1920) to 540x960 (scale = 2) [/system/customizecenter/theme/mtpks/com.meizu.theme.mznanshen.mtpk/mms_415x738]
05-05 23:15:50.638  6144  7397 D ImageLoader: Subsample original image (1080x1920) to 540x960 (scale = 2) [/system/customizecenter/theme/mtpks/com.meizu.theme.mznanshen.mtpk/homepage_415x738]
05-05 23:15:50.655   527   625 E QCALOG  : [MessageQ] ProcessNewMessage: [XTWiFi-PE] unknown deliver target [OS-Agent]
05-05 23:15:50.686  6144  7395 D ImageLoader: Cache image in memory [/system/customizecenter/theme/mtpks/com.meizu.theme.mznanshen.mtpk/mms_415x738]
05-05 23:15:50.687  6144  7395 D ImageLoader: Start display image task [/system/customizecenter/theme/mtpks/com.meizu.theme.mznanshen.mtpk/lockscreen_415x738]
05-05 23:15:50.687  6144  7395 D ImageLoader: Load image from network [/system/customizecenter/theme/mtpks/com.meizu.theme.mznanshen.mtpk/lockscreen_415x738]
05-05 23:15:50.687  6144  7395 D ImageLoader: Cache image on disk [/system/customizecenter/theme/mtpks/com.meizu.theme.mznanshen.mtpk/lockscreen_415x738]
05-05 23:15:50.701  6144  7395 D ImageLoader: Subsample original image (1080x1920) to 540x960 (scale = 2) [/system/customizecenter/theme/mtpks/com.meizu.theme.mznanshen.mtpk/lockscreen_415x738]
05-05 23:15:50.704  6144  6144 D MzUpdateComponent:2.3.3: init com list
05-05 23:15:50.704  6144  6144 D MzUpdateComponent:2.3.3: add tracker : com.meizu.customizecenter.CustomizeCenterApplication@6a55be4
05-05 23:15:50.706   468   468 I chatty  : uid=1000(system) /system/bin/servicemanager expire 1 line
05-05 23:15:50.711  6144  7397 D ImageLoader: Cache image in memory [/system/customizecenter/theme/mtpks/com.meizu.theme.mznanshen.mtpk/homepage_415x738]
05-05 23:15:50.711  6144  7397 D ImageLoader: Start display image task [/system/customizecenter/theme/mtpks/com.meizu.theme.mznvshen.mtpk/homepage_415x738]
05-05 23:15:50.711  6144  7397 D ImageLoader: Load image from network [/system/customizecenter/theme/mtpks/com.meizu.theme.mznvshen.mtpk/homepage_415x738]
05-05 23:15:50.711  6144  7397 D ImageLoader: Cache image on disk [/system/customizecenter/theme/mtpks/com.meizu.theme.mznvshen.mtpk/homepage_415x738]
05-05 23:15:50.712  6144  7394 D ImageLoader: ...Get cached bitmap from memory after waiting. [/system/customizecenter/theme/mtpks/com.meizu.theme.mznanshen.mtpk/homepage_415x738]
05-05 23:15:50.712  6144  7394 D ImageLoader: Start display image task [/system/customizecenter/theme/mtpks/com.meizu.theme.mznvshen.mtpk/lockscreen_415x738]
05-05 23:15:50.712  6144  7394 D ImageLoader: Load image from network [/system/customizecenter/theme/mtpks/com.meizu.theme.mznvshen.mtpk/lockscreen_415x738]
05-05 23:15:50.713  6144  7394 D ImageLoader: Cache image on disk [/system/customizecenter/theme/mtpks/com.meizu.theme.mznvshen.mtpk/lockscreen_415x738]
05-05 23:15:50.715  6144  6144 D ImageLoader: Load image from memory cache [file:///data/data/com.meizu.customizecenter/SmallPreviewImage/small_homepage_preview.jpg_415x738]
05-05 23:15:50.718  6144  7397 D ImageLoader: Subsample original image (1080x1920) to 540x960 (scale = 2) [/system/customizecenter/theme/mtpks/com.meizu.theme.mznvshen.mtpk/homepage_415x738]
05-05 23:15:50.720  6144  7395 D ImageLoader: Cache image in memory [/system/customizecenter/theme/mtpks/com.meizu.theme.mznanshen.mtpk/lockscreen_415x738]
05-05 23:15:50.721  6144  7395 D ImageLoader: Start display image task [/system/customizecenter/theme/mtpks/com.meizu.theme.mznvshen.mtpk/mms_415x738]
05-05 23:15:50.721  6144  7395 D ImageLoader: Load image from network [/system/customizecenter/theme/mtpks/com.meizu.theme.mznvshen.mtpk/mms_415x738]
05-05 23:15:50.721  6144  7395 D ImageLoader: Cache image on disk [/system/customizecenter/theme/mtpks/com.meizu.theme.mznvshen.mtpk/mms_415x738]
05-05 23:15:50.722  6144  7394 D ImageLoader: Subsample original image (1080x1920) to 540x960 (scale = 2) [/system/customizecenter/theme/mtpks/com.meizu.theme.mznvshen.mtpk/lockscreen_415x738]
05-05 23:15:50.729  6144  7395 D ImageLoader: Subsample original image (1080x1920) to 540x960 (scale = 2) [/system/customizecenter/theme/mtpks/com.meizu.theme.mznvshen.mtpk/mms_415x738]
05-05 23:15:50.737  6144  7394 D ImageLoader: Cache image in memory [/system/customizecenter/theme/mtpks/com.meizu.theme.mznvshen.mtpk/lockscreen_415x738]
05-05 23:15:50.737  6144  7394 D ImageLoader: Start display image task [/system/customizecenter/theme/mtpks/com.meizu.theme.mznvshen.mtpk/homepage_415x738]
05-05 23:15:50.737  6144  7394 D ImageLoader: Image already is loading. Waiting... [/system/customizecenter/theme/mtpks/com.meizu.theme.mznvshen.mtpk/homepage_415x738]
05-05 23:15:50.739  6144  7397 D ImageLoader: Cache image in memory [/system/customizecenter/theme/mtpks/com.meizu.theme.mznvshen.mtpk/homepage_415x738]
05-05 23:15:50.740  6144  7394 D ImageLoader: ...Get cached bitmap from memory after waiting. [/system/customizecenter/theme/mtpks/com.meizu.theme.mznvshen.mtpk/homepage_415x738]
05-05 23:15:50.742  6144  7403 D OpenGLRenderer: Use EGL_SWAP_BEHAVIOR_PRESERVED: true
05-05 23:15:50.744  6144  7395 D ImageLoader: Cache image in memory [/system/customizecenter/theme/mtpks/com.meizu.theme.mznvshen.mtpk/mms_415x738]
05-05 23:15:50.748   527   625 E QCALOG  : [MessageQ] ProcessNewMessage: [XT-CS] unknown deliver target [OS-Agent]
05-05 23:15:50.757  6144  6144 D ImageLoader: Display image in ImageAware (loaded from NETWORK) [file:///data/data/com.meizu.customizecenter/SmallPreviewImage/small_lock_view_preview.jpg_415x738]
05-05 23:15:50.758  6144  6144 D ImageLoader: Display image in ImageAware (loaded from MEMORY_CACHE) [file:///data/data/com.meizu.customizecenter/SmallPreviewImage/small_homepage_preview.jpg_415x738]
05-05 23:15:50.758  6144  6144 D ImageLoader: Display image in ImageAware (loaded from NETWORK) [file:///data/data/com.meizu.customizecenter/SmallPreviewImage/small_homepage_preview.jpg_415x738]
05-05 23:15:50.758  6144  6144 D ImageLoader: Display image in ImageAware (loaded from NETWORK) [/system/customizecenter/theme/mtpks/com.meizu.theme.mznanshen.mtpk/mms_415x738]
05-05 23:15:50.796   636   784 W XTCC-5.1.0.10: [CS-RIL-LISTENER] timerCallback fired for ril update registering, re-register
05-05 23:15:50.796   527   625 E QCALOG  : [MessageQ] ProcessNewMessage: [XT-CS] unknown deliver target [OS-Agent]
05-05 23:15:50.798  6144  7403 I Adreno  : QUALCOMM build                   : 0a3bdfc, Ifb508eebcd
05-05 23:15:50.798  6144  7403 I Adreno  : Build Date                       : 08/04/16
05-05 23:15:50.798  6144  7403 I Adreno  : OpenGL ES Shader Compiler Version: XE031.09.00.03
05-05 23:15:50.798  6144  7403 I Adreno  : Local Branch                     : 
05-05 23:15:50.798  6144  7403 I Adreno  : Remote Branch                    : 
05-05 23:15:50.798  6144  7403 I Adreno  : Remote Branch                    : 
05-05 23:15:50.798  6144  7403 I Adreno  : Reconstruct Branch               : 
05-05 23:15:50.802  6144  7403 I OpenGLRenderer: Initialized EGL, version 1.4
05-05 23:15:50.813  6144  6144 D ImageLoader: Display image in ImageAware (loaded from NETWORK) [/system/customizecenter/theme/mtpks/com.meizu.theme.mznanshen.mtpk/homepage_415x738]
05-05 23:15:50.814  6144  6144 D ImageLoader: Display image in ImageAware (loaded from MEMORY_CACHE) [/system/customizecenter/theme/mtpks/com.meizu.theme.mznanshen.mtpk/homepage_415x738]
05-05 23:15:50.814  6144  6144 D ImageLoader: Display image in ImageAware (loaded from NETWORK) [/system/customizecenter/theme/mtpks/com.meizu.theme.mznanshen.mtpk/lockscreen_415x738]
05-05 23:15:50.814  6144  6144 D ImageLoader: Display image in ImageAware (loaded from NETWORK) [/system/customizecenter/theme/mtpks/com.meizu.theme.mznvshen.mtpk/lockscreen_415x738]
05-05 23:15:50.815  6144  6144 D ImageLoader: Display image in ImageAware (loaded from NETWORK) [/system/customizecenter/theme/mtpks/com.meizu.theme.mznvshen.mtpk/homepage_415x738]
05-05 23:15:50.815  6144  6144 D ImageLoader: Display image in ImageAware (loaded from MEMORY_CACHE) [/system/customizecenter/theme/mtpks/com.meizu.theme.mznvshen.mtpk/homepage_415x738]
05-05 23:15:50.816  6144  6144 D ImageLoader: Display image in ImageAware (loaded from NETWORK) [/system/customizecenter/theme/mtpks/com.meizu.theme.mznvshen.mtpk/mms_415x738]
05-05 23:15:50.841  6144  7398 D ImageLoader: Cache image in memory [drawable://2130837624_415x738]
05-05 23:15:50.901  1621  1656 I chatty  : uid=1000(system) android.display expire 1 line
05-05 23:15:50.966  6144  6144 D ImageLoader: Display image in ImageAware (loaded from NETWORK) [drawable://2130837624_415x738]
05-05 23:15:50.974  3519  3519 I chatty  : uid=1000(system) com.meizu.setup expire 54 lines
05-05 23:15:51.500  3005  3005 W recents.Component: create a new LoadPlan to load thumbnail -- background
05-05 23:15:51.502   468   468 I chatty  : uid=1000(system) /system/bin/servicemanager expire 1 line
05-05 23:15:51.506  3005  3005 W recents.Performance: preload while task Change spend : 7
05-05 23:15:51.713  3788  3801 I chatty  : uid=1000(system) Binder_2 expire 1 line
05-05 23:15:51.710  3549  3549 I chatty  : uid=1000(system) broadcast expire 1 line
05-05 23:15:51.718  3473  3549 I chatty  : uid=1000(system) broadcast expire 1 line
05-05 23:15:51.754  1621  2870 E flymed_connector: Communications error: java.io.IOException: No such file or directory
05-05 23:15:51.755  1621  2870 E flymed_connector: Error in NativeDaemonConnector: java.io.IOException: No such file or directory
05-05 23:15:52.180  7365  7365 I Process : Sending signal. PID: 7365 SIG: 9
05-05 23:15:52.193  4027  4040 I chatty  : uid=1000(system) Binder_2 expire 2 lines
05-05 23:15:52.194  4182  4280 D AODModelImpl: onNotificationRemoved: StatusBarNotification(pkg=android user=UserHandle{-1} id=17040377 tag=null score=0 key=-1|android|17040377|null|1000: Notification(pri=0 contentView=null vibrate=null sound=null defaults=0x0 flags=0x2 color=0xff060059 category=sys vis=PRIVATE))
05-05 23:15:52.196  1621  3460 I ActivityManager: Process com.android.phone (pid 7365) has died
05-05 23:15:52.196  1621  3460 W ActivityManager: Scheduling restart of crashed service com.android.phone/com.meizu.phone.MzTelephonyService in 0ms
05-05 23:15:52.196  1621  3460 W ActivityManager: Re-adding persistent process ProcessRecord{f24201f 7365:com.android.phone/1001}
05-05 23:15:52.200  1621  1621 I chatty  : uid=1000 system_server expire 1 line
05-05 23:15:52.203  3005  3005 W StatusBar: updateNotification for unknown pkg: android
05-05 23:15:52.203  3005  3005 D ChargeViewUtils: onNotificationCountChaned hasActiveNotifications = false, mHasActiveNotifications = true
05-05 23:15:52.203  3005  3005 I PhoneStatusBar: updateNotificationCountChange,mLastHasNotification:true , hasActiveNotifications:false
05-05 23:15:52.204  3005  3005 V PhoneStatusBar: DEBUG_MEDIA: updateDropViews for notification null metadata=null metaDataChanged=false state=0 notificationChanged = true hasArtwork false wallpaperChanged = false
05-05 23:15:52.204  3005  3005 D KeyguardIndicationController: onNotificationCountChaned visible = false
05-05 23:15:52.204  3005  3005 D PhoneStatusBar: shouldChargingViewShow hasActiveNotificationsAndShowLockScreenNotification() = false, mNotificationPanel.isExpanding() = false, mNotificationPanel.isNotificationPanelFullyExpandedOnKeyguardShade() = false, mQsExpansionFraction = 0.0, isKeyguardShadeMode() = false, mKeyguardMusicController.isMusicViewShowing() = false, isQsExpanded() = false, mNotificationPanel.isMzKeyguardAffordanceHelperSwiping() = false, mNotificationPanel.shouldCameraIntercept()false, isInLaunchTransition()false
05-05 23:15:52.204  3005  3005 D KeyguardIndicationController: mVisible = false, isScreenOn = true, isKeyguardBouncer = false, isMusicViewShow = false, isChargingViewShow = true, getUnlockTimes = 0, isSmartLock = false
05-05 23:15:52.204  3005  3005 D PhoneStatusBar: shouldChargingViewShow hasActiveNotificationsAndShowLockScreenNotification() = false, mNotificationPanel.isExpanding() = false, mNotificationPanel.isNotificationPanelFullyExpandedOnKeyguardShade() = false, mQsExpansionFraction = 0.0, isKeyguardShadeMode() = false, mKeyguardMusicController.isMusicViewShowing() = false, isQsExpanded() = false, mNotificationPanel.isMzKeyguardAffordanceHelperSwiping() = false, mNotificationPanel.shouldCameraIntercept()false, isInLaunchTransition()false
05-05 23:15:52.204  3005  3005 D KeyguardIndicationController: hideTransientIndication anim = true
05-05 23:15:52.205  3005  3005 V PhoneStatusBar: DEBUG_MEDIA: updateDropViews for notification null metadata=null metaDataChanged=false state=0 notificationChanged = false hasArtwork false wallpaperChanged = false
05-05 23:15:52.207  3386  3386 D liyue   : getCandidatesForCacheeeeeeeeeeeeeee
05-05 23:15:52.208  7414  7414 E SELinux : seapp_context_lookup:  No match for app with uid 1001, seinfo (null), name com.android.phone
05-05 23:15:52.208  3386  3386 D liyue   : insert:mCandidatesList.size =0;mCandidatesExtraInfoList.size=0
05-05 23:15:52.208  3386  3386 D liyue   : checkTotalNum, lastIndex=-1
05-05 23:15:52.208  3386  3386 D liyue   : totalCandsNum = 2147483647
05-05 23:15:52.208  3386  3386 D liyue   : getCandidatesForCacheeeeeeeeeeeeeee
05-05 23:15:52.209  3386  3386 D yangbin : count: 0
05-05 23:15:52.209  3386  3386 D liyue   : insert:mCandidatesList.size =0;mCandidatesExtraInfoList.size=0
05-05 23:15:52.209  3386  3386 D liyue   : checkTotalNum, lastIndex=-1
05-05 23:15:52.209  3386  3386 D liyue   : totalCandsNum = 2147483647
05-05 23:15:52.209  1621  3460 I ActivityManager: Start proc 7414:com.android.phone/1001 for restart com.android.phone
05-05 23:15:52.211  4027  4038 I chatty  : uid=1000(system) Binder_1 expire 2 lines
05-05 23:15:52.212  4182  4194 D AODModelImpl: onNotificationPosted: StatusBarNotification(pkg=android user=UserHandle{-1} id=17040377 tag=null score=0 key=-1|android|17040377|null|1000: Notification(pri=0 contentView=android/0x2030052 vibrate=null sound=null defaults=0x0 flags=0x2 color=0xff060059 category=sys vis=PRIVATE))
05-05 23:15:52.220  3005  3005 E SystemUIMobEventUtils: packageName cannot be null and null-string, or packageName is filter pkg
05-05 23:15:52.221  3005  3005 D RedEnvelopeAssistantControllerImpl: isRedEnvelopeNotification(android): false
05-05 23:15:52.222  3005  3005 D MSpaceControllerImpl: onKeyguard=true
05-05 23:15:52.238   468   468 I chatty  : uid=1000(system) /system/bin/servicemanager expire 1 line
05-05 23:15:52.248  3005  3005 D ChargeViewUtils: onNotificationCountChaned hasActiveNotifications = true, mHasActiveNotifications = false
05-05 23:15:52.248  3005  3005 I PhoneStatusBar: updateNotificationCountChange,mLastHasNotification:false , hasActiveNotifications:true
05-05 23:15:52.248  3005  3005 V PhoneStatusBar: DEBUG_MEDIA: updateDropViews for notification null metadata=null metaDataChanged=false state=0 notificationChanged = true hasArtwork false wallpaperChanged = false
05-05 23:15:52.248  3005  3005 D KeyguardIndicationController: onNotificationCountChaned visible = true
05-05 23:15:52.248  3005  3005 D PhoneStatusBar: shouldChargingViewShow hasActiveNotificationsAndShowLockScreenNotification() = true, mNotificationPanel.isExpanding() = false, mNotificationPanel.isNotificationPanelFullyExpandedOnKeyguardShade() = false, mQsExpansionFraction = 0.0, isKeyguardShadeMode() = false, mKeyguardMusicController.isMusicViewShowing() = false, isQsExpanded() = false, mNotificationPanel.isMzKeyguardAffordanceHelperSwiping() = false, mNotificationPanel.shouldCameraIntercept()false, isInLaunchTransition()false
05-05 23:15:52.248  3005  3005 D KeyguardIndicationController: mVisible = false, isScreenOn = true, isKeyguardBouncer = false, isMusicViewShow = false, isChargingViewShow = false, getUnlockTimes = 0, isSmartLock = false
05-05 23:15:52.248  3005  3005 D KeyguardIndicationController: showTransientIndication
05-05 23:15:52.248  3005  3005 D PhoneStatusBar: shouldChargingViewShow hasActiveNotificationsAndShowLockScreenNotification() = true, mNotificationPanel.isExpanding() = false, mNotificationPanel.isNotificationPanelFullyExpandedOnKeyguardShade() = false, mQsExpansionFraction = 0.0, isKeyguardShadeMode() = false, mKeyguardMusicController.isMusicViewShowing() = false, isQsExpanded() = false, mNotificationPanel.isMzKeyguardAffordanceHelperSwiping() = false, mNotificationPanel.shouldCameraIntercept()false, isInLaunchTransition()false
05-05 23:15:52.248  3005  3005 D KeyguardIndicationController: mVisible = false, isScreenOn = true, isKeyguardBouncer = false, isMusicViewShow = false, isChargingViewShow = false, getUnlockTimes = 0, isSmartLock = false
05-05 23:15:52.250  3005  3005 V PhoneStatusBar: DEBUG_MEDIA: updateDropViews for notification null metadata=null metaDataChanged=false state=0 notificationChanged = false hasArtwork false wallpaperChanged = false
05-05 23:15:52.250  7414  7414 W System  : ClassLoader referenced unknown path: /system/priv-app/TeleService/lib/arm64
05-05 23:15:52.270  7414  7414 W System  : ClassLoader referenced unknown path: /system/priv-app/TelephonyProvider/lib/arm64
05-05 23:15:52.276  3005  3005 D ColorMasking: showCover
05-05 23:15:52.276  3005  3005 D ColorMasking: showCover, return
05-05 23:15:52.288  7414  7414 D TelephonyProvider: dbh.onOpen: ok, queried table=siminfo
05-05 23:15:52.289  7414  7414 D TelephonyProvider: dbh.onOpen: ok, queried table=carriers
05-05 23:15:52.318  1621  3492 I ActivityManager: START u0 {act=com.meizu.setup.choose_service cmp=com.meizu.setup/.activity.SetupServiceActivity} from uid 10007 on display 0
05-05 23:15:52.328  6144  6260 D UsageStats_UsageStatsManagerServer: ON_EVENT, mRecording=true, event={name=click_theme_guide_next, type=1, package=com.meizu.customizecenter, page=guide_page_activity, properties={version_code=0, package_name=com.meizu.theme.system}, packageName=com.meizu.customizecenter, packageVersion=6.4.0, source=null}
05-05 23:15:52.330  6144  6260 D UsageStats_UsageStatsManagerServer: insert Event {name=click_theme_guide_next, type=1, package=com.meizu.customizecenter, page=guide_page_activity, properties={version_code=0, package_name=com.meizu.theme.system}, packageName=com.meizu.customizecenter, packageVersion=6.4.0, source=null}
05-05 23:15:52.333  7414  7414 E TelephonyPluginDelegate: error: TelephonyPluginDelegate instance is not created!!
05-05 23:15:52.334  7414  7414 D AndroidRuntime: Shutting down VM
05-05 23:15:52.335  7414  7414 E AndroidRuntime: FATAL EXCEPTION: main
05-05 23:15:52.335  7414  7414 E AndroidRuntime: Process: com.android.phone, PID: 7414
05-05 23:15:52.335  7414  7414 E AndroidRuntime: java.lang.RuntimeException: Unable to create application com.android.phone.PhoneApp: java.lang.NullPointerException: Attempt to invoke virtual method 'void com.android.internal.telephony.TelephonyPluginDelegate.initSubscriptionController(android.content.Context, com.android.internal.telephony.CommandsInterface[])' on a null object reference
05-05 23:15:52.335  7414  7414 E AndroidRuntime: 	at android.app.ActivityThread.handleBindApplication(ActivityThread.java:4726)
05-05 23:15:52.335  7414  7414 E AndroidRuntime: 	at android.app.ActivityThread.-wrap1(ActivityThread.java)
05-05 23:15:52.335  7414  7414 E AndroidRuntime: 	at android.app.ActivityThread$H.handleMessage(ActivityThread.java:1421)
05-05 23:15:52.335  7414  7414 E AndroidRuntime: 	at android.os.Handler.dispatchMessage(Handler.java:102)
05-05 23:15:52.335  7414  7414 E AndroidRuntime: 	at android.os.Looper.loop(Looper.java:148)
05-05 23:15:52.335  7414  7414 E AndroidRuntime: 	at android.app.ActivityThread.main(ActivityThread.java:5433)
05-05 23:15:52.335  7414  7414 E AndroidRuntime: 	at java.lang.reflect.Method.invoke(Native Method)
05-05 23:15:52.335  7414  7414 E AndroidRuntime: 	at com.android.internal.os.ZygoteInit$MethodAndArgsCaller.run(ZygoteInit.java:726)
05-05 23:15:52.335  7414  7414 E AndroidRuntime: 	at com.android.internal.os.ZygoteInit.main(ZygoteInit.java:616)
05-05 23:15:52.335  7414  7414 E AndroidRuntime: Caused by: java.lang.NullPointerException: Attempt to invoke virtual method 'void com.android.internal.telephony.TelephonyPluginDelegate.initSubscriptionController(android.content.Context, com.android.internal.telephony.CommandsInterface[])' on a null object reference
05-05 23:15:52.335  7414  7414 E AndroidRuntime: 	at com.android.internal.telephony.PhoneFactory.makeDefaultPhone(PhoneFactory.java:170)
05-05 23:15:52.335  7414  7414 E AndroidRuntime: 	at com.android.internal.telephony.PhoneFactory.makeDefaultPhones(PhoneFactory.java:86)
05-05 23:15:52.335  7414  7414 E AndroidRuntime: 	at com.android.phone.PhoneGlobals.onCreate(PhoneGlobals.java:417)
05-05 23:15:52.335  7414  7414 E AndroidRuntime: 	at com.android.phone.PhoneApp.onCreate(PhoneApp.java:47)
05-05 23:15:52.335  7414  7414 E AndroidRuntime: 	at android.app.Instrumentation.callApplicationOnCreate(Instrumentation.java:1014)
05-05 23:15:52.335  7414  7414 E AndroidRuntime: 	at android.app.ActivityThread.handleBindApplication(ActivityThread.java:4723)
05-05 23:15:52.335  7414  7414 E AndroidRuntime: 	... 8 more
05-05 23:15:52.338  1621  3466 W ActivityManager: Process com.android.phone has crashed too many times: killing!
05-05 23:15:52.344  1621  3503 I chatty  : uid=1000(system) Binder_B expire 1 line
05-05 23:15:52.345  6144  6260 D UsageStats_UsageStatsUploader: eventComein, current count: 2 mOnlineBulkLimit: 30
05-05 23:15:52.366  1621  2294 I chatty  : uid=1000(system) InputDispatcher expire 1 line
05-05 23:15:52.388  1621  4154 I chatty  : uid=1000(system) RenderThread expire 1 line
05-05 23:15:52.389  1621  1656 W AppOps  : Finishing op nesting under-run: uid 1000 pkg android code 24 time=0 duration=0 nesting=0
05-05 23:15:52.404  3519  3519 I chatty  : uid=1000(system) com.meizu.setup expire 3 lines
05-05 23:15:52.448  3519  7440 I chatty  : uid=1000(system) UsageStats_Logg expire 3 lines
05-05 23:15:52.463  7440  7440 I chatty  : uid=1000(system) UsageStats_Logg expire 1 line
05-05 23:15:52.495  1621  1656 I chatty  : uid=1000(system) android.display expire 1 line
05-05 23:15:52.510  6144  7403 D OpenGLRenderer: endAllStagingAnimators on 0xf0146600 (RippleDrawable) with handle 0xf1dbfeb0
05-05 23:15:52.519  6144  6144 D MzUpdateComponent:2.3.3: rm tracker : com.meizu.customizecenter.CustomizeCenterApplication@6a55be4
05-05 23:15:52.520  6144  6144 D MzUpdateComponent:2.3.3: discard com list
05-05 23:15:52.527  3519  3519 I chatty  : uid=1000(system) com.meizu.setup expire 1 line
05-05 23:15:52.802   468   468 I chatty  : uid=1000(system) /system/bin/servicemanager expire 2 lines
05-05 23:15:53.377  3005  3005 W recents.Component: create a new LoadPlan to load thumbnail -- background
05-05 23:15:53.386  3005  3005 W recents.Performance: preload while task Change spend : 15
05-05 23:15:53.529  7414  7414 I Process : Sending signal. PID: 7414 SIG: 9
05-05 23:15:53.543  4027  4040 I chatty  : uid=1000(system) Binder_2 expire 2 lines
05-05 23:15:53.543  3005  3005 W StatusBar: updateNotification for unknown pkg: android
05-05 23:15:53.544  3005  3005 D ChargeViewUtils: onNotificationCountChaned hasActiveNotifications = false, mHasActiveNotifications = true
05-05 23:15:53.544  3005  3005 I PhoneStatusBar: updateNotificationCountChange,mLastHasNotification:true , hasActiveNotifications:false
05-05 23:15:53.544  3005  3005 V PhoneStatusBar: DEBUG_MEDIA: updateDropViews for notification null metadata=null metaDataChanged=false state=0 notificationChanged = true hasArtwork false wallpaperChanged = false
05-05 23:15:53.545  3005  3005 D KeyguardIndicationController: onNotificationCountChaned visible = false
05-05 23:15:53.545  3005  3005 D PhoneStatusBar: shouldChargingViewShow hasActiveNotificationsAndShowLockScreenNotification() = false, mNotificationPanel.isExpanding() = false, mNotificationPanel.isNotificationPanelFullyExpandedOnKeyguardShade() = false, mQsExpansionFraction = 0.0, isKeyguardShadeMode() = false, mKeyguardMusicController.isMusicViewShowing() = false, isQsExpanded() = false, mNotificationPanel.isMzKeyguardAffordanceHelperSwiping() = false, mNotificationPanel.shouldCameraIntercept()false, isInLaunchTransition()false
05-05 23:15:53.545  3005  3005 D KeyguardIndicationController: mVisible = false, isScreenOn = true, isKeyguardBouncer = false, isMusicViewShow = false, isChargingViewShow = true, getUnlockTimes = 0, isSmartLock = false
05-05 23:15:53.545  3005  3005 D PhoneStatusBar: shouldChargingViewShow hasActiveNotificationsAndShowLockScreenNotification() = false, mNotificationPanel.isExpanding() = false, mNotificationPanel.isNotificationPanelFullyExpandedOnKeyguardShade() = false, mQsExpansionFraction = 0.0, isKeyguardShadeMode() = false, mKeyguardMusicController.isMusicViewShowing() = false, isQsExpanded() = false, mNotificationPanel.isMzKeyguardAffordanceHelperSwiping() = false, mNotificationPanel.shouldCameraIntercept()false, isInLaunchTransition()false
05-05 23:15:53.545  3005  3005 D KeyguardIndicationController: hideTransientIndication anim = true
05-05 23:15:53.546  4182  4280 D AODModelImpl: onNotificationRemoved: StatusBarNotification(pkg=android user=UserHandle{-1} id=17040377 tag=null score=0 key=-1|android|17040377|null|1000: Notification(pri=0 contentView=null vibrate=null sound=null defaults=0x0 flags=0x2 color=0xff060059 category=sys vis=PRIVATE))
05-05 23:15:53.546  3005  3005 V PhoneStatusBar: DEBUG_MEDIA: updateDropViews for notification null metadata=null metaDataChanged=false state=0 notificationChanged = false hasArtwork false wallpaperChanged = false
05-05 23:15:53.547  3386  3386 D liyue   : getCandidatesForCacheeeeeeeeeeeeeee
05-05 23:15:53.547  3386  3386 D liyue   : insert:mCandidatesList.size =0;mCandidatesExtraInfoList.size=0
05-05 23:15:53.547  3386  3386 D liyue   : checkTotalNum, lastIndex=-1
05-05 23:15:53.547  1621  1621 I chatty  : uid=1000 system_server expire 1 line
05-05 23:15:53.547  3386  3386 D liyue   : totalCandsNum = 2147483647
05-05 23:15:53.547  3386  3386 D liyue   : getCandidatesForCacheeeeeeeeeeeeeee
05-05 23:15:53.547  3386  3386 D yangbin : count: 0
05-05 23:15:53.547  3386  3386 D liyue   : insert:mCandidatesList.size =0;mCandidatesExtraInfoList.size=0
05-05 23:15:53.548  3386  3386 D liyue   : checkTotalNum, lastIndex=-1
05-05 23:15:53.548  3386  3386 D liyue   : totalCandsNum = 2147483647
05-05 23:15:53.548  1621  3466 I ActivityManager: Process com.android.phone (pid 7414) has died
05-05 23:15:53.548  1621  3466 W ActivityManager: Scheduling restart of crashed service com.android.phone/com.meizu.phone.MzTelephonyService in 0ms
05-05 23:15:53.549  1621  3466 W ActivityManager: Re-adding persistent process ProcessRecord{f24201f 7414:com.android.phone/1001}
05-05 23:15:53.558  7443  7443 E SELinux : seapp_context_lookup:  No match for app with uid 1001, seinfo (null), name com.android.phone
05-05 23:15:53.560  1621  3466 I ActivityManager: Start proc 7443:com.android.phone/1001 for restart com.android.phone
05-05 23:15:53.563  4027  4038 I chatty  : uid=1000(system) Binder_1 expire 2 lines
05-05 23:15:53.563  4182  4201 D AODModelImpl: onNotificationPosted: StatusBarNotification(pkg=android user=UserHandle{-1} id=17040377 tag=null score=0 key=-1|android|17040377|null|1000: Notification(pri=0 contentView=android/0x2030052 vibrate=null sound=null defaults=0x0 flags=0x2 color=0xff060059 category=sys vis=PRIVATE))
05-05 23:15:53.570  3005  3005 D KeyguardThemeUtils: usedSystemUITheme = false, mOpenLockMask = false
05-05 23:15:53.608  7443  7443 W System  : ClassLoader referenced unknown path: /system/priv-app/TeleService/lib/arm64
05-05 23:15:53.626  3005  3005 D ColorMasking: hideCover
05-05 23:15:53.626  7443  7443 W System  : ClassLoader referenced unknown path: /system/priv-app/TelephonyProvider/lib/arm64
05-05 23:15:53.627  3005  3005 E SystemUIMobEventUtils: packageName cannot be null and null-string, or packageName is filter pkg
05-05 23:15:53.627  3005  3005 D RedEnvelopeAssistantControllerImpl: isRedEnvelopeNotification(android): false
05-05 23:15:53.628  3005  3005 D MSpaceControllerImpl: onKeyguard=true
05-05 23:15:53.642  7443  7443 D TelephonyProvider: dbh.onOpen: ok, queried table=siminfo
05-05 23:15:53.643  7443  7443 D TelephonyProvider: dbh.onOpen: ok, queried table=carriers
05-05 23:15:53.648  3005  3005 D ChargeViewUtils: onNotificationCountChaned hasActiveNotifications = true, mHasActiveNotifications = false
05-05 23:15:53.648  3005  3005 I PhoneStatusBar: updateNotificationCountChange,mLastHasNotification:false , hasActiveNotifications:true
05-05 23:15:53.648  3005  3005 V PhoneStatusBar: DEBUG_MEDIA: updateDropViews for notification null metadata=null metaDataChanged=false state=0 notificationChanged = true hasArtwork false wallpaperChanged = false
05-05 23:15:53.648  3005  3005 D KeyguardIndicationController: onNotificationCountChaned visible = true
05-05 23:15:53.648  3005  3005 D PhoneStatusBar: shouldChargingViewShow hasActiveNotificationsAndShowLockScreenNotification() = true, mNotificationPanel.isExpanding() = false, mNotificationPanel.isNotificationPanelFullyExpandedOnKeyguardShade() = false, mQsExpansionFraction = 0.0, isKeyguardShadeMode() = false, mKeyguardMusicController.isMusicViewShowing() = false, isQsExpanded() = false, mNotificationPanel.isMzKeyguardAffordanceHelperSwiping() = false, mNotificationPanel.shouldCameraIntercept()false, isInLaunchTransition()false
05-05 23:15:53.648  3005  3005 D KeyguardIndicationController: mVisible = false, isScreenOn = true, isKeyguardBouncer = false, isMusicViewShow = false, isChargingViewShow = false, getUnlockTimes = 0, isSmartLock = false
05-05 23:15:53.648  3005  3005 D KeyguardIndicationController: showTransientIndication
05-05 23:15:53.648  3005  3005 D PhoneStatusBar: shouldChargingViewShow hasActiveNotificationsAndShowLockScreenNotification() = true, mNotificationPanel.isExpanding() = false, mNotificationPanel.isNotificationPanelFullyExpandedOnKeyguardShade() = false, mQsExpansionFraction = 0.0, isKeyguardShadeMode() = false, mKeyguardMusicController.isMusicViewShowing() = false, isQsExpanded() = false, mNotificationPanel.isMzKeyguardAffordanceHelperSwiping() = false, mNotificationPanel.shouldCameraIntercept()false, isInLaunchTransition()false
05-05 23:15:53.649  3005  3005 D KeyguardIndicationController: mVisible = false, isScreenOn = true, isKeyguardBouncer = false, isMusicViewShow = false, isChargingViewShow = false, getUnlockTimes = 0, isSmartLock = false
05-05 23:15:53.650  3005  3005 V PhoneStatusBar: DEBUG_MEDIA: updateDropViews for notification null metadata=null metaDataChanged=false state=0 notificationChanged = false hasArtwork false wallpaperChanged = false
05-05 23:15:53.667  3005  3005 D ColorMasking: showCover
05-05 23:15:53.686  7443  7443 E TelephonyPluginDelegate: error: TelephonyPluginDelegate instance is not created!!
05-05 23:15:53.686  7443  7443 D AndroidRuntime: Shutting down VM
05-05 23:15:53.687  7443  7443 E AndroidRuntime: FATAL EXCEPTION: main
05-05 23:15:53.687  7443  7443 E AndroidRuntime: Process: com.android.phone, PID: 7443
05-05 23:15:53.687  7443  7443 E AndroidRuntime: java.lang.RuntimeException: Unable to create application com.android.phone.PhoneApp: java.lang.NullPointerException: Attempt to invoke virtual method 'void com.android.internal.telephony.TelephonyPluginDelegate.initSubscriptionController(android.content.Context, com.android.internal.telephony.CommandsInterface[])' on a null object reference
05-05 23:15:53.687  7443  7443 E AndroidRuntime: 	at android.app.ActivityThread.handleBindApplication(ActivityThread.java:4726)
05-05 23:15:53.687  7443  7443 E AndroidRuntime: 	at android.app.ActivityThread.-wrap1(ActivityThread.java)
05-05 23:15:53.687  7443  7443 E AndroidRuntime: 	at android.app.ActivityThread$H.handleMessage(ActivityThread.java:1421)
05-05 23:15:53.687  7443  7443 E AndroidRuntime: 	at android.os.Handler.dispatchMessage(Handler.java:102)
05-05 23:15:53.687  7443  7443 E AndroidRuntime: 	at android.os.Looper.loop(Looper.java:148)
05-05 23:15:53.687  7443  7443 E AndroidRuntime: 	at android.app.ActivityThread.main(ActivityThread.java:5433)
05-05 23:15:53.687  7443  7443 E AndroidRuntime: 	at java.lang.reflect.Method.invoke(Native Method)
05-05 23:15:53.687  7443  7443 E AndroidRuntime: 	at com.android.internal.os.ZygoteInit$MethodAndArgsCaller.run(ZygoteInit.java:726)
05-05 23:15:53.687  7443  7443 E AndroidRuntime: 	at com.android.internal.os.ZygoteInit.main(ZygoteInit.java:616)
05-05 23:15:53.687  7443  7443 E AndroidRuntime: Caused by: java.lang.NullPointerException: Attempt to invoke virtual method 'void com.android.internal.telephony.TelephonyPluginDelegate.initSubscriptionController(android.content.Context, com.android.internal.telephony.CommandsInterface[])' on a null object reference
05-05 23:15:53.687  7443  7443 E AndroidRuntime: 	at com.android.internal.telephony.PhoneFactory.makeDefaultPhone(PhoneFactory.java:170)
05-05 23:15:53.687  7443  7443 E AndroidRuntime: 	at com.android.internal.telephony.PhoneFactory.makeDefaultPhones(PhoneFactory.java:86)
05-05 23:15:53.687  7443  7443 E AndroidRuntime: 	at com.android.phone.PhoneGlobals.onCreate(PhoneGlobals.java:417)
05-05 23:15:53.687  7443  7443 E AndroidRuntime: 	at com.android.phone.PhoneApp.onCreate(PhoneApp.java:47)
05-05 23:15:53.687  7443  7443 E AndroidRuntime: 	at android.app.Instrumentation.callApplicationOnCreate(Instrumentation.java:1014)
05-05 23:15:53.687  7443  7443 E AndroidRuntime: 	at android.app.ActivityThread.handleBindApplication(ActivityThread.java:4723)
05-05 23:15:53.687  7443  7443 E AndroidRuntime: 	... 8 more
05-05 23:15:53.689  1621  3492 W ActivityManager: Process com.android.phone has crashed too many times: killing!
05-05 23:15:53.726  1621  4154 I chatty  : uid=1000(system) RenderThread expire 1 line
05-05 23:15:53.744  1621  1656 W AppOps  : Finishing op nesting under-run: uid 1000 pkg android code 24 time=0 duration=0 nesting=0
05-05 23:15:55.316  3473  3653 I chatty  : uid=1000(system) PowerStateThrea expire 11 lines
05-05 23:15:55.655   527   625 E QCALOG  : [MessageQ] ProcessNewMessage: [XTWiFi-PE] unknown deliver target [OS-Agent]
05-05 23:15:55.749   527   625 E QCALOG  : [MessageQ] ProcessNewMessage: [XT-CS] unknown deliver target [OS-Agent]
05-05 23:15:55.796   636   784 W XTCC-5.1.0.10: [CS-RIL-LISTENER] timerCallback fired for ril update registering, re-register
05-05 23:15:55.796   527   625 E QCALOG  : [MessageQ] ProcessNewMessage: [XT-CS] unknown deliver target [OS-Agent]
05-05 23:15:56.330  7443  7443 I Process : Sending signal. PID: 7443 SIG: 9
05-05 23:15:56.349  1621  1648 W InputMethodManagerService: Window already focused, ignoring focus gain of: com.android.internal.view.IInputMethodClient$Stub$Proxy@2f9d6f0 attribute=null, token = android.os.BinderProxy@63b758d
05-05 23:15:56.355  1621  3466 I ActivityManager: Process com.android.phone (pid 7443) has died
05-05 23:15:56.355  1621  3466 W ActivityManager: Scheduling restart of crashed service com.android.phone/com.meizu.phone.MzTelephonyService in 0ms
05-05 23:15:56.356  1621  3466 W ActivityManager: Re-adding persistent process ProcessRecord{f24201f 7443:com.android.phone/1001}
05-05 23:15:56.367  7467  7467 E SELinux : seapp_context_lookup:  No match for app with uid 1001, seinfo (null), name com.android.phone
05-05 23:15:56.369  1621  3466 I ActivityManager: Start proc 7467:com.android.phone/1001 for restart com.android.phone
05-05 23:15:56.407  7467  7467 W System  : ClassLoader referenced unknown path: /system/priv-app/TeleService/lib/arm64
05-05 23:15:56.424  7467  7467 W System  : ClassLoader referenced unknown path: /system/priv-app/TelephonyProvider/lib/arm64
05-05 23:15:56.439  7467  7467 D TelephonyProvider: dbh.onOpen: ok, queried table=siminfo
05-05 23:15:56.439  7467  7467 D TelephonyProvider: dbh.onOpen: ok, queried table=carriers
05-05 23:15:56.476  7467  7467 E TelephonyPluginDelegate: error: TelephonyPluginDelegate instance is not created!!
05-05 23:15:56.477  7467  7467 D AndroidRuntime: Shutting down VM
05-05 23:15:56.477  7467  7467 E AndroidRuntime: FATAL EXCEPTION: main
05-05 23:15:56.477  7467  7467 E AndroidRuntime: Process: com.android.phone, PID: 7467
05-05 23:15:56.477  7467  7467 E AndroidRuntime: java.lang.RuntimeException: Unable to create application com.android.phone.PhoneApp: java.lang.NullPointerException: Attempt to invoke virtual method 'void com.android.internal.telephony.TelephonyPluginDelegate.initSubscriptionController(android.content.Context, com.android.internal.telephony.CommandsInterface[])' on a null object reference
05-05 23:15:56.477  7467  7467 E AndroidRuntime: 	at android.app.ActivityThread.handleBindApplication(ActivityThread.java:4726)
05-05 23:15:56.477  7467  7467 E AndroidRuntime: 	at android.app.ActivityThread.-wrap1(ActivityThread.java)
05-05 23:15:56.477  7467  7467 E AndroidRuntime: 	at android.app.ActivityThread$H.handleMessage(ActivityThread.java:1421)
05-05 23:15:56.477  7467  7467 E AndroidRuntime: 	at android.os.Handler.dispatchMessage(Handler.java:102)
05-05 23:15:56.477  7467  7467 E AndroidRuntime: 	at android.os.Looper.loop(Looper.java:148)
05-05 23:15:56.477  7467  7467 E AndroidRuntime: 	at android.app.ActivityThread.main(ActivityThread.java:5433)
05-05 23:15:56.477  7467  7467 E AndroidRuntime: 	at java.lang.reflect.Method.invoke(Native Method)
05-05 23:15:56.477  7467  7467 E AndroidRuntime: 	at com.android.internal.os.ZygoteInit$MethodAndArgsCaller.run(ZygoteInit.java:726)
05-05 23:15:56.477  7467  7467 E AndroidRuntime: 	at com.android.internal.os.ZygoteInit.main(ZygoteInit.java:616)
05-05 23:15:56.477  7467  7467 E AndroidRuntime: Caused by: java.lang.NullPointerException: Attempt to invoke virtual method 'void com.android.internal.telephony.TelephonyPluginDelegate.initSubscriptionController(android.content.Context, com.android.internal.telephony.CommandsInterface[])' on a null object reference
05-05 23:15:56.477  7467  7467 E AndroidRuntime: 	at com.android.internal.telephony.PhoneFactory.makeDefaultPhone(PhoneFactory.java:170)
05-05 23:15:56.477  7467  7467 E AndroidRuntime: 	at com.android.internal.telephony.PhoneFactory.makeDefaultPhones(PhoneFactory.java:86)
05-05 23:15:56.477  7467  7467 E AndroidRuntime: 	at com.android.phone.PhoneGlobals.onCreate(PhoneGlobals.java:417)
05-05 23:15:56.477  7467  7467 E AndroidRuntime: 	at com.android.phone.PhoneApp.onCreate(PhoneApp.java:47)
05-05 23:15:56.477  7467  7467 E AndroidRuntime: 	at android.app.Instrumentation.callApplicationOnCreate(Instrumentation.java:1014)
05-05 23:15:56.477  7467  7467 E AndroidRuntime: 	at android.app.ActivityThread.handleBindApplication(ActivityThread.java:4723)
05-05 23:15:56.477  7467  7467 E AndroidRuntime: 	... 8 more
05-05 23:15:56.479  1621  3523 W ActivityManager: Process com.android.phone has crashed too many times: killing!
05-05 23:15:56.522  1621  4154 I chatty  : uid=1000(system) RenderThread expire 1 line
05-05 23:15:56.539  1621  1656 W AppOps  : Finishing op nesting under-run: uid 1000 pkg android code 24 time=0 duration=0 nesting=0
05-05 23:15:56.703  3519  3519 I chatty  : uid=1000(system) com.meizu.setup expire 1 line
05-05 23:15:56.705  3519  7160 I chatty  : uid=1000(system) com.meizu.setup expire 5 lines
05-05 23:15:56.706  3519  7440 I chatty  : uid=1000(system) UsageStats_Logg expire 1 line
05-05 23:15:56.706  3519  7160 I chatty  : uid=1000(system) com.meizu.setup expire 4 lines
05-05 23:15:56.713  3519  7440 I chatty  : uid=1000(system) UsageStats_Logg expire 2 lines
05-05 23:15:56.714  4182  4182 D AODPresenter: checkAODMode inAODAvailableSituations ? true, checkAODModeSwitchOn ? false
05-05 23:15:56.717  3005  3005 D ChargeViewUtils: onNotificationCountChaned hasActiveNotifications = true, mHasActiveNotifications = true
05-05 23:15:56.717  3005  3005 I PhoneStatusBar: updateNotificationCountChange,mLastHasNotification:true , hasActiveNotifications:true
05-05 23:15:56.713  7160  7160 I chatty  : uid=1000(system) com.meizu.setup expire 1 line
05-05 23:15:56.728  3519  7160 I chatty  : uid=1000(system) com.meizu.setup expire 1 line
05-05 23:15:56.729  3519  3519 W ContextImpl: Calling a method in the system process without a qualified user: android.app.ContextImpl.sendBroadcast:763 android.content.ContextWrapper.sendBroadcast:396 ma.d:260 ma.a:77 com.meizu.setup.activity.SetupServiceActivity.a:53 
05-05 23:15:56.729  3519  7440 I chatty  : uid=1000(system) UsageStats_Logg expire 2 lines
05-05 23:15:56.732  3519  3519 W ContextImpl: Calling a method in the system process without a qualified user: android.app.ContextImpl.sendBroadcast:763 android.content.ContextWrapper.sendBroadcast:396 ma.e:266 ma.a:78 com.meizu.setup.activity.SetupServiceActivity.a:53 
05-05 23:15:56.733  3444  3444 D NfcService: Enforcing a policy change on user: UserHandle{0}, isActiveForUser = true
05-05 23:15:56.734  3005  3005 D ChargeViewUtils: onNotificationCountChaned hasActiveNotifications = true, mHasActiveNotifications = true
05-05 23:15:56.734  3005  3005 I PhoneStatusBar: updateNotificationCountChange,mLastHasNotification:true , hasActiveNotifications:true
05-05 23:15:56.734  3519  3519 I chatty  : uid=1000(system) com.meizu.setup expire 3 lines
05-05 23:15:56.735  3519  3519 W ContextImpl: Calling a method in the system process without a qualified user: android.app.ContextImpl.sendBroadcast:763 android.content.ContextWrapper.sendBroadcast:396 ma.c:146 ma.a:82 com.meizu.setup.activity.SetupServiceActivity.a:53 
05-05 23:15:56.738  4243  4243 D FlymeAccountSetup: on flyme account setup.
05-05 23:15:56.741  3519  7440 I chatty  : uid=1000(system) UsageStats_Logg expire 1 line
05-05 23:15:56.741  4243  4243 D FlymeAccountSetup: Enable find phone:false
05-05 23:15:56.744  1621  1648 W SettingsProvider: You shouldn't keep your settings in the secure settings. This will soon become an error.
05-05 23:15:56.745  3005  3005 I MeizuKeyguardThemeManager: updateLockscreenNotificationSetting , show=true,dpmFlags=0,allowedByDpm=true
05-05 23:15:56.745  3005  3005 D PanelView: show
05-05 23:15:56.745  3005  3005 D ChargeViewUtils: onNotificationCountChaned hasActiveNotifications = true, mHasActiveNotifications = true
05-05 23:15:56.745  3005  3005 I PhoneStatusBar: updateNotificationCountChange,mLastHasNotification:true , hasActiveNotifications:true
05-05 23:15:56.746  3005  3005 D PanelView: enable pull down on keyguard.
05-05 23:15:56.747  3519  3519 I chatty  : uid=1000(system) com.meizu.setup expire 16 lines
05-05 23:15:56.750  3519  7440 I chatty  : uid=1000(system) UsageStats_Logg expire 2 lines
05-05 23:15:56.749  3519  3519 I chatty  : uid=1000(system) com.meizu.setup expire 4 lines
05-05 23:15:56.755  1621  3509 I PackageManager: Adding preferred activity com.meizu.flyme.launcher/.Launcher for user 0:
05-05 23:15:56.755  1621  3509 I chatty  : uid=1000(system) Binder_C expire 4 lines
05-05 23:15:56.755  1621  2870 E flymed_connector: Communications error: java.io.IOException: No such file or directory
05-05 23:15:56.756  1621  2870 E flymed_connector: Error in NativeDaemonConnector: java.io.IOException: No such file or directory
05-05 23:15:56.756  3519  3519 I chatty  : uid=1000(system) com.meizu.setup expire 2 lines
05-05 23:15:56.757  3519  3519 W ContextImpl: Calling a method in the system process without a qualified user: android.app.ContextImpl.sendBroadcast:763 android.content.ContextWrapper.sendBroadcast:396 ma.j:214 ma.b:154 ma.a:86 
05-05 23:15:56.758  3473  3473 I chatty  : uid=1000(system) com.meizu.alphame expire 1 line
05-05 23:15:56.758  4027  4027 I chatty  : uid=1000(system) com.meizu.battery expire 1 line
05-05 23:15:56.759  5284  5284 I chatty  : uid=1000(system) com.meizu.flyme.update expire 2 lines
05-05 23:15:56.759  3444  3444 D BrcmNfcJni: nfcManager_doSetScreenState: state = 3
05-05 23:15:56.759  3444  3444 D BrcmNfcJni: acquireRfInterfaceMutexLock: try to acquire lock
05-05 23:15:56.759  3444  3444 D BrcmNfcJni: acquireRfInterfaceMutexLock: sRfInterfaceMutex lock
05-05 23:15:56.759  3444  3444 D BrcmNfcJni: startRfDiscovery: is start=0
05-05 23:15:56.759  3444  3444 I BrcmNfcNfa: NFA_StopRfDiscovery ()
05-05 23:15:56.759  3444  3718 I BrcmNfcNfa: NFA got event 0x010F
05-05 23:15:56.759  3444  3718 I BrcmNfcNfa: nfa_dm_evt_hdlr event: NFA_DM_API_STOP_RF_DISCOVERY_EVT (0x0f)
05-05 23:15:56.759  3444  3718 I BrcmNfcNfa: nfa_dm_act_stop_rf_discovery ()
05-05 23:15:56.760  3444  3718 I BrcmNfcNfa: nfa_dm_rf_deactivate () deactivate_type:0x0
05-05 23:15:56.760  3444  3718 I BrcmNfcNfa: nfa_dm_disc_sm_execute (): state: DISCOVERY (1), event: DEACTIVATE_CMD(6) disc_flags: 0x2
05-05 23:15:56.760  3444  3718 I BrcmNfcNfa: NFC_Deactivate 4 (IDLE) deactivate_type:0
05-05 23:15:56.760  3444  3718 I BrcmNfcNfa: nfc_ncif_send_cmd.
05-05 23:15:56.760  3444  3718 D NfcAdaptation: NfcAdaptation::HalWrite
05-05 23:15:56.762  3444  3743 E NxpTml  : _i2c_write() errno : 5
05-05 23:15:56.762  3444  3743 E NxpTml  : PN54X - Error in I2C Write.....
05-05 23:15:56.763  3444  3745 E NxpHal  : write error status = 0x1ff
05-05 23:15:56.763  3444  3718 E NxpHal  : write_unlocked failed - PN54X Maybe in Standby Mode - Retry
05-05 23:15:56.763  1621  3452 I ActivityManager: START u0 {act=android.intent.action.MAIN cat=[android.intent.category.HOME] flg=0x10000000 cmp=com.flyme.systemuitools/.wellcomepage.WellcomePage (has extras)} from uid 1000 on display 0
05-05 23:15:56.766  3005  3005 W PathParser: Points are too far apart 4.030360828967057
05-05 23:15:56.767  3005  3005 W PathParser: Points are too far apart 4.030360538880159
05-05 23:15:56.767  3444  3718 I BrcmNfcNfa: nfa_dm_disc_sm_execute (): new state: DISCOVERY (1), disc_flags: 0x22
05-05 23:15:56.767  3444  3718 I BrcmNfcNfa: nfa_sys_ptim_stop_timer 79243ec0
05-05 23:15:56.767  3444  3718 I BrcmNfcNfa: ptim timer stop
05-05 23:15:56.767  3444  3718 I BrcmNfcNfa: Stopped presence check timer (if started)
05-05 23:15:56.769  3005  3005 I MeizuKeyguardThemeManager: updateLockscreenNotificationSetting , show=true,dpmFlags=0,allowedByDpm=true
05-05 23:15:56.769  3005  3005 D PanelView: show
05-05 23:15:56.769  3005  3005 D ChargeViewUtils: onNotificationCountChaned hasActiveNotifications = true, mHasActiveNotifications = true
05-05 23:15:56.769  3005  3005 I PhoneStatusBar: updateNotificationCountChange,mLastHasNotification:true , hasActiveNotifications:true
05-05 23:15:56.770  3005  3005 D ChargeViewUtils: onNotificationCountChaned hasActiveNotifications = true, mHasActiveNotifications = true
05-05 23:15:56.770  3005  3005 I PhoneStatusBar: updateNotificationCountChange,mLastHasNotification:true , hasActiveNotifications:true
05-05 23:15:56.773  3444  3745 D NfcAdaptation: NfcAdaptation::HalDeviceContextDataCallback: len=4
05-05 23:15:56.773  3444  3718 I BrcmNfcNfa: NFC received rsp gid:1
05-05 23:15:56.773  3444  3718 I BrcmNfcNfa: P2P_Prio_Logic
05-05 23:15:56.773  3444  3718 I BrcmNfcNfa: nfa_dm_p2p_prio_logic type = 0xff
05-05 23:15:56.773  3444  3718 I BrcmNfcNfa: returning TRUE
05-05 23:15:56.773  3444  3718 I BrcmNfcNfa: nfc_set_state 4 (IDLE)->4 (IDLE)
05-05 23:15:56.773  3444  3718 I BrcmNfcNfa: nfa_dm_disc_data_cback ()
05-05 23:15:56.773  3444  3718 I BrcmNfcNfa: nfa_dm_disc_discovery_cback (): event:0x4005
05-05 23:15:56.773  3444  3718 I BrcmNfcNfa: nfa_dm_disc_sm_execute (): state: DISCOVERY (1), event: DEACTIVATE_RSP(7) disc_flags: 0x22
